[22/11/2024, 16:48:26 IST] [INFO]: I enter the passenger title Mstr
[22/11/2024, 16:49:26 IST] [INFO]: I have the departure location as DXB
[22/11/2024, 16:49:26 IST] [INFO]: I have the return location LHR
[22/11/2024, 16:49:26 IST] [INFO]: I have the departure date 12-15-2024
[22/11/2024, 16:49:26 IST] [INFO]: I have the cabin class Y
[22/11/2024, 16:49:26 IST] [INFO]: I have the number of adults 2
[22/11/2024, 16:49:26 IST] [INFO]: I have the number of children 1
[22/11/2024, 16:49:26 IST] [INFO]: I have the number of infand 0
[22/11/2024, 16:49:26 IST] [INFO]: I have the direct flight option set to false
[22/11/2024, 16:49:26 IST] [INFO]: I have the baggage option set to false
[22/11/2024, 16:49:26 IST] [INFO]: I have the refundable option set to false
[22/11/2024, 16:49:32 IST] [INFO]: I have the departure location as DXB
[22/11/2024, 16:49:33 IST] [INFO]: I have the return location LHR
[22/11/2024, 16:49:33 IST] [INFO]: I have the departure date 12-15-2024
[22/11/2024, 16:49:33 IST] [INFO]: I have the cabin class Y
[22/11/2024, 16:49:33 IST] [INFO]: I have the number of adults 2
[22/11/2024, 16:49:33 IST] [INFO]: I have the number of children 1
[22/11/2024, 16:49:33 IST] [INFO]: I have the number of infand 0
[22/11/2024, 16:49:33 IST] [INFO]: I have the direct flight option set to false
[22/11/2024, 16:49:33 IST] [INFO]: I have the baggage option set to false
[22/11/2024, 16:49:33 IST] [INFO]: I have the refundable option set to false
[22/11/2024, 16:49:55 IST] [INFO]: I enter the passenger title Mr
[22/11/2024, 16:50:01 IST] [INFO]: I enter the passenger title Mr
[22/11/2024, 16:50:08 IST] [INFO]: I enter the passenger title Mstr
[22/11/2024, 16:52:22 IST] [INFO]: I have the departure location as DXB
[22/11/2024, 16:52:22 IST] [INFO]: I have the return location LHR
[22/11/2024, 16:52:22 IST] [INFO]: I have the departure date 12-15-2024
[22/11/2024, 16:52:22 IST] [INFO]: I have the cabin class Y
[22/11/2024, 16:52:22 IST] [INFO]: I have the number of adults 2
[22/11/2024, 16:52:22 IST] [INFO]: I have the number of children 1
[22/11/2024, 16:52:22 IST] [INFO]: I have the number of infand 0
[22/11/2024, 16:52:22 IST] [INFO]: I have the direct flight option set to false
[22/11/2024, 16:52:22 IST] [INFO]: I have the baggage option set to false
[22/11/2024, 16:52:22 IST] [INFO]: I have the refundable option set to false
[22/11/2024, 16:52:46 IST] [INFO]: I enter the passenger title Mr
[22/11/2024, 16:52:53 IST] [INFO]: I enter the passenger title Mr
[22/11/2024, 16:53:00 IST] [INFO]: I have the departure location as DXB
[22/11/2024, 16:53:00 IST] [INFO]: I have the return location LHR
[22/11/2024, 16:53:00 IST] [INFO]: I have the departure date 12-15-2024
[22/11/2024, 16:53:00 IST] [INFO]: I have the cabin class Y
[22/11/2024, 16:53:00 IST] [INFO]: I have the number of adults 2
[22/11/2024, 16:53:00 IST] [INFO]: I have the number of children 1
[22/11/2024, 16:53:00 IST] [INFO]: I have the number of infand 0
[22/11/2024, 16:53:00 IST] [INFO]: I have the direct flight option set to false
[22/11/2024, 16:53:00 IST] [INFO]: I have the baggage option set to false
[22/11/2024, 16:53:00 IST] [INFO]: I have the refundable option set to false
[22/11/2024, 16:54:11 IST] [INFO]: I have the departure location as DXB
[22/11/2024, 16:54:11 IST] [INFO]: I have the return location LHR
[22/11/2024, 16:54:11 IST] [INFO]: I have the departure date 12-15-2024
[22/11/2024, 16:54:11 IST] [INFO]: I have the cabin class Y
[22/11/2024, 16:54:11 IST] [INFO]: I have the number of adults 2
[22/11/2024, 16:54:11 IST] [INFO]: I have the number of children 1
[22/11/2024, 16:54:11 IST] [INFO]: I have the number of infand 0
[22/11/2024, 16:54:11 IST] [INFO]: I have the direct flight option set to false
[22/11/2024, 16:54:11 IST] [INFO]: I have the baggage option set to false
[22/11/2024, 16:54:12 IST] [INFO]: I have the refundable option set to false
[22/11/2024, 16:55:35 IST] [INFO]: I enter the passenger title Mr
[22/11/2024, 16:55:39 IST] [INFO]: I have the departure location as DXB
[22/11/2024, 16:55:39 IST] [INFO]: I have the return location LHR
[22/11/2024, 16:55:39 IST] [INFO]: I have the departure date 12-15-2024
[22/11/2024, 16:55:39 IST] [INFO]: I have the cabin class Y
[22/11/2024, 16:55:39 IST] [INFO]: I have the number of adults 2
[22/11/2024, 16:55:39 IST] [INFO]: I have the number of children 1
[22/11/2024, 16:55:39 IST] [INFO]: I have the number of infand 0
[22/11/2024, 16:55:39 IST] [INFO]: I have the direct flight option set to false
[22/11/2024, 16:55:39 IST] [INFO]: I have the baggage option set to false
[22/11/2024, 16:55:39 IST] [INFO]: I have the refundable option set to false
[22/11/2024, 17:11:08 IST] [INFO]: I enter the passenger title Mr
[22/11/2024, 17:18:47 IST] [INFO]: I enter the passenger title Mr
[22/11/2024, 17:24:38 IST] [INFO]: I enter the passenger title Mr
[22/11/2024, 17:43:00 IST] [INFO]: I enter the passenger title Mr
[22/11/2024, 18:05:44 IST] [INFO]: I have the departure location as DXB
[22/11/2024, 18:05:44 IST] [INFO]: I have the return location LHR
[22/11/2024, 18:05:44 IST] [INFO]: I have the departure date 12-15-2024
[22/11/2024, 18:05:44 IST] [INFO]: I have the cabin class Y
[22/11/2024, 18:05:44 IST] [INFO]: I have the number of adults 2
[22/11/2024, 18:05:44 IST] [INFO]: I have the number of children 1
[22/11/2024, 18:05:44 IST] [INFO]: I have the number of infand 0
[22/11/2024, 18:05:44 IST] [INFO]: I have the direct flight option set to false
[22/11/2024, 18:05:44 IST] [INFO]: I have the baggage option set to false
[22/11/2024, 18:05:45 IST] [INFO]: I have the refundable option set to false
[22/11/2024, 18:05:52 IST] [INFO]: I have the departure location as DXB
[22/11/2024, 18:05:52 IST] [INFO]: I have the return location LHR
[22/11/2024, 18:05:52 IST] [INFO]: I have the departure date 12-15-2024
[22/11/2024, 18:05:52 IST] [INFO]: I have the cabin class Y
[22/11/2024, 18:05:52 IST] [INFO]: I have the number of adults 2
[22/11/2024, 18:05:52 IST] [INFO]: I have the number of children 1
[22/11/2024, 18:05:52 IST] [INFO]: I have the number of infand 0
[22/11/2024, 18:05:52 IST] [INFO]: I have the direct flight option set to false
[22/11/2024, 18:05:52 IST] [INFO]: I have the baggage option set to false
[22/11/2024, 18:05:52 IST] [INFO]: I have the refundable option set to false
[22/11/2024, 18:13:30 IST] [INFO]: I enter the passenger title Mr
[22/11/2024, 18:13:45 IST] [INFO]: I enter the passenger title Mr
[22/11/2024, 18:14:01 IST] [INFO]: I enter the passenger title Mstr
[22/11/2024, 18:16:00 IST] [INFO]: Ticket Booking Status - ${bookingStatus}
[24/11/2024, 23:21:47 IST] [INFO]: I have the departure location as DXB
[24/11/2024, 23:21:47 IST] [INFO]: I have the return location LHR
[24/11/2024, 23:21:47 IST] [INFO]: I have the departure date 12-15-2024
[24/11/2024, 23:21:47 IST] [INFO]: I have the cabin class Y
[24/11/2024, 23:21:48 IST] [INFO]: I have the number of adults 2
[24/11/2024, 23:21:48 IST] [INFO]: I have the number of children 1
[24/11/2024, 23:21:48 IST] [INFO]: I have the number of infand 0
[24/11/2024, 23:21:48 IST] [INFO]: I have the direct flight option set to false
[24/11/2024, 23:21:48 IST] [INFO]: I have the baggage option set to false
[24/11/2024, 23:21:48 IST] [INFO]: I have the refundable option set to false
[24/11/2024, 23:21:54 IST] [INFO]: I have the departure location as DXB
[24/11/2024, 23:21:54 IST] [INFO]: I have the return location LHR
[24/11/2024, 23:21:54 IST] [INFO]: I have the departure date 12-15-2024
[24/11/2024, 23:21:54 IST] [INFO]: I have the cabin class Y
[24/11/2024, 23:21:54 IST] [INFO]: I have the number of adults 2
[24/11/2024, 23:21:54 IST] [INFO]: I have the number of children 1
[24/11/2024, 23:21:54 IST] [INFO]: I have the number of infand 0
[24/11/2024, 23:21:54 IST] [INFO]: I have the direct flight option set to false
[24/11/2024, 23:21:54 IST] [INFO]: I have the baggage option set to false
[24/11/2024, 23:21:54 IST] [INFO]: I have the refundable option set to false
[24/11/2024, 23:22:39 IST] [INFO]: I have the departure location as DXB
[24/11/2024, 23:22:39 IST] [INFO]: I have the return location LHR
[24/11/2024, 23:22:39 IST] [INFO]: I have the departure date 12-15-2024
[24/11/2024, 23:22:39 IST] [INFO]: I have the cabin class Y
[24/11/2024, 23:22:39 IST] [INFO]: I have the number of adults 2
[24/11/2024, 23:22:39 IST] [INFO]: I have the number of children 1
[24/11/2024, 23:22:39 IST] [INFO]: I have the number of infand 0
[24/11/2024, 23:22:39 IST] [INFO]: I have the direct flight option set to false
[24/11/2024, 23:22:39 IST] [INFO]: I have the baggage option set to false
[24/11/2024, 23:22:39 IST] [INFO]: I have the refundable option set to false
[24/11/2024, 23:25:29 IST] [INFO]: I have the departure location as DXB
[24/11/2024, 23:25:29 IST] [INFO]: I have the return location LHR
[24/11/2024, 23:25:29 IST] [INFO]: I have the departure date 12-15-2024
[24/11/2024, 23:25:29 IST] [INFO]: I have the cabin class Y
[24/11/2024, 23:25:30 IST] [INFO]: I have the number of adults 2
[24/11/2024, 23:25:30 IST] [INFO]: I have the number of children 1
[24/11/2024, 23:25:30 IST] [INFO]: I have the number of infand 0
[24/11/2024, 23:25:30 IST] [INFO]: I have the direct flight option set to false
[24/11/2024, 23:25:30 IST] [INFO]: I have the baggage option set to false
[24/11/2024, 23:25:30 IST] [INFO]: I have the refundable option set to false
[24/11/2024, 23:26:56 IST] [INFO]: I have the departure location as DXB
[24/11/2024, 23:26:56 IST] [INFO]: I have the return location LHR
[24/11/2024, 23:26:56 IST] [INFO]: I have the departure date 12-15-2024
[24/11/2024, 23:26:56 IST] [INFO]: I have the cabin class Y
[24/11/2024, 23:26:56 IST] [INFO]: I have the number of adults 2
[24/11/2024, 23:26:56 IST] [INFO]: I have the number of children 1
[24/11/2024, 23:26:56 IST] [INFO]: I have the number of infand 0
[24/11/2024, 23:26:56 IST] [INFO]: I have the direct flight option set to false
[24/11/2024, 23:26:56 IST] [INFO]: I have the baggage option set to false
[24/11/2024, 23:26:56 IST] [INFO]: I have the refundable option set to false
[24/11/2024, 23:36:20 IST] [INFO]: I have the departure location as DXB
[24/11/2024, 23:36:20 IST] [INFO]: I have the return location LHR
[24/11/2024, 23:36:20 IST] [INFO]: I have the departure date 12-15-2024
[24/11/2024, 23:36:20 IST] [INFO]: I have the cabin class Y
[24/11/2024, 23:36:20 IST] [INFO]: I have the number of adults 2
[24/11/2024, 23:36:20 IST] [INFO]: I have the number of children 1
[24/11/2024, 23:36:20 IST] [INFO]: I have the number of infand 0
[24/11/2024, 23:36:20 IST] [INFO]: I have the direct flight option set to false
[24/11/2024, 23:36:20 IST] [INFO]: I have the baggage option set to false
[24/11/2024, 23:36:20 IST] [INFO]: I have the refundable option set to false
[24/11/2024, 23:46:13 IST] [INFO]: I have the departure location as DXB
[24/11/2024, 23:46:13 IST] [INFO]: I have the return location LHR
[24/11/2024, 23:46:13 IST] [INFO]: I have the departure date 12-15-2024
[24/11/2024, 23:46:13 IST] [INFO]: I have the cabin class Y
[24/11/2024, 23:46:13 IST] [INFO]: I have the number of adults 2
[24/11/2024, 23:46:13 IST] [INFO]: I have the number of children 1
[24/11/2024, 23:46:13 IST] [INFO]: I have the number of infand 0
[24/11/2024, 23:46:13 IST] [INFO]: I have the direct flight option set to false
[24/11/2024, 23:46:13 IST] [INFO]: I have the baggage option set to false
[24/11/2024, 23:46:13 IST] [INFO]: I have the refundable option set to false
[24/11/2024, 23:49:37 IST] [INFO]: I have the departure location as DXB
[24/11/2024, 23:49:37 IST] [INFO]: I have the return location LHR
[24/11/2024, 23:49:37 IST] [INFO]: I have the departure date 12-15-2024
[24/11/2024, 23:49:37 IST] [INFO]: I have the cabin class Y
[24/11/2024, 23:49:37 IST] [INFO]: I have the number of adults 2
[24/11/2024, 23:49:37 IST] [INFO]: I have the number of children 1
[24/11/2024, 23:49:37 IST] [INFO]: I have the number of infand 0
[24/11/2024, 23:49:37 IST] [INFO]: I have the direct flight option set to false
[24/11/2024, 23:49:37 IST] [INFO]: I have the baggage option set to false
[24/11/2024, 23:49:37 IST] [INFO]: I have the refundable option set to false
[24/11/2024, 23:51:42 IST] [INFO]: I have the departure location as DXB
[24/11/2024, 23:51:42 IST] [INFO]: I have the return location LHR
[24/11/2024, 23:51:42 IST] [INFO]: I have the departure date 12-15-2024
[24/11/2024, 23:51:43 IST] [INFO]: I have the cabin class Y
[24/11/2024, 23:51:43 IST] [INFO]: I have the number of adults 2
[24/11/2024, 23:51:43 IST] [INFO]: I have the number of children 1
[24/11/2024, 23:51:43 IST] [INFO]: I have the number of infand 0
[24/11/2024, 23:51:43 IST] [INFO]: I have the direct flight option set to false
[24/11/2024, 23:51:43 IST] [INFO]: I have the baggage option set to false
[24/11/2024, 23:51:43 IST] [INFO]: I have the refundable option set to false
[24/11/2024, 23:56:07 IST] [INFO]: I have the departure location as DXB
[24/11/2024, 23:56:07 IST] [INFO]: I have the return location LHR
[24/11/2024, 23:56:07 IST] [INFO]: I have the departure date 12-15-2024
[24/11/2024, 23:56:07 IST] [INFO]: I have the cabin class Y
[24/11/2024, 23:56:07 IST] [INFO]: I have the number of adults 2
[24/11/2024, 23:56:07 IST] [INFO]: I have the number of children 1
[24/11/2024, 23:56:07 IST] [INFO]: I have the number of infand 0
[24/11/2024, 23:56:07 IST] [INFO]: I have the direct flight option set to false
[24/11/2024, 23:56:07 IST] [INFO]: I have the baggage option set to false
[24/11/2024, 23:56:07 IST] [INFO]: I have the refundable option set to false
[24/11/2024, 23:57:07 IST] [INFO]: I have the departure location as DXB
[24/11/2024, 23:57:07 IST] [INFO]: I have the return location LHR
[24/11/2024, 23:57:07 IST] [INFO]: I have the departure date 12-15-2024
[24/11/2024, 23:57:07 IST] [INFO]: I have the cabin class Y
[24/11/2024, 23:57:07 IST] [INFO]: I have the number of adults 2
[24/11/2024, 23:57:07 IST] [INFO]: I have the number of children 1
[24/11/2024, 23:57:07 IST] [INFO]: I have the number of infand 0
[24/11/2024, 23:57:07 IST] [INFO]: I have the direct flight option set to false
[24/11/2024, 23:57:07 IST] [INFO]: I have the baggage option set to false
[24/11/2024, 23:57:07 IST] [INFO]: I have the refundable option set to false
[24/11/2024, 23:57:50 IST] [INFO]: I have the departure location as DXB
[24/11/2024, 23:57:50 IST] [INFO]: I have the return location LHR
[24/11/2024, 23:57:50 IST] [INFO]: I have the departure date 12-15-2024
[24/11/2024, 23:57:50 IST] [INFO]: I have the cabin class Y
[24/11/2024, 23:57:50 IST] [INFO]: I have the number of adults 2
[24/11/2024, 23:57:50 IST] [INFO]: I have the number of children 1
[24/11/2024, 23:57:50 IST] [INFO]: I have the number of infand 0
[24/11/2024, 23:57:50 IST] [INFO]: I have the direct flight option set to false
[24/11/2024, 23:57:50 IST] [INFO]: I have the baggage option set to false
[24/11/2024, 23:57:50 IST] [INFO]: I have the refundable option set to false
[25/11/2024, 12:04:22 IST] [INFO]: I enter the passenger title Mr
[25/11/2024, 12:04:28 IST] [INFO]: I enter the passenger title Mr
[25/11/2024, 12:04:36 IST] [INFO]: I enter the passenger title Mstr
[25/11/2024, 13:07:55 IST] [INFO]: I enter the passenger title Mr
[25/11/2024, 13:08:02 IST] [INFO]: I enter the passenger title Mr
[25/11/2024, 13:08:10 IST] [INFO]: I enter the passenger title Mstr
[25/11/2024, 13:13:16 IST] [INFO]: I enter the passenger title Mr
[25/11/2024, 13:13:23 IST] [INFO]: I enter the passenger title Mr
[25/11/2024, 13:13:31 IST] [INFO]: I enter the passenger title Mstr
[25/11/2024, 13:17:57 IST] [INFO]: I enter the passenger title Mr
[25/11/2024, 13:26:27 IST] [INFO]: I enter the passenger title Mr
[25/11/2024, 13:28:16 IST] [INFO]: I enter the passenger title Mr
[25/11/2024, 13:32:43 IST] [INFO]: I enter the passenger title Mr
[25/11/2024, 13:38:09 IST] [INFO]: I enter the passenger title Mr
[25/11/2024, 13:41:48 IST] [INFO]: I enter the passenger title Mr
[25/11/2024, 13:44:00 IST] [INFO]: I enter the passenger title Mr
[25/11/2024, 13:46:28 IST] [INFO]: I enter the passenger title Mr
[25/11/2024, 13:48:57 IST] [INFO]: I enter the passenger title Mr
[25/11/2024, 13:51:59 IST] [INFO]: I enter the passenger title Mr
[25/11/2024, 13:54:43 IST] [INFO]: I enter the passenger title Mr
[25/11/2024, 13:56:20 IST] [INFO]: Ticket Booking Status - ${bookingStatus}
[25/11/2024, 14:48:55 IST] [INFO]: I enter the passenger title Mr
[25/11/2024, 15:04:47 IST] [INFO]: I enter the passenger title Mr
[25/11/2024, 15:06:32 IST] [INFO]: Ticket Booking Status - ${bookingStatus}
[25/11/2024, 15:36:23 IST] [INFO]: I have the departure location as DXB
[25/11/2024, 15:36:23 IST] [INFO]: I have the return location LHR
[25/11/2024, 15:36:23 IST] [INFO]: I have the departure date 12-15-2024
[25/11/2024, 15:36:23 IST] [INFO]: I have the cabin class Y
[25/11/2024, 15:36:23 IST] [INFO]: I have the number of adults 2
[25/11/2024, 15:36:23 IST] [INFO]: I have the number of children 1
[25/11/2024, 15:36:23 IST] [INFO]: I have the number of infand 0
[25/11/2024, 15:36:23 IST] [INFO]: I have the direct flight option set to false
[25/11/2024, 15:36:23 IST] [INFO]: I have the baggage option set to false
[25/11/2024, 15:36:23 IST] [INFO]: I have the refundable option set to false
[25/11/2024, 15:36:23 IST] [INFO]: I have enter the airline undefined
[25/11/2024, 15:36:29 IST] [INFO]: I have the departure location as DXB
[25/11/2024, 15:36:29 IST] [INFO]: I have the return location LHR
[25/11/2024, 15:36:29 IST] [INFO]: I have the departure date 12-15-2024
[25/11/2024, 15:36:29 IST] [INFO]: I have the cabin class Y
[25/11/2024, 15:36:29 IST] [INFO]: I have the number of adults 2
[25/11/2024, 15:36:29 IST] [INFO]: I have the number of children 1
[25/11/2024, 15:36:29 IST] [INFO]: I have the number of infand 0
[25/11/2024, 15:36:29 IST] [INFO]: I have the direct flight option set to false
[25/11/2024, 15:36:29 IST] [INFO]: I have the baggage option set to false
[25/11/2024, 15:36:29 IST] [INFO]: I have the refundable option set to false
[25/11/2024, 15:36:29 IST] [INFO]: I have enter the airline undefined
[25/11/2024, 15:37:21 IST] [INFO]: I have the departure location as DXB
[25/11/2024, 15:37:21 IST] [INFO]: I have the return location LHR
[25/11/2024, 15:37:22 IST] [INFO]: I have the departure date 12-15-2024
[25/11/2024, 15:37:22 IST] [INFO]: I have the cabin class Y
[25/11/2024, 15:37:22 IST] [INFO]: I have the number of adults 2
[25/11/2024, 15:37:22 IST] [INFO]: I have the number of children 1
[25/11/2024, 15:37:22 IST] [INFO]: I have the number of infand 0
[25/11/2024, 15:37:22 IST] [INFO]: I have the direct flight option set to false
[25/11/2024, 15:37:22 IST] [INFO]: I have the baggage option set to false
[25/11/2024, 15:37:22 IST] [INFO]: I have the refundable option set to false
[25/11/2024, 15:37:22 IST] [INFO]: I have enter the airline undefined
[25/11/2024, 15:38:01 IST] [INFO]: I have the departure location as DXB
[25/11/2024, 15:38:01 IST] [INFO]: I have the return location LHR
[25/11/2024, 15:38:01 IST] [INFO]: I have the departure date 12-15-2024
[25/11/2024, 15:38:01 IST] [INFO]: I have the cabin class Y
[25/11/2024, 15:38:01 IST] [INFO]: I have the number of adults 2
[25/11/2024, 15:38:01 IST] [INFO]: I have the number of children 1
[25/11/2024, 15:38:01 IST] [INFO]: I have the number of infand 0
[25/11/2024, 15:38:01 IST] [INFO]: I have the direct flight option set to false
[25/11/2024, 15:38:01 IST] [INFO]: I have the baggage option set to false
[25/11/2024, 15:38:01 IST] [INFO]: I have the refundable option set to false
[25/11/2024, 15:41:48 IST] [INFO]: I have the departure location as DXB
[25/11/2024, 15:41:48 IST] [INFO]: I have the return location LHR
[25/11/2024, 15:41:48 IST] [INFO]: I have the departure date 12-15-2024
[25/11/2024, 15:41:48 IST] [INFO]: I have the cabin class Y
[25/11/2024, 15:41:48 IST] [INFO]: I have the number of adults 2
[25/11/2024, 15:41:48 IST] [INFO]: I have the number of children 1
[25/11/2024, 15:41:48 IST] [INFO]: I have the number of infand 0
[25/11/2024, 15:41:48 IST] [INFO]: I have the direct flight option set to false
[25/11/2024, 15:41:48 IST] [INFO]: I have the baggage option set to false
[25/11/2024, 15:41:48 IST] [INFO]: I have the refundable option set to false
[25/11/2024, 15:45:04 IST] [INFO]: I have the departure location as DXB
[25/11/2024, 15:45:04 IST] [INFO]: I have the return location LHR
[25/11/2024, 15:45:04 IST] [INFO]: I have the departure date 12-15-2024
[25/11/2024, 15:45:04 IST] [INFO]: I have the cabin class Y
[25/11/2024, 15:45:04 IST] [INFO]: I have the number of adults 2
[25/11/2024, 15:45:04 IST] [INFO]: I have the number of children 1
[25/11/2024, 15:45:04 IST] [INFO]: I have the number of infand 0
[25/11/2024, 15:45:04 IST] [INFO]: I have the direct flight option set to false
[25/11/2024, 15:45:04 IST] [INFO]: I have the baggage option set to false
[25/11/2024, 15:45:04 IST] [INFO]: I have the refundable option set to false
[25/11/2024, 16:26:42 IST] [INFO]: I have the departure location as DXB
[25/11/2024, 16:26:42 IST] [INFO]: I have the return location LHR
[25/11/2024, 16:26:42 IST] [INFO]: I have the departure date 12-15-2024
[25/11/2024, 16:26:42 IST] [INFO]: I have the cabin class Y
[25/11/2024, 16:26:42 IST] [INFO]: I have the number of adults 2
[25/11/2024, 16:26:42 IST] [INFO]: I have the number of children 1
[25/11/2024, 16:26:42 IST] [INFO]: I have the number of infand 0
[25/11/2024, 16:26:42 IST] [INFO]: I have the direct flight option set to false
[25/11/2024, 16:26:42 IST] [INFO]: I have the baggage option set to false
[25/11/2024, 16:26:42 IST] [INFO]: I have the refundable option set to false
[25/11/2024, 16:28:56 IST] [INFO]: I have the departure location as DXB
[25/11/2024, 16:28:56 IST] [INFO]: I have the return location COK
[25/11/2024, 16:28:56 IST] [INFO]: I have the departure date 12-01-2024
[25/11/2024, 16:28:56 IST] [INFO]: I have the cabin class Y
[25/11/2024, 16:28:56 IST] [INFO]: I have the number of adults 2
[25/11/2024, 16:28:56 IST] [INFO]: I have the number of children 1
[25/11/2024, 16:28:56 IST] [INFO]: I have the number of infand 0
[25/11/2024, 16:28:56 IST] [INFO]: I have the direct flight option set to false
[25/11/2024, 16:28:56 IST] [INFO]: I have the baggage option set to false
[25/11/2024, 16:28:56 IST] [INFO]: I have the refundable option set to false
[25/11/2024, 16:29:44 IST] [INFO]: I have the departure location as DXB
[25/11/2024, 16:29:44 IST] [INFO]: I have the return location COK
[25/11/2024, 16:29:44 IST] [INFO]: I have the departure date 12-01-2024
[25/11/2024, 16:29:44 IST] [INFO]: I have the cabin class Y
[25/11/2024, 16:29:44 IST] [INFO]: I have the number of adults 2
[25/11/2024, 16:29:44 IST] [INFO]: I have the number of children 1
[25/11/2024, 16:29:44 IST] [INFO]: I have the number of infand 0
[25/11/2024, 16:29:44 IST] [INFO]: I have the direct flight option set to false
[25/11/2024, 16:29:44 IST] [INFO]: I have the baggage option set to false
[25/11/2024, 16:29:44 IST] [INFO]: I have the refundable option set to false
[25/11/2024, 16:30:13 IST] [INFO]: I enter the passenger title Mr
[25/11/2024, 16:30:20 IST] [INFO]: I enter the passenger title Mr
[25/11/2024, 16:30:26 IST] [INFO]: I enter the passenger title Mstr
[25/11/2024, 16:31:25 IST] [INFO]: I have the departure location as DXB
[25/11/2024, 16:31:25 IST] [INFO]: I have the return location COK
[25/11/2024, 16:31:25 IST] [INFO]: I have the departure date 12-01-2024
[25/11/2024, 16:31:25 IST] [INFO]: I have the cabin class Y
[25/11/2024, 16:31:25 IST] [INFO]: I have the number of adults 2
[25/11/2024, 16:31:25 IST] [INFO]: I have the number of children 1
[25/11/2024, 16:31:25 IST] [INFO]: I have the number of infand 0
[25/11/2024, 16:31:25 IST] [INFO]: I have the direct flight option set to false
[25/11/2024, 16:31:25 IST] [INFO]: I have the baggage option set to false
[25/11/2024, 16:31:25 IST] [INFO]: I have the refundable option set to false
[25/11/2024, 16:31:37 IST] [INFO]: I have the departure location as DXB
[25/11/2024, 16:31:37 IST] [INFO]: I have the return location COK
[25/11/2024, 16:31:37 IST] [INFO]: I have the departure date 12-01-2024
[25/11/2024, 16:31:37 IST] [INFO]: I have the cabin class Y
[25/11/2024, 16:31:37 IST] [INFO]: I have the number of adults 2
[25/11/2024, 16:31:37 IST] [INFO]: I have the number of children 1
[25/11/2024, 16:31:37 IST] [INFO]: I have the number of infand 0
[25/11/2024, 16:31:37 IST] [INFO]: I have the direct flight option set to false
[25/11/2024, 16:31:37 IST] [INFO]: I have the baggage option set to false
[25/11/2024, 16:31:37 IST] [INFO]: I have the refundable option set to false
[25/11/2024, 16:31:55 IST] [INFO]: I enter the passenger title Mr
[25/11/2024, 16:32:01 IST] [INFO]: I enter the passenger title Mr
[25/11/2024, 16:32:07 IST] [INFO]: I enter the passenger title Mstr
[25/11/2024, 16:34:43 IST] [INFO]: I have the departure location as DXB
[25/11/2024, 16:34:43 IST] [INFO]: I have the return location COK
[25/11/2024, 16:34:43 IST] [INFO]: I have the departure date 12-01-2024
[25/11/2024, 16:34:43 IST] [INFO]: I have the cabin class Y
[25/11/2024, 16:34:43 IST] [INFO]: I have the number of adults 2
[25/11/2024, 16:34:44 IST] [INFO]: I have the number of children 1
[25/11/2024, 16:34:44 IST] [INFO]: I have the number of infand 0
[25/11/2024, 16:34:44 IST] [INFO]: I have the direct flight option set to false
[25/11/2024, 16:34:44 IST] [INFO]: I have the baggage option set to false
[25/11/2024, 16:34:44 IST] [INFO]: I have the refundable option set to false
[25/11/2024, 16:35:13 IST] [INFO]: I enter the passenger title Mr
[25/11/2024, 16:35:20 IST] [INFO]: I enter the passenger title Mr
[25/11/2024, 16:35:26 IST] [INFO]: I enter the passenger title Mstr
[25/11/2024, 16:36:49 IST] [INFO]: I have the departure location as DXB
[25/11/2024, 16:36:49 IST] [INFO]: I have the return location COK
[25/11/2024, 16:36:49 IST] [INFO]: I have the departure date 12-01-2024
[25/11/2024, 16:36:49 IST] [INFO]: I have the cabin class Y
[25/11/2024, 16:36:49 IST] [INFO]: I have the number of adults 2
[25/11/2024, 16:36:49 IST] [INFO]: I have the number of children 1
[25/11/2024, 16:36:49 IST] [INFO]: I have the number of infand 0
[25/11/2024, 16:36:49 IST] [INFO]: I have the direct flight option set to false
[25/11/2024, 16:36:49 IST] [INFO]: I have the baggage option set to false
[25/11/2024, 16:36:49 IST] [INFO]: I have the refundable option set to false
[25/11/2024, 16:37:21 IST] [INFO]: I enter the passenger title Mr
[25/11/2024, 16:37:26 IST] [INFO]: I enter the passenger title Mr
[25/11/2024, 16:37:31 IST] [INFO]: I enter the passenger title Mstr
[25/11/2024, 17:00:24 IST] [INFO]: I have the departure location as DXB
[25/11/2024, 17:00:24 IST] [INFO]: I have the return location COK
[25/11/2024, 17:00:24 IST] [INFO]: I have the departure date 12-01-2024
[25/11/2024, 17:00:24 IST] [INFO]: I have the cabin class Y
[25/11/2024, 17:00:24 IST] [INFO]: I have the number of adults 2
[25/11/2024, 17:00:24 IST] [INFO]: I have the number of children 1
[25/11/2024, 17:00:24 IST] [INFO]: I have the number of infand 0
[25/11/2024, 17:00:24 IST] [INFO]: I have the direct flight option set to false
[25/11/2024, 17:00:24 IST] [INFO]: I have the baggage option set to false
[25/11/2024, 17:00:24 IST] [INFO]: I have the refundable option set to false
[25/11/2024, 17:00:52 IST] [INFO]: I enter the passenger title Mr
[25/11/2024, 17:00:58 IST] [INFO]: I enter the passenger title Mr
[25/11/2024, 17:01:05 IST] [INFO]: I enter the passenger title Mstr
[26/11/2024, 01:45:43 IST] [INFO]: I have the departure location as DXB
[26/11/2024, 01:45:43 IST] [INFO]: I have the return location COK
[26/11/2024, 01:45:43 IST] [INFO]: I have the departure date 12-01-2024
[26/11/2024, 01:45:43 IST] [INFO]: I have the cabin class Y
[26/11/2024, 01:45:43 IST] [INFO]: I have the number of adults 2
[26/11/2024, 01:45:43 IST] [INFO]: I have the number of children 1
[26/11/2024, 01:45:43 IST] [INFO]: I have the number of infand 0
[26/11/2024, 01:45:43 IST] [INFO]: I have the direct flight option set to false
[26/11/2024, 01:45:43 IST] [INFO]: I have the baggage option set to false
[26/11/2024, 01:45:43 IST] [INFO]: I have the refundable option set to false
[26/11/2024, 01:45:52 IST] [INFO]: I have the departure location as DXB
[26/11/2024, 01:45:52 IST] [INFO]: I have the return location COK
[26/11/2024, 01:45:52 IST] [INFO]: I have the departure date 12-01-2024
[26/11/2024, 01:45:52 IST] [INFO]: I have the cabin class Y
[26/11/2024, 01:45:52 IST] [INFO]: I have the number of adults 2
[26/11/2024, 01:45:52 IST] [INFO]: I have the number of children 1
[26/11/2024, 01:45:52 IST] [INFO]: I have the number of infand 0
[26/11/2024, 01:45:52 IST] [INFO]: I have the direct flight option set to false
[26/11/2024, 01:45:52 IST] [INFO]: I have the baggage option set to false
[26/11/2024, 01:45:52 IST] [INFO]: I have the refundable option set to false
[26/11/2024, 01:46:40 IST] [INFO]: I enter the passenger title Mr
[26/11/2024, 01:53:33 IST] [INFO]: I have the departure location as DXB
[26/11/2024, 01:53:33 IST] [INFO]: I have the return location COK
[26/11/2024, 01:53:33 IST] [INFO]: I have the departure date 12-01-2024
[26/11/2024, 01:53:33 IST] [INFO]: I have the cabin class Y
[26/11/2024, 01:53:33 IST] [INFO]: I have the number of adults 2
[26/11/2024, 01:53:33 IST] [INFO]: I have the number of children 0
[26/11/2024, 01:53:33 IST] [INFO]: I have the number of infand 1
[26/11/2024, 01:53:33 IST] [INFO]: I have the direct flight option set to false
[26/11/2024, 01:53:33 IST] [INFO]: I have the baggage option set to false
[26/11/2024, 01:53:33 IST] [INFO]: I have the refundable option set to false
[26/11/2024, 01:54:07 IST] [INFO]: I enter the passenger title Mr
[26/11/2024, 01:54:16 IST] [INFO]: I enter the passenger title Mr
[26/11/2024, 01:54:25 IST] [INFO]: I enter the passenger title Miss
[26/11/2024, 01:58:25 IST] [INFO]: I have the departure location as DXB
[26/11/2024, 01:58:25 IST] [INFO]: I have the return location COK
[26/11/2024, 01:58:25 IST] [INFO]: I have the departure date 12-01-2024
[26/11/2024, 01:58:25 IST] [INFO]: I have the cabin class Y
[26/11/2024, 01:58:25 IST] [INFO]: I have the number of adults 2
[26/11/2024, 01:58:25 IST] [INFO]: I have the number of children 0
[26/11/2024, 01:58:25 IST] [INFO]: I have the number of infand 1
[26/11/2024, 01:58:25 IST] [INFO]: I have the direct flight option set to false
[26/11/2024, 01:58:25 IST] [INFO]: I have the baggage option set to false
[26/11/2024, 01:58:25 IST] [INFO]: I have the refundable option set to false
[26/11/2024, 01:58:49 IST] [INFO]: I enter the passenger title Mr
[26/11/2024, 01:58:56 IST] [INFO]: I enter the passenger title Mr
[26/11/2024, 01:59:01 IST] [INFO]: I have the departure location as DXB
[26/11/2024, 01:59:01 IST] [INFO]: I have the return location COK
[26/11/2024, 01:59:01 IST] [INFO]: I have the departure date 12-01-2024
[26/11/2024, 01:59:01 IST] [INFO]: I have the cabin class Y
[26/11/2024, 01:59:01 IST] [INFO]: I have the number of adults 2
[26/11/2024, 01:59:01 IST] [INFO]: I have the number of children 1
[26/11/2024, 01:59:01 IST] [INFO]: I have the number of infand 1
[26/11/2024, 01:59:01 IST] [INFO]: I have the direct flight option set to false
[26/11/2024, 01:59:01 IST] [INFO]: I have the baggage option set to false
[26/11/2024, 01:59:01 IST] [INFO]: I have the refundable option set to false
[26/11/2024, 02:08:37 IST] [INFO]: I have the departure location as DXB
[26/11/2024, 02:08:37 IST] [INFO]: I have the return location COK
[26/11/2024, 02:08:37 IST] [INFO]: I have the departure date 12-01-2024
[26/11/2024, 02:08:37 IST] [INFO]: I have the cabin class Y
[26/11/2024, 02:08:37 IST] [INFO]: I have the number of adults 2
[26/11/2024, 02:08:37 IST] [INFO]: I have the number of children 1
[26/11/2024, 02:08:37 IST] [INFO]: I have the number of infand 1
[26/11/2024, 02:08:37 IST] [INFO]: I have the direct flight option set to false
[26/11/2024, 02:08:37 IST] [INFO]: I have the baggage option set to false
[26/11/2024, 02:08:37 IST] [INFO]: I have the refundable option set to false
[26/11/2024, 02:09:50 IST] [INFO]: I have the departure location as DXB
[26/11/2024, 02:09:50 IST] [INFO]: I have the return location COK
[26/11/2024, 02:09:50 IST] [INFO]: I have the departure date 12-01-2024
[26/11/2024, 02:09:50 IST] [INFO]: I have the cabin class Y
[26/11/2024, 02:09:50 IST] [INFO]: I have the number of adults 2
[26/11/2024, 02:09:50 IST] [INFO]: I have the number of children 1
[26/11/2024, 02:09:50 IST] [INFO]: I have the number of infand 1
[26/11/2024, 02:09:50 IST] [INFO]: I have the direct flight option set to false
[26/11/2024, 02:09:50 IST] [INFO]: I have the baggage option set to false
[26/11/2024, 02:09:50 IST] [INFO]: I have the refundable option set to false
[26/11/2024, 02:12:12 IST] [INFO]: I have the departure location as DXB
[26/11/2024, 02:12:12 IST] [INFO]: I have the return location COK
[26/11/2024, 02:12:12 IST] [INFO]: I have the departure date 12-01-2024
[26/11/2024, 02:12:12 IST] [INFO]: I have the cabin class Y
[26/11/2024, 02:12:12 IST] [INFO]: I have the number of adults 2
[26/11/2024, 02:12:12 IST] [INFO]: I have the number of children 1
[26/11/2024, 02:12:12 IST] [INFO]: I have the number of infand 1
[26/11/2024, 02:12:12 IST] [INFO]: I have the direct flight option set to false
[26/11/2024, 02:12:12 IST] [INFO]: I have the baggage option set to false
[26/11/2024, 02:12:12 IST] [INFO]: I have the refundable option set to false
[26/11/2024, 02:12:39 IST] [INFO]: I enter the passenger title Mr
[26/11/2024, 02:14:36 IST] [INFO]: I have the departure location as DXB
[26/11/2024, 02:14:36 IST] [INFO]: I have the return location COK
[26/11/2024, 02:14:36 IST] [INFO]: I have the departure date 12-01-2024
[26/11/2024, 02:14:36 IST] [INFO]: I have the cabin class Y
[26/11/2024, 02:14:36 IST] [INFO]: I have the number of adults 2
[26/11/2024, 02:14:36 IST] [INFO]: I have the number of children 1
[26/11/2024, 02:14:36 IST] [INFO]: I have the number of infand 1
[26/11/2024, 02:14:36 IST] [INFO]: I have the direct flight option set to false
[26/11/2024, 02:14:36 IST] [INFO]: I have the baggage option set to false
[26/11/2024, 02:14:36 IST] [INFO]: I have the refundable option set to false
[26/11/2024, 02:35:11 IST] [INFO]: I have the departure location as DXB
[26/11/2024, 02:35:11 IST] [INFO]: I have the return location COK
[26/11/2024, 02:35:11 IST] [INFO]: I have the departure date 12-01-2024
[26/11/2024, 02:35:11 IST] [INFO]: I have the cabin class Y
[26/11/2024, 02:35:11 IST] [INFO]: I have the number of adults 2
[26/11/2024, 02:35:11 IST] [INFO]: I have the number of children 1
[26/11/2024, 02:35:11 IST] [INFO]: I have the number of infand 1
[26/11/2024, 02:35:11 IST] [INFO]: I have the direct flight option set to false
[26/11/2024, 02:35:11 IST] [INFO]: I have the baggage option set to false
[26/11/2024, 02:35:11 IST] [INFO]: I have the refundable option set to false
[26/11/2024, 02:37:34 IST] [INFO]: I have the departure location as DXB
[26/11/2024, 02:37:34 IST] [INFO]: I have the return location COK
[26/11/2024, 02:37:34 IST] [INFO]: I have the departure date 12-01-2024
[26/11/2024, 02:37:34 IST] [INFO]: I have the cabin class Y
[26/11/2024, 02:37:34 IST] [INFO]: I have the number of adults 2
[26/11/2024, 02:37:34 IST] [INFO]: I have the number of children 1
[26/11/2024, 02:37:34 IST] [INFO]: I have the number of infand 1
[26/11/2024, 02:37:34 IST] [INFO]: I have the direct flight option set to false
[26/11/2024, 02:37:34 IST] [INFO]: I have the baggage option set to false
[26/11/2024, 02:37:34 IST] [INFO]: I have the refundable option set to false
[26/11/2024, 02:39:52 IST] [INFO]: I have the departure location as DXB
[26/11/2024, 02:39:52 IST] [INFO]: I have the return location COK
[26/11/2024, 02:39:52 IST] [INFO]: I have the departure date 12-01-2024
[26/11/2024, 02:39:52 IST] [INFO]: I have the cabin class Y
[26/11/2024, 02:39:52 IST] [INFO]: I have the number of adults 2
[26/11/2024, 02:39:52 IST] [INFO]: I have the number of children 1
[26/11/2024, 02:39:52 IST] [INFO]: I have the number of infand 1
[26/11/2024, 02:39:52 IST] [INFO]: I have the direct flight option set to false
[26/11/2024, 02:39:52 IST] [INFO]: I have the baggage option set to false
[26/11/2024, 02:39:52 IST] [INFO]: I have the refundable option set to false
[26/11/2024, 02:41:50 IST] [INFO]: I have the departure location as DXB
[26/11/2024, 02:41:50 IST] [INFO]: I have the return location COK
[26/11/2024, 02:41:50 IST] [INFO]: I have the departure date 12-01-2024
[26/11/2024, 02:41:50 IST] [INFO]: I have the cabin class Y
[26/11/2024, 02:41:50 IST] [INFO]: I have the number of adults 2
[26/11/2024, 02:41:50 IST] [INFO]: I have the number of children 1
[26/11/2024, 02:41:50 IST] [INFO]: I have the number of infand 1
[26/11/2024, 02:41:50 IST] [INFO]: I have the direct flight option set to false
[26/11/2024, 02:41:50 IST] [INFO]: I have the baggage option set to false
[26/11/2024, 02:41:50 IST] [INFO]: I have the refundable option set to false
[26/11/2024, 02:43:07 IST] [INFO]: I have the departure location as DXB
[26/11/2024, 02:43:07 IST] [INFO]: I have the return location COK
[26/11/2024, 02:43:07 IST] [INFO]: I have the departure date 12-01-2024
[26/11/2024, 02:43:07 IST] [INFO]: I have the cabin class Y
[26/11/2024, 02:43:07 IST] [INFO]: I have the number of adults 2
[26/11/2024, 02:43:07 IST] [INFO]: I have the number of children 1
[26/11/2024, 02:43:07 IST] [INFO]: I have the number of infand 1
[26/11/2024, 02:43:07 IST] [INFO]: I have the direct flight option set to false
[26/11/2024, 02:43:07 IST] [INFO]: I have the baggage option set to false
[26/11/2024, 02:43:07 IST] [INFO]: I have the refundable option set to false
[26/11/2024, 02:44:28 IST] [INFO]: I have the departure location as DXB
[26/11/2024, 02:44:28 IST] [INFO]: I have the return location COK
[26/11/2024, 02:44:28 IST] [INFO]: I have the departure date 12-01-2024
[26/11/2024, 02:44:28 IST] [INFO]: I have the cabin class Y
[26/11/2024, 02:44:29 IST] [INFO]: I have the number of adults 2
[26/11/2024, 02:44:29 IST] [INFO]: I have the number of children 1
[26/11/2024, 02:44:29 IST] [INFO]: I have the number of infand 1
[26/11/2024, 02:44:29 IST] [INFO]: I have the direct flight option set to false
[26/11/2024, 02:44:29 IST] [INFO]: I have the baggage option set to false
[26/11/2024, 02:44:29 IST] [INFO]: I have the refundable option set to false
[26/11/2024, 02:50:11 IST] [INFO]: I have the departure location as DXB
[26/11/2024, 02:50:11 IST] [INFO]: I have the return location COK
[26/11/2024, 02:50:11 IST] [INFO]: I have the departure date 12-01-2024
[26/11/2024, 02:50:11 IST] [INFO]: I have the cabin class Y
[26/11/2024, 02:50:11 IST] [INFO]: I have the number of adults 2
[26/11/2024, 02:50:11 IST] [INFO]: I have the number of children 1
[26/11/2024, 02:50:11 IST] [INFO]: I have the number of infand 1
[26/11/2024, 02:50:11 IST] [INFO]: I have the direct flight option set to false
[26/11/2024, 02:50:11 IST] [INFO]: I have the baggage option set to false
[26/11/2024, 02:50:11 IST] [INFO]: I have the refundable option set to false
[26/11/2024, 02:54:32 IST] [INFO]: I have the departure location as DXB
[26/11/2024, 02:54:32 IST] [INFO]: I have the return location COK
[26/11/2024, 02:54:32 IST] [INFO]: I have the departure date 12-01-2024
[26/11/2024, 02:54:32 IST] [INFO]: I have the cabin class Y
[26/11/2024, 02:54:32 IST] [INFO]: I have the number of adults 2
[26/11/2024, 02:54:32 IST] [INFO]: I have the number of children 1
[26/11/2024, 02:54:32 IST] [INFO]: I have the number of infand 1
[26/11/2024, 02:54:32 IST] [INFO]: I have the direct flight option set to false
[26/11/2024, 02:54:32 IST] [INFO]: I have the baggage option set to false
[26/11/2024, 02:54:32 IST] [INFO]: I have the refundable option set to false
[26/11/2024, 02:55:31 IST] [INFO]: I have the departure location as DXB
[26/11/2024, 02:55:31 IST] [INFO]: I have the return location COK
[26/11/2024, 02:55:31 IST] [INFO]: I have the departure date 12-01-2024
[26/11/2024, 02:55:31 IST] [INFO]: I have the cabin class Y
[26/11/2024, 02:55:31 IST] [INFO]: I have the number of adults 2
[26/11/2024, 02:55:31 IST] [INFO]: I have the number of children 1
[26/11/2024, 02:55:31 IST] [INFO]: I have the number of infand 1
[26/11/2024, 02:55:31 IST] [INFO]: I have the direct flight option set to false
[26/11/2024, 02:55:31 IST] [INFO]: I have the baggage option set to false
[26/11/2024, 02:55:31 IST] [INFO]: I have the refundable option set to false
[26/11/2024, 03:03:29 IST] [INFO]: I have the departure location as DXB
[26/11/2024, 03:03:29 IST] [INFO]: I have the return location COK
[26/11/2024, 03:03:29 IST] [INFO]: I have the departure date 12-01-2024
[26/11/2024, 03:03:29 IST] [INFO]: I have the cabin class Y
[26/11/2024, 03:03:29 IST] [INFO]: I have the number of adults 2
[26/11/2024, 03:03:29 IST] [INFO]: I have the number of children 1
[26/11/2024, 03:03:29 IST] [INFO]: I have the number of infand 1
[26/11/2024, 03:03:29 IST] [INFO]: I have the direct flight option set to false
[26/11/2024, 03:03:29 IST] [INFO]: I have the baggage option set to false
[26/11/2024, 03:03:29 IST] [INFO]: I have the refundable option set to false
[26/11/2024, 03:04:51 IST] [INFO]: I have the departure location as DXB
[26/11/2024, 03:04:51 IST] [INFO]: I have the return location COK
[26/11/2024, 03:04:51 IST] [INFO]: I have the departure date 12-01-2024
[26/11/2024, 03:04:51 IST] [INFO]: I have the cabin class Y
[26/11/2024, 03:04:51 IST] [INFO]: I have the number of adults 2
[26/11/2024, 03:04:51 IST] [INFO]: I have the number of children 1
[26/11/2024, 03:04:51 IST] [INFO]: I have the number of infand 1
[26/11/2024, 03:04:51 IST] [INFO]: I have the direct flight option set to false
[26/11/2024, 03:04:51 IST] [INFO]: I have the baggage option set to false
[26/11/2024, 03:04:51 IST] [INFO]: I have the refundable option set to false
[26/11/2024, 03:08:40 IST] [INFO]: I have the departure location as DXB
[26/11/2024, 03:08:40 IST] [INFO]: I have the return location COK
[26/11/2024, 03:08:40 IST] [INFO]: I have the departure date 12-01-2024
[26/11/2024, 03:08:40 IST] [INFO]: I have the cabin class Y
[26/11/2024, 03:08:40 IST] [INFO]: I have the number of adults 2
[26/11/2024, 03:08:40 IST] [INFO]: I have the number of children 1
[26/11/2024, 03:08:40 IST] [INFO]: I have the number of infand 1
[26/11/2024, 03:08:40 IST] [INFO]: I have the direct flight option set to false
[26/11/2024, 03:08:40 IST] [INFO]: I have the baggage option set to false
[26/11/2024, 03:08:40 IST] [INFO]: I have the refundable option set to false
[26/11/2024, 03:12:17 IST] [INFO]: I have the departure location as DXB
[26/11/2024, 03:12:17 IST] [INFO]: I have the return location COK
[26/11/2024, 03:12:17 IST] [INFO]: I have the departure date 12-01-2024
[26/11/2024, 03:12:17 IST] [INFO]: I have the cabin class Y
[26/11/2024, 03:12:17 IST] [INFO]: I have the number of adults 2
[26/11/2024, 03:12:17 IST] [INFO]: I have the number of children 1
[26/11/2024, 03:12:17 IST] [INFO]: I have the number of infand 1
[26/11/2024, 03:12:17 IST] [INFO]: I have the direct flight option set to false
[26/11/2024, 03:12:17 IST] [INFO]: I have the baggage option set to false
[26/11/2024, 03:12:17 IST] [INFO]: I have the refundable option set to false
[26/11/2024, 03:17:43 IST] [INFO]: I have the departure location as DXB
[26/11/2024, 03:17:43 IST] [INFO]: I have the return location COK
[26/11/2024, 03:17:43 IST] [INFO]: I have the departure date 12-01-2024
[26/11/2024, 03:17:43 IST] [INFO]: I have the cabin class Y
[26/11/2024, 03:17:43 IST] [INFO]: I have the number of adults 2
[26/11/2024, 03:17:43 IST] [INFO]: I have the number of children 1
[26/11/2024, 03:17:43 IST] [INFO]: I have the number of infand 1
[26/11/2024, 03:17:43 IST] [INFO]: I have the direct flight option set to false
[26/11/2024, 03:17:43 IST] [INFO]: I have the baggage option set to false
[26/11/2024, 03:17:43 IST] [INFO]: I have the refundable option set to false
[26/11/2024, 03:21:28 IST] [INFO]: I have the departure location as DXB
[26/11/2024, 03:21:28 IST] [INFO]: I have the return location COK
[26/11/2024, 03:21:28 IST] [INFO]: I have the departure date 12-01-2024
[26/11/2024, 03:21:28 IST] [INFO]: I have the cabin class Y
[26/11/2024, 03:21:28 IST] [INFO]: I have the number of adults 2
[26/11/2024, 03:21:28 IST] [INFO]: I have the number of children 1
[26/11/2024, 03:21:28 IST] [INFO]: I have the number of infand 1
[26/11/2024, 03:21:28 IST] [INFO]: I have the direct flight option set to false
[26/11/2024, 03:21:28 IST] [INFO]: I have the baggage option set to false
[26/11/2024, 03:21:28 IST] [INFO]: I have the refundable option set to false
[26/11/2024, 03:22:03 IST] [INFO]: I have the departure location as DXB
[26/11/2024, 03:22:03 IST] [INFO]: I have the return location COK
[26/11/2024, 03:22:03 IST] [INFO]: I have the departure date 12-01-2024
[26/11/2024, 03:22:03 IST] [INFO]: I have the cabin class Y
[26/11/2024, 03:22:03 IST] [INFO]: I have the number of adults 2
[26/11/2024, 03:22:03 IST] [INFO]: I have the number of children 1
[26/11/2024, 03:22:03 IST] [INFO]: I have the number of infand 1
[26/11/2024, 03:22:03 IST] [INFO]: I have the direct flight option set to false
[26/11/2024, 03:22:03 IST] [INFO]: I have the baggage option set to false
[26/11/2024, 03:22:04 IST] [INFO]: I have the refundable option set to false
[26/11/2024, 03:35:36 IST] [INFO]: I have the departure location as DXB
[26/11/2024, 03:35:36 IST] [INFO]: I have the return location COK
[26/11/2024, 03:35:36 IST] [INFO]: I have the departure date 12-01-2024
[26/11/2024, 03:35:36 IST] [INFO]: I have the cabin class Y
[26/11/2024, 03:35:36 IST] [INFO]: I have the number of adults 2
[26/11/2024, 03:35:37 IST] [INFO]: I have the number of children 1
[26/11/2024, 03:35:37 IST] [INFO]: I have the number of infand 1
[26/11/2024, 03:35:37 IST] [INFO]: I have the direct flight option set to false
[26/11/2024, 03:35:37 IST] [INFO]: I have the baggage option set to false
[26/11/2024, 03:35:37 IST] [INFO]: I have the refundable option set to false
[26/11/2024, 03:37:01 IST] [INFO]: I have the departure location as DXB
[26/11/2024, 03:37:01 IST] [INFO]: I have the return location COK
[26/11/2024, 03:37:01 IST] [INFO]: I have the departure date 12-01-2024
[26/11/2024, 03:37:01 IST] [INFO]: I have the cabin class Y
[26/11/2024, 03:37:01 IST] [INFO]: I have the number of adults 2
[26/11/2024, 03:37:01 IST] [INFO]: I have the number of children 1
[26/11/2024, 03:37:01 IST] [INFO]: I have the number of infand 1
[26/11/2024, 03:37:01 IST] [INFO]: I have the direct flight option set to false
[26/11/2024, 03:37:01 IST] [INFO]: I have the baggage option set to false
[26/11/2024, 03:37:01 IST] [INFO]: I have the refundable option set to false
[26/11/2024, 11:14:07 IST] [INFO]: I have the departure location as DXB
[26/11/2024, 11:14:07 IST] [INFO]: I have the return location COK
[26/11/2024, 11:14:07 IST] [INFO]: I have the departure date 12-01-2024
[26/11/2024, 11:14:07 IST] [INFO]: I have the cabin class Y
[26/11/2024, 11:14:07 IST] [INFO]: I have the number of adults 2
[26/11/2024, 11:14:08 IST] [INFO]: I have the number of children 1
[26/11/2024, 11:14:08 IST] [INFO]: I have the number of infand 1
[26/11/2024, 11:14:08 IST] [INFO]: I have the direct flight option set to false
[26/11/2024, 11:14:08 IST] [INFO]: I have the baggage option set to false
[26/11/2024, 11:14:08 IST] [INFO]: I have the refundable option set to false
[26/11/2024, 11:14:14 IST] [INFO]: I have the departure location as DXB
[26/11/2024, 11:14:14 IST] [INFO]: I have the return location COK
[26/11/2024, 11:14:14 IST] [INFO]: I have the departure date 12-01-2024
[26/11/2024, 11:14:14 IST] [INFO]: I have the cabin class Y
[26/11/2024, 11:14:14 IST] [INFO]: I have the number of adults 2
[26/11/2024, 11:14:14 IST] [INFO]: I have the number of children 1
[26/11/2024, 11:14:14 IST] [INFO]: I have the number of infand 1
[26/11/2024, 11:14:14 IST] [INFO]: I have the direct flight option set to false
[26/11/2024, 11:14:14 IST] [INFO]: I have the baggage option set to false
[26/11/2024, 11:14:14 IST] [INFO]: I have the refundable option set to false
[26/11/2024, 11:15:28 IST] [INFO]: I have the departure location as DXB
[26/11/2024, 11:15:28 IST] [INFO]: I have the return location COK
[26/11/2024, 11:15:28 IST] [INFO]: I have the departure date 12-01-2024
[26/11/2024, 11:15:28 IST] [INFO]: I have the cabin class Y
[26/11/2024, 11:15:28 IST] [INFO]: I have the number of adults 2
[26/11/2024, 11:15:28 IST] [INFO]: I have the number of children 1
[26/11/2024, 11:15:28 IST] [INFO]: I have the number of infand 1
[26/11/2024, 11:15:28 IST] [INFO]: I have the direct flight option set to false
[26/11/2024, 11:15:28 IST] [INFO]: I have the baggage option set to false
[26/11/2024, 11:15:28 IST] [INFO]: I have the refundable option set to false
[26/11/2024, 11:19:13 IST] [INFO]: I have the departure location as DXB
[26/11/2024, 11:19:13 IST] [INFO]: I have the return location COK
[26/11/2024, 11:19:14 IST] [INFO]: I have the departure date 12-01-2024
[26/11/2024, 11:19:14 IST] [INFO]: I have the cabin class Y
[26/11/2024, 11:19:14 IST] [INFO]: I have the number of adults 2
[26/11/2024, 11:19:14 IST] [INFO]: I have the number of children 1
[26/11/2024, 11:19:14 IST] [INFO]: I have the number of infand 1
[26/11/2024, 11:19:14 IST] [INFO]: I have the direct flight option set to false
[26/11/2024, 11:19:14 IST] [INFO]: I have the baggage option set to false
[26/11/2024, 11:19:14 IST] [INFO]: I have the refundable option set to false
[26/11/2024, 11:21:38 IST] [INFO]: I have the departure location as DXB
[26/11/2024, 11:21:38 IST] [INFO]: I have the return location COK
[26/11/2024, 11:21:38 IST] [INFO]: I have the departure date 12-01-2024
[26/11/2024, 11:21:38 IST] [INFO]: I have the cabin class Y
[26/11/2024, 11:21:38 IST] [INFO]: I have the number of adults 2
[26/11/2024, 11:21:38 IST] [INFO]: I have the number of children 1
[26/11/2024, 11:21:38 IST] [INFO]: I have the number of infand 1
[26/11/2024, 11:21:38 IST] [INFO]: I have the direct flight option set to false
[26/11/2024, 11:21:38 IST] [INFO]: I have the baggage option set to false
[26/11/2024, 11:21:38 IST] [INFO]: I have the refundable option set to false
[26/11/2024, 11:25:11 IST] [INFO]: I have the departure location as DXB
[26/11/2024, 11:25:11 IST] [INFO]: I have the return location COK
[26/11/2024, 11:25:11 IST] [INFO]: I have the departure date 12-01-2024
[26/11/2024, 11:25:12 IST] [INFO]: I have the cabin class Y
[26/11/2024, 11:25:12 IST] [INFO]: I have the number of adults 2
[26/11/2024, 11:25:12 IST] [INFO]: I have the number of children 1
[26/11/2024, 11:25:12 IST] [INFO]: I have the number of infand 1
[26/11/2024, 11:25:12 IST] [INFO]: I have the direct flight option set to false
[26/11/2024, 11:25:12 IST] [INFO]: I have the baggage option set to false
[26/11/2024, 11:25:12 IST] [INFO]: I have the refundable option set to false
[26/11/2024, 11:25:52 IST] [INFO]: I have the departure location as DXB
[26/11/2024, 11:25:52 IST] [INFO]: I have the return location COK
[26/11/2024, 11:25:52 IST] [INFO]: I have the departure date 12-01-2024
[26/11/2024, 11:25:52 IST] [INFO]: I have the cabin class Y
[26/11/2024, 11:25:52 IST] [INFO]: I have the number of adults 2
[26/11/2024, 11:25:52 IST] [INFO]: I have the number of children 1
[26/11/2024, 11:25:52 IST] [INFO]: I have the number of infand 1
[26/11/2024, 11:25:52 IST] [INFO]: I have the direct flight option set to false
[26/11/2024, 11:25:52 IST] [INFO]: I have the baggage option set to false
[26/11/2024, 11:25:52 IST] [INFO]: I have the refundable option set to false
[26/11/2024, 11:26:22 IST] [INFO]: I have the departure location as DXB
[26/11/2024, 11:26:22 IST] [INFO]: I have the return location COK
[26/11/2024, 11:26:22 IST] [INFO]: I have the departure date 12-01-2024
[26/11/2024, 11:26:22 IST] [INFO]: I have the cabin class Y
[26/11/2024, 11:26:22 IST] [INFO]: I have the number of adults 2
[26/11/2024, 11:26:22 IST] [INFO]: I have the number of children 1
[26/11/2024, 11:26:22 IST] [INFO]: I have the number of infand 1
[26/11/2024, 11:26:22 IST] [INFO]: I have the direct flight option set to false
[26/11/2024, 11:26:22 IST] [INFO]: I have the baggage option set to false
[26/11/2024, 11:26:22 IST] [INFO]: I have the refundable option set to false
[26/11/2024, 11:30:20 IST] [INFO]: I have the departure location as DXB
[26/11/2024, 11:30:20 IST] [INFO]: I have the return location COK
[26/11/2024, 11:30:20 IST] [INFO]: I have the departure date 12-01-2024
[26/11/2024, 11:30:20 IST] [INFO]: I have the cabin class Y
[26/11/2024, 11:30:20 IST] [INFO]: I have the number of adults 2
[26/11/2024, 11:30:20 IST] [INFO]: I have the number of children 1
[26/11/2024, 11:30:20 IST] [INFO]: I have the number of infand 1
[26/11/2024, 11:30:20 IST] [INFO]: I have the direct flight option set to false
[26/11/2024, 11:30:20 IST] [INFO]: I have the baggage option set to false
[26/11/2024, 11:30:20 IST] [INFO]: I have the refundable option set to false
[26/11/2024, 11:30:53 IST] [INFO]: I enter the passenger title Mr
[26/11/2024, 11:31:42 IST] [INFO]: I have the departure location as DXB
[26/11/2024, 11:31:42 IST] [INFO]: I have the return location COK
[26/11/2024, 11:31:42 IST] [INFO]: I have the departure date 12-01-2024
[26/11/2024, 11:31:42 IST] [INFO]: I have the cabin class Y
[26/11/2024, 11:31:42 IST] [INFO]: I have the number of adults 2
[26/11/2024, 11:31:42 IST] [INFO]: I have the number of children 1
[26/11/2024, 11:31:42 IST] [INFO]: I have the number of infand 1
[26/11/2024, 11:31:42 IST] [INFO]: I have the direct flight option set to false
[26/11/2024, 11:31:42 IST] [INFO]: I have the baggage option set to false
[26/11/2024, 11:31:42 IST] [INFO]: I have the refundable option set to false
[26/11/2024, 11:32:30 IST] [INFO]: I enter the passenger title Mr
[26/11/2024, 11:32:39 IST] [INFO]: I enter the passenger title Mr
[26/11/2024, 11:32:47 IST] [INFO]: I enter the passenger title Mstr
[26/11/2024, 11:32:57 IST] [INFO]: I enter the passenger title Miss
[26/11/2024, 11:34:43 IST] [INFO]: Ticket Booking Status - ${bookingStatus}
[26/11/2024, 11:36:26 IST] [INFO]: I have the departure location as DXB
[26/11/2024, 11:36:26 IST] [INFO]: I have the return location COK
[26/11/2024, 11:36:26 IST] [INFO]: I have the departure date 12-01-2024
[26/11/2024, 11:36:26 IST] [INFO]: I have the cabin class Y
[26/11/2024, 11:36:26 IST] [INFO]: I have the number of adults 2
[26/11/2024, 11:36:26 IST] [INFO]: I have the number of children 1
[26/11/2024, 11:36:26 IST] [INFO]: I have the number of infand 1
[26/11/2024, 11:36:26 IST] [INFO]: I have the direct flight option set to false
[26/11/2024, 11:36:26 IST] [INFO]: I have the baggage option set to false
[26/11/2024, 11:36:26 IST] [INFO]: I have the refundable option set to false
[26/11/2024, 11:36:26 IST] [INFO]: I have enter the airline QA
[26/11/2024, 11:37:12 IST] [INFO]: I have the departure location as DXB
[26/11/2024, 11:37:12 IST] [INFO]: I have the return location COK
[26/11/2024, 11:37:12 IST] [INFO]: I have the departure date 12-01-2024
[26/11/2024, 11:37:12 IST] [INFO]: I have the cabin class Y
[26/11/2024, 11:37:12 IST] [INFO]: I have the number of adults 2
[26/11/2024, 11:37:12 IST] [INFO]: I have the number of children 1
[26/11/2024, 11:37:12 IST] [INFO]: I have the number of infand 1
[26/11/2024, 11:37:12 IST] [INFO]: I have the direct flight option set to false
[26/11/2024, 11:37:12 IST] [INFO]: I have the baggage option set to false
[26/11/2024, 11:37:12 IST] [INFO]: I have the refundable option set to false
[26/11/2024, 11:37:12 IST] [INFO]: I have enter the airline QR
[26/11/2024, 11:37:42 IST] [INFO]: I enter the passenger title Mr
[26/11/2024, 11:37:50 IST] [INFO]: I enter the passenger title Mr
[26/11/2024, 11:37:59 IST] [INFO]: I enter the passenger title Mstr
[26/11/2024, 11:38:08 IST] [INFO]: I enter the passenger title Miss
[26/11/2024, 11:39:57 IST] [INFO]: Ticket Booking Status - ${bookingStatus}
[26/11/2024, 11:40:56 IST] [INFO]: I have the departure location as DXB
[26/11/2024, 11:40:56 IST] [INFO]: I have the return location COK
[26/11/2024, 11:40:56 IST] [INFO]: I have the departure date 12-01-2024
[26/11/2024, 11:40:56 IST] [INFO]: I have the cabin class Y
[26/11/2024, 11:40:56 IST] [INFO]: I have the number of adults 2
[26/11/2024, 11:40:56 IST] [INFO]: I have the number of children 1
[26/11/2024, 11:40:56 IST] [INFO]: I have the number of infand 1
[26/11/2024, 11:40:56 IST] [INFO]: I have the direct flight option set to false
[26/11/2024, 11:40:56 IST] [INFO]: I have the baggage option set to false
[26/11/2024, 11:40:56 IST] [INFO]: I have the refundable option set to false
[26/11/2024, 11:40:56 IST] [INFO]: I have enter the airline QR
[26/11/2024, 11:46:24 IST] [INFO]: I have the departure location as DXB
[26/11/2024, 11:46:24 IST] [INFO]: I have the return location COK
[26/11/2024, 11:46:24 IST] [INFO]: I have the departure date 12-01-2024
[26/11/2024, 11:46:24 IST] [INFO]: I have the cabin class Y
[26/11/2024, 11:46:24 IST] [INFO]: I have the number of adults 2
[26/11/2024, 11:46:24 IST] [INFO]: I have the number of children 1
[26/11/2024, 11:46:24 IST] [INFO]: I have the number of infand 1
[26/11/2024, 11:46:24 IST] [INFO]: I have the direct flight option set to false
[26/11/2024, 11:46:24 IST] [INFO]: I have the baggage option set to false
[26/11/2024, 11:46:24 IST] [INFO]: I have the refundable option set to false
[26/11/2024, 11:46:24 IST] [INFO]: I have enter the airline QR
[26/11/2024, 11:46:55 IST] [INFO]: I enter the passenger title Mr
[26/11/2024, 11:47:04 IST] [INFO]: I enter the passenger title Mr
[26/11/2024, 11:47:12 IST] [INFO]: I enter the passenger title Mstr
[26/11/2024, 11:47:21 IST] [INFO]: I enter the passenger title Miss
[26/11/2024, 11:49:09 IST] [INFO]: Ticket Booking Status - ${bookingStatus}
[26/11/2024, 11:50:19 IST] [INFO]: I have the departure location as DXB
[26/11/2024, 11:50:19 IST] [INFO]: I have the return location COK
[26/11/2024, 11:50:19 IST] [INFO]: I have the departure date 12-01-2024
[26/11/2024, 11:50:19 IST] [INFO]: I have the cabin class Y
[26/11/2024, 11:50:19 IST] [INFO]: I have the number of adults 2
[26/11/2024, 11:50:19 IST] [INFO]: I have the number of children 1
[26/11/2024, 11:50:19 IST] [INFO]: I have the number of infand 1
[26/11/2024, 11:50:19 IST] [INFO]: I have the direct flight option set to false
[26/11/2024, 11:50:19 IST] [INFO]: I have the baggage option set to false
[26/11/2024, 11:50:19 IST] [INFO]: I have the refundable option set to false
[26/11/2024, 11:50:19 IST] [INFO]: I have enter the airline QR
[26/11/2024, 11:50:48 IST] [INFO]: I enter the passenger title Mr
[26/11/2024, 11:50:54 IST] [INFO]: I enter the passenger title Mr
[26/11/2024, 11:51:01 IST] [INFO]: I enter the passenger title Mstr
[26/11/2024, 11:51:10 IST] [INFO]: I enter the passenger title Miss
[26/11/2024, 11:52:40 IST] [INFO]: I have the departure location as DXB
[26/11/2024, 11:52:40 IST] [INFO]: I have the return location COK
[26/11/2024, 11:52:40 IST] [INFO]: I have the departure date 12-01-2024
[26/11/2024, 11:52:40 IST] [INFO]: I have the cabin class Y
[26/11/2024, 11:52:40 IST] [INFO]: I have the number of adults 2
[26/11/2024, 11:52:40 IST] [INFO]: I have the number of children 1
[26/11/2024, 11:52:40 IST] [INFO]: I have the number of infand 1
[26/11/2024, 11:52:41 IST] [INFO]: I have the direct flight option set to false
[26/11/2024, 11:52:41 IST] [INFO]: I have the baggage option set to false
[26/11/2024, 11:52:41 IST] [INFO]: I have the refundable option set to false
[26/11/2024, 11:52:41 IST] [INFO]: I have enter the airline QR
[26/11/2024, 11:52:59 IST] [INFO]: I enter the passenger title Mr
[26/11/2024, 11:53:09 IST] [INFO]: I enter the passenger title Mr
[26/11/2024, 11:53:16 IST] [INFO]: I enter the passenger title Mstr
[26/11/2024, 11:53:24 IST] [INFO]: I enter the passenger title Miss
[26/11/2024, 11:55:21 IST] [INFO]: Ticket Booking Status - ${bookingStatus}
[26/11/2024, 11:58:56 IST] [INFO]: I have the departure location as DXB
[26/11/2024, 11:58:56 IST] [INFO]: I have the return location COK
[26/11/2024, 11:58:56 IST] [INFO]: I have the departure date 12-01-2024
[26/11/2024, 11:58:56 IST] [INFO]: I have the cabin class Y
[26/11/2024, 11:58:56 IST] [INFO]: I have the number of adults 1
[26/11/2024, 11:58:56 IST] [INFO]: I have the number of children 0
[26/11/2024, 11:58:56 IST] [INFO]: I have the number of infand 0
[26/11/2024, 11:58:56 IST] [INFO]: I have the direct flight option set to false
[26/11/2024, 11:58:56 IST] [INFO]: I have the baggage option set to false
[26/11/2024, 11:58:56 IST] [INFO]: I have the refundable option set to false
[26/11/2024, 11:58:56 IST] [INFO]: I have enter the airline QR
[26/11/2024, 11:59:18 IST] [INFO]: I enter the passenger title Mr
[26/11/2024, 12:00:55 IST] [INFO]: Ticket Booking Status - ${bookingStatus}
[26/11/2024, 12:01:09 IST] [INFO]: I have the departure location as DXB
[26/11/2024, 12:01:09 IST] [INFO]: I have the return location COK
[26/11/2024, 12:01:09 IST] [INFO]: I have the departure date 12-01-2024
[26/11/2024, 12:01:09 IST] [INFO]: I have the cabin class Y
[26/11/2024, 12:01:09 IST] [INFO]: I have the number of adults 1
[26/11/2024, 12:01:09 IST] [INFO]: I have the number of children 0
[26/11/2024, 12:01:10 IST] [INFO]: I have the number of infand 0
[26/11/2024, 12:01:10 IST] [INFO]: I have the direct flight option set to false
[26/11/2024, 12:01:10 IST] [INFO]: I have the baggage option set to false
[26/11/2024, 12:01:10 IST] [INFO]: I have the refundable option set to false
[26/11/2024, 12:01:10 IST] [INFO]: I have enter the airline QR
[26/11/2024, 12:01:38 IST] [INFO]: I enter the passenger title Mr
[26/11/2024, 12:03:11 IST] [INFO]: Ticket Booking Status - ${bookingStatus}
[26/11/2024, 12:03:34 IST] [INFO]: I have the departure location as DXB
[26/11/2024, 12:03:34 IST] [INFO]: I have the return location COK
[26/11/2024, 12:03:34 IST] [INFO]: I have the departure date 12-01-2024
[26/11/2024, 12:03:34 IST] [INFO]: I have the cabin class Y
[26/11/2024, 12:03:34 IST] [INFO]: I have the number of adults 1
[26/11/2024, 12:03:34 IST] [INFO]: I have the number of children 1
[26/11/2024, 12:03:35 IST] [INFO]: I have the number of infand 0
[26/11/2024, 12:03:35 IST] [INFO]: I have the direct flight option set to false
[26/11/2024, 12:03:35 IST] [INFO]: I have the baggage option set to false
[26/11/2024, 12:03:35 IST] [INFO]: I have the refundable option set to false
[26/11/2024, 12:03:35 IST] [INFO]: I have enter the airline QR
[26/11/2024, 12:03:55 IST] [INFO]: I enter the passenger title Mr
[26/11/2024, 12:04:02 IST] [INFO]: I enter the passenger title Mstr
[26/11/2024, 12:05:54 IST] [INFO]: Ticket Booking Status - ${bookingStatus}
[26/11/2024, 16:47:16 IST] [INFO]: I have the departure location as DXB
[26/11/2024, 16:47:16 IST] [INFO]: I have the return location COK
[26/11/2024, 16:47:16 IST] [INFO]: I have the departure date 12-01-2024
[26/11/2024, 16:47:16 IST] [INFO]: I have the cabin class Y
[26/11/2024, 16:47:16 IST] [INFO]: I have the number of adults 1
[26/11/2024, 16:47:16 IST] [INFO]: I have the number of children 1
[26/11/2024, 16:47:16 IST] [INFO]: I have the number of infand 0
[26/11/2024, 16:47:16 IST] [INFO]: I have the direct flight option set to false
[26/11/2024, 16:47:16 IST] [INFO]: I have the baggage option set to false
[26/11/2024, 16:47:16 IST] [INFO]: I have the refundable option set to false
[26/11/2024, 16:47:16 IST] [INFO]: I have enter the airline QR
[26/11/2024, 16:47:38 IST] [INFO]: I enter the passenger title Mr
[26/11/2024, 16:47:47 IST] [INFO]: I enter the passenger title Mstr
[26/11/2024, 16:49:25 IST] [INFO]: Ticket Booking Status - ${bookingStatus}
[26/11/2024, 16:52:58 IST] [INFO]: I have the departure location as DXB
[26/11/2024, 16:52:58 IST] [INFO]: I have the return location COK
[26/11/2024, 16:52:58 IST] [INFO]: I have the departure date 12-01-2024
[26/11/2024, 16:52:58 IST] [INFO]: I have the cabin class Y
[26/11/2024, 16:52:58 IST] [INFO]: I have the number of adults 1
[26/11/2024, 16:52:58 IST] [INFO]: I have the number of children 1
[26/11/2024, 16:52:58 IST] [INFO]: I have the number of infand 0
[26/11/2024, 16:52:58 IST] [INFO]: I have the direct flight option set to false
[26/11/2024, 16:52:58 IST] [INFO]: I have the baggage option set to false
[26/11/2024, 16:52:58 IST] [INFO]: I have the refundable option set to false
[26/11/2024, 16:52:58 IST] [INFO]: I have enter the airline QR
[26/11/2024, 16:53:07 IST] [INFO]: I have the departure location as DXB
[26/11/2024, 16:53:07 IST] [INFO]: I have the return location COK
[26/11/2024, 16:53:07 IST] [INFO]: I have the departure date 12-01-2024
[26/11/2024, 16:53:07 IST] [INFO]: I have the cabin class Y
[26/11/2024, 16:53:07 IST] [INFO]: I have the number of adults 1
[26/11/2024, 16:53:07 IST] [INFO]: I have the number of children 1
[26/11/2024, 16:53:07 IST] [INFO]: I have the number of infand 0
[26/11/2024, 16:53:07 IST] [INFO]: I have the direct flight option set to false
[26/11/2024, 16:53:08 IST] [INFO]: I have the baggage option set to false
[26/11/2024, 16:53:08 IST] [INFO]: I have the refundable option set to false
[26/11/2024, 16:53:08 IST] [INFO]: I have enter the airline QR
[26/11/2024, 16:53:26 IST] [INFO]: I enter the passenger title Mr
[26/11/2024, 16:53:33 IST] [INFO]: I enter the passenger title Mstr
[26/11/2024, 16:57:01 IST] [INFO]: I have the departure location as DXB
[26/11/2024, 16:57:01 IST] [INFO]: I have the return location COK
[26/11/2024, 16:57:01 IST] [INFO]: I have the departure date 12-01-2024
[26/11/2024, 16:57:01 IST] [INFO]: I have the cabin class Y
[26/11/2024, 16:57:02 IST] [INFO]: I have the number of adults 1
[26/11/2024, 16:57:02 IST] [INFO]: I have the number of children 1
[26/11/2024, 16:57:02 IST] [INFO]: I have the number of infand 0
[26/11/2024, 16:57:02 IST] [INFO]: I have the direct flight option set to false
[26/11/2024, 16:57:02 IST] [INFO]: I have the baggage option set to false
[26/11/2024, 16:57:02 IST] [INFO]: I have the refundable option set to false
[26/11/2024, 16:57:02 IST] [INFO]: I have enter the airline QR
[26/11/2024, 16:57:20 IST] [INFO]: I enter the passenger title Mr
[26/11/2024, 16:57:27 IST] [INFO]: I enter the passenger title Mstr
[26/11/2024, 17:00:08 IST] [INFO]: I have the departure location as DXB
[26/11/2024, 17:00:08 IST] [INFO]: I have the return location COK
[26/11/2024, 17:00:08 IST] [INFO]: I have the departure date 12-01-2024
[26/11/2024, 17:00:08 IST] [INFO]: I have the cabin class Y
[26/11/2024, 17:00:08 IST] [INFO]: I have the number of adults 1
[26/11/2024, 17:00:08 IST] [INFO]: I have the number of children 1
[26/11/2024, 17:00:08 IST] [INFO]: I have the number of infand 0
[26/11/2024, 17:00:09 IST] [INFO]: I have the direct flight option set to false
[26/11/2024, 17:00:09 IST] [INFO]: I have the baggage option set to false
[26/11/2024, 17:00:09 IST] [INFO]: I have the refundable option set to false
[26/11/2024, 17:00:09 IST] [INFO]: I have enter the airline QR
[26/11/2024, 17:00:27 IST] [INFO]: I enter the passenger title Mr
[26/11/2024, 17:00:34 IST] [INFO]: I enter the passenger title Mstr
[26/11/2024, 17:02:38 IST] [INFO]: Ticket Booking Status - ${bookingStatus}
[26/11/2024, 17:07:27 IST] [INFO]: I have the departure location as DXB
[26/11/2024, 17:07:27 IST] [INFO]: I have the return location COK
[26/11/2024, 17:07:27 IST] [INFO]: I have the departure date 12-01-2024
[26/11/2024, 17:07:27 IST] [INFO]: I have the cabin class Y
[26/11/2024, 17:07:27 IST] [INFO]: I have the number of adults 1
[26/11/2024, 17:07:27 IST] [INFO]: I have the number of children 1
[26/11/2024, 17:07:27 IST] [INFO]: I have the number of infand 0
[26/11/2024, 17:07:27 IST] [INFO]: I have the direct flight option set to false
[26/11/2024, 17:07:27 IST] [INFO]: I have the baggage option set to false
[26/11/2024, 17:07:27 IST] [INFO]: I have the refundable option set to false
[26/11/2024, 17:07:27 IST] [INFO]: I have enter the airline QR
[26/11/2024, 17:07:45 IST] [INFO]: I enter the passenger title Mr
[26/11/2024, 17:07:52 IST] [INFO]: I enter the passenger title Mstr
[26/11/2024, 17:11:39 IST] [INFO]: I have the departure location as DXB
[26/11/2024, 17:11:39 IST] [INFO]: I have the return location COK
[26/11/2024, 17:11:39 IST] [INFO]: I have the departure date 12-01-2024
[26/11/2024, 17:11:39 IST] [INFO]: I have the cabin class Y
[26/11/2024, 17:11:39 IST] [INFO]: I have the number of adults 1
[26/11/2024, 17:11:39 IST] [INFO]: I have the number of children 1
[26/11/2024, 17:11:39 IST] [INFO]: I have the number of infand 0
[26/11/2024, 17:11:39 IST] [INFO]: I have the direct flight option set to false
[26/11/2024, 17:11:39 IST] [INFO]: I have the baggage option set to false
[26/11/2024, 17:11:39 IST] [INFO]: I have the refundable option set to false
[26/11/2024, 17:11:39 IST] [INFO]: I have enter the airline QR
[26/11/2024, 17:12:00 IST] [INFO]: I enter the passenger title Mr
[26/11/2024, 17:12:07 IST] [INFO]: I enter the passenger title Mstr
[26/11/2024, 17:29:05 IST] [INFO]: I have the departure location as DXB
[26/11/2024, 17:29:05 IST] [INFO]: I have the return location COK
[26/11/2024, 17:29:05 IST] [INFO]: I have the departure date 12-01-2024
[26/11/2024, 17:29:05 IST] [INFO]: I have the cabin class Y
[26/11/2024, 17:29:05 IST] [INFO]: I have the number of adults 1
[26/11/2024, 17:29:05 IST] [INFO]: I have the number of children 1
[26/11/2024, 17:29:05 IST] [INFO]: I have the number of infand 0
[26/11/2024, 17:29:05 IST] [INFO]: I have the direct flight option set to false
[26/11/2024, 17:29:05 IST] [INFO]: I have the baggage option set to false
[26/11/2024, 17:29:05 IST] [INFO]: I have the refundable option set to false
[26/11/2024, 17:29:05 IST] [INFO]: I have enter the airline QR
[26/11/2024, 17:29:25 IST] [INFO]: I enter the passenger title Mr
[26/11/2024, 17:29:32 IST] [INFO]: I enter the passenger title Mstr
[26/11/2024, 17:30:58 IST] [INFO]: I have the departure location as DXB
[26/11/2024, 17:30:59 IST] [INFO]: I have the return location COK
[26/11/2024, 17:30:59 IST] [INFO]: I have the departure date 12-01-2024
[26/11/2024, 17:30:59 IST] [INFO]: I have the cabin class Y
[26/11/2024, 17:30:59 IST] [INFO]: I have the number of adults 1
[26/11/2024, 17:30:59 IST] [INFO]: I have the number of children 1
[26/11/2024, 17:30:59 IST] [INFO]: I have the number of infand 0
[26/11/2024, 17:30:59 IST] [INFO]: I have the direct flight option set to false
[26/11/2024, 17:30:59 IST] [INFO]: I have the baggage option set to false
[26/11/2024, 17:30:59 IST] [INFO]: I have the refundable option set to false
[26/11/2024, 17:30:59 IST] [INFO]: I have enter the airline QR
[26/11/2024, 17:31:17 IST] [INFO]: I enter the passenger title Mr
[26/11/2024, 17:31:24 IST] [INFO]: I enter the passenger title Mstr
[26/11/2024, 17:34:41 IST] [INFO]: I have the departure location as DXB
[26/11/2024, 17:34:41 IST] [INFO]: I have the return location COK
[26/11/2024, 17:34:41 IST] [INFO]: I have the departure date 12-01-2024
[26/11/2024, 17:34:41 IST] [INFO]: I have the cabin class Y
[26/11/2024, 17:34:41 IST] [INFO]: I have the number of adults 1
[26/11/2024, 17:34:41 IST] [INFO]: I have the number of children 1
[26/11/2024, 17:34:41 IST] [INFO]: I have the number of infand 0
[26/11/2024, 17:34:41 IST] [INFO]: I have the direct flight option set to false
[26/11/2024, 17:34:41 IST] [INFO]: I have the baggage option set to false
[26/11/2024, 17:34:41 IST] [INFO]: I have the refundable option set to false
[26/11/2024, 17:34:41 IST] [INFO]: I have enter the airline QR
[26/11/2024, 17:35:02 IST] [INFO]: I enter the passenger title Mr
[26/11/2024, 17:35:10 IST] [INFO]: I enter the passenger title Mstr
[26/11/2024, 17:41:36 IST] [INFO]: I have the departure location as DXB
[26/11/2024, 17:41:36 IST] [INFO]: I have the return location COK
[26/11/2024, 17:41:36 IST] [INFO]: I have the departure date 12-01-2024
[26/11/2024, 17:41:36 IST] [INFO]: I have the cabin class Y
[26/11/2024, 17:41:36 IST] [INFO]: I have the number of adults 1
[26/11/2024, 17:41:36 IST] [INFO]: I have the number of children 1
[26/11/2024, 17:41:36 IST] [INFO]: I have the number of infand 0
[26/11/2024, 17:41:36 IST] [INFO]: I have the direct flight option set to false
[26/11/2024, 17:41:36 IST] [INFO]: I have the baggage option set to false
[26/11/2024, 17:41:36 IST] [INFO]: I have the refundable option set to false
[26/11/2024, 17:41:36 IST] [INFO]: I have enter the airline QR
[26/11/2024, 17:41:54 IST] [INFO]: I enter the passenger title Mr
[26/11/2024, 17:42:02 IST] [INFO]: I enter the passenger title Mstr
[26/11/2024, 17:50:35 IST] [INFO]: I have the departure location as DXB
[26/11/2024, 17:50:35 IST] [INFO]: I have the return location COK
[26/11/2024, 17:50:35 IST] [INFO]: I have the departure date 12-01-2024
[26/11/2024, 17:50:35 IST] [INFO]: I have the cabin class Y
[26/11/2024, 17:50:35 IST] [INFO]: I have the number of adults 1
[26/11/2024, 17:50:35 IST] [INFO]: I have the number of children 1
[26/11/2024, 17:50:35 IST] [INFO]: I have the number of infand 0
[26/11/2024, 17:50:35 IST] [INFO]: I have the direct flight option set to false
[26/11/2024, 17:50:35 IST] [INFO]: I have the baggage option set to false
[26/11/2024, 17:50:35 IST] [INFO]: I have the refundable option set to false
[26/11/2024, 17:50:35 IST] [INFO]: I have enter the airline QR
[26/11/2024, 17:50:54 IST] [INFO]: I enter the passenger title Mr
[26/11/2024, 17:51:01 IST] [INFO]: I enter the passenger title Mstr
[26/11/2024, 17:54:26 IST] [INFO]: I have the departure location as DXB
[26/11/2024, 17:54:26 IST] [INFO]: I have the return location COK
[26/11/2024, 17:54:26 IST] [INFO]: I have the departure date 12-01-2024
[26/11/2024, 17:54:26 IST] [INFO]: I have the cabin class Y
[26/11/2024, 17:54:26 IST] [INFO]: I have the number of adults 1
[26/11/2024, 17:54:26 IST] [INFO]: I have the number of children 1
[26/11/2024, 17:54:26 IST] [INFO]: I have the number of infand 0
[26/11/2024, 17:54:26 IST] [INFO]: I have the direct flight option set to false
[26/11/2024, 17:54:26 IST] [INFO]: I have the baggage option set to false
[26/11/2024, 17:54:26 IST] [INFO]: I have the refundable option set to false
[26/11/2024, 17:54:26 IST] [INFO]: I have enter the airline QR
[26/11/2024, 17:54:45 IST] [INFO]: I enter the passenger title Mr
[26/11/2024, 17:54:52 IST] [INFO]: I enter the passenger title Mstr
[26/11/2024, 17:57:04 IST] [INFO]: I have the departure location as DXB
[26/11/2024, 17:57:04 IST] [INFO]: I have the return location COK
[26/11/2024, 17:57:04 IST] [INFO]: I have the departure date 12-01-2024
[26/11/2024, 17:57:04 IST] [INFO]: I have the cabin class Y
[26/11/2024, 17:57:04 IST] [INFO]: I have the number of adults 1
[26/11/2024, 17:57:04 IST] [INFO]: I have the number of children 1
[26/11/2024, 17:57:04 IST] [INFO]: I have the number of infand 0
[26/11/2024, 17:57:04 IST] [INFO]: I have the direct flight option set to false
[26/11/2024, 17:57:04 IST] [INFO]: I have the baggage option set to false
[26/11/2024, 17:57:04 IST] [INFO]: I have the refundable option set to false
[26/11/2024, 17:57:04 IST] [INFO]: I have enter the airline QR
[26/11/2024, 17:57:22 IST] [INFO]: I enter the passenger title Mr
[26/11/2024, 17:57:27 IST] [INFO]: I enter the passenger title Mstr
[26/11/2024, 17:59:23 IST] [INFO]: Ticket Booking Status - ${bookingStatus}
[26/11/2024, 18:03:39 IST] [INFO]: I enter the passenger title Mr
[26/11/2024, 20:37:38 IST] [INFO]: I have the departure location as DXB
[26/11/2024, 20:37:38 IST] [INFO]: I have the return location COK
[26/11/2024, 20:37:38 IST] [INFO]: I have the departure date 12-01-2024
[26/11/2024, 20:37:38 IST] [INFO]: I have the cabin class Y
[26/11/2024, 20:37:38 IST] [INFO]: I have the number of adults 1
[26/11/2024, 20:37:38 IST] [INFO]: I have the number of children 1
[26/11/2024, 20:37:38 IST] [INFO]: I have the number of infand 0
[26/11/2024, 20:37:38 IST] [INFO]: I have the direct flight option set to false
[26/11/2024, 20:37:38 IST] [INFO]: I have the baggage option set to false
[26/11/2024, 20:37:38 IST] [INFO]: I have the refundable option set to false
[26/11/2024, 20:37:38 IST] [INFO]: I have enter the airline QR
[26/11/2024, 20:37:46 IST] [INFO]: I have the departure location as DXB
[26/11/2024, 20:37:46 IST] [INFO]: I have the return location COK
[26/11/2024, 20:37:46 IST] [INFO]: I have the departure date 12-01-2024
[26/11/2024, 20:37:46 IST] [INFO]: I have the cabin class Y
[26/11/2024, 20:37:46 IST] [INFO]: I have the number of adults 1
[26/11/2024, 20:37:46 IST] [INFO]: I have the number of children 1
[26/11/2024, 20:37:46 IST] [INFO]: I have the number of infand 0
[26/11/2024, 20:37:46 IST] [INFO]: I have the direct flight option set to false
[26/11/2024, 20:37:46 IST] [INFO]: I have the baggage option set to false
[26/11/2024, 20:37:46 IST] [INFO]: I have the refundable option set to false
[26/11/2024, 20:37:46 IST] [INFO]: I have enter the airline QR
[26/11/2024, 20:38:30 IST] [INFO]: I have the departure location as DXB
[26/11/2024, 20:38:30 IST] [INFO]: I have the return location COK
[26/11/2024, 20:38:30 IST] [INFO]: I have the departure date 12-01-2024
[26/11/2024, 20:38:30 IST] [INFO]: I have the cabin class Y
[26/11/2024, 20:38:30 IST] [INFO]: I have the number of adults 1
[26/11/2024, 20:38:30 IST] [INFO]: I have the number of children 1
[26/11/2024, 20:38:30 IST] [INFO]: I have the number of infand 0
[26/11/2024, 20:38:30 IST] [INFO]: I have the direct flight option set to false
[26/11/2024, 20:38:30 IST] [INFO]: I have the baggage option set to false
[26/11/2024, 20:38:30 IST] [INFO]: I have the refundable option set to false
[26/11/2024, 20:38:30 IST] [INFO]: I have enter the airline QR
[26/11/2024, 20:39:14 IST] [INFO]: I have the departure location as DXB
[26/11/2024, 20:39:14 IST] [INFO]: I have the return location COK
[26/11/2024, 20:39:14 IST] [INFO]: I have the departure date 12-01-2024
[26/11/2024, 20:39:14 IST] [INFO]: I have the cabin class Y
[26/11/2024, 20:39:14 IST] [INFO]: I have the number of adults 1
[26/11/2024, 20:39:14 IST] [INFO]: I have the number of children 1
[26/11/2024, 20:39:14 IST] [INFO]: I have the number of infand 0
[26/11/2024, 20:39:14 IST] [INFO]: I have the direct flight option set to false
[26/11/2024, 20:39:14 IST] [INFO]: I have the baggage option set to false
[26/11/2024, 20:39:14 IST] [INFO]: I have the refundable option set to false
[26/11/2024, 20:39:14 IST] [INFO]: I have enter the airline QR
[26/11/2024, 20:39:52 IST] [INFO]: I have the departure location as DXB
[26/11/2024, 20:39:52 IST] [INFO]: I have the return location COK
[26/11/2024, 20:39:52 IST] [INFO]: I have the departure date 12-01-2024
[26/11/2024, 20:39:52 IST] [INFO]: I have the cabin class Y
[26/11/2024, 20:39:52 IST] [INFO]: I have the number of adults 1
[26/11/2024, 20:39:52 IST] [INFO]: I have the number of children 1
[26/11/2024, 20:39:53 IST] [INFO]: I have the number of infand 0
[26/11/2024, 20:39:53 IST] [INFO]: I have the direct flight option set to false
[26/11/2024, 20:39:53 IST] [INFO]: I have the baggage option set to false
[26/11/2024, 20:39:53 IST] [INFO]: I have the refundable option set to false
[26/11/2024, 20:39:53 IST] [INFO]: I have enter the airline QR
[26/11/2024, 20:40:35 IST] [INFO]: I have the departure location as DXB
[26/11/2024, 20:40:35 IST] [INFO]: I have the return location COK
[26/11/2024, 20:40:35 IST] [INFO]: I have the departure date 12-01-2024
[26/11/2024, 20:40:35 IST] [INFO]: I have the cabin class Y
[26/11/2024, 20:40:35 IST] [INFO]: I have the number of adults 1
[26/11/2024, 20:40:35 IST] [INFO]: I have the number of children 1
[26/11/2024, 20:40:35 IST] [INFO]: I have the number of infand 0
[26/11/2024, 20:40:35 IST] [INFO]: I have the direct flight option set to false
[26/11/2024, 20:40:35 IST] [INFO]: I have the baggage option set to false
[26/11/2024, 20:40:35 IST] [INFO]: I have the refundable option set to false
[26/11/2024, 20:40:35 IST] [INFO]: I have enter the airline QR
[26/11/2024, 20:41:54 IST] [INFO]: I have the departure location as DXB
[26/11/2024, 20:41:54 IST] [INFO]: I have the return location COK
[26/11/2024, 20:41:54 IST] [INFO]: I have the departure date 12-01-2024
[26/11/2024, 20:41:54 IST] [INFO]: I have the cabin class Y
[26/11/2024, 20:41:54 IST] [INFO]: I have the number of adults 1
[26/11/2024, 20:41:54 IST] [INFO]: I have the number of children 1
[26/11/2024, 20:41:54 IST] [INFO]: I have the number of infand 0
[26/11/2024, 20:41:54 IST] [INFO]: I have the direct flight option set to false
[26/11/2024, 20:41:54 IST] [INFO]: I have the baggage option set to false
[26/11/2024, 20:41:54 IST] [INFO]: I have the refundable option set to false
[26/11/2024, 20:41:54 IST] [INFO]: I have enter the airline QR
[26/11/2024, 20:42:56 IST] [INFO]: I have the departure location as DXB
[26/11/2024, 20:42:56 IST] [INFO]: I have the return location COK
[26/11/2024, 20:42:57 IST] [INFO]: I have the departure date 12-01-2024
[26/11/2024, 20:42:57 IST] [INFO]: I have the cabin class Y
[26/11/2024, 20:42:57 IST] [INFO]: I have the number of adults 1
[26/11/2024, 20:42:57 IST] [INFO]: I have the number of children 1
[26/11/2024, 20:42:57 IST] [INFO]: I have the number of infand 0
[26/11/2024, 20:42:57 IST] [INFO]: I have the direct flight option set to false
[26/11/2024, 20:42:57 IST] [INFO]: I have the baggage option set to false
[26/11/2024, 20:42:57 IST] [INFO]: I have the refundable option set to false
[26/11/2024, 20:43:30 IST] [INFO]: I have the departure location as DXB
[26/11/2024, 20:43:30 IST] [INFO]: I have the return location CAI
[26/11/2024, 20:43:30 IST] [INFO]: I have the departure date 12-01-2024
[26/11/2024, 20:43:30 IST] [INFO]: I have the cabin class Y
[26/11/2024, 20:43:30 IST] [INFO]: I have the number of adults 1
[26/11/2024, 20:43:30 IST] [INFO]: I have the number of children undefined
[26/11/2024, 20:43:30 IST] [INFO]: I have the number of infand 0
[26/11/2024, 20:43:30 IST] [INFO]: I have the direct flight option set to false
[26/11/2024, 20:43:30 IST] [INFO]: I have the baggage option set to false
[26/11/2024, 20:43:30 IST] [INFO]: I have the refundable option set to false
[26/11/2024, 20:44:14 IST] [INFO]: I have the departure location as DXB
[26/11/2024, 20:44:14 IST] [INFO]: I have the return location CAI
[26/11/2024, 20:44:14 IST] [INFO]: I have the departure date 12-01-2024
[26/11/2024, 20:44:14 IST] [INFO]: I have the cabin class Y
[26/11/2024, 20:44:14 IST] [INFO]: I have the number of adults 1
[26/11/2024, 20:44:14 IST] [INFO]: I have the number of children 0
[26/11/2024, 20:44:14 IST] [INFO]: I have the number of infand 0
[26/11/2024, 20:44:14 IST] [INFO]: I have the direct flight option set to false
[26/11/2024, 20:44:14 IST] [INFO]: I have the baggage option set to false
[26/11/2024, 20:44:14 IST] [INFO]: I have the refundable option set to false
[26/11/2024, 20:44:52 IST] [INFO]: I have the departure location as DXB
[26/11/2024, 20:44:52 IST] [INFO]: I have the return location CAI
[26/11/2024, 20:44:52 IST] [INFO]: I have the departure date 12-01-2024
[26/11/2024, 20:44:52 IST] [INFO]: I have the cabin class Y
[26/11/2024, 20:44:52 IST] [INFO]: I have the number of adults 1
[26/11/2024, 20:44:52 IST] [INFO]: I have the number of children 0
[26/11/2024, 20:44:52 IST] [INFO]: I have the number of infand 0
[26/11/2024, 20:44:52 IST] [INFO]: I have the direct flight option set to false
[26/11/2024, 20:44:52 IST] [INFO]: I have the baggage option set to false
[26/11/2024, 20:44:52 IST] [INFO]: I have the refundable option set to false
[26/11/2024, 20:45:36 IST] [INFO]: I have the departure location as DXB
[26/11/2024, 20:45:36 IST] [INFO]: I have the return location CAI
[26/11/2024, 20:45:36 IST] [INFO]: I have the departure date 12-01-2024
[26/11/2024, 20:45:36 IST] [INFO]: I have the cabin class Y
[26/11/2024, 20:45:36 IST] [INFO]: I have the number of adults 1
[26/11/2024, 20:45:36 IST] [INFO]: I have the number of children 0
[26/11/2024, 20:45:36 IST] [INFO]: I have the number of infand 0
[26/11/2024, 20:45:36 IST] [INFO]: I have the direct flight option set to false
[26/11/2024, 20:45:36 IST] [INFO]: I have the baggage option set to false
[26/11/2024, 20:45:36 IST] [INFO]: I have the refundable option set to false
[26/11/2024, 20:45:52 IST] [INFO]: I enter the passenger title Mr
[26/11/2024, 20:46:23 IST] [INFO]: I have the departure location as DXB
[26/11/2024, 20:46:23 IST] [INFO]: I have the return location CAI
[26/11/2024, 20:46:23 IST] [INFO]: I have the departure date 12-01-2024
[26/11/2024, 20:46:23 IST] [INFO]: I have the cabin class Y
[26/11/2024, 20:46:23 IST] [INFO]: I have the number of adults 1
[26/11/2024, 20:46:23 IST] [INFO]: I have the number of children 0
[26/11/2024, 20:46:23 IST] [INFO]: I have the number of infand 0
[26/11/2024, 20:46:23 IST] [INFO]: I have the direct flight option set to false
[26/11/2024, 20:46:23 IST] [INFO]: I have the baggage option set to false
[26/11/2024, 20:46:23 IST] [INFO]: I have the refundable option set to false
[26/11/2024, 20:46:37 IST] [INFO]: I enter the passenger title Mr
[26/11/2024, 20:47:02 IST] [INFO]: I have the departure location as DXB
[26/11/2024, 20:47:02 IST] [INFO]: I have the return location CAI
[26/11/2024, 20:47:02 IST] [INFO]: I have the departure date 12-01-2024
[26/11/2024, 20:47:02 IST] [INFO]: I have the cabin class Y
[26/11/2024, 20:47:02 IST] [INFO]: I have the number of adults 1
[26/11/2024, 20:47:02 IST] [INFO]: I have the number of children 0
[26/11/2024, 20:47:02 IST] [INFO]: I have the number of infand 0
[26/11/2024, 20:47:02 IST] [INFO]: I have the direct flight option set to false
[26/11/2024, 20:47:02 IST] [INFO]: I have the baggage option set to false
[26/11/2024, 20:47:02 IST] [INFO]: I have the refundable option set to false
[26/11/2024, 20:47:33 IST] [INFO]: I have the departure location as DXB
[26/11/2024, 20:47:33 IST] [INFO]: I have the return location CAI
[26/11/2024, 20:47:33 IST] [INFO]: I have the departure date 12-01-2024
[26/11/2024, 20:47:33 IST] [INFO]: I have the cabin class Y
[26/11/2024, 20:47:33 IST] [INFO]: I have the number of adults 1
[26/11/2024, 20:47:33 IST] [INFO]: I have the number of children 0
[26/11/2024, 20:47:33 IST] [INFO]: I have the number of infand 0
[26/11/2024, 20:47:33 IST] [INFO]: I have the direct flight option set to false
[26/11/2024, 20:47:33 IST] [INFO]: I have the baggage option set to false
[26/11/2024, 20:47:33 IST] [INFO]: I have the refundable option set to false
[26/11/2024, 20:48:10 IST] [INFO]: I have the departure location as DXB
[26/11/2024, 20:48:10 IST] [INFO]: I have the return location CAI
[26/11/2024, 20:48:10 IST] [INFO]: I have the departure date 12-01-2024
[26/11/2024, 20:48:10 IST] [INFO]: I have the cabin class Y
[26/11/2024, 20:48:10 IST] [INFO]: I have the number of adults 1
[26/11/2024, 20:48:10 IST] [INFO]: I have the number of children 0
[26/11/2024, 20:48:10 IST] [INFO]: I have the number of infand 0
[26/11/2024, 20:48:10 IST] [INFO]: I have the direct flight option set to false
[26/11/2024, 20:48:10 IST] [INFO]: I have the baggage option set to false
[26/11/2024, 20:48:10 IST] [INFO]: I have the refundable option set to false
[26/11/2024, 20:48:55 IST] [INFO]: I have the departure location as DXB
[26/11/2024, 20:48:55 IST] [INFO]: I have the return location CAI
[26/11/2024, 20:48:55 IST] [INFO]: I have the departure date 12-01-2024
[26/11/2024, 20:48:55 IST] [INFO]: I have the cabin class Y
[26/11/2024, 20:48:55 IST] [INFO]: I have the number of adults 1
[26/11/2024, 20:48:56 IST] [INFO]: I have the number of children 0
[26/11/2024, 20:48:56 IST] [INFO]: I have the number of infand 0
[26/11/2024, 20:48:56 IST] [INFO]: I have the direct flight option set to false
[26/11/2024, 20:48:56 IST] [INFO]: I have the baggage option set to false
[26/11/2024, 20:48:56 IST] [INFO]: I have the refundable option set to false
[26/11/2024, 20:49:33 IST] [INFO]: I have the departure location as DXB
[26/11/2024, 20:49:33 IST] [INFO]: I have the return location CAI
[26/11/2024, 20:49:33 IST] [INFO]: I have the departure date 12-01-2024
[26/11/2024, 20:49:33 IST] [INFO]: I have the cabin class Y
[26/11/2024, 20:49:33 IST] [INFO]: I have the number of adults 1
[26/11/2024, 20:49:33 IST] [INFO]: I have the number of children 0
[26/11/2024, 20:49:33 IST] [INFO]: I have the number of infand 0
[26/11/2024, 20:49:33 IST] [INFO]: I have the direct flight option set to false
[26/11/2024, 20:49:33 IST] [INFO]: I have the baggage option set to false
[26/11/2024, 20:49:33 IST] [INFO]: I have the refundable option set to false
[26/11/2024, 20:49:50 IST] [INFO]: I enter the passenger title Mr
[26/11/2024, 20:55:32 IST] [INFO]: I have the departure location as DXB
[26/11/2024, 20:55:32 IST] [INFO]: I have the return location COK
[26/11/2024, 20:55:32 IST] [INFO]: I have the departure date 12-01-2024
[26/11/2024, 20:55:32 IST] [INFO]: I have the cabin class Y
[26/11/2024, 20:55:32 IST] [INFO]: I have the number of adults 1
[26/11/2024, 20:55:32 IST] [INFO]: I have the number of children 0
[26/11/2024, 20:55:32 IST] [INFO]: I have the number of infand 0
[26/11/2024, 20:55:32 IST] [INFO]: I have the direct flight option set to false
[26/11/2024, 20:55:32 IST] [INFO]: I have the baggage option set to false
[26/11/2024, 20:55:32 IST] [INFO]: I have the refundable option set to false
[26/11/2024, 20:56:12 IST] [INFO]: I have the departure location as DXB
[26/11/2024, 20:56:12 IST] [INFO]: I have the return location COK
[26/11/2024, 20:56:12 IST] [INFO]: I have the departure date 12-01-2024
[26/11/2024, 20:56:12 IST] [INFO]: I have the cabin class Y
[26/11/2024, 20:56:12 IST] [INFO]: I have the number of adults 1
[26/11/2024, 20:56:12 IST] [INFO]: I have the number of children 0
[26/11/2024, 20:56:13 IST] [INFO]: I have the number of infand 0
[26/11/2024, 20:56:13 IST] [INFO]: I have the direct flight option set to false
[26/11/2024, 20:56:13 IST] [INFO]: I have the baggage option set to false
[26/11/2024, 20:56:13 IST] [INFO]: I have the refundable option set to false
[26/11/2024, 20:56:55 IST] [INFO]: I have the departure location as DXB
[26/11/2024, 20:56:55 IST] [INFO]: I have the return location CAI
[26/11/2024, 20:56:55 IST] [INFO]: I have the departure date 12-01-2024
[26/11/2024, 20:56:55 IST] [INFO]: I have the cabin class Y
[26/11/2024, 20:56:55 IST] [INFO]: I have the number of adults 1
[26/11/2024, 20:56:55 IST] [INFO]: I have the number of children 0
[26/11/2024, 20:56:55 IST] [INFO]: I have the number of infand 0
[26/11/2024, 20:56:55 IST] [INFO]: I have the direct flight option set to false
[26/11/2024, 20:56:55 IST] [INFO]: I have the baggage option set to false
[26/11/2024, 20:56:55 IST] [INFO]: I have the refundable option set to false
[26/11/2024, 20:57:31 IST] [INFO]: I have the departure location as DXB
[26/11/2024, 20:57:31 IST] [INFO]: I have the return location CAI
[26/11/2024, 20:57:31 IST] [INFO]: I have the departure date 12-01-2024
[26/11/2024, 20:57:31 IST] [INFO]: I have the cabin class Y
[26/11/2024, 20:57:31 IST] [INFO]: I have the number of adults 1
[26/11/2024, 20:57:31 IST] [INFO]: I have the number of children 0
[26/11/2024, 20:57:31 IST] [INFO]: I have the number of infand 0
[26/11/2024, 20:57:31 IST] [INFO]: I have the direct flight option set to false
[26/11/2024, 20:57:31 IST] [INFO]: I have the baggage option set to false
[26/11/2024, 20:57:32 IST] [INFO]: I have the refundable option set to false
[26/11/2024, 20:58:02 IST] [INFO]: I have the departure location as DXB
[26/11/2024, 20:58:02 IST] [INFO]: I have the return location CAI
[26/11/2024, 20:58:02 IST] [INFO]: I have the departure date 12-01-2024
[26/11/2024, 20:58:02 IST] [INFO]: I have the cabin class Y
[26/11/2024, 20:58:02 IST] [INFO]: I have the number of adults 1
[26/11/2024, 20:58:03 IST] [INFO]: I have the number of children 0
[26/11/2024, 20:58:03 IST] [INFO]: I have the number of infand 0
[26/11/2024, 20:58:03 IST] [INFO]: I have the direct flight option set to false
[26/11/2024, 20:58:03 IST] [INFO]: I have the baggage option set to false
[26/11/2024, 20:58:03 IST] [INFO]: I have the refundable option set to false
[26/11/2024, 20:58:20 IST] [INFO]: I enter the passenger title Mr
[26/11/2024, 21:00:28 IST] [INFO]: Ticket Booking Status - ${bookingStatus}
[26/11/2024, 21:02:01 IST] [INFO]: I have the departure location as DXB
[26/11/2024, 21:02:01 IST] [INFO]: I have the return location CAI
[26/11/2024, 21:02:01 IST] [INFO]: I have the departure date 12-01-2024
[26/11/2024, 21:02:01 IST] [INFO]: I have the cabin class Y
[26/11/2024, 21:02:01 IST] [INFO]: I have the number of adults 1
[26/11/2024, 21:02:01 IST] [INFO]: I have the number of children 0
[26/11/2024, 21:02:01 IST] [INFO]: I have the number of infand 0
[26/11/2024, 21:02:02 IST] [INFO]: I have the direct flight option set to false
[26/11/2024, 21:02:02 IST] [INFO]: I have the baggage option set to false
[26/11/2024, 21:02:02 IST] [INFO]: I have the refundable option set to false
[26/11/2024, 21:02:26 IST] [INFO]: I enter the passenger title Mr
[26/11/2024, 21:03:25 IST] [INFO]: I have the departure location as DXB
[26/11/2024, 21:03:25 IST] [INFO]: I have the return location CAI
[26/11/2024, 21:03:25 IST] [INFO]: I have the departure date 12-01-2024
[26/11/2024, 21:03:25 IST] [INFO]: I have the cabin class Y
[26/11/2024, 21:03:25 IST] [INFO]: I have the number of adults 1
[26/11/2024, 21:03:25 IST] [INFO]: I have the number of children 0
[26/11/2024, 21:03:25 IST] [INFO]: I have the number of infand 0
[26/11/2024, 21:03:25 IST] [INFO]: I have the direct flight option set to false
[26/11/2024, 21:03:25 IST] [INFO]: I have the baggage option set to false
[26/11/2024, 21:03:25 IST] [INFO]: I have the refundable option set to false
[26/11/2024, 21:03:56 IST] [INFO]: I enter the passenger title Mr
[26/11/2024, 21:05:49 IST] [INFO]: Ticket Booking Status - ${bookingStatus}
[26/11/2024, 22:17:16 IST] [INFO]: I have the departure location as DXB
[26/11/2024, 22:17:16 IST] [INFO]: I have the return location CAI
[26/11/2024, 22:17:16 IST] [INFO]: I have the departure date 12-01-2024
[26/11/2024, 22:17:16 IST] [INFO]: I have the cabin class Y
[26/11/2024, 22:17:16 IST] [INFO]: I have the number of adults 1
[26/11/2024, 22:17:16 IST] [INFO]: I have the number of children 2
[26/11/2024, 22:17:16 IST] [INFO]: I have the number of infand 1
[26/11/2024, 22:17:16 IST] [INFO]: I have the direct flight option set to false
[26/11/2024, 22:17:16 IST] [INFO]: I have the baggage option set to false
[26/11/2024, 22:17:16 IST] [INFO]: I have the refundable option set to false
[26/11/2024, 22:17:46 IST] [INFO]: I enter the passenger title Mr
[26/11/2024, 22:17:53 IST] [INFO]: I enter the passenger title Mstr
[26/11/2024, 22:18:01 IST] [INFO]: I enter the passenger title Mstr
[26/11/2024, 22:18:08 IST] [INFO]: I enter the passenger title Miss
[26/11/2024, 22:20:10 IST] [INFO]: Ticket Booking Status - ${bookingStatus}
[26/11/2024, 22:37:40 IST] [INFO]: I have the departure location as DXB
[26/11/2024, 22:37:40 IST] [INFO]: I have the return location CAI
[26/11/2024, 22:37:40 IST] [INFO]: I have the departure date 12-01-2024
[26/11/2024, 22:37:40 IST] [INFO]: I have the cabin class Y
[26/11/2024, 22:37:40 IST] [INFO]: I have the number of adults 1
[26/11/2024, 22:37:40 IST] [INFO]: I have the number of children 2
[26/11/2024, 22:37:40 IST] [INFO]: I have the number of infand 1
[26/11/2024, 22:37:40 IST] [INFO]: I have the direct flight option set to false
[26/11/2024, 22:37:40 IST] [INFO]: I have the baggage option set to false
[26/11/2024, 22:37:40 IST] [INFO]: I have the refundable option set to false
[26/11/2024, 22:38:01 IST] [INFO]: I enter the passenger title Mr
[26/11/2024, 22:38:23 IST] [INFO]: I have the departure location as DXB
[26/11/2024, 22:38:23 IST] [INFO]: I have the return location CAI
[26/11/2024, 22:38:23 IST] [INFO]: I have the departure date 12-01-2024
[26/11/2024, 22:38:23 IST] [INFO]: I have the cabin class Y
[26/11/2024, 22:38:23 IST] [INFO]: I have the number of adults 1
[26/11/2024, 22:38:23 IST] [INFO]: I have the number of children 2
[26/11/2024, 22:38:23 IST] [INFO]: I have the number of infand 1
[26/11/2024, 22:38:23 IST] [INFO]: I have the direct flight option set to false
[26/11/2024, 22:38:23 IST] [INFO]: I have the baggage option set to false
[26/11/2024, 22:38:23 IST] [INFO]: I have the refundable option set to false
[26/11/2024, 22:38:39 IST] [INFO]: I enter the passenger title Mr
[26/11/2024, 22:39:18 IST] [INFO]: I have the departure location as DXB
[26/11/2024, 22:39:18 IST] [INFO]: I have the return location CAI
[26/11/2024, 22:39:18 IST] [INFO]: I have the departure date 12-01-2024
[26/11/2024, 22:39:19 IST] [INFO]: I have the cabin class Y
[26/11/2024, 22:39:19 IST] [INFO]: I have the number of adults 1
[26/11/2024, 22:39:19 IST] [INFO]: I have the number of children 2
[26/11/2024, 22:39:19 IST] [INFO]: I have the number of infand 1
[26/11/2024, 22:39:19 IST] [INFO]: I have the direct flight option set to false
[26/11/2024, 22:39:19 IST] [INFO]: I have the baggage option set to false
[26/11/2024, 22:39:19 IST] [INFO]: I have the refundable option set to false
[26/11/2024, 22:40:06 IST] [INFO]: I have the departure location as DXB
[26/11/2024, 22:40:06 IST] [INFO]: I have the return location CAI
[26/11/2024, 22:40:06 IST] [INFO]: I have the departure date 12-01-2024
[26/11/2024, 22:40:06 IST] [INFO]: I have the cabin class Y
[26/11/2024, 22:40:06 IST] [INFO]: I have the number of adults 1
[26/11/2024, 22:40:06 IST] [INFO]: I have the number of children 2
[26/11/2024, 22:40:06 IST] [INFO]: I have the number of infand 1
[26/11/2024, 22:40:06 IST] [INFO]: I have the direct flight option set to false
[26/11/2024, 22:40:06 IST] [INFO]: I have the baggage option set to false
[26/11/2024, 22:40:06 IST] [INFO]: I have the refundable option set to false
[26/11/2024, 22:40:45 IST] [INFO]: I have the departure location as DXB
[26/11/2024, 22:40:45 IST] [INFO]: I have the return location CAI
[26/11/2024, 22:40:45 IST] [INFO]: I have the departure date 12-01-2024
[26/11/2024, 22:40:45 IST] [INFO]: I have the cabin class Y
[26/11/2024, 22:40:45 IST] [INFO]: I have the number of adults 1
[26/11/2024, 22:40:45 IST] [INFO]: I have the number of children 2
[26/11/2024, 22:40:45 IST] [INFO]: I have the number of infand 1
[26/11/2024, 22:40:45 IST] [INFO]: I have the direct flight option set to false
[26/11/2024, 22:40:45 IST] [INFO]: I have the baggage option set to false
[26/11/2024, 22:40:45 IST] [INFO]: I have the refundable option set to false
[26/11/2024, 22:41:16 IST] [INFO]: I have the departure location as DXB
[26/11/2024, 22:41:16 IST] [INFO]: I have the return location CAI
[26/11/2024, 22:41:16 IST] [INFO]: I have the departure date 12-01-2024
[26/11/2024, 22:41:16 IST] [INFO]: I have the cabin class Y
[26/11/2024, 22:41:16 IST] [INFO]: I have the number of adults 1
[26/11/2024, 22:41:16 IST] [INFO]: I have the number of children 2
[26/11/2024, 22:41:16 IST] [INFO]: I have the number of infand 1
[26/11/2024, 22:41:16 IST] [INFO]: I have the direct flight option set to false
[26/11/2024, 22:41:16 IST] [INFO]: I have the baggage option set to false
[26/11/2024, 22:41:16 IST] [INFO]: I have the refundable option set to false
[26/11/2024, 22:41:48 IST] [INFO]: I have the departure location as DXB
[26/11/2024, 22:41:48 IST] [INFO]: I have the return location CAI
[26/11/2024, 22:41:48 IST] [INFO]: I have the departure date 12-01-2024
[26/11/2024, 22:41:48 IST] [INFO]: I have the cabin class Y
[26/11/2024, 22:41:48 IST] [INFO]: I have the number of adults 1
[26/11/2024, 22:41:48 IST] [INFO]: I have the number of children 2
[26/11/2024, 22:41:48 IST] [INFO]: I have the number of infand 1
[26/11/2024, 22:41:48 IST] [INFO]: I have the direct flight option set to false
[26/11/2024, 22:41:48 IST] [INFO]: I have the baggage option set to false
[26/11/2024, 22:41:48 IST] [INFO]: I have the refundable option set to false
[26/11/2024, 22:42:16 IST] [INFO]: I enter the passenger title Mr
[26/11/2024, 22:42:24 IST] [INFO]: I enter the passenger title Mstr
[26/11/2024, 22:42:31 IST] [INFO]: I have the departure location as DXB
[26/11/2024, 22:42:31 IST] [INFO]: I have the return location CAI
[26/11/2024, 22:42:31 IST] [INFO]: I have the departure date 12-01-2024
[26/11/2024, 22:42:31 IST] [INFO]: I have the cabin class Y
[26/11/2024, 22:42:31 IST] [INFO]: I have the number of adults 1
[26/11/2024, 22:42:31 IST] [INFO]: I have the number of children 2
[26/11/2024, 22:42:32 IST] [INFO]: I have the number of infand 1
[26/11/2024, 22:42:32 IST] [INFO]: I have the direct flight option set to false
[26/11/2024, 22:42:32 IST] [INFO]: I have the baggage option set to false
[26/11/2024, 22:42:32 IST] [INFO]: I have the refundable option set to false
[26/11/2024, 22:42:54 IST] [INFO]: I enter the passenger title Mr
[26/11/2024, 22:43:02 IST] [INFO]: I enter the passenger title Mstr
[26/11/2024, 22:43:09 IST] [INFO]: I enter the passenger title Mstr
[26/11/2024, 22:43:18 IST] [INFO]: I enter the passenger title Miss
[26/11/2024, 22:45:19 IST] [INFO]: Ticket Booking Status - ${bookingStatus}
[26/11/2024, 22:47:07 IST] [INFO]: I have the departure location as DXB
[26/11/2024, 22:47:07 IST] [INFO]: I have the return location CAI
[26/11/2024, 22:47:07 IST] [INFO]: I have the departure date 12-01-2024
[26/11/2024, 22:47:07 IST] [INFO]: I have the cabin class Y
[26/11/2024, 22:47:07 IST] [INFO]: I have the number of adults 1
[26/11/2024, 22:47:07 IST] [INFO]: I have the number of children 2
[26/11/2024, 22:47:07 IST] [INFO]: I have the number of infand 1
[26/11/2024, 22:47:07 IST] [INFO]: I have the direct flight option set to false
[26/11/2024, 22:47:07 IST] [INFO]: I have the baggage option set to false
[26/11/2024, 22:47:07 IST] [INFO]: I have the refundable option set to false
[26/11/2024, 22:47:30 IST] [INFO]: I enter the passenger title Mr
[26/11/2024, 22:47:38 IST] [INFO]: I enter the passenger title Mstr
[26/11/2024, 22:47:45 IST] [INFO]: I enter the passenger title Mstr
[26/11/2024, 22:47:53 IST] [INFO]: I enter the passenger title Miss
[26/11/2024, 22:49:35 IST] [INFO]: Ticket Booking Status - ${bookingStatus}
[26/11/2024, 22:55:49 IST] [INFO]: I have the departure location as DXB
[26/11/2024, 22:55:49 IST] [INFO]: I have the return location CAI
[26/11/2024, 22:55:49 IST] [INFO]: I have the departure date 12-01-2024
[26/11/2024, 22:55:49 IST] [INFO]: I have the cabin class Y
[26/11/2024, 22:55:49 IST] [INFO]: I have the number of adults 1
[26/11/2024, 22:55:49 IST] [INFO]: I have the number of children 2
[26/11/2024, 22:55:49 IST] [INFO]: I have the number of infand 1
[26/11/2024, 22:55:49 IST] [INFO]: I have the direct flight option set to false
[26/11/2024, 22:55:49 IST] [INFO]: I have the baggage option set to false
[26/11/2024, 22:55:49 IST] [INFO]: I have the refundable option set to false
[26/11/2024, 22:56:16 IST] [INFO]: I enter the passenger title Mr
[26/11/2024, 22:56:23 IST] [INFO]: I enter the passenger title Mstr
[26/11/2024, 22:56:30 IST] [INFO]: I enter the passenger title Mstr
[26/11/2024, 22:56:38 IST] [INFO]: I enter the passenger title Miss
[26/11/2024, 22:58:25 IST] [INFO]: Ticket Booking Status - ${bookingStatus}
[26/11/2024, 22:59:32 IST] [INFO]: I have the departure location as DXB
[26/11/2024, 22:59:32 IST] [INFO]: I have the return location CAI
[26/11/2024, 22:59:32 IST] [INFO]: I have the departure date 12-01-2024
[26/11/2024, 22:59:32 IST] [INFO]: I have the cabin class Y
[26/11/2024, 22:59:32 IST] [INFO]: I have the number of adults 1
[26/11/2024, 22:59:32 IST] [INFO]: I have the number of children 2
[26/11/2024, 22:59:32 IST] [INFO]: I have the number of infand 1
[26/11/2024, 22:59:32 IST] [INFO]: I have the direct flight option set to false
[26/11/2024, 22:59:32 IST] [INFO]: I have the baggage option set to false
[26/11/2024, 22:59:32 IST] [INFO]: I have the refundable option set to false
[26/11/2024, 23:00:04 IST] [INFO]: I enter the passenger title Mr
[26/11/2024, 23:00:12 IST] [INFO]: I enter the passenger title Mstr
[26/11/2024, 23:00:20 IST] [INFO]: I enter the passenger title Mstr
[26/11/2024, 23:00:27 IST] [INFO]: I enter the passenger title Miss
[26/11/2024, 23:02:23 IST] [INFO]: Ticket Booking Status - ${bookingStatus}
[26/11/2024, 23:04:11 IST] [INFO]: I have the departure location as DXB
[26/11/2024, 23:04:11 IST] [INFO]: I have the return location CAI
[26/11/2024, 23:04:11 IST] [INFO]: I have the departure date 12-01-2024
[26/11/2024, 23:04:11 IST] [INFO]: I have the cabin class Y
[26/11/2024, 23:04:11 IST] [INFO]: I have the number of adults 1
[26/11/2024, 23:04:11 IST] [INFO]: I have the number of children 2
[26/11/2024, 23:04:11 IST] [INFO]: I have the number of infand 1
[26/11/2024, 23:04:11 IST] [INFO]: I have the direct flight option set to false
[26/11/2024, 23:04:11 IST] [INFO]: I have the baggage option set to false
[26/11/2024, 23:04:11 IST] [INFO]: I have the refundable option set to false
[26/11/2024, 23:05:31 IST] [INFO]: I have the departure location as DXB
[26/11/2024, 23:05:32 IST] [INFO]: I have the return location CAI
[26/11/2024, 23:05:32 IST] [INFO]: I have the departure date 12-01-2024
[26/11/2024, 23:05:32 IST] [INFO]: I have the cabin class Y
[26/11/2024, 23:05:32 IST] [INFO]: I have the number of adults 1
[26/11/2024, 23:05:32 IST] [INFO]: I have the number of children 2
[26/11/2024, 23:05:32 IST] [INFO]: I have the number of infand 1
[26/11/2024, 23:05:32 IST] [INFO]: I have the direct flight option set to false
[26/11/2024, 23:05:32 IST] [INFO]: I have the baggage option set to false
[26/11/2024, 23:05:32 IST] [INFO]: I have the refundable option set to false
[26/11/2024, 23:06:09 IST] [INFO]: I have the departure location as DXB
[26/11/2024, 23:06:09 IST] [INFO]: I have the return location CAI
[26/11/2024, 23:06:09 IST] [INFO]: I have the departure date 12-01-2024
[26/11/2024, 23:06:09 IST] [INFO]: I have the cabin class Y
[26/11/2024, 23:06:09 IST] [INFO]: I have the number of adults 1
[26/11/2024, 23:06:09 IST] [INFO]: I have the number of children 2
[26/11/2024, 23:06:09 IST] [INFO]: I have the number of infand 1
[26/11/2024, 23:06:10 IST] [INFO]: I have the direct flight option set to false
[26/11/2024, 23:06:10 IST] [INFO]: I have the baggage option set to false
[26/11/2024, 23:06:10 IST] [INFO]: I have the refundable option set to false
[26/11/2024, 23:07:07 IST] [INFO]: I have the departure location as DXB
[26/11/2024, 23:07:07 IST] [INFO]: I have the return location CAI
[26/11/2024, 23:07:07 IST] [INFO]: I have the departure date 12-01-2024
[26/11/2024, 23:07:07 IST] [INFO]: I have the cabin class Y
[26/11/2024, 23:07:07 IST] [INFO]: I have the number of adults 1
[26/11/2024, 23:07:07 IST] [INFO]: I have the number of children 2
[26/11/2024, 23:07:07 IST] [INFO]: I have the number of infand 1
[26/11/2024, 23:07:07 IST] [INFO]: I have the direct flight option set to false
[26/11/2024, 23:07:07 IST] [INFO]: I have the baggage option set to false
[26/11/2024, 23:07:07 IST] [INFO]: I have the refundable option set to false
[26/11/2024, 23:07:43 IST] [INFO]: I have the departure location as DXB
[26/11/2024, 23:07:43 IST] [INFO]: I have the return location CAI
[26/11/2024, 23:07:43 IST] [INFO]: I have the departure date 12-01-2024
[26/11/2024, 23:07:43 IST] [INFO]: I have the cabin class Y
[26/11/2024, 23:07:43 IST] [INFO]: I have the number of adults 1
[26/11/2024, 23:07:43 IST] [INFO]: I have the number of children 2
[26/11/2024, 23:07:44 IST] [INFO]: I have the number of infand 1
[26/11/2024, 23:07:44 IST] [INFO]: I have the direct flight option set to false
[26/11/2024, 23:07:44 IST] [INFO]: I have the baggage option set to false
[26/11/2024, 23:07:44 IST] [INFO]: I have the refundable option set to false
[26/11/2024, 23:08:18 IST] [INFO]: I have the departure location as DXB
[26/11/2024, 23:08:18 IST] [INFO]: I have the return location CAI
[26/11/2024, 23:08:18 IST] [INFO]: I have the departure date 12-01-2024
[26/11/2024, 23:08:18 IST] [INFO]: I have the cabin class Y
[26/11/2024, 23:08:18 IST] [INFO]: I have the number of adults 1
[26/11/2024, 23:08:18 IST] [INFO]: I have the number of children 2
[26/11/2024, 23:08:18 IST] [INFO]: I have the number of infand 1
[26/11/2024, 23:08:18 IST] [INFO]: I have the direct flight option set to false
[26/11/2024, 23:08:18 IST] [INFO]: I have the baggage option set to false
[26/11/2024, 23:08:18 IST] [INFO]: I have the refundable option set to false
[26/11/2024, 23:08:56 IST] [INFO]: I have the departure location as DXB
[26/11/2024, 23:08:56 IST] [INFO]: I have the return location CAI
[26/11/2024, 23:08:56 IST] [INFO]: I have the departure date 12-01-2024
[26/11/2024, 23:08:56 IST] [INFO]: I have the cabin class Y
[26/11/2024, 23:08:57 IST] [INFO]: I have the number of adults 1
[26/11/2024, 23:08:57 IST] [INFO]: I have the number of children 2
[26/11/2024, 23:08:57 IST] [INFO]: I have the number of infand 1
[26/11/2024, 23:08:57 IST] [INFO]: I have the direct flight option set to false
[26/11/2024, 23:08:57 IST] [INFO]: I have the baggage option set to false
[26/11/2024, 23:08:57 IST] [INFO]: I have the refundable option set to false
[26/11/2024, 23:09:28 IST] [INFO]: I have the departure location as DXB
[26/11/2024, 23:09:28 IST] [INFO]: I have the return location CAI
[26/11/2024, 23:09:28 IST] [INFO]: I have the departure date 12-01-2024
[26/11/2024, 23:09:28 IST] [INFO]: I have the cabin class Y
[26/11/2024, 23:09:28 IST] [INFO]: I have the number of adults 1
[26/11/2024, 23:09:28 IST] [INFO]: I have the number of children 2
[26/11/2024, 23:09:28 IST] [INFO]: I have the number of infand 1
[26/11/2024, 23:09:28 IST] [INFO]: I have the direct flight option set to false
[26/11/2024, 23:09:28 IST] [INFO]: I have the baggage option set to false
[26/11/2024, 23:09:28 IST] [INFO]: I have the refundable option set to false
[26/11/2024, 23:10:08 IST] [INFO]: I have the departure location as DXB
[26/11/2024, 23:10:08 IST] [INFO]: I have the return location CAI
[26/11/2024, 23:10:08 IST] [INFO]: I have the departure date 12-01-2024
[26/11/2024, 23:10:08 IST] [INFO]: I have the cabin class Y
[26/11/2024, 23:10:08 IST] [INFO]: I have the number of adults 1
[26/11/2024, 23:10:08 IST] [INFO]: I have the number of children 2
[26/11/2024, 23:10:08 IST] [INFO]: I have the number of infand 1
[26/11/2024, 23:10:08 IST] [INFO]: I have the direct flight option set to false
[26/11/2024, 23:10:08 IST] [INFO]: I have the baggage option set to false
[26/11/2024, 23:10:08 IST] [INFO]: I have the refundable option set to false
[26/11/2024, 23:10:46 IST] [INFO]: I have the departure location as DXB
[26/11/2024, 23:10:46 IST] [INFO]: I have the return location CAI
[26/11/2024, 23:10:46 IST] [INFO]: I have the departure date 12-01-2024
[26/11/2024, 23:10:46 IST] [INFO]: I have the cabin class Y
[26/11/2024, 23:10:46 IST] [INFO]: I have the number of adults 1
[26/11/2024, 23:10:46 IST] [INFO]: I have the number of children 2
[26/11/2024, 23:10:46 IST] [INFO]: I have the number of infand 1
[26/11/2024, 23:10:46 IST] [INFO]: I have the direct flight option set to false
[26/11/2024, 23:10:46 IST] [INFO]: I have the baggage option set to false
[26/11/2024, 23:10:46 IST] [INFO]: I have the refundable option set to false
[26/11/2024, 23:11:11 IST] [INFO]: I enter the passenger title Mr
[26/11/2024, 23:11:28 IST] [INFO]: I have the departure location as DXB
[26/11/2024, 23:11:28 IST] [INFO]: I have the return location CAI
[26/11/2024, 23:11:28 IST] [INFO]: I have the departure date 12-01-2024
[26/11/2024, 23:11:28 IST] [INFO]: I have the cabin class Y
[26/11/2024, 23:11:28 IST] [INFO]: I have the number of adults 1
[26/11/2024, 23:11:28 IST] [INFO]: I have the number of children 2
[26/11/2024, 23:11:28 IST] [INFO]: I have the number of infand 1
[26/11/2024, 23:11:28 IST] [INFO]: I have the direct flight option set to false
[26/11/2024, 23:11:28 IST] [INFO]: I have the baggage option set to false
[26/11/2024, 23:11:28 IST] [INFO]: I have the refundable option set to false
[26/11/2024, 23:12:01 IST] [INFO]: I have the departure location as DXB
[26/11/2024, 23:12:01 IST] [INFO]: I have the return location CAI
[26/11/2024, 23:12:01 IST] [INFO]: I have the departure date 12-01-2024
[26/11/2024, 23:12:01 IST] [INFO]: I have the cabin class Y
[26/11/2024, 23:12:01 IST] [INFO]: I have the number of adults 1
[26/11/2024, 23:12:01 IST] [INFO]: I have the number of children 2
[26/11/2024, 23:12:01 IST] [INFO]: I have the number of infand 1
[26/11/2024, 23:12:01 IST] [INFO]: I have the direct flight option set to false
[26/11/2024, 23:12:01 IST] [INFO]: I have the baggage option set to false
[26/11/2024, 23:12:01 IST] [INFO]: I have the refundable option set to false
[26/11/2024, 23:12:46 IST] [INFO]: I have the departure location as DXB
[26/11/2024, 23:12:46 IST] [INFO]: I have the return location CAI
[26/11/2024, 23:12:46 IST] [INFO]: I have the departure date 12-01-2024
[26/11/2024, 23:12:46 IST] [INFO]: I have the cabin class Y
[26/11/2024, 23:12:46 IST] [INFO]: I have the number of adults 1
[26/11/2024, 23:12:46 IST] [INFO]: I have the number of children 2
[26/11/2024, 23:12:46 IST] [INFO]: I have the number of infand 1
[26/11/2024, 23:12:46 IST] [INFO]: I have the direct flight option set to false
[26/11/2024, 23:12:46 IST] [INFO]: I have the baggage option set to false
[26/11/2024, 23:12:46 IST] [INFO]: I have the refundable option set to false
[26/11/2024, 23:13:23 IST] [INFO]: I have the departure location as DXB
[26/11/2024, 23:13:23 IST] [INFO]: I have the return location CAI
[26/11/2024, 23:13:23 IST] [INFO]: I have the departure date 12-01-2024
[26/11/2024, 23:13:23 IST] [INFO]: I have the cabin class Y
[26/11/2024, 23:13:23 IST] [INFO]: I have the number of adults 1
[26/11/2024, 23:13:23 IST] [INFO]: I have the number of children 2
[26/11/2024, 23:13:23 IST] [INFO]: I have the number of infand 1
[26/11/2024, 23:13:23 IST] [INFO]: I have the direct flight option set to false
[26/11/2024, 23:13:23 IST] [INFO]: I have the baggage option set to false
[26/11/2024, 23:13:23 IST] [INFO]: I have the refundable option set to false
[26/11/2024, 23:14:09 IST] [INFO]: I have the departure location as DXB
[26/11/2024, 23:14:09 IST] [INFO]: I have the return location CAI
[26/11/2024, 23:14:09 IST] [INFO]: I have the departure date 12-01-2024
[26/11/2024, 23:14:09 IST] [INFO]: I have the cabin class Y
[26/11/2024, 23:14:09 IST] [INFO]: I have the number of adults 1
[26/11/2024, 23:14:09 IST] [INFO]: I have the number of children 2
[26/11/2024, 23:14:09 IST] [INFO]: I have the number of infand 1
[26/11/2024, 23:14:09 IST] [INFO]: I have the direct flight option set to false
[26/11/2024, 23:14:09 IST] [INFO]: I have the baggage option set to false
[26/11/2024, 23:14:09 IST] [INFO]: I have the refundable option set to false
[26/11/2024, 23:14:48 IST] [INFO]: I have the departure location as DXB
[26/11/2024, 23:14:48 IST] [INFO]: I have the return location CAI
[26/11/2024, 23:14:48 IST] [INFO]: I have the departure date 12-01-2024
[26/11/2024, 23:14:48 IST] [INFO]: I have the cabin class Y
[26/11/2024, 23:14:48 IST] [INFO]: I have the number of adults 1
[26/11/2024, 23:14:48 IST] [INFO]: I have the number of children 2
[26/11/2024, 23:14:48 IST] [INFO]: I have the number of infand 1
[26/11/2024, 23:14:48 IST] [INFO]: I have the direct flight option set to false
[26/11/2024, 23:14:48 IST] [INFO]: I have the baggage option set to false
[26/11/2024, 23:14:48 IST] [INFO]: I have the refundable option set to false
[26/11/2024, 23:15:24 IST] [INFO]: I have the departure location as DXB
[26/11/2024, 23:15:24 IST] [INFO]: I have the return location CAI
[26/11/2024, 23:15:24 IST] [INFO]: I have the departure date 12-01-2024
[26/11/2024, 23:15:24 IST] [INFO]: I have the cabin class Y
[26/11/2024, 23:15:24 IST] [INFO]: I have the number of adults 1
[26/11/2024, 23:15:24 IST] [INFO]: I have the number of children 2
[26/11/2024, 23:15:24 IST] [INFO]: I have the number of infand 1
[26/11/2024, 23:15:24 IST] [INFO]: I have the direct flight option set to false
[26/11/2024, 23:15:24 IST] [INFO]: I have the baggage option set to false
[26/11/2024, 23:15:24 IST] [INFO]: I have the refundable option set to false
[26/11/2024, 23:16:01 IST] [INFO]: I have the departure location as DXB
[26/11/2024, 23:16:01 IST] [INFO]: I have the return location CAI
[26/11/2024, 23:16:01 IST] [INFO]: I have the departure date 12-01-2024
[26/11/2024, 23:16:01 IST] [INFO]: I have the cabin class Y
[26/11/2024, 23:16:01 IST] [INFO]: I have the number of adults 1
[26/11/2024, 23:16:01 IST] [INFO]: I have the number of children 2
[26/11/2024, 23:16:01 IST] [INFO]: I have the number of infand 1
[26/11/2024, 23:16:01 IST] [INFO]: I have the direct flight option set to false
[26/11/2024, 23:16:01 IST] [INFO]: I have the baggage option set to false
[26/11/2024, 23:16:01 IST] [INFO]: I have the refundable option set to false
[26/11/2024, 23:16:41 IST] [INFO]: I have the departure location as DXB
[26/11/2024, 23:16:41 IST] [INFO]: I have the return location CAI
[26/11/2024, 23:16:41 IST] [INFO]: I have the departure date 12-01-2024
[26/11/2024, 23:16:41 IST] [INFO]: I have the cabin class Y
[26/11/2024, 23:16:41 IST] [INFO]: I have the number of adults 1
[26/11/2024, 23:16:41 IST] [INFO]: I have the number of children 2
[26/11/2024, 23:16:41 IST] [INFO]: I have the number of infand 1
[26/11/2024, 23:16:41 IST] [INFO]: I have the direct flight option set to false
[26/11/2024, 23:16:41 IST] [INFO]: I have the baggage option set to false
[26/11/2024, 23:16:41 IST] [INFO]: I have the refundable option set to false
[26/11/2024, 23:17:18 IST] [INFO]: I have the departure location as DXB
[26/11/2024, 23:17:18 IST] [INFO]: I have the return location CAI
[26/11/2024, 23:17:18 IST] [INFO]: I have the departure date 12-01-2024
[26/11/2024, 23:17:18 IST] [INFO]: I have the cabin class Y
[26/11/2024, 23:17:18 IST] [INFO]: I have the number of adults 1
[26/11/2024, 23:17:18 IST] [INFO]: I have the number of children 2
[26/11/2024, 23:17:18 IST] [INFO]: I have the number of infand 1
[26/11/2024, 23:17:18 IST] [INFO]: I have the direct flight option set to false
[26/11/2024, 23:17:18 IST] [INFO]: I have the baggage option set to false
[26/11/2024, 23:17:18 IST] [INFO]: I have the refundable option set to false
[26/11/2024, 23:18:08 IST] [INFO]: I have the departure location as DXB
[26/11/2024, 23:18:08 IST] [INFO]: I have the return location CAI
[26/11/2024, 23:18:08 IST] [INFO]: I have the departure date 12-01-2024
[26/11/2024, 23:18:08 IST] [INFO]: I have the cabin class Y
[26/11/2024, 23:18:08 IST] [INFO]: I have the number of adults 1
[26/11/2024, 23:18:08 IST] [INFO]: I have the number of children 2
[26/11/2024, 23:18:08 IST] [INFO]: I have the number of infand 1
[26/11/2024, 23:18:08 IST] [INFO]: I have the direct flight option set to false
[26/11/2024, 23:18:08 IST] [INFO]: I have the baggage option set to false
[26/11/2024, 23:18:08 IST] [INFO]: I have the refundable option set to false
[26/11/2024, 23:19:41 IST] [INFO]: I have the departure location as DXB
[26/11/2024, 23:19:41 IST] [INFO]: I have the return location CAI
[26/11/2024, 23:19:41 IST] [INFO]: I have the departure date 12-01-2024
[26/11/2024, 23:19:41 IST] [INFO]: I have the cabin class Y
[26/11/2024, 23:19:41 IST] [INFO]: I have the number of adults 1
[26/11/2024, 23:19:41 IST] [INFO]: I have the number of children 2
[26/11/2024, 23:19:41 IST] [INFO]: I have the number of infand 1
[26/11/2024, 23:19:41 IST] [INFO]: I have the direct flight option set to false
[26/11/2024, 23:19:41 IST] [INFO]: I have the baggage option set to false
[26/11/2024, 23:19:41 IST] [INFO]: I have the refundable option set to false
[26/11/2024, 23:19:58 IST] [INFO]: I enter the passenger title Mr
[26/11/2024, 23:20:31 IST] [INFO]: I have the departure location as DXB
[26/11/2024, 23:20:31 IST] [INFO]: I have the return location CAI
[26/11/2024, 23:20:31 IST] [INFO]: I have the departure date 12-01-2024
[26/11/2024, 23:20:31 IST] [INFO]: I have the cabin class Y
[26/11/2024, 23:20:31 IST] [INFO]: I have the number of adults 1
[26/11/2024, 23:20:31 IST] [INFO]: I have the number of children 2
[26/11/2024, 23:20:31 IST] [INFO]: I have the number of infand 1
[26/11/2024, 23:20:31 IST] [INFO]: I have the direct flight option set to false
[26/11/2024, 23:20:31 IST] [INFO]: I have the baggage option set to false
[26/11/2024, 23:20:31 IST] [INFO]: I have the refundable option set to false
[26/11/2024, 23:20:48 IST] [INFO]: I enter the passenger title Mr
[26/11/2024, 23:20:54 IST] [INFO]: I enter the passenger title Mstr
[26/11/2024, 23:20:59 IST] [INFO]: I enter the passenger title Mstr
[26/11/2024, 23:21:06 IST] [INFO]: I enter the passenger title Miss
[26/11/2024, 23:23:24 IST] [INFO]: Ticket Booking Status - ${bookingStatus}
[28/11/2024, 10:47:03 IST] [INFO]: I have the departure location as DXB
[28/11/2024, 10:47:03 IST] [INFO]: I have the return location CAI
[28/11/2024, 10:47:03 IST] [INFO]: I have the departure date 12-01-2024
[28/11/2024, 10:47:03 IST] [INFO]: I have the cabin class Y
[28/11/2024, 10:47:03 IST] [INFO]: I have the number of adults 1
[28/11/2024, 10:47:03 IST] [INFO]: I have the number of children 2
[28/11/2024, 10:47:03 IST] [INFO]: I have the number of infand 1
[28/11/2024, 10:47:03 IST] [INFO]: I have the direct flight option set to false
[28/11/2024, 10:47:03 IST] [INFO]: I have the baggage option set to false
[28/11/2024, 10:47:03 IST] [INFO]: I have the refundable option set to false
[28/11/2024, 10:47:11 IST] [INFO]: I have the departure location as DXB
[28/11/2024, 10:47:11 IST] [INFO]: I have the return location CAI
[28/11/2024, 10:47:11 IST] [INFO]: I have the departure date 12-01-2024
[28/11/2024, 10:47:11 IST] [INFO]: I have the cabin class Y
[28/11/2024, 10:47:11 IST] [INFO]: I have the number of adults 1
[28/11/2024, 10:47:11 IST] [INFO]: I have the number of children 2
[28/11/2024, 10:47:11 IST] [INFO]: I have the number of infand 1
[28/11/2024, 10:47:11 IST] [INFO]: I have the direct flight option set to false
[28/11/2024, 10:47:11 IST] [INFO]: I have the baggage option set to false
[28/11/2024, 10:47:11 IST] [INFO]: I have the refundable option set to false
[28/11/2024, 10:47:39 IST] [INFO]: I enter the passenger title Mr
[28/11/2024, 10:47:45 IST] [INFO]: I enter the passenger title Mstr
[28/11/2024, 10:47:51 IST] [INFO]: I enter the passenger title Mstr
[28/11/2024, 10:47:57 IST] [INFO]: I enter the passenger title Miss
[28/11/2024, 10:54:14 IST] [INFO]: I have the departure location as DXB
[28/11/2024, 10:54:14 IST] [INFO]: I have the return location CAI
[28/11/2024, 10:54:14 IST] [INFO]: I have the departure date 12-01-2024
[28/11/2024, 10:54:14 IST] [INFO]: I have the cabin class Y
[28/11/2024, 10:54:14 IST] [INFO]: I have the number of adults 1
[28/11/2024, 10:54:14 IST] [INFO]: I have the number of children 2
[28/11/2024, 10:54:14 IST] [INFO]: I have the number of infand 1
[28/11/2024, 10:54:14 IST] [INFO]: I have the direct flight option set to false
[28/11/2024, 10:54:14 IST] [INFO]: I have the baggage option set to false
[28/11/2024, 10:54:14 IST] [INFO]: I have the refundable option set to false
[28/11/2024, 10:54:42 IST] [INFO]: I enter the passenger title Mr
[28/11/2024, 10:54:49 IST] [INFO]: I enter the passenger title Mstr
[28/11/2024, 10:54:56 IST] [INFO]: I enter the passenger title Mstr
[28/11/2024, 10:55:05 IST] [INFO]: I enter the passenger title Miss
[28/11/2024, 10:55:28 IST] [INFO]: I have the departure location as DXB
[28/11/2024, 10:55:28 IST] [INFO]: I have the return location CAI
[28/11/2024, 10:55:28 IST] [INFO]: I have the departure date 12-01-2024
[28/11/2024, 10:55:28 IST] [INFO]: I have the cabin class Y
[28/11/2024, 10:55:28 IST] [INFO]: I have the number of adults 1
[28/11/2024, 10:55:28 IST] [INFO]: I have the number of children 2
[28/11/2024, 10:55:28 IST] [INFO]: I have the number of infand 1
[28/11/2024, 10:55:28 IST] [INFO]: I have the direct flight option set to false
[28/11/2024, 10:55:28 IST] [INFO]: I have the baggage option set to false
[28/11/2024, 10:55:28 IST] [INFO]: I have the refundable option set to false
[28/11/2024, 10:55:52 IST] [INFO]: I enter the passenger title Mr
[28/11/2024, 10:56:00 IST] [INFO]: I enter the passenger title Mstr
[28/11/2024, 10:56:07 IST] [INFO]: I enter the passenger title Mstr
[28/11/2024, 10:56:17 IST] [INFO]: I enter the passenger title Miss
[28/11/2024, 10:58:16 IST] [INFO]: Ticket Booking Status - ${bookingStatus}
[28/11/2024, 11:02:04 IST] [INFO]: I have the departure location as DXB
[28/11/2024, 11:02:04 IST] [INFO]: I have the return location CAI
[28/11/2024, 11:02:04 IST] [INFO]: I have the departure date 12-01-2024
[28/11/2024, 11:02:04 IST] [INFO]: I have the cabin class Y
[28/11/2024, 11:02:04 IST] [INFO]: I have the number of adults 1
[28/11/2024, 11:02:04 IST] [INFO]: I have the number of children 2
[28/11/2024, 11:02:04 IST] [INFO]: I have the number of infand 1
[28/11/2024, 11:02:04 IST] [INFO]: I have the direct flight option set to false
[28/11/2024, 11:02:04 IST] [INFO]: I have the baggage option set to false
[28/11/2024, 11:02:04 IST] [INFO]: I have the refundable option set to false
[28/11/2024, 11:02:30 IST] [INFO]: I enter the passenger title Mr
[28/11/2024, 11:02:38 IST] [INFO]: I enter the passenger title Mstr
[28/11/2024, 11:02:46 IST] [INFO]: I enter the passenger title Mstr
[28/11/2024, 11:02:53 IST] [INFO]: I enter the passenger title Miss
[28/11/2024, 11:04:36 IST] [INFO]: Ticket Booking Status - ${bookingStatus}
[28/11/2024, 11:31:16 IST] [INFO]: I have the departure location as DXB
[28/11/2024, 11:31:16 IST] [INFO]: I have the return location CAI
[28/11/2024, 11:31:16 IST] [INFO]: I have the departure date 12-01-2024
[28/11/2024, 11:31:16 IST] [INFO]: I have the cabin class Y
[28/11/2024, 11:31:16 IST] [INFO]: I have the number of adults 1
[28/11/2024, 11:31:16 IST] [INFO]: I have the number of children 2
[28/11/2024, 11:31:16 IST] [INFO]: I have the number of infand 1
[28/11/2024, 11:31:16 IST] [INFO]: I have the direct flight option set to false
[28/11/2024, 11:31:16 IST] [INFO]: I have the baggage option set to false
[28/11/2024, 11:31:16 IST] [INFO]: I have the refundable option set to false
[28/11/2024, 11:31:44 IST] [INFO]: I enter the passenger title Mr
[28/11/2024, 11:31:55 IST] [INFO]: I enter the passenger title Mstr
[28/11/2024, 11:32:02 IST] [INFO]: I enter the passenger title Mstr
[28/11/2024, 11:32:11 IST] [INFO]: I enter the passenger title Miss
[28/11/2024, 11:34:08 IST] [INFO]: Ticket Booking Status - ${bookingStatus}
[28/11/2024, 11:34:21 IST] [INFO]: I have the departure location as DXB
[28/11/2024, 11:34:21 IST] [INFO]: I have the return location CAI
[28/11/2024, 11:34:21 IST] [INFO]: I have the departure date 12-01-2024
[28/11/2024, 11:34:21 IST] [INFO]: I have the cabin class Y
[28/11/2024, 11:34:21 IST] [INFO]: I have the number of adults 1
[28/11/2024, 11:34:21 IST] [INFO]: I have the number of children 2
[28/11/2024, 11:34:21 IST] [INFO]: I have the number of infand 1
[28/11/2024, 11:34:21 IST] [INFO]: I have the direct flight option set to false
[28/11/2024, 11:34:21 IST] [INFO]: I have the baggage option set to false
[28/11/2024, 11:34:21 IST] [INFO]: I have the refundable option set to false
[28/11/2024, 11:37:17 IST] [INFO]: I have the departure location as DXB
[28/11/2024, 11:37:17 IST] [INFO]: I have the return location LHR
[28/11/2024, 11:37:17 IST] [INFO]: I have the departure date 12-01-2024
[28/11/2024, 11:37:17 IST] [INFO]: I have the cabin class Y
[28/11/2024, 11:37:17 IST] [INFO]: I have the number of adults 1
[28/11/2024, 11:37:17 IST] [INFO]: I have the number of children 2
[28/11/2024, 11:37:17 IST] [INFO]: I have the number of infand 1
[28/11/2024, 11:37:17 IST] [INFO]: I have the direct flight option set to false
[28/11/2024, 11:37:17 IST] [INFO]: I have the baggage option set to false
[28/11/2024, 11:37:17 IST] [INFO]: I have the refundable option set to false
[28/11/2024, 11:37:17 IST] [INFO]: I have enter the airline EK
[28/11/2024, 11:37:39 IST] [INFO]: I enter the passenger title Mr
[28/11/2024, 11:37:49 IST] [INFO]: I enter the passenger title Mstr
[28/11/2024, 11:37:59 IST] [INFO]: I enter the passenger title Mstr
[28/11/2024, 11:38:09 IST] [INFO]: I enter the passenger title Miss
[28/11/2024, 11:40:11 IST] [INFO]: Ticket Booking Status - ${bookingStatus}
[28/11/2024, 11:40:21 IST] [INFO]: I have the departure location as DXB
[28/11/2024, 11:40:21 IST] [INFO]: I have the return location DOH
[28/11/2024, 11:40:21 IST] [INFO]: I have the departure date 12-01-2024
[28/11/2024, 11:40:21 IST] [INFO]: I have the cabin class Y
[28/11/2024, 11:40:21 IST] [INFO]: I have the number of adults 1
[28/11/2024, 11:40:21 IST] [INFO]: I have the number of children 2
[28/11/2024, 11:40:21 IST] [INFO]: I have the number of infand 1
[28/11/2024, 11:40:21 IST] [INFO]: I have the direct flight option set to false
[28/11/2024, 11:40:21 IST] [INFO]: I have the baggage option set to false
[28/11/2024, 11:40:21 IST] [INFO]: I have the refundable option set to false
[28/11/2024, 11:40:21 IST] [INFO]: I have enter the airline QR
[28/11/2024, 11:43:08 IST] [INFO]: I have the departure location as DXB
[28/11/2024, 11:43:08 IST] [INFO]: I have the return location DOH
[28/11/2024, 11:43:08 IST] [INFO]: I have the departure date 12-01-2024
[28/11/2024, 11:43:08 IST] [INFO]: I have the cabin class Y
[28/11/2024, 11:43:08 IST] [INFO]: I have the number of adults 1
[28/11/2024, 11:43:08 IST] [INFO]: I have the number of children 2
[28/11/2024, 11:43:08 IST] [INFO]: I have the number of infand 1
[28/11/2024, 11:43:08 IST] [INFO]: I have the direct flight option set to false
[28/11/2024, 11:43:08 IST] [INFO]: I have the baggage option set to false
[28/11/2024, 11:43:08 IST] [INFO]: I have the refundable option set to false
[28/11/2024, 11:43:08 IST] [INFO]: I have enter the airline QR
[28/11/2024, 11:43:25 IST] [INFO]: I enter the passenger title Mr
[28/11/2024, 11:43:33 IST] [INFO]: I enter the passenger title Mstr
[28/11/2024, 11:43:44 IST] [INFO]: I enter the passenger title Mstr
[28/11/2024, 11:43:54 IST] [INFO]: I enter the passenger title Miss
[28/11/2024, 11:45:56 IST] [INFO]: Ticket Booking Status - ${bookingStatus}
[28/11/2024, 14:34:35 IST] [INFO]: I have the departure location as DXB
[28/11/2024, 14:34:35 IST] [INFO]: I have the return location LHR
[28/11/2024, 14:34:35 IST] [INFO]: I have the departure date 12-01-2024
[28/11/2024, 14:34:35 IST] [INFO]: I have the cabin class Y
[28/11/2024, 14:34:35 IST] [INFO]: I have the number of adults 1
[28/11/2024, 14:34:35 IST] [INFO]: I have the number of children 2
[28/11/2024, 14:34:35 IST] [INFO]: I have the number of infand 1
[28/11/2024, 14:34:35 IST] [INFO]: I have the direct flight option set to false
[28/11/2024, 14:34:35 IST] [INFO]: I have the baggage option set to false
[28/11/2024, 14:34:35 IST] [INFO]: I have the refundable option set to false
[28/11/2024, 14:34:36 IST] [INFO]: I have the departure location as DXB
[28/11/2024, 14:34:36 IST] [INFO]: I have the return location DOH
[28/11/2024, 14:34:36 IST] [INFO]: I have the departure date 12-01-2024
[28/11/2024, 14:34:36 IST] [INFO]: I have the cabin class Y
[28/11/2024, 14:34:36 IST] [INFO]: I have the number of adults 1
[28/11/2024, 14:34:36 IST] [INFO]: I have the number of children 2
[28/11/2024, 14:34:36 IST] [INFO]: I have the number of infand 1
[28/11/2024, 14:34:36 IST] [INFO]: I have the direct flight option set to false
[28/11/2024, 14:34:36 IST] [INFO]: I have the baggage option set to false
[28/11/2024, 14:34:36 IST] [INFO]: I have the refundable option set to false
[28/11/2024, 14:36:17 IST] [INFO]: I have the departure location as DXB
[28/11/2024, 14:36:17 IST] [INFO]: I have the return location LHR
[28/11/2024, 14:36:17 IST] [INFO]: I have the departure date 12-01-2024
[28/11/2024, 14:36:17 IST] [INFO]: I have the cabin class Y
[28/11/2024, 14:36:17 IST] [INFO]: I have the number of adults 1
[28/11/2024, 14:36:17 IST] [INFO]: I have the number of children 2
[28/11/2024, 14:36:17 IST] [INFO]: I have the number of infand 1
[28/11/2024, 14:36:17 IST] [INFO]: I have the direct flight option set to false
[28/11/2024, 14:36:17 IST] [INFO]: I have the baggage option set to false
[28/11/2024, 14:36:17 IST] [INFO]: I have the refundable option set to false
[28/11/2024, 14:36:17 IST] [INFO]: I have enter the airline EK
[28/11/2024, 14:36:25 IST] [INFO]: I have the departure location as DXB
[28/11/2024, 14:36:25 IST] [INFO]: I have the return location LHR
[28/11/2024, 14:36:25 IST] [INFO]: I have the departure date 12-01-2024
[28/11/2024, 14:36:25 IST] [INFO]: I have the cabin class Y
[28/11/2024, 14:36:25 IST] [INFO]: I have the number of adults 1
[28/11/2024, 14:36:25 IST] [INFO]: I have the number of children 2
[28/11/2024, 14:36:25 IST] [INFO]: I have the number of infand 1
[28/11/2024, 14:36:25 IST] [INFO]: I have the direct flight option set to false
[28/11/2024, 14:36:25 IST] [INFO]: I have the baggage option set to false
[28/11/2024, 14:36:25 IST] [INFO]: I have the refundable option set to false
[28/11/2024, 14:36:25 IST] [INFO]: I have enter the airline EK
[28/11/2024, 14:36:44 IST] [INFO]: I have the departure location as DXB
[28/11/2024, 14:36:44 IST] [INFO]: I have the return location DOH
[28/11/2024, 14:36:44 IST] [INFO]: I have the departure date 12-01-2024
[28/11/2024, 14:36:44 IST] [INFO]: I have the cabin class Y
[28/11/2024, 14:36:44 IST] [INFO]: I have the number of adults 1
[28/11/2024, 14:36:44 IST] [INFO]: I have the number of children 2
[28/11/2024, 14:36:44 IST] [INFO]: I have the number of infand 1
[28/11/2024, 14:36:44 IST] [INFO]: I have the direct flight option set to false
[28/11/2024, 14:36:44 IST] [INFO]: I have the baggage option set to false
[28/11/2024, 14:36:44 IST] [INFO]: I have the refundable option set to false
[28/11/2024, 14:36:44 IST] [INFO]: I have enter the airline QR
[28/11/2024, 14:40:12 IST] [INFO]: I have the departure location as DXB
[28/11/2024, 14:40:12 IST] [INFO]: I have the return location LHR
[28/11/2024, 14:40:12 IST] [INFO]: I have the departure date 12-01-2024
[28/11/2024, 14:40:12 IST] [INFO]: I have the cabin class Y
[28/11/2024, 14:40:12 IST] [INFO]: I have the number of adults 1
[28/11/2024, 14:40:12 IST] [INFO]: I have the number of children 2
[28/11/2024, 14:40:12 IST] [INFO]: I have the number of infand 1
[28/11/2024, 14:40:12 IST] [INFO]: I have the direct flight option set to false
[28/11/2024, 14:40:12 IST] [INFO]: I have the baggage option set to false
[28/11/2024, 14:40:12 IST] [INFO]: I have the refundable option set to false
[28/11/2024, 14:40:42 IST] [INFO]: I enter the passenger title Mr
[28/11/2024, 14:40:51 IST] [INFO]: I enter the passenger title Mstr
[28/11/2024, 14:41:00 IST] [INFO]: I enter the passenger title Mstr
[28/11/2024, 14:41:09 IST] [INFO]: I enter the passenger title Miss
[28/11/2024, 14:43:04 IST] [INFO]: Ticket Booking Status - ${bookingStatus}
[28/11/2024, 14:43:12 IST] [INFO]: I have the departure location as DXB
[28/11/2024, 14:43:12 IST] [INFO]: I have the return location DOH
[28/11/2024, 14:43:12 IST] [INFO]: I have the departure date 12-01-2024
[28/11/2024, 14:43:12 IST] [INFO]: I have the cabin class Y
[28/11/2024, 14:43:12 IST] [INFO]: I have the number of adults 1
[28/11/2024, 14:43:12 IST] [INFO]: I have the number of children 2
[28/11/2024, 14:43:12 IST] [INFO]: I have the number of infand 1
[28/11/2024, 14:43:12 IST] [INFO]: I have the direct flight option set to false
[28/11/2024, 14:43:12 IST] [INFO]: I have the baggage option set to false
[28/11/2024, 14:43:12 IST] [INFO]: I have the refundable option set to false
[28/11/2024, 14:48:14 IST] [INFO]: I have the departure location as DXB
[28/11/2024, 14:48:14 IST] [INFO]: I have the return location LHR
[28/11/2024, 14:48:14 IST] [INFO]: I have the departure date 12-01-2024
[28/11/2024, 14:48:14 IST] [INFO]: I have the cabin class Y
[28/11/2024, 14:48:14 IST] [INFO]: I have the number of adults 1
[28/11/2024, 14:48:14 IST] [INFO]: I have the number of children 2
[28/11/2024, 14:48:14 IST] [INFO]: I have the number of infand 1
[28/11/2024, 14:48:14 IST] [INFO]: I have the direct flight option set to false
[28/11/2024, 14:48:14 IST] [INFO]: I have the baggage option set to false
[28/11/2024, 14:48:14 IST] [INFO]: I have the refundable option set to false
[28/11/2024, 14:48:42 IST] [INFO]: I enter the passenger title Mr
[28/11/2024, 14:48:51 IST] [INFO]: I enter the passenger title Mstr
[28/11/2024, 14:48:59 IST] [INFO]: I enter the passenger title Mstr
[28/11/2024, 14:49:08 IST] [INFO]: I enter the passenger title Miss
[28/11/2024, 14:51:07 IST] [INFO]: Ticket Booking Status - ${bookingStatus}
[28/11/2024, 14:51:15 IST] [INFO]: I have the departure location as DXB
[28/11/2024, 14:51:15 IST] [INFO]: I have the return location DOH
[28/11/2024, 14:51:15 IST] [INFO]: I have the departure date 12-01-2024
[28/11/2024, 14:51:15 IST] [INFO]: I have the cabin class Y
[28/11/2024, 14:51:15 IST] [INFO]: I have the number of adults 1
[28/11/2024, 14:51:15 IST] [INFO]: I have the number of children 2
[28/11/2024, 14:51:15 IST] [INFO]: I have the number of infand 1
[28/11/2024, 14:51:15 IST] [INFO]: I have the direct flight option set to false
[28/11/2024, 14:51:15 IST] [INFO]: I have the baggage option set to false
[28/11/2024, 14:51:15 IST] [INFO]: I have the refundable option set to false
[28/11/2024, 14:56:02 IST] [INFO]: I have the departure location as DXB
[28/11/2024, 14:56:02 IST] [INFO]: I have the return location LHR
[28/11/2024, 14:56:02 IST] [INFO]: I have the departure date 12-01-2024
[28/11/2024, 14:56:02 IST] [INFO]: I have the cabin class Y
[28/11/2024, 14:56:02 IST] [INFO]: I have the number of adults 1
[28/11/2024, 14:56:02 IST] [INFO]: I have the number of children 2
[28/11/2024, 14:56:02 IST] [INFO]: I have the number of infand 1
[28/11/2024, 14:56:02 IST] [INFO]: I have the direct flight option set to false
[28/11/2024, 14:56:03 IST] [INFO]: I have the baggage option set to false
[28/11/2024, 14:56:03 IST] [INFO]: I have the refundable option set to false
[28/11/2024, 14:56:36 IST] [INFO]: I enter the passenger title Mr
[28/11/2024, 14:56:44 IST] [INFO]: I enter the passenger title Mstr
[28/11/2024, 14:56:52 IST] [INFO]: I enter the passenger title Mstr
[28/11/2024, 14:57:02 IST] [INFO]: I enter the passenger title Miss
[28/11/2024, 14:57:24 IST] [INFO]: I have the departure location as DXB
[28/11/2024, 14:57:24 IST] [INFO]: I have the return location DOH
[28/11/2024, 14:57:24 IST] [INFO]: I have the departure date 12-01-2024
[28/11/2024, 14:57:24 IST] [INFO]: I have the cabin class Y
[28/11/2024, 14:57:24 IST] [INFO]: I have the number of adults 1
[28/11/2024, 14:57:24 IST] [INFO]: I have the number of children 2
[28/11/2024, 14:57:24 IST] [INFO]: I have the number of infand 1
[28/11/2024, 14:57:24 IST] [INFO]: I have the direct flight option set to false
[28/11/2024, 14:57:24 IST] [INFO]: I have the baggage option set to false
[28/11/2024, 14:57:24 IST] [INFO]: I have the refundable option set to false
[28/11/2024, 14:57:49 IST] [INFO]: I enter the passenger title Mr
[28/11/2024, 14:57:58 IST] [INFO]: I enter the passenger title Mstr
[28/11/2024, 14:58:05 IST] [INFO]: I enter the passenger title Mstr
[28/11/2024, 14:58:14 IST] [INFO]: I enter the passenger title Miss
[28/11/2024, 20:30:50 IST] [INFO]: I have the departure location as DXB
[28/11/2024, 20:30:50 IST] [INFO]: I have the return location LHR
[28/11/2024, 20:30:50 IST] [INFO]: I have the departure date 12-01-2024
[28/11/2024, 20:30:51 IST] [INFO]: I have the cabin class Y
[28/11/2024, 20:30:51 IST] [INFO]: I have the number of adults 1
[28/11/2024, 20:30:51 IST] [INFO]: I have the number of children 2
[28/11/2024, 20:30:51 IST] [INFO]: I have the number of infand 1
[28/11/2024, 20:30:51 IST] [INFO]: I have the direct flight option set to false
[28/11/2024, 20:30:51 IST] [INFO]: I have the baggage option set to false
[28/11/2024, 20:30:51 IST] [INFO]: I have the refundable option set to false
[28/11/2024, 20:31:18 IST] [INFO]: I enter the passenger title Mr
[28/11/2024, 20:31:25 IST] [INFO]: I enter the passenger title Mstr
[28/11/2024, 20:31:31 IST] [INFO]: I enter the passenger title Mstr
[28/11/2024, 20:31:38 IST] [INFO]: I enter the passenger title Miss
[28/11/2024, 20:31:56 IST] [INFO]: I have the departure location as DXB
[28/11/2024, 20:31:56 IST] [INFO]: I have the return location DOH
[28/11/2024, 20:31:56 IST] [INFO]: I have the departure date 12-01-2024
[28/11/2024, 20:31:56 IST] [INFO]: I have the cabin class Y
[28/11/2024, 20:31:56 IST] [INFO]: I have the number of adults 1
[28/11/2024, 20:31:56 IST] [INFO]: I have the number of children 2
[28/11/2024, 20:31:56 IST] [INFO]: I have the number of infand 1
[28/11/2024, 20:31:56 IST] [INFO]: I have the direct flight option set to false
[28/11/2024, 20:31:56 IST] [INFO]: I have the baggage option set to false
[28/11/2024, 20:31:56 IST] [INFO]: I have the refundable option set to false
[28/11/2024, 20:32:24 IST] [INFO]: I enter the passenger title Mr
[28/11/2024, 20:32:30 IST] [INFO]: I enter the passenger title Mstr
[28/11/2024, 20:32:36 IST] [INFO]: I enter the passenger title Mstr
[28/11/2024, 20:32:44 IST] [INFO]: I enter the passenger title Miss
[29/11/2024, 00:27:33 IST] [INFO]: I have the departure location as DXB
[29/11/2024, 00:27:33 IST] [INFO]: I have the return location LHR
[29/11/2024, 00:27:33 IST] [INFO]: I have the departure date 12-01-2024
[29/11/2024, 00:27:33 IST] [INFO]: I have the cabin class Y
[29/11/2024, 00:27:33 IST] [INFO]: I have the number of adults 1
[29/11/2024, 00:27:33 IST] [INFO]: I have the number of children 2
[29/11/2024, 00:27:33 IST] [INFO]: I have the number of infand 1
[29/11/2024, 00:27:33 IST] [INFO]: I have the direct flight option set to false
[29/11/2024, 00:27:33 IST] [INFO]: I have the baggage option set to false
[29/11/2024, 00:27:33 IST] [INFO]: I have the refundable option set to false
[29/11/2024, 00:28:06 IST] [INFO]: I enter the passenger title Mr
[29/11/2024, 00:28:12 IST] [INFO]: I enter the passenger title Mstr
[29/11/2024, 00:28:20 IST] [INFO]: I enter the passenger title Mstr
[29/11/2024, 00:28:27 IST] [INFO]: I enter the passenger title Miss
[29/11/2024, 00:28:46 IST] [INFO]: I have the departure location as DXB
[29/11/2024, 00:28:46 IST] [INFO]: I have the return location DOH
[29/11/2024, 00:28:46 IST] [INFO]: I have the departure date 12-01-2024
[29/11/2024, 00:28:46 IST] [INFO]: I have the cabin class Y
[29/11/2024, 00:28:46 IST] [INFO]: I have the number of adults 1
[29/11/2024, 00:28:46 IST] [INFO]: I have the number of children 2
[29/11/2024, 00:28:46 IST] [INFO]: I have the number of infand 1
[29/11/2024, 00:28:46 IST] [INFO]: I have the direct flight option set to false
[29/11/2024, 00:28:46 IST] [INFO]: I have the baggage option set to false
[29/11/2024, 00:28:46 IST] [INFO]: I have the refundable option set to false
[29/11/2024, 00:29:11 IST] [INFO]: I enter the passenger title Mr
[29/11/2024, 00:29:17 IST] [INFO]: I enter the passenger title Mstr
[29/11/2024, 00:29:25 IST] [INFO]: I enter the passenger title Mstr
[29/11/2024, 00:42:49 IST] [INFO]: I have the departure location as DXB
[29/11/2024, 00:42:49 IST] [INFO]: I have the return location LHR
[29/11/2024, 00:42:49 IST] [INFO]: I have the departure date 12-01-2024
[29/11/2024, 00:42:49 IST] [INFO]: I have the cabin class Y
[29/11/2024, 00:42:49 IST] [INFO]: I have the number of adults 1
[29/11/2024, 00:42:49 IST] [INFO]: I have the number of children 2
[29/11/2024, 00:42:49 IST] [INFO]: I have the number of infand 1
[29/11/2024, 00:42:49 IST] [INFO]: I have the direct flight option set to false
[29/11/2024, 00:42:49 IST] [INFO]: I have the baggage option set to false
[29/11/2024, 00:42:49 IST] [INFO]: I have the refundable option set to false
[29/11/2024, 00:47:05 IST] [INFO]: I have the departure location as DXB
[29/11/2024, 00:47:05 IST] [INFO]: I have the return location LHR
[29/11/2024, 00:47:05 IST] [INFO]: I have the departure date 12-01-2024
[29/11/2024, 00:47:05 IST] [INFO]: I have the cabin class Y
[29/11/2024, 00:47:05 IST] [INFO]: I have the number of adults 1
[29/11/2024, 00:47:05 IST] [INFO]: I have the number of children 2
[29/11/2024, 00:47:05 IST] [INFO]: I have the number of infand 1
[29/11/2024, 00:47:05 IST] [INFO]: I have the direct flight option set to false
[29/11/2024, 00:47:05 IST] [INFO]: I have the baggage option set to false
[29/11/2024, 00:47:05 IST] [INFO]: I have the refundable option set to false
[29/11/2024, 00:47:20 IST] [INFO]: I have the departure location as DXB
[29/11/2024, 00:47:20 IST] [INFO]: I have the return location LHR
[29/11/2024, 00:47:20 IST] [INFO]: I have the departure date 12-01-2024
[29/11/2024, 00:47:20 IST] [INFO]: I have the cabin class Y
[29/11/2024, 00:47:20 IST] [INFO]: I have the number of adults 1
[29/11/2024, 00:47:20 IST] [INFO]: I have the number of children 2
[29/11/2024, 00:47:20 IST] [INFO]: I have the number of infand 1
[29/11/2024, 00:47:20 IST] [INFO]: I have the direct flight option set to false
[29/11/2024, 00:47:20 IST] [INFO]: I have the baggage option set to false
[29/11/2024, 00:47:20 IST] [INFO]: I have the refundable option set to false
[29/11/2024, 00:48:05 IST] [INFO]: I have the departure location as DXB
[29/11/2024, 00:48:05 IST] [INFO]: I have the return location LHR
[29/11/2024, 00:48:05 IST] [INFO]: I have the departure date 12-01-2024
[29/11/2024, 00:48:05 IST] [INFO]: I have the cabin class Y
[29/11/2024, 00:48:05 IST] [INFO]: I have the number of adults 1
[29/11/2024, 00:48:05 IST] [INFO]: I have the number of children 2
[29/11/2024, 00:48:05 IST] [INFO]: I have the number of infand 1
[29/11/2024, 00:48:05 IST] [INFO]: I have the direct flight option set to false
[29/11/2024, 00:48:05 IST] [INFO]: I have the baggage option set to false
[29/11/2024, 00:48:05 IST] [INFO]: I have the refundable option set to false
[29/11/2024, 00:48:05 IST] [INFO]: No airline available, skipping...
[29/11/2024, 00:50:45 IST] [INFO]: I have the departure location as DXB
[29/11/2024, 00:50:45 IST] [INFO]: I have the return location LHR
[29/11/2024, 00:50:45 IST] [INFO]: I have the departure date 12-01-2024
[29/11/2024, 00:50:45 IST] [INFO]: I have the cabin class Y
[29/11/2024, 00:50:45 IST] [INFO]: I have the number of adults 1
[29/11/2024, 00:50:45 IST] [INFO]: I have the number of children 2
[29/11/2024, 00:50:45 IST] [INFO]: I have the number of infand 1
[29/11/2024, 00:50:45 IST] [INFO]: I have the direct flight option set to false
[29/11/2024, 00:50:45 IST] [INFO]: I have the baggage option set to false
[29/11/2024, 00:50:45 IST] [INFO]: I have the refundable option set to false
[29/11/2024, 00:50:45 IST] [INFO]: I have entered the airline EK
[29/11/2024, 00:51:03 IST] [INFO]: I enter the passenger title Mr
[29/11/2024, 00:51:10 IST] [INFO]: I enter the passenger title Mstr
[29/11/2024, 00:51:16 IST] [INFO]: I enter the passenger title Mstr
[29/11/2024, 00:51:23 IST] [INFO]: I enter the passenger title Miss
[29/11/2024, 00:51:44 IST] [INFO]: I have the departure location as DXB
[29/11/2024, 00:51:44 IST] [INFO]: I have the return location LHR
[29/11/2024, 00:51:44 IST] [INFO]: I have the departure date 12-01-2024
[29/11/2024, 00:51:44 IST] [INFO]: I have the cabin class Y
[29/11/2024, 00:51:44 IST] [INFO]: I have the number of adults 1
[29/11/2024, 00:51:44 IST] [INFO]: I have the number of children 2
[29/11/2024, 00:51:44 IST] [INFO]: I have the number of infand 1
[29/11/2024, 00:51:44 IST] [INFO]: I have the direct flight option set to false
[29/11/2024, 00:51:44 IST] [INFO]: I have the baggage option set to false
[29/11/2024, 00:51:44 IST] [INFO]: I have the refundable option set to false
[29/11/2024, 00:51:44 IST] [INFO]: I have entered the airline EK
[29/11/2024, 00:52:01 IST] [INFO]: I have the departure location as DXB
[29/11/2024, 00:52:01 IST] [INFO]: I have the return location LHR
[29/11/2024, 00:52:01 IST] [INFO]: I have the departure date 12-01-2024
[29/11/2024, 00:52:01 IST] [INFO]: I have the cabin class Y
[29/11/2024, 00:52:01 IST] [INFO]: I have the number of adults 1
[29/11/2024, 00:52:01 IST] [INFO]: I have the number of children 2
[29/11/2024, 00:52:01 IST] [INFO]: I have the number of infand 1
[29/11/2024, 00:52:01 IST] [INFO]: I have the direct flight option set to false
[29/11/2024, 00:52:01 IST] [INFO]: I have the baggage option set to false
[29/11/2024, 00:52:01 IST] [INFO]: I have the refundable option set to false
[29/11/2024, 00:52:01 IST] [INFO]: I have entered the airline EK
[29/11/2024, 00:52:38 IST] [INFO]: I have the departure location as DXB
[29/11/2024, 00:52:38 IST] [INFO]: I have the return location DOH
[29/11/2024, 00:52:38 IST] [INFO]: I have the departure date 12-01-2024
[29/11/2024, 00:52:38 IST] [INFO]: I have the cabin class Y
[29/11/2024, 00:52:39 IST] [INFO]: I have the number of adults 1
[29/11/2024, 00:52:39 IST] [INFO]: I have the number of children 2
[29/11/2024, 00:52:39 IST] [INFO]: I have the number of infand 1
[29/11/2024, 00:52:39 IST] [INFO]: I have the direct flight option set to false
[29/11/2024, 00:52:39 IST] [INFO]: I have the baggage option set to false
[29/11/2024, 00:52:39 IST] [INFO]: I have the refundable option set to false
[29/11/2024, 00:52:39 IST] [INFO]: I have entered the airline QR
[29/11/2024, 00:53:22 IST] [INFO]: I have the departure location as DXB
[29/11/2024, 00:53:22 IST] [INFO]: I have the return location LHR
[29/11/2024, 00:53:22 IST] [INFO]: I have the departure date 12-01-2024
[29/11/2024, 00:53:22 IST] [INFO]: I have the cabin class Y
[29/11/2024, 00:53:22 IST] [INFO]: I have the number of adults 1
[29/11/2024, 00:53:22 IST] [INFO]: I have the number of children 2
[29/11/2024, 00:53:22 IST] [INFO]: I have the number of infand 1
[29/11/2024, 00:53:22 IST] [INFO]: I have the direct flight option set to false
[29/11/2024, 00:53:22 IST] [INFO]: I have the baggage option set to false
[29/11/2024, 00:53:22 IST] [INFO]: I have the refundable option set to false
[29/11/2024, 00:53:22 IST] [INFO]: I have entered the airline EK
[29/11/2024, 00:53:37 IST] [INFO]: I have the departure location as DXB
[29/11/2024, 00:53:37 IST] [INFO]: I have the return location LHR
[29/11/2024, 00:53:37 IST] [INFO]: I have the departure date 12-01-2024
[29/11/2024, 00:53:37 IST] [INFO]: I have the cabin class Y
[29/11/2024, 00:53:37 IST] [INFO]: I have the number of adults 1
[29/11/2024, 00:53:37 IST] [INFO]: I have the number of children 2
[29/11/2024, 00:53:37 IST] [INFO]: I have the number of infand 1
[29/11/2024, 00:53:37 IST] [INFO]: I have the direct flight option set to false
[29/11/2024, 00:53:37 IST] [INFO]: I have the baggage option set to false
[29/11/2024, 00:53:37 IST] [INFO]: I have the refundable option set to false
[29/11/2024, 00:53:37 IST] [INFO]: I have entered the airline EK
[29/11/2024, 00:54:10 IST] [INFO]: I have the departure location as DXB
[29/11/2024, 00:54:10 IST] [INFO]: I have the return location LHR
[29/11/2024, 00:54:10 IST] [INFO]: I have the departure date 12-01-2024
[29/11/2024, 00:54:10 IST] [INFO]: I have the cabin class Y
[29/11/2024, 00:54:10 IST] [INFO]: I have the number of adults 1
[29/11/2024, 00:54:10 IST] [INFO]: I have the number of children 2
[29/11/2024, 00:54:10 IST] [INFO]: I have the number of infand 1
[29/11/2024, 00:54:10 IST] [INFO]: I have the direct flight option set to false
[29/11/2024, 00:54:10 IST] [INFO]: I have the baggage option set to false
[29/11/2024, 00:54:10 IST] [INFO]: I have the refundable option set to false
[29/11/2024, 00:54:10 IST] [INFO]: I have entered the airline EK
[29/11/2024, 00:57:28 IST] [INFO]: I have the departure location as DXB
[29/11/2024, 00:57:28 IST] [INFO]: I have the return location LHR
[29/11/2024, 00:57:29 IST] [INFO]: I have the departure date 12-01-2024
[29/11/2024, 00:57:29 IST] [INFO]: I have the cabin class Y
[29/11/2024, 00:57:29 IST] [INFO]: I have the number of adults 1
[29/11/2024, 00:57:29 IST] [INFO]: I have the number of children 2
[29/11/2024, 00:57:29 IST] [INFO]: I have the number of infand 1
[29/11/2024, 00:57:29 IST] [INFO]: I have the direct flight option set to false
[29/11/2024, 00:57:29 IST] [INFO]: I have the baggage option set to false
[29/11/2024, 00:57:29 IST] [INFO]: I have the refundable option set to false
[29/11/2024, 00:57:29 IST] [INFO]: I have entered the airline EK
[29/11/2024, 00:57:35 IST] [INFO]: I have the departure location as DXB
[29/11/2024, 00:57:35 IST] [INFO]: I have the return location LHR
[29/11/2024, 00:57:35 IST] [INFO]: I have the departure date 12-01-2024
[29/11/2024, 00:57:35 IST] [INFO]: I have the cabin class Y
[29/11/2024, 00:57:35 IST] [INFO]: I have the number of adults 1
[29/11/2024, 00:57:35 IST] [INFO]: I have the number of children 2
[29/11/2024, 00:57:35 IST] [INFO]: I have the number of infand 1
[29/11/2024, 00:57:35 IST] [INFO]: I have the direct flight option set to false
[29/11/2024, 00:57:35 IST] [INFO]: I have the baggage option set to false
[29/11/2024, 00:57:35 IST] [INFO]: I have the refundable option set to false
[29/11/2024, 00:57:35 IST] [INFO]: I have entered the airline EK
[29/11/2024, 00:57:45 IST] [INFO]: I have the departure location as DXB
[29/11/2024, 00:57:45 IST] [INFO]: I have the return location DOH
[29/11/2024, 00:57:45 IST] [INFO]: I have the departure date 12-01-2024
[29/11/2024, 00:57:45 IST] [INFO]: I have the cabin class Y
[29/11/2024, 00:57:45 IST] [INFO]: I have the number of adults 1
[29/11/2024, 00:57:45 IST] [INFO]: I have the number of children 2
[29/11/2024, 00:57:45 IST] [INFO]: I have the number of infand 1
[29/11/2024, 00:57:45 IST] [INFO]: I have the direct flight option set to false
[29/11/2024, 00:57:46 IST] [INFO]: I have the baggage option set to false
[29/11/2024, 00:57:46 IST] [INFO]: I have the refundable option set to false
[29/11/2024, 00:57:46 IST] [INFO]: I have entered the airline QR
[29/11/2024, 00:59:23 IST] [INFO]: I have the departure location as DXB
[29/11/2024, 00:59:23 IST] [INFO]: I have the return location LHR
[29/11/2024, 00:59:23 IST] [INFO]: I have the departure date 12-01-2024
[29/11/2024, 00:59:23 IST] [INFO]: I have the cabin class Y
[29/11/2024, 00:59:23 IST] [INFO]: I have the number of adults 1
[29/11/2024, 00:59:23 IST] [INFO]: I have the number of children 2
[29/11/2024, 00:59:23 IST] [INFO]: I have the number of infand 1
[29/11/2024, 00:59:23 IST] [INFO]: I have the direct flight option set to false
[29/11/2024, 00:59:23 IST] [INFO]: I have the baggage option set to false
[29/11/2024, 00:59:23 IST] [INFO]: I have the refundable option set to false
[29/11/2024, 00:59:23 IST] [INFO]: I have entered the airline EK
[29/11/2024, 00:59:39 IST] [INFO]: I have the departure location as DXB
[29/11/2024, 00:59:39 IST] [INFO]: I have the return location DOH
[29/11/2024, 00:59:39 IST] [INFO]: I have the departure date 12-01-2024
[29/11/2024, 00:59:39 IST] [INFO]: I have the cabin class Y
[29/11/2024, 00:59:39 IST] [INFO]: I have the number of adults 1
[29/11/2024, 00:59:39 IST] [INFO]: I have the number of children 2
[29/11/2024, 00:59:39 IST] [INFO]: I have the number of infand 1
[29/11/2024, 00:59:39 IST] [INFO]: I have the direct flight option set to false
[29/11/2024, 00:59:39 IST] [INFO]: I have the baggage option set to false
[29/11/2024, 00:59:39 IST] [INFO]: I have the refundable option set to false
[29/11/2024, 00:59:39 IST] [INFO]: I have entered the airline QR
[29/11/2024, 01:00:27 IST] [INFO]: I have the departure location as DXB
[29/11/2024, 01:00:27 IST] [INFO]: I have the return location LHR
[29/11/2024, 01:00:27 IST] [INFO]: I have the departure date 12-01-2024
[29/11/2024, 01:00:27 IST] [INFO]: I have the cabin class Y
[29/11/2024, 01:00:27 IST] [INFO]: I have the number of adults 1
[29/11/2024, 01:00:27 IST] [INFO]: I have the number of children 2
[29/11/2024, 01:00:27 IST] [INFO]: I have the number of infand 1
[29/11/2024, 01:00:27 IST] [INFO]: I have the direct flight option set to false
[29/11/2024, 01:00:27 IST] [INFO]: I have the baggage option set to false
[29/11/2024, 01:00:27 IST] [INFO]: I have the refundable option set to false
[29/11/2024, 01:00:27 IST] [INFO]: I have entered the airline EK
[29/11/2024, 01:01:10 IST] [INFO]: I have the departure location as DXB
[29/11/2024, 01:01:10 IST] [INFO]: I have the return location DOH
[29/11/2024, 01:01:10 IST] [INFO]: I have the departure date 12-01-2024
[29/11/2024, 01:01:10 IST] [INFO]: I have the cabin class Y
[29/11/2024, 01:01:10 IST] [INFO]: I have the number of adults 1
[29/11/2024, 01:01:10 IST] [INFO]: I have the number of children 2
[29/11/2024, 01:01:10 IST] [INFO]: I have the number of infand 1
[29/11/2024, 01:01:10 IST] [INFO]: I have the direct flight option set to false
[29/11/2024, 01:01:10 IST] [INFO]: I have the baggage option set to false
[29/11/2024, 01:01:10 IST] [INFO]: I have the refundable option set to false
[29/11/2024, 01:01:10 IST] [INFO]: I have entered the airline QR
[29/11/2024, 01:04:55 IST] [INFO]: I have the departure location as DXB
[29/11/2024, 01:04:55 IST] [INFO]: I have the return location LHR
[29/11/2024, 01:04:55 IST] [INFO]: I have the departure date 12-01-2024
[29/11/2024, 01:04:55 IST] [INFO]: I have the cabin class Y
[29/11/2024, 01:04:55 IST] [INFO]: I have the number of adults 1
[29/11/2024, 01:04:55 IST] [INFO]: I have the number of children 2
[29/11/2024, 01:04:55 IST] [INFO]: I have the number of infand 1
[29/11/2024, 01:04:55 IST] [INFO]: I have the direct flight option set to false
[29/11/2024, 01:04:55 IST] [INFO]: I have the baggage option set to false
[29/11/2024, 01:04:55 IST] [INFO]: I have the refundable option set to false
[29/11/2024, 01:04:55 IST] [INFO]: I have entered the airline EK
[29/11/2024, 01:05:41 IST] [INFO]: I have the departure location as DXB
[29/11/2024, 01:05:41 IST] [INFO]: I have the return location DOH
[29/11/2024, 01:05:41 IST] [INFO]: I have the departure date 12-01-2024
[29/11/2024, 01:05:41 IST] [INFO]: I have the cabin class Y
[29/11/2024, 01:05:41 IST] [INFO]: I have the number of adults 1
[29/11/2024, 01:05:41 IST] [INFO]: I have the number of children 2
[29/11/2024, 01:05:41 IST] [INFO]: I have the number of infand 1
[29/11/2024, 01:05:41 IST] [INFO]: I have the direct flight option set to false
[29/11/2024, 01:05:41 IST] [INFO]: I have the baggage option set to false
[29/11/2024, 01:05:41 IST] [INFO]: I have the refundable option set to false
[29/11/2024, 01:05:41 IST] [INFO]: I have entered the airline QR
[29/11/2024, 01:07:32 IST] [INFO]: I have the departure location as DXB
[29/11/2024, 01:07:32 IST] [INFO]: I have the return location LHR
[29/11/2024, 01:07:32 IST] [INFO]: I have the departure date 12-01-2024
[29/11/2024, 01:07:32 IST] [INFO]: I have the cabin class Y
[29/11/2024, 01:07:32 IST] [INFO]: I have the number of adults 1
[29/11/2024, 01:07:32 IST] [INFO]: I have the number of children 2
[29/11/2024, 01:07:32 IST] [INFO]: I have the number of infand 1
[29/11/2024, 01:07:32 IST] [INFO]: I have the direct flight option set to false
[29/11/2024, 01:07:32 IST] [INFO]: I have the baggage option set to false
[29/11/2024, 01:07:32 IST] [INFO]: I have the refundable option set to false
[29/11/2024, 01:07:32 IST] [INFO]: I have entered the airline EK
[29/11/2024, 01:08:00 IST] [INFO]: I enter the passenger title Mr
[29/11/2024, 01:08:07 IST] [INFO]: I enter the passenger title Mstr
[29/11/2024, 01:15:33 IST] [INFO]: I have the departure location as DXB
[29/11/2024, 01:15:33 IST] [INFO]: I have the return location LHR
[29/11/2024, 01:15:33 IST] [INFO]: I have the departure date 12-01-2024
[29/11/2024, 01:15:33 IST] [INFO]: I have the cabin class Y
[29/11/2024, 01:15:33 IST] [INFO]: I have the number of adults 1
[29/11/2024, 01:15:33 IST] [INFO]: I have the number of children 2
[29/11/2024, 01:15:33 IST] [INFO]: I have the number of infand 1
[29/11/2024, 01:15:33 IST] [INFO]: I have the direct flight option set to false
[29/11/2024, 01:15:33 IST] [INFO]: I have the baggage option set to false
[29/11/2024, 01:15:33 IST] [INFO]: I have the refundable option set to false
[29/11/2024, 01:15:33 IST] [INFO]: I have entered the airline EK
[29/11/2024, 01:16:00 IST] [INFO]: I have the departure location as DXB
[29/11/2024, 01:16:00 IST] [INFO]: I have the return location LHR
[29/11/2024, 01:16:00 IST] [INFO]: I have the departure date 12-01-2024
[29/11/2024, 01:16:00 IST] [INFO]: I have the cabin class Y
[29/11/2024, 01:16:00 IST] [INFO]: I have the number of adults 1
[29/11/2024, 01:16:00 IST] [INFO]: I have the number of children 2
[29/11/2024, 01:16:00 IST] [INFO]: I have the number of infand 1
[29/11/2024, 01:16:00 IST] [INFO]: I have the direct flight option set to false
[29/11/2024, 01:16:00 IST] [INFO]: I have the baggage option set to false
[29/11/2024, 01:16:00 IST] [INFO]: I have the refundable option set to false
[29/11/2024, 01:16:00 IST] [INFO]: I have entered the airline EK
[29/11/2024, 01:16:49 IST] [INFO]: I have the departure location as DXB
[29/11/2024, 01:16:49 IST] [INFO]: I have the return location DOH
[29/11/2024, 01:16:49 IST] [INFO]: I have the departure date 12-01-2024
[29/11/2024, 01:16:49 IST] [INFO]: I have the cabin class Y
[29/11/2024, 01:16:49 IST] [INFO]: I have the number of adults 1
[29/11/2024, 01:16:49 IST] [INFO]: I have the number of children 2
[29/11/2024, 01:16:49 IST] [INFO]: I have the number of infand 1
[29/11/2024, 01:16:49 IST] [INFO]: I have the direct flight option set to false
[29/11/2024, 01:16:49 IST] [INFO]: I have the baggage option set to false
[29/11/2024, 01:16:49 IST] [INFO]: I have the refundable option set to false
[29/11/2024, 01:16:49 IST] [INFO]: I have entered the airline QR
[29/11/2024, 01:20:00 IST] [INFO]: I have the departure location as DXB
[29/11/2024, 01:20:00 IST] [INFO]: I have the return location LHR
[29/11/2024, 01:20:00 IST] [INFO]: I have the departure date 12-01-2024
[29/11/2024, 01:20:00 IST] [INFO]: I have the cabin class Y
[29/11/2024, 01:20:00 IST] [INFO]: I have the number of adults 1
[29/11/2024, 01:20:00 IST] [INFO]: I have the number of children 2
[29/11/2024, 01:20:00 IST] [INFO]: I have the number of infand 1
[29/11/2024, 01:20:00 IST] [INFO]: I have the direct flight option set to false
[29/11/2024, 01:20:00 IST] [INFO]: I have the baggage option set to false
[29/11/2024, 01:20:01 IST] [INFO]: I have the refundable option set to false
[29/11/2024, 01:20:01 IST] [INFO]: I have entered the airline EK
[29/11/2024, 01:20:49 IST] [INFO]: I have the departure location as DXB
[29/11/2024, 01:20:49 IST] [INFO]: I have the return location DOH
[29/11/2024, 01:20:49 IST] [INFO]: I have the departure date 12-01-2024
[29/11/2024, 01:20:49 IST] [INFO]: I have the cabin class Y
[29/11/2024, 01:20:49 IST] [INFO]: I have the number of adults 1
[29/11/2024, 01:20:49 IST] [INFO]: I have the number of children 2
[29/11/2024, 01:20:49 IST] [INFO]: I have the number of infand 1
[29/11/2024, 01:20:49 IST] [INFO]: I have the direct flight option set to false
[29/11/2024, 01:20:49 IST] [INFO]: I have the baggage option set to false
[29/11/2024, 01:20:49 IST] [INFO]: I have the refundable option set to false
[29/11/2024, 01:20:49 IST] [INFO]: I have entered the airline QR
[29/11/2024, 01:23:47 IST] [INFO]: I have the departure location as DXB
[29/11/2024, 01:23:47 IST] [INFO]: I have the return location LHR
[29/11/2024, 01:23:47 IST] [INFO]: I have the departure date 12-01-2024
[29/11/2024, 01:23:47 IST] [INFO]: I have the cabin class Y
[29/11/2024, 01:23:47 IST] [INFO]: I have the number of adults 1
[29/11/2024, 01:23:47 IST] [INFO]: I have the number of children 2
[29/11/2024, 01:23:47 IST] [INFO]: I have the number of infand 1
[29/11/2024, 01:23:48 IST] [INFO]: I have the direct flight option set to false
[29/11/2024, 01:23:48 IST] [INFO]: I have the baggage option set to false
[29/11/2024, 01:23:48 IST] [INFO]: I have the refundable option set to false
[29/11/2024, 01:23:48 IST] [INFO]: I have entered the airline EK
[29/11/2024, 01:25:46 IST] [INFO]: I have the departure location as DXB
[29/11/2024, 01:25:46 IST] [INFO]: I have the return location LHR
[29/11/2024, 01:25:46 IST] [INFO]: I have the departure date 12-01-2024
[29/11/2024, 01:25:46 IST] [INFO]: I have the cabin class Y
[29/11/2024, 01:25:46 IST] [INFO]: I have the number of adults 1
[29/11/2024, 01:25:46 IST] [INFO]: I have the number of children 2
[29/11/2024, 01:25:46 IST] [INFO]: I have the number of infand 1
[29/11/2024, 01:25:46 IST] [INFO]: I have the direct flight option set to false
[29/11/2024, 01:25:46 IST] [INFO]: I have the baggage option set to false
[29/11/2024, 01:25:46 IST] [INFO]: I have the refundable option set to false
[29/11/2024, 01:25:46 IST] [INFO]: I have entered the airline EK
[29/11/2024, 01:26:35 IST] [INFO]: I have the departure location as DXB
[29/11/2024, 01:26:35 IST] [INFO]: I have the return location DOH
[29/11/2024, 01:26:35 IST] [INFO]: I have the departure date 12-01-2024
[29/11/2024, 01:26:35 IST] [INFO]: I have the cabin class Y
[29/11/2024, 01:26:35 IST] [INFO]: I have the number of adults 1
[29/11/2024, 01:26:35 IST] [INFO]: I have the number of children 2
[29/11/2024, 01:26:35 IST] [INFO]: I have the number of infand 1
[29/11/2024, 01:26:35 IST] [INFO]: I have the direct flight option set to false
[29/11/2024, 01:26:35 IST] [INFO]: I have the baggage option set to false
[29/11/2024, 01:26:35 IST] [INFO]: I have the refundable option set to false
[29/11/2024, 01:26:35 IST] [INFO]: I have entered the airline QR
[29/11/2024, 01:27:39 IST] [INFO]: I have the departure location as DXB
[29/11/2024, 01:27:39 IST] [INFO]: I have the return location LHR
[29/11/2024, 01:27:39 IST] [INFO]: I have the departure date 12-01-2024
[29/11/2024, 01:27:39 IST] [INFO]: I have the cabin class Y
[29/11/2024, 01:27:39 IST] [INFO]: I have the number of adults 1
[29/11/2024, 01:27:39 IST] [INFO]: I have the number of children 2
[29/11/2024, 01:27:39 IST] [INFO]: I have the number of infand 1
[29/11/2024, 01:27:39 IST] [INFO]: I have the direct flight option set to false
[29/11/2024, 01:27:39 IST] [INFO]: I have the baggage option set to false
[29/11/2024, 01:27:39 IST] [INFO]: I have the refundable option set to false
[29/11/2024, 01:27:39 IST] [INFO]: I have entered the airline EK
[29/11/2024, 01:28:26 IST] [INFO]: I have the departure location as DXB
[29/11/2024, 01:28:26 IST] [INFO]: I have the return location DOH
[29/11/2024, 01:28:26 IST] [INFO]: I have the departure date 12-01-2024
[29/11/2024, 01:28:26 IST] [INFO]: I have the cabin class Y
[29/11/2024, 01:28:26 IST] [INFO]: I have the number of adults 1
[29/11/2024, 01:28:26 IST] [INFO]: I have the number of children 2
[29/11/2024, 01:28:26 IST] [INFO]: I have the number of infand 1
[29/11/2024, 01:28:26 IST] [INFO]: I have the direct flight option set to false
[29/11/2024, 01:28:26 IST] [INFO]: I have the baggage option set to false
[29/11/2024, 01:28:26 IST] [INFO]: I have the refundable option set to false
[29/11/2024, 01:28:26 IST] [INFO]: I have entered the airline QR
[29/11/2024, 01:29:10 IST] [INFO]: I have the departure location as DXB
[29/11/2024, 01:29:10 IST] [INFO]: I have the return location LHR
[29/11/2024, 01:29:10 IST] [INFO]: I have the departure date 12-01-2024
[29/11/2024, 01:29:10 IST] [INFO]: I have the cabin class Y
[29/11/2024, 01:29:10 IST] [INFO]: I have the number of adults 1
[29/11/2024, 01:29:10 IST] [INFO]: I have the number of children 2
[29/11/2024, 01:29:10 IST] [INFO]: I have the number of infand 1
[29/11/2024, 01:29:10 IST] [INFO]: I have the direct flight option set to false
[29/11/2024, 01:29:10 IST] [INFO]: I have the baggage option set to false
[29/11/2024, 01:29:10 IST] [INFO]: I have the refundable option set to false
[29/11/2024, 01:29:10 IST] [INFO]: I have entered the airline EK
[29/11/2024, 01:30:00 IST] [INFO]: I have the departure location as DXB
[29/11/2024, 01:30:00 IST] [INFO]: I have the return location DOH
[29/11/2024, 01:30:00 IST] [INFO]: I have the departure date 12-01-2024
[29/11/2024, 01:30:00 IST] [INFO]: I have the cabin class Y
[29/11/2024, 01:30:00 IST] [INFO]: I have the number of adults 1
[29/11/2024, 01:30:00 IST] [INFO]: I have the number of children 2
[29/11/2024, 01:30:00 IST] [INFO]: I have the number of infand 1
[29/11/2024, 01:30:00 IST] [INFO]: I have the direct flight option set to false
[29/11/2024, 01:30:00 IST] [INFO]: I have the baggage option set to false
[29/11/2024, 01:30:00 IST] [INFO]: I have the refundable option set to false
[29/11/2024, 01:30:00 IST] [INFO]: I have entered the airline QR
[29/11/2024, 01:30:21 IST] [INFO]: I have the departure location as DXB
[29/11/2024, 01:30:21 IST] [INFO]: I have the return location LHR
[29/11/2024, 01:30:21 IST] [INFO]: I have the departure date 12-01-2024
[29/11/2024, 01:30:21 IST] [INFO]: I have the cabin class Y
[29/11/2024, 01:30:21 IST] [INFO]: I have the number of adults 1
[29/11/2024, 01:30:21 IST] [INFO]: I have the number of children 2
[29/11/2024, 01:30:21 IST] [INFO]: I have the number of infand 1
[29/11/2024, 01:30:21 IST] [INFO]: I have the direct flight option set to false
[29/11/2024, 01:30:21 IST] [INFO]: I have the baggage option set to false
[29/11/2024, 01:30:21 IST] [INFO]: I have the refundable option set to false
[29/11/2024, 01:30:21 IST] [INFO]: I have entered the airline EK
[29/11/2024, 01:30:37 IST] [INFO]: I have the departure location as DXB
[29/11/2024, 01:30:37 IST] [INFO]: I have the return location LHR
[29/11/2024, 01:30:37 IST] [INFO]: I have the departure date 12-01-2024
[29/11/2024, 01:30:37 IST] [INFO]: I have the cabin class Y
[29/11/2024, 01:30:37 IST] [INFO]: I have the number of adults 1
[29/11/2024, 01:30:37 IST] [INFO]: I have the number of children 2
[29/11/2024, 01:30:37 IST] [INFO]: I have the number of infand 1
[29/11/2024, 01:30:37 IST] [INFO]: I have the direct flight option set to false
[29/11/2024, 01:30:37 IST] [INFO]: I have the baggage option set to false
[29/11/2024, 01:30:37 IST] [INFO]: I have the refundable option set to false
[29/11/2024, 01:30:38 IST] [INFO]: I have entered the airline EK
[29/11/2024, 01:31:27 IST] [INFO]: I have the departure location as DXB
[29/11/2024, 01:31:27 IST] [INFO]: I have the return location DOH
[29/11/2024, 01:31:27 IST] [INFO]: I have the departure date 12-01-2024
[29/11/2024, 01:31:27 IST] [INFO]: I have the cabin class Y
[29/11/2024, 01:31:27 IST] [INFO]: I have the number of adults 1
[29/11/2024, 01:31:27 IST] [INFO]: I have the number of children 2
[29/11/2024, 01:31:27 IST] [INFO]: I have the number of infand 1
[29/11/2024, 01:31:27 IST] [INFO]: I have the direct flight option set to false
[29/11/2024, 01:31:27 IST] [INFO]: I have the baggage option set to false
[29/11/2024, 01:31:27 IST] [INFO]: I have the refundable option set to false
[29/11/2024, 01:31:27 IST] [INFO]: I have entered the airline QR
[29/11/2024, 01:31:36 IST] [INFO]: I have the departure location as DXB
[29/11/2024, 01:31:36 IST] [INFO]: I have the return location LHR
[29/11/2024, 01:31:36 IST] [INFO]: I have the departure date 12-01-2024
[29/11/2024, 01:31:36 IST] [INFO]: I have the cabin class Y
[29/11/2024, 01:31:36 IST] [INFO]: I have the number of adults 1
[29/11/2024, 01:31:36 IST] [INFO]: I have the number of children 2
[29/11/2024, 01:31:36 IST] [INFO]: I have the number of infand 1
[29/11/2024, 01:31:36 IST] [INFO]: I have the direct flight option set to false
[29/11/2024, 01:31:36 IST] [INFO]: I have the baggage option set to false
[29/11/2024, 01:31:36 IST] [INFO]: I have the refundable option set to false
[29/11/2024, 01:31:36 IST] [INFO]: I have entered the airline EK
[29/11/2024, 01:32:22 IST] [INFO]: I have the departure location as DXB
[29/11/2024, 01:32:22 IST] [INFO]: I have the return location DOH
[29/11/2024, 01:32:22 IST] [INFO]: I have the departure date 12-01-2024
[29/11/2024, 01:32:22 IST] [INFO]: I have the cabin class Y
[29/11/2024, 01:32:22 IST] [INFO]: I have the number of adults 1
[29/11/2024, 01:32:22 IST] [INFO]: I have the number of children 2
[29/11/2024, 01:32:22 IST] [INFO]: I have the number of infand 1
[29/11/2024, 01:32:22 IST] [INFO]: I have the direct flight option set to false
[29/11/2024, 01:32:22 IST] [INFO]: I have the baggage option set to false
[29/11/2024, 01:32:22 IST] [INFO]: I have the refundable option set to false
[29/11/2024, 01:32:22 IST] [INFO]: I have entered the airline QR
[29/11/2024, 01:33:57 IST] [INFO]: I have the departure location as DXB
[29/11/2024, 01:33:57 IST] [INFO]: I have the return location LHR
[29/11/2024, 01:33:57 IST] [INFO]: I have the departure date 12-01-2024
[29/11/2024, 01:33:57 IST] [INFO]: I have the cabin class Y
[29/11/2024, 01:33:57 IST] [INFO]: I have the number of adults 1
[29/11/2024, 01:33:57 IST] [INFO]: I have the number of children 2
[29/11/2024, 01:33:57 IST] [INFO]: I have the number of infand 1
[29/11/2024, 01:33:57 IST] [INFO]: I have the direct flight option set to false
[29/11/2024, 01:33:57 IST] [INFO]: I have the baggage option set to false
[29/11/2024, 01:33:57 IST] [INFO]: I have the refundable option set to false
[29/11/2024, 01:33:57 IST] [INFO]: I have entered the airline EK
[29/11/2024, 01:34:46 IST] [INFO]: I have the departure location as DXB
[29/11/2024, 01:34:46 IST] [INFO]: I have the return location DOH
[29/11/2024, 01:34:46 IST] [INFO]: I have the departure date 12-01-2024
[29/11/2024, 01:34:46 IST] [INFO]: I have the cabin class Y
[29/11/2024, 01:34:46 IST] [INFO]: I have the number of adults 1
[29/11/2024, 01:34:46 IST] [INFO]: I have the number of children 2
[29/11/2024, 01:34:46 IST] [INFO]: I have the number of infand 1
[29/11/2024, 01:34:46 IST] [INFO]: I have the direct flight option set to false
[29/11/2024, 01:34:46 IST] [INFO]: I have the baggage option set to false
[29/11/2024, 01:34:46 IST] [INFO]: I have the refundable option set to false
[29/11/2024, 01:34:46 IST] [INFO]: I have entered the airline QR
[29/11/2024, 10:18:07 IST] [INFO]: I have the departure location as DXB
[29/11/2024, 10:18:07 IST] [INFO]: I have the return location LHR
[29/11/2024, 10:18:07 IST] [INFO]: I have the departure date 12-01-2024
[29/11/2024, 10:18:07 IST] [INFO]: I have the cabin class Y
[29/11/2024, 10:18:07 IST] [INFO]: I have the number of adults 1
[29/11/2024, 10:18:07 IST] [INFO]: I have the number of children 2
[29/11/2024, 10:18:07 IST] [INFO]: I have the number of infand 1
[29/11/2024, 10:18:07 IST] [INFO]: I have the direct flight option set to false
[29/11/2024, 10:18:07 IST] [INFO]: I have the baggage option set to false
[29/11/2024, 10:18:07 IST] [INFO]: I have the refundable option set to false
[29/11/2024, 10:18:07 IST] [INFO]: I have entered the airline EK
[29/11/2024, 10:18:52 IST] [INFO]: I have the departure location as DXB
[29/11/2024, 10:18:52 IST] [INFO]: I have the return location LHR
[29/11/2024, 10:18:52 IST] [INFO]: I have the departure date 12-01-2024
[29/11/2024, 10:18:52 IST] [INFO]: I have the cabin class Y
[29/11/2024, 10:18:53 IST] [INFO]: I have the number of adults 1
[29/11/2024, 10:18:53 IST] [INFO]: I have the number of children 2
[29/11/2024, 10:18:53 IST] [INFO]: I have the number of infand 1
[29/11/2024, 10:18:53 IST] [INFO]: I have the direct flight option set to false
[29/11/2024, 10:18:53 IST] [INFO]: I have the baggage option set to false
[29/11/2024, 10:18:53 IST] [INFO]: I have the refundable option set to false
[29/11/2024, 10:18:53 IST] [INFO]: I have entered the airline EK
[29/11/2024, 10:19:00 IST] [INFO]: I have the departure location as DXB
[29/11/2024, 10:19:00 IST] [INFO]: I have the return location LHR
[29/11/2024, 10:19:00 IST] [INFO]: I have the departure date 12-01-2024
[29/11/2024, 10:19:00 IST] [INFO]: I have the cabin class Y
[29/11/2024, 10:19:00 IST] [INFO]: I have the number of adults 1
[29/11/2024, 10:19:00 IST] [INFO]: I have the number of children 2
[29/11/2024, 10:19:00 IST] [INFO]: I have the number of infand 1
[29/11/2024, 10:19:00 IST] [INFO]: I have the direct flight option set to false
[29/11/2024, 10:19:00 IST] [INFO]: I have the baggage option set to false
[29/11/2024, 10:19:00 IST] [INFO]: I have the refundable option set to false
[29/11/2024, 10:19:00 IST] [INFO]: I have entered the airline EK
[29/11/2024, 10:19:53 IST] [INFO]: I have the departure location as DXB
[29/11/2024, 10:19:53 IST] [INFO]: I have the return location DOH
[29/11/2024, 10:19:53 IST] [INFO]: I have the departure date 12-01-2024
[29/11/2024, 10:19:53 IST] [INFO]: I have the cabin class Y
[29/11/2024, 10:19:53 IST] [INFO]: I have the number of adults 1
[29/11/2024, 10:19:53 IST] [INFO]: I have the number of children 2
[29/11/2024, 10:19:53 IST] [INFO]: I have the number of infand 1
[29/11/2024, 10:19:53 IST] [INFO]: I have the direct flight option set to false
[29/11/2024, 10:19:53 IST] [INFO]: I have the baggage option set to false
[29/11/2024, 10:19:53 IST] [INFO]: I have the refundable option set to false
[29/11/2024, 10:19:53 IST] [INFO]: I have entered the airline QR
[08/12/2024, 23:07:44 IST] [INFO]: I have the departure location as DXB
[08/12/2024, 23:07:44 IST] [INFO]: I have the return location LHR
[08/12/2024, 23:07:44 IST] [INFO]: I have the departure date 12-01-2024
[08/12/2024, 23:07:44 IST] [INFO]: I have the cabin class Y
[08/12/2024, 23:07:44 IST] [INFO]: I have the number of adults 1
[08/12/2024, 23:07:44 IST] [INFO]: I have the number of children 2
[08/12/2024, 23:07:44 IST] [INFO]: I have the number of infand 1
[08/12/2024, 23:07:44 IST] [INFO]: I have the direct flight option set to false
[08/12/2024, 23:07:44 IST] [INFO]: I have the baggage option set to false
[08/12/2024, 23:07:44 IST] [INFO]: I have the refundable option set to false
[08/12/2024, 23:07:44 IST] [INFO]: I have entered the airline EK
[08/12/2024, 23:07:51 IST] [INFO]: I have the departure location as DXB
[08/12/2024, 23:07:51 IST] [INFO]: I have the return location LHR
[08/12/2024, 23:07:51 IST] [INFO]: I have the departure date 12-01-2024
[08/12/2024, 23:07:51 IST] [INFO]: I have the cabin class Y
[08/12/2024, 23:07:51 IST] [INFO]: I have the number of adults 1
[08/12/2024, 23:07:51 IST] [INFO]: I have the number of children 2
[08/12/2024, 23:07:51 IST] [INFO]: I have the number of infand 1
[08/12/2024, 23:07:51 IST] [INFO]: I have the direct flight option set to false
[08/12/2024, 23:07:51 IST] [INFO]: I have the baggage option set to false
[08/12/2024, 23:07:51 IST] [INFO]: I have the refundable option set to false
[08/12/2024, 23:07:51 IST] [INFO]: I have entered the airline EK
[11/12/2024, 00:43:02 IST] [INFO]: I have the departure location as DXB
[11/12/2024, 00:43:02 IST] [INFO]: I have the return location LHR
[11/12/2024, 00:43:02 IST] [INFO]: I have the departure date 12-01-2024
[11/12/2024, 00:43:02 IST] [INFO]: I have the cabin class Y
[11/12/2024, 00:43:02 IST] [INFO]: I have the number of adults 1
[11/12/2024, 00:43:02 IST] [INFO]: I have the number of children 2
[11/12/2024, 00:43:02 IST] [INFO]: I have the number of infand 1
[11/12/2024, 00:43:02 IST] [INFO]: I have the direct flight option set to false
[11/12/2024, 00:43:02 IST] [INFO]: I have the baggage option set to false
[11/12/2024, 00:43:02 IST] [INFO]: I have the refundable option set to false
[11/12/2024, 00:43:02 IST] [INFO]: I have entered the airline EK
[13/12/2024, 17:55:45 IST] [INFO]: I have the departure location as DXB
[13/12/2024, 17:55:46 IST] [INFO]: I have the return location LHR
[13/12/2024, 17:55:46 IST] [INFO]: I have the departure date 12-01-2024
[13/12/2024, 17:55:46 IST] [INFO]: I have the cabin class Y
[13/12/2024, 17:55:46 IST] [INFO]: I have the number of adults 1
[13/12/2024, 17:55:46 IST] [INFO]: I have the number of children 2
[13/12/2024, 17:55:46 IST] [INFO]: I have the number of infand 1
[13/12/2024, 17:55:46 IST] [INFO]: I have the direct flight option set to false
[13/12/2024, 17:55:46 IST] [INFO]: I have the baggage option set to false
[13/12/2024, 17:55:46 IST] [INFO]: I have the refundable option set to false
[13/12/2024, 17:55:46 IST] [INFO]: I have entered the airline EK
[13/12/2024, 17:55:52 IST] [INFO]: I have the departure location as DXB
[13/12/2024, 17:55:52 IST] [INFO]: I have the return location LHR
[13/12/2024, 17:55:52 IST] [INFO]: I have the departure date 12-01-2024
[13/12/2024, 17:55:52 IST] [INFO]: I have the cabin class Y
[13/12/2024, 17:55:52 IST] [INFO]: I have the number of adults 1
[13/12/2024, 17:55:52 IST] [INFO]: I have the number of children 2
[13/12/2024, 17:55:52 IST] [INFO]: I have the number of infand 1
[13/12/2024, 17:55:52 IST] [INFO]: I have the direct flight option set to false
[13/12/2024, 17:55:52 IST] [INFO]: I have the baggage option set to false
[13/12/2024, 17:55:52 IST] [INFO]: I have the refundable option set to false
[13/12/2024, 17:55:52 IST] [INFO]: I have entered the airline EK
[13/12/2024, 17:56:30 IST] [INFO]: I have the departure location as DXB
[13/12/2024, 17:56:30 IST] [INFO]: I have the return location DOH
[13/12/2024, 17:56:30 IST] [INFO]: I have the departure date 12-01-2024
[13/12/2024, 17:56:30 IST] [INFO]: I have the cabin class Y
[13/12/2024, 17:56:30 IST] [INFO]: I have the number of adults 1
[13/12/2024, 17:56:30 IST] [INFO]: I have the number of children 2
[13/12/2024, 17:56:30 IST] [INFO]: I have the number of infand 1
[13/12/2024, 17:56:30 IST] [INFO]: I have the direct flight option set to false
[13/12/2024, 17:56:31 IST] [INFO]: I have the baggage option set to false
[13/12/2024, 17:56:31 IST] [INFO]: I have the refundable option set to false
[13/12/2024, 17:56:31 IST] [INFO]: I have entered the airline QR
[13/12/2024, 17:57:13 IST] [INFO]: I have the departure location as DXB
[13/12/2024, 17:57:13 IST] [INFO]: I have the return location LHR
[13/12/2024, 17:57:13 IST] [INFO]: I have the departure date 12-15-2024
[13/12/2024, 17:57:13 IST] [INFO]: I have the cabin class Y
[13/12/2024, 17:57:13 IST] [INFO]: I have the number of adults 1
[13/12/2024, 17:57:13 IST] [INFO]: I have the number of children 2
[13/12/2024, 17:57:13 IST] [INFO]: I have the number of infand 1
[13/12/2024, 17:57:13 IST] [INFO]: I have the direct flight option set to false
[13/12/2024, 17:57:13 IST] [INFO]: I have the baggage option set to false
[13/12/2024, 17:57:13 IST] [INFO]: I have the refundable option set to false
[13/12/2024, 17:57:13 IST] [INFO]: No airline available, skipping...
[13/12/2024, 17:57:24 IST] [INFO]: I have the departure location as DXB
[13/12/2024, 17:57:24 IST] [INFO]: I have the return location DOH
[13/12/2024, 17:57:24 IST] [INFO]: I have the departure date 12-01-2024
[13/12/2024, 17:57:24 IST] [INFO]: I have the cabin class Y
[13/12/2024, 17:57:24 IST] [INFO]: I have the number of adults 1
[13/12/2024, 17:57:24 IST] [INFO]: I have the number of children 2
[13/12/2024, 17:57:24 IST] [INFO]: I have the number of infand 1
[13/12/2024, 17:57:24 IST] [INFO]: I have the direct flight option set to false
[13/12/2024, 17:57:24 IST] [INFO]: I have the baggage option set to false
[13/12/2024, 17:57:24 IST] [INFO]: I have the refundable option set to false
[13/12/2024, 17:57:24 IST] [INFO]: I have entered the airline QR
[13/12/2024, 17:58:01 IST] [INFO]: I have the departure location as DXB
[13/12/2024, 17:58:01 IST] [INFO]: I have the return location LHR
[13/12/2024, 17:58:01 IST] [INFO]: I have the departure date 12-15-2024
[13/12/2024, 17:58:01 IST] [INFO]: I have the cabin class Y
[13/12/2024, 17:58:01 IST] [INFO]: I have the number of adults 1
[13/12/2024, 17:58:01 IST] [INFO]: I have the number of children 2
[13/12/2024, 17:58:01 IST] [INFO]: I have the number of infand 1
[13/12/2024, 17:58:01 IST] [INFO]: I have the direct flight option set to false
[13/12/2024, 17:58:01 IST] [INFO]: I have the baggage option set to false
[13/12/2024, 17:58:01 IST] [INFO]: I have the refundable option set to false
[13/12/2024, 17:58:01 IST] [INFO]: No airline available, skipping...
[13/12/2024, 17:59:18 IST] [INFO]: I have the departure location as DXB
[13/12/2024, 17:59:18 IST] [INFO]: I have the return location LHR
[13/12/2024, 17:59:18 IST] [INFO]: I have the departure date 12-15-2024
[13/12/2024, 17:59:18 IST] [INFO]: I have the cabin class Y
[13/12/2024, 17:59:18 IST] [INFO]: I have the number of adults 1
[13/12/2024, 17:59:18 IST] [INFO]: I have the number of children 2
[13/12/2024, 17:59:18 IST] [INFO]: I have the number of infand 1
[13/12/2024, 17:59:18 IST] [INFO]: I have the direct flight option set to false
[13/12/2024, 17:59:18 IST] [INFO]: I have the baggage option set to false
[13/12/2024, 17:59:18 IST] [INFO]: I have the refundable option set to false
[13/12/2024, 17:59:18 IST] [INFO]: No airline available, skipping...
[13/12/2024, 18:00:54 IST] [INFO]: I have the departure location as DXB
[13/12/2024, 18:00:55 IST] [INFO]: I have the return location LHR
[13/12/2024, 18:00:55 IST] [INFO]: I have the departure date 12-15-2024
[13/12/2024, 18:00:55 IST] [INFO]: I have the cabin class Y
[13/12/2024, 18:00:55 IST] [INFO]: I have the number of adults 1
[13/12/2024, 18:00:55 IST] [INFO]: I have the number of children 2
[13/12/2024, 18:00:55 IST] [INFO]: I have the number of infand 1
[13/12/2024, 18:00:55 IST] [INFO]: I have the direct flight option set to false
[13/12/2024, 18:00:55 IST] [INFO]: I have the baggage option set to false
[13/12/2024, 18:00:55 IST] [INFO]: I have the refundable option set to false
[13/12/2024, 18:00:55 IST] [INFO]: No airline available, skipping...
[13/12/2024, 18:01:47 IST] [INFO]: I have the departure location as DXB
[13/12/2024, 18:01:47 IST] [INFO]: I have the return location LHR
[13/12/2024, 18:01:47 IST] [INFO]: I have the departure date 12-15-2024
[13/12/2024, 18:01:47 IST] [INFO]: I have the cabin class Y
[13/12/2024, 18:01:48 IST] [INFO]: I have the number of adults 1
[13/12/2024, 18:01:48 IST] [INFO]: I have the number of children 2
[13/12/2024, 18:01:48 IST] [INFO]: I have the number of infand 1
[13/12/2024, 18:01:48 IST] [INFO]: I have the direct flight option set to false
[13/12/2024, 18:01:48 IST] [INFO]: I have the baggage option set to false
[13/12/2024, 18:01:48 IST] [INFO]: I have the refundable option set to false
[13/12/2024, 18:01:48 IST] [INFO]: No airline available, skipping...
[13/12/2024, 18:02:14 IST] [INFO]: I have the departure location as DXB
[13/12/2024, 18:02:14 IST] [INFO]: I have the return location LHR
[13/12/2024, 18:02:14 IST] [INFO]: I have the departure date 12-15-2024
[13/12/2024, 18:02:15 IST] [INFO]: I have the cabin class Y
[13/12/2024, 18:02:15 IST] [INFO]: I have the number of adults 1
[13/12/2024, 18:02:15 IST] [INFO]: I have the number of children 2
[13/12/2024, 18:02:15 IST] [INFO]: I have the number of infand 1
[13/12/2024, 18:02:15 IST] [INFO]: I have the direct flight option set to false
[13/12/2024, 18:02:15 IST] [INFO]: I have the baggage option set to false
[13/12/2024, 18:02:15 IST] [INFO]: I have the refundable option set to false
[13/12/2024, 18:02:15 IST] [INFO]: No airline available, skipping...
[13/12/2024, 18:10:04 IST] [INFO]: I have the departure location as DXB
[13/12/2024, 18:10:04 IST] [INFO]: I have the return location LHR
[13/12/2024, 18:10:04 IST] [INFO]: I have the departure date 12-15-2024
[13/12/2024, 18:10:04 IST] [INFO]: I have the cabin class Y
[13/12/2024, 18:10:04 IST] [INFO]: I have the number of adults 1
[13/12/2024, 18:10:04 IST] [INFO]: I have the number of children 2
[13/12/2024, 18:10:04 IST] [INFO]: I have the number of infand 1
[13/12/2024, 18:10:04 IST] [INFO]: I have the direct flight option set to false
[13/12/2024, 18:10:04 IST] [INFO]: I have the baggage option set to false
[13/12/2024, 18:10:04 IST] [INFO]: I have the refundable option set to false
[13/12/2024, 18:10:04 IST] [INFO]: No airline available, skipping...
[13/12/2024, 18:11:53 IST] [INFO]: I have the departure location as DXB
[13/12/2024, 18:11:53 IST] [INFO]: I have the return location LHR
[13/12/2024, 18:11:53 IST] [INFO]: I have the departure date 12-15-2024
[13/12/2024, 18:11:53 IST] [INFO]: I have the cabin class Y
[13/12/2024, 18:11:53 IST] [INFO]: I have the number of adults 1
[13/12/2024, 18:11:53 IST] [INFO]: I have the number of children 2
[13/12/2024, 18:11:53 IST] [INFO]: I have the number of infand 1
[13/12/2024, 18:11:53 IST] [INFO]: I have the direct flight option set to false
[13/12/2024, 18:11:53 IST] [INFO]: I have the baggage option set to false
[13/12/2024, 18:11:53 IST] [INFO]: I have the refundable option set to false
[13/12/2024, 18:11:53 IST] [INFO]: No airline available, skipping...
[13/12/2024, 18:12:25 IST] [INFO]: I have the departure location as DXB
[13/12/2024, 18:12:25 IST] [INFO]: I have the return location LHR
[13/12/2024, 18:12:25 IST] [INFO]: I have the departure date 12-15-2024
[13/12/2024, 18:12:25 IST] [INFO]: I have the cabin class Y
[13/12/2024, 18:12:25 IST] [INFO]: I have the number of adults 1
[13/12/2024, 18:12:25 IST] [INFO]: I have the number of children 2
[13/12/2024, 18:12:25 IST] [INFO]: I have the number of infand 1
[13/12/2024, 18:12:25 IST] [INFO]: I have the direct flight option set to false
[13/12/2024, 18:12:25 IST] [INFO]: I have the baggage option set to false
[13/12/2024, 18:12:25 IST] [INFO]: I have the refundable option set to false
[13/12/2024, 18:12:25 IST] [INFO]: No airline available, skipping...
[13/12/2024, 18:12:59 IST] [INFO]: I have the departure location as DXB
[13/12/2024, 18:12:59 IST] [INFO]: I have the return location LHR
[13/12/2024, 18:12:59 IST] [INFO]: I have the departure date 12-15-2024
[13/12/2024, 18:12:59 IST] [INFO]: I have the cabin class Y
[13/12/2024, 18:12:59 IST] [INFO]: I have the number of adults 1
[13/12/2024, 18:12:59 IST] [INFO]: I have the number of children 2
[13/12/2024, 18:12:59 IST] [INFO]: I have the number of infand 1
[13/12/2024, 18:12:59 IST] [INFO]: I have the direct flight option set to false
[13/12/2024, 18:12:59 IST] [INFO]: I have the baggage option set to false
[13/12/2024, 18:12:59 IST] [INFO]: I have the refundable option set to false
[13/12/2024, 18:12:59 IST] [INFO]: No airline available, skipping...
[13/12/2024, 22:56:52 IST] [INFO]: I have the departure location as DXB
[13/12/2024, 22:56:52 IST] [INFO]: I have the return location LHR
[13/12/2024, 22:56:52 IST] [INFO]: I have the departure date 12-15-2024
[13/12/2024, 22:56:52 IST] [INFO]: I have the cabin class Y
[13/12/2024, 22:56:52 IST] [INFO]: I have the number of adults 1
[13/12/2024, 22:56:52 IST] [INFO]: I have the number of children 2
[13/12/2024, 22:56:52 IST] [INFO]: I have the number of infand 1
[13/12/2024, 22:56:52 IST] [INFO]: I have the direct flight option set to false
[13/12/2024, 22:56:52 IST] [INFO]: I have the baggage option set to false
[13/12/2024, 22:56:52 IST] [INFO]: I have the refundable option set to false
[13/12/2024, 22:56:52 IST] [INFO]: No airline available, skipping...
[13/12/2024, 22:57:30 IST] [INFO]: I have the departure location as DXB
[13/12/2024, 22:57:30 IST] [INFO]: I have the return location LHR
[13/12/2024, 22:57:30 IST] [INFO]: I have the departure date 12-15-2024
[13/12/2024, 22:57:30 IST] [INFO]: I have the cabin class Y
[13/12/2024, 22:57:30 IST] [INFO]: I have the number of adults 1
[13/12/2024, 22:57:30 IST] [INFO]: I have the number of children 2
[13/12/2024, 22:57:30 IST] [INFO]: I have the number of infand 1
[13/12/2024, 22:57:30 IST] [INFO]: I have the direct flight option set to false
[13/12/2024, 22:57:30 IST] [INFO]: I have the baggage option set to false
[13/12/2024, 22:57:30 IST] [INFO]: I have the refundable option set to false
[13/12/2024, 22:57:30 IST] [INFO]: No airline available, skipping...
[09/01/2025, 17:40:03 IST] [INFO]: I have the departure location as DXB
[09/01/2025, 17:40:03 IST] [INFO]: I have the return location LHR
[09/01/2025, 17:40:03 IST] [INFO]: I have the departure date 01-15-2025
[09/01/2025, 17:40:03 IST] [INFO]: I have the cabin class Y
[09/01/2025, 17:40:03 IST] [INFO]: I have the number of adults 1
[09/01/2025, 17:40:03 IST] [INFO]: I have the number of children 2
[09/01/2025, 17:40:03 IST] [INFO]: I have the number of infand 1
[09/01/2025, 17:40:03 IST] [INFO]: I have the direct flight option set to false
[09/01/2025, 17:40:03 IST] [INFO]: I have the baggage option set to false
[09/01/2025, 17:40:03 IST] [INFO]: I have the refundable option set to false
[09/01/2025, 17:40:03 IST] [INFO]: No airline available, skipping...
[09/01/2025, 17:40:09 IST] [INFO]: I have the departure location as DXB
[09/01/2025, 17:40:09 IST] [INFO]: I have the return location LHR
[09/01/2025, 17:40:09 IST] [INFO]: I have the departure date 01-15-2025
[09/01/2025, 17:40:09 IST] [INFO]: I have the cabin class Y
[09/01/2025, 17:40:10 IST] [INFO]: I have the number of adults 1
[09/01/2025, 17:40:10 IST] [INFO]: I have the number of children 2
[09/01/2025, 17:40:10 IST] [INFO]: I have the number of infand 1
[09/01/2025, 17:40:10 IST] [INFO]: I have the direct flight option set to false
[09/01/2025, 17:40:10 IST] [INFO]: I have the baggage option set to false
[09/01/2025, 17:40:10 IST] [INFO]: I have the refundable option set to false
[09/01/2025, 17:40:10 IST] [INFO]: No airline available, skipping...
[09/01/2025, 17:41:30 IST] [INFO]: I have the departure location as DXB
[09/01/2025, 17:41:30 IST] [INFO]: I have the return location LHR
[09/01/2025, 17:41:30 IST] [INFO]: I have the departure date 01-15-2025
[09/01/2025, 17:41:30 IST] [INFO]: I have the cabin class Y
[09/01/2025, 17:41:30 IST] [INFO]: I have the number of adults 1
[09/01/2025, 17:41:30 IST] [INFO]: I have the number of children 2
[09/01/2025, 17:41:30 IST] [INFO]: I have the number of infand 1
[09/01/2025, 17:41:30 IST] [INFO]: I have the direct flight option set to false
[09/01/2025, 17:41:30 IST] [INFO]: I have the baggage option set to false
[09/01/2025, 17:41:30 IST] [INFO]: I have the refundable option set to false
[09/01/2025, 17:41:30 IST] [INFO]: No airline available, skipping...
[09/01/2025, 17:42:09 IST] [INFO]: I have the departure location as DXB
[09/01/2025, 17:42:09 IST] [INFO]: I have the return location DOH
[09/01/2025, 17:42:09 IST] [INFO]: I have the departure date 02-01-2025
[09/01/2025, 17:42:09 IST] [INFO]: I have the cabin class Y
[09/01/2025, 17:42:09 IST] [INFO]: I have the number of adults 1
[09/01/2025, 17:42:09 IST] [INFO]: I have the number of children 2
[09/01/2025, 17:42:09 IST] [INFO]: I have the number of infand 1
[09/01/2025, 17:42:09 IST] [INFO]: I have the direct flight option set to false
[09/01/2025, 17:42:09 IST] [INFO]: I have the baggage option set to false
[09/01/2025, 17:42:09 IST] [INFO]: I have the refundable option set to false
[09/01/2025, 17:42:09 IST] [INFO]: I have entered the airline QR
[09/01/2025, 17:44:50 IST] [INFO]: I have the departure location as DXB
[09/01/2025, 17:44:50 IST] [INFO]: I have the return location LHR
[09/01/2025, 17:44:50 IST] [INFO]: I have the departure date 01-15-2025
[09/01/2025, 17:44:50 IST] [INFO]: I have the cabin class Y
[09/01/2025, 17:44:50 IST] [INFO]: I have the number of adults 1
[09/01/2025, 17:44:50 IST] [INFO]: I have the number of children 2
[09/01/2025, 17:44:50 IST] [INFO]: I have the number of infand 1
[09/01/2025, 17:44:50 IST] [INFO]: I have the direct flight option set to false
[09/01/2025, 17:44:50 IST] [INFO]: I have the baggage option set to false
[09/01/2025, 17:44:50 IST] [INFO]: I have the refundable option set to false
[09/01/2025, 17:44:50 IST] [INFO]: No airline available, skipping...
[09/01/2025, 17:45:29 IST] [INFO]: I have the departure location as DXB
[09/01/2025, 17:45:29 IST] [INFO]: I have the return location DOH
[09/01/2025, 17:45:29 IST] [INFO]: I have the departure date 02-01-2025
[09/01/2025, 17:45:29 IST] [INFO]: I have the cabin class Y
[09/01/2025, 17:45:29 IST] [INFO]: I have the number of adults 1
[09/01/2025, 17:45:29 IST] [INFO]: I have the number of children 2
[09/01/2025, 17:45:29 IST] [INFO]: I have the number of infand 1
[09/01/2025, 17:45:29 IST] [INFO]: I have the direct flight option set to false
[09/01/2025, 17:45:29 IST] [INFO]: I have the baggage option set to false
[09/01/2025, 17:45:29 IST] [INFO]: I have the refundable option set to false
[09/01/2025, 17:45:29 IST] [INFO]: I have entered the airline QR
[09/01/2025, 17:46:40 IST] [INFO]: I have the departure location as DXB
[09/01/2025, 17:46:40 IST] [INFO]: I have the return location LHR
[09/01/2025, 17:46:40 IST] [INFO]: I have the departure date 01-15-2025
[09/01/2025, 17:46:40 IST] [INFO]: I have the cabin class Y
[09/01/2025, 17:46:40 IST] [INFO]: I have the number of adults 1
[09/01/2025, 17:46:40 IST] [INFO]: I have the number of children 2
[09/01/2025, 17:46:40 IST] [INFO]: I have the number of infand 1
[09/01/2025, 17:46:40 IST] [INFO]: I have the direct flight option set to false
[09/01/2025, 17:46:40 IST] [INFO]: I have the baggage option set to false
[09/01/2025, 17:46:40 IST] [INFO]: I have the refundable option set to false
[09/01/2025, 17:46:40 IST] [INFO]: No airline available, skipping...
[09/01/2025, 17:47:14 IST] [INFO]: I have the departure location as DXB
[09/01/2025, 17:47:14 IST] [INFO]: I have the return location DOH
[09/01/2025, 17:47:14 IST] [INFO]: I have the departure date 02-01-2025
[09/01/2025, 17:47:14 IST] [INFO]: I have the cabin class Y
[09/01/2025, 17:47:14 IST] [INFO]: I have the number of adults 1
[09/01/2025, 17:47:14 IST] [INFO]: I have the number of children 2
[09/01/2025, 17:47:14 IST] [INFO]: I have the number of infand 1
[09/01/2025, 17:47:14 IST] [INFO]: I have the direct flight option set to false
[09/01/2025, 17:47:15 IST] [INFO]: I have the baggage option set to false
[09/01/2025, 17:47:15 IST] [INFO]: I have the refundable option set to false
[09/01/2025, 17:47:15 IST] [INFO]: I have entered the airline QR
[09/01/2025, 17:47:49 IST] [INFO]: I have the departure location as DXB
[09/01/2025, 17:47:49 IST] [INFO]: I have the return location LHR
[09/01/2025, 17:47:49 IST] [INFO]: I have the departure date 01-15-2025
[09/01/2025, 17:47:49 IST] [INFO]: I have the cabin class Y
[09/01/2025, 17:47:49 IST] [INFO]: I have the number of adults 1
[09/01/2025, 17:47:49 IST] [INFO]: I have the number of children 2
[09/01/2025, 17:47:49 IST] [INFO]: I have the number of infand 1
[09/01/2025, 17:47:49 IST] [INFO]: I have the direct flight option set to false
[09/01/2025, 17:47:49 IST] [INFO]: I have the baggage option set to false
[09/01/2025, 17:47:49 IST] [INFO]: I have the refundable option set to false
[09/01/2025, 17:47:49 IST] [INFO]: No airline available, skipping...
[09/01/2025, 17:48:21 IST] [INFO]: I enter the passenger title Mr
[09/01/2025, 17:48:58 IST] [INFO]: I have the departure location as DXB
[09/01/2025, 17:48:58 IST] [INFO]: I have the return location DOH
[09/01/2025, 17:48:58 IST] [INFO]: I have the departure date 02-01-2025
[09/01/2025, 17:48:58 IST] [INFO]: I have the cabin class Y
[09/01/2025, 17:48:58 IST] [INFO]: I have the number of adults 1
[09/01/2025, 17:48:58 IST] [INFO]: I have the number of children 2
[09/01/2025, 17:48:58 IST] [INFO]: I have the number of infand 1
[09/01/2025, 17:48:58 IST] [INFO]: I have the direct flight option set to false
[09/01/2025, 17:48:58 IST] [INFO]: I have the baggage option set to false
[09/01/2025, 17:48:58 IST] [INFO]: I have the refundable option set to false
[09/01/2025, 17:48:58 IST] [INFO]: I have entered the airline QR
[09/01/2025, 17:49:21 IST] [INFO]: I enter the passenger title Mr
[09/01/2025, 17:53:37 IST] [INFO]: I have the departure location as DXB
[09/01/2025, 17:53:37 IST] [INFO]: I have the return location LHR
[09/01/2025, 17:53:37 IST] [INFO]: I have the departure date 01-15-2025
[09/01/2025, 17:53:37 IST] [INFO]: I have the cabin class Y
[09/01/2025, 17:53:37 IST] [INFO]: I have the number of adults 1
[09/01/2025, 17:53:37 IST] [INFO]: I have the number of children 2
[09/01/2025, 17:53:37 IST] [INFO]: I have the number of infand 1
[09/01/2025, 17:53:37 IST] [INFO]: I have the direct flight option set to false
[09/01/2025, 17:53:37 IST] [INFO]: I have the baggage option set to false
[09/01/2025, 17:53:37 IST] [INFO]: I have the refundable option set to false
[09/01/2025, 17:53:37 IST] [INFO]: No airline available, skipping...
[09/01/2025, 17:54:03 IST] [INFO]: I enter the passenger title Mr
[09/01/2025, 17:54:39 IST] [INFO]: I have the departure location as DXB
[09/01/2025, 17:54:39 IST] [INFO]: I have the return location DOH
[09/01/2025, 17:54:39 IST] [INFO]: I have the departure date 02-01-2025
[09/01/2025, 17:54:39 IST] [INFO]: I have the cabin class Y
[09/01/2025, 17:54:39 IST] [INFO]: I have the number of adults 1
[09/01/2025, 17:54:39 IST] [INFO]: I have the number of children 2
[09/01/2025, 17:54:39 IST] [INFO]: I have the number of infand 1
[09/01/2025, 17:54:39 IST] [INFO]: I have the direct flight option set to false
[09/01/2025, 17:54:39 IST] [INFO]: I have the baggage option set to false
[09/01/2025, 17:54:39 IST] [INFO]: I have the refundable option set to false
[09/01/2025, 17:54:39 IST] [INFO]: I have entered the airline QR
[09/01/2025, 17:55:01 IST] [INFO]: I enter the passenger title Mr
[09/01/2025, 18:00:53 IST] [INFO]: I have the departure location as DXB
[09/01/2025, 18:00:53 IST] [INFO]: I have the return location LHR
[09/01/2025, 18:00:53 IST] [INFO]: I have the departure date 01-15-2025
[09/01/2025, 18:00:53 IST] [INFO]: I have the cabin class Y
[09/01/2025, 18:00:53 IST] [INFO]: I have the number of adults 1
[09/01/2025, 18:00:53 IST] [INFO]: I have the number of children 2
[09/01/2025, 18:00:53 IST] [INFO]: I have the number of infand 1
[09/01/2025, 18:00:53 IST] [INFO]: I have the direct flight option set to false
[09/01/2025, 18:00:53 IST] [INFO]: I have the baggage option set to false
[09/01/2025, 18:00:54 IST] [INFO]: I have the refundable option set to false
[09/01/2025, 18:00:54 IST] [INFO]: No airline available, skipping...
[09/01/2025, 18:01:29 IST] [INFO]: I have the departure location as DXB
[09/01/2025, 18:01:29 IST] [INFO]: I have the return location DOH
[09/01/2025, 18:01:29 IST] [INFO]: I have the departure date 02-01-2025
[09/01/2025, 18:01:29 IST] [INFO]: I have the cabin class Y
[09/01/2025, 18:01:29 IST] [INFO]: I have the number of adults 1
[09/01/2025, 18:01:29 IST] [INFO]: I have the number of children 2
[09/01/2025, 18:01:29 IST] [INFO]: I have the number of infand 1
[09/01/2025, 18:01:29 IST] [INFO]: I have the direct flight option set to false
[09/01/2025, 18:01:29 IST] [INFO]: I have the baggage option set to false
[09/01/2025, 18:01:29 IST] [INFO]: I have the refundable option set to false
[09/01/2025, 18:01:29 IST] [INFO]: I have entered the airline QR
[09/01/2025, 18:01:50 IST] [INFO]: I enter the passenger title Mr
[09/01/2025, 18:02:16 IST] [INFO]: I have the departure location as DXB
[09/01/2025, 18:02:16 IST] [INFO]: I have the return location LHR
[09/01/2025, 18:02:16 IST] [INFO]: I have the departure date 01-15-2025
[09/01/2025, 18:02:16 IST] [INFO]: I have the cabin class Y
[09/01/2025, 18:02:16 IST] [INFO]: I have the number of adults 1
[09/01/2025, 18:02:16 IST] [INFO]: I have the number of children 2
[09/01/2025, 18:02:16 IST] [INFO]: I have the number of infand 1
[09/01/2025, 18:02:16 IST] [INFO]: I have the direct flight option set to false
[09/01/2025, 18:02:16 IST] [INFO]: I have the baggage option set to false
[09/01/2025, 18:02:16 IST] [INFO]: I have the refundable option set to false
[09/01/2025, 18:02:16 IST] [INFO]: No airline available, skipping...
[09/01/2025, 18:02:38 IST] [INFO]: I enter the passenger title Mr
[09/01/2025, 18:02:44 IST] [INFO]: I enter the passenger title Mstr
[09/01/2025, 18:02:51 IST] [INFO]: I enter the passenger title Mstr
[09/01/2025, 18:02:58 IST] [INFO]: I enter the passenger title Miss
[09/01/2025, 18:03:43 IST] [INFO]: I have the departure location as DXB
[09/01/2025, 18:03:43 IST] [INFO]: I have the return location DOH
[09/01/2025, 18:03:43 IST] [INFO]: I have the departure date 02-01-2025
[09/01/2025, 18:03:43 IST] [INFO]: I have the cabin class Y
[09/01/2025, 18:03:43 IST] [INFO]: I have the number of adults 1
[09/01/2025, 18:03:44 IST] [INFO]: I have the number of children 2
[09/01/2025, 18:03:44 IST] [INFO]: I have the number of infand 1
[09/01/2025, 18:03:44 IST] [INFO]: I have the direct flight option set to false
[09/01/2025, 18:03:44 IST] [INFO]: I have the baggage option set to false
[09/01/2025, 18:03:44 IST] [INFO]: I have the refundable option set to false
[09/01/2025, 18:03:44 IST] [INFO]: I have entered the airline QR
[09/01/2025, 18:05:21 IST] [INFO]: I have the departure location as DXB
[09/01/2025, 18:05:21 IST] [INFO]: I have the return location LHR
[09/01/2025, 18:05:21 IST] [INFO]: I have the departure date 01-15-2025
[09/01/2025, 18:05:21 IST] [INFO]: I have the cabin class Y
[09/01/2025, 18:05:21 IST] [INFO]: I have the number of adults 1
[09/01/2025, 18:05:21 IST] [INFO]: I have the number of children 2
[09/01/2025, 18:05:21 IST] [INFO]: I have the number of infand 1
[09/01/2025, 18:05:21 IST] [INFO]: I have the direct flight option set to false
[09/01/2025, 18:05:21 IST] [INFO]: I have the baggage option set to false
[09/01/2025, 18:05:21 IST] [INFO]: I have the refundable option set to false
[09/01/2025, 18:05:21 IST] [INFO]: No airline available, skipping...
[09/01/2025, 18:05:56 IST] [INFO]: I have the departure location as DXB
[09/01/2025, 18:05:56 IST] [INFO]: I have the return location DOH
[09/01/2025, 18:05:56 IST] [INFO]: I have the departure date 02-01-2025
[09/01/2025, 18:05:56 IST] [INFO]: I have the cabin class Y
[09/01/2025, 18:05:56 IST] [INFO]: I have the number of adults 1
[09/01/2025, 18:05:57 IST] [INFO]: I have the number of children 2
[09/01/2025, 18:05:57 IST] [INFO]: I have the number of infand 1
[09/01/2025, 18:05:57 IST] [INFO]: I have the direct flight option set to false
[09/01/2025, 18:05:57 IST] [INFO]: I have the baggage option set to false
[09/01/2025, 18:05:57 IST] [INFO]: I have the refundable option set to false
[09/01/2025, 18:05:57 IST] [INFO]: I have entered the airline QR
[09/01/2025, 18:06:18 IST] [INFO]: I enter the passenger title Mr
[09/01/2025, 18:06:25 IST] [INFO]: I enter the passenger title Mstr
[09/01/2025, 18:06:32 IST] [INFO]: I enter the passenger title Mstr
[09/01/2025, 18:06:39 IST] [INFO]: I enter the passenger title Miss
[09/01/2025, 18:10:27 IST] [INFO]: I have the departure location as DXB
[09/01/2025, 18:10:27 IST] [INFO]: I have the return location LHR
[09/01/2025, 18:10:27 IST] [INFO]: I have the departure date 01-15-2025
[09/01/2025, 18:10:27 IST] [INFO]: I have the cabin class Y
[09/01/2025, 18:10:27 IST] [INFO]: I have the number of adults 1
[09/01/2025, 18:10:27 IST] [INFO]: I have the number of children 2
[09/01/2025, 18:10:27 IST] [INFO]: I have the number of infand 1
[09/01/2025, 18:10:27 IST] [INFO]: I have the direct flight option set to false
[09/01/2025, 18:10:27 IST] [INFO]: I have the baggage option set to false
[09/01/2025, 18:10:27 IST] [INFO]: I have the refundable option set to false
[09/01/2025, 18:10:27 IST] [INFO]: No airline available, skipping...
[09/01/2025, 18:10:52 IST] [INFO]: I enter the passenger title Mr
[09/01/2025, 18:11:01 IST] [INFO]: I enter the passenger title Mstr
[09/01/2025, 18:11:09 IST] [INFO]: I enter the passenger title Mstr
[09/01/2025, 18:11:15 IST] [INFO]: I enter the passenger title Miss
[09/01/2025, 18:12:18 IST] [INFO]: I have the departure location as DXB
[09/01/2025, 18:12:18 IST] [INFO]: I have the return location DOH
[09/01/2025, 18:12:18 IST] [INFO]: I have the departure date 02-01-2025
[09/01/2025, 18:12:18 IST] [INFO]: I have the cabin class Y
[09/01/2025, 18:12:19 IST] [INFO]: I have the number of adults 1
[09/01/2025, 18:12:19 IST] [INFO]: I have the number of children 2
[09/01/2025, 18:12:19 IST] [INFO]: I have the number of infand 1
[09/01/2025, 18:12:19 IST] [INFO]: I have the direct flight option set to false
[09/01/2025, 18:12:19 IST] [INFO]: I have the baggage option set to false
[09/01/2025, 18:12:19 IST] [INFO]: I have the refundable option set to false
[09/01/2025, 18:12:19 IST] [INFO]: I have entered the airline QR
[09/01/2025, 18:12:47 IST] [INFO]: I enter the passenger title Mr
[09/01/2025, 18:12:59 IST] [INFO]: I enter the passenger title Mstr
[09/01/2025, 18:13:10 IST] [INFO]: I enter the passenger title Mstr
[09/01/2025, 18:13:22 IST] [INFO]: I enter the passenger title Miss
[09/01/2025, 18:15:40 IST] [INFO]: Ticket Booking Status - ${bookingStatus}
[09/01/2025, 18:17:49 IST] [INFO]: I have the departure location as DXB
[09/01/2025, 18:17:49 IST] [INFO]: I have the return location LHR
[09/01/2025, 18:17:49 IST] [INFO]: I have the departure date 01-15-2025
[09/01/2025, 18:17:49 IST] [INFO]: I have the cabin class Y
[09/01/2025, 18:17:49 IST] [INFO]: I have the number of adults 1
[09/01/2025, 18:17:49 IST] [INFO]: I have the number of children 2
[09/01/2025, 18:17:49 IST] [INFO]: I have the number of infand 1
[09/01/2025, 18:17:49 IST] [INFO]: I have the direct flight option set to false
[09/01/2025, 18:17:49 IST] [INFO]: I have the baggage option set to false
[09/01/2025, 18:17:49 IST] [INFO]: I have the refundable option set to false
[09/01/2025, 18:17:49 IST] [INFO]: No airline available, skipping...
[09/01/2025, 18:18:35 IST] [INFO]: I have the departure location as DXB
[09/01/2025, 18:18:35 IST] [INFO]: I have the return location DOH
[09/01/2025, 18:18:35 IST] [INFO]: I have the departure date 02-01-2025
[09/01/2025, 18:18:35 IST] [INFO]: I have the cabin class Y
[09/01/2025, 18:18:35 IST] [INFO]: I have the number of adults 1
[09/01/2025, 18:18:35 IST] [INFO]: I have the number of children 2
[09/01/2025, 18:18:35 IST] [INFO]: I have the number of infand 1
[09/01/2025, 18:18:35 IST] [INFO]: I have the direct flight option set to false
[09/01/2025, 18:18:35 IST] [INFO]: I have the baggage option set to false
[09/01/2025, 18:18:35 IST] [INFO]: I have the refundable option set to false
[09/01/2025, 18:18:35 IST] [INFO]: I have entered the airline QR
[09/01/2025, 18:22:14 IST] [INFO]: I have the departure location as DXB
[09/01/2025, 18:22:14 IST] [INFO]: I have the return location LHR
[09/01/2025, 18:22:14 IST] [INFO]: I have the departure date 01-15-2025
[09/01/2025, 18:22:14 IST] [INFO]: I have the cabin class Y
[09/01/2025, 18:22:14 IST] [INFO]: I have the number of adults 1
[09/01/2025, 18:22:14 IST] [INFO]: I have the number of children 2
[09/01/2025, 18:22:14 IST] [INFO]: I have the number of infand 1
[09/01/2025, 18:22:14 IST] [INFO]: I have the direct flight option set to false
[09/01/2025, 18:22:14 IST] [INFO]: I have the baggage option set to false
[09/01/2025, 18:22:14 IST] [INFO]: I have the refundable option set to false
[09/01/2025, 18:22:14 IST] [INFO]: No airline available, skipping...
[09/01/2025, 18:22:59 IST] [INFO]: I have the departure location as DXB
[09/01/2025, 18:22:59 IST] [INFO]: I have the return location DOH
[09/01/2025, 18:22:59 IST] [INFO]: I have the departure date 02-01-2025
[09/01/2025, 18:22:59 IST] [INFO]: I have the cabin class Y
[09/01/2025, 18:22:59 IST] [INFO]: I have the number of adults 1
[09/01/2025, 18:22:59 IST] [INFO]: I have the number of children 2
[09/01/2025, 18:22:59 IST] [INFO]: I have the number of infand 1
[09/01/2025, 18:22:59 IST] [INFO]: I have the direct flight option set to false
[09/01/2025, 18:22:59 IST] [INFO]: I have the baggage option set to false
[09/01/2025, 18:22:59 IST] [INFO]: I have the refundable option set to false
[09/01/2025, 18:22:59 IST] [INFO]: I have entered the airline QR
[09/01/2025, 18:26:11 IST] [INFO]: I have the departure location as DXB
[09/01/2025, 18:26:11 IST] [INFO]: I have the return location LHR
[09/01/2025, 18:26:11 IST] [INFO]: I have the departure date 01-15-2025
[09/01/2025, 18:26:11 IST] [INFO]: I have the cabin class Y
[09/01/2025, 18:26:11 IST] [INFO]: I have the number of adults 1
[09/01/2025, 18:26:11 IST] [INFO]: I have the number of children 2
[09/01/2025, 18:26:11 IST] [INFO]: I have the number of infand 1
[09/01/2025, 18:26:11 IST] [INFO]: I have the direct flight option set to false
[09/01/2025, 18:26:11 IST] [INFO]: I have the baggage option set to false
[09/01/2025, 18:26:11 IST] [INFO]: I have the refundable option set to false
[09/01/2025, 18:26:11 IST] [INFO]: No airline available, skipping...
[09/01/2025, 18:26:55 IST] [INFO]: I have the departure location as DXB
[09/01/2025, 18:26:55 IST] [INFO]: I have the return location DOH
[09/01/2025, 18:26:55 IST] [INFO]: I have the departure date 02-01-2025
[09/01/2025, 18:26:55 IST] [INFO]: I have the cabin class Y
[09/01/2025, 18:26:55 IST] [INFO]: I have the number of adults 1
[09/01/2025, 18:26:55 IST] [INFO]: I have the number of children 2
[09/01/2025, 18:26:55 IST] [INFO]: I have the number of infand 1
[09/01/2025, 18:26:55 IST] [INFO]: I have the direct flight option set to false
[09/01/2025, 18:26:55 IST] [INFO]: I have the baggage option set to false
[09/01/2025, 18:26:55 IST] [INFO]: I have the refundable option set to false
[09/01/2025, 18:26:55 IST] [INFO]: I have entered the airline QR
[09/01/2025, 18:36:10 IST] [INFO]: I have the departure location as DXB
[09/01/2025, 18:36:10 IST] [INFO]: I have the return location LHR
[09/01/2025, 18:36:10 IST] [INFO]: I have the departure date 01-15-2025
[09/01/2025, 18:36:10 IST] [INFO]: I have the cabin class Y
[09/01/2025, 18:36:10 IST] [INFO]: I have the number of adults 1
[09/01/2025, 18:36:10 IST] [INFO]: I have the number of children 2
[09/01/2025, 18:36:10 IST] [INFO]: I have the number of infand 1
[09/01/2025, 18:36:10 IST] [INFO]: I have the direct flight option set to false
[09/01/2025, 18:36:10 IST] [INFO]: I have the baggage option set to false
[09/01/2025, 18:36:10 IST] [INFO]: I have the refundable option set to false
[09/01/2025, 18:36:10 IST] [INFO]: No airline available, skipping...
[09/01/2025, 18:36:46 IST] [INFO]: I have the departure location as DXB
[09/01/2025, 18:36:46 IST] [INFO]: I have the return location DOH
[09/01/2025, 18:36:46 IST] [INFO]: I have the departure date 02-01-2025
[09/01/2025, 18:36:46 IST] [INFO]: I have the cabin class Y
[09/01/2025, 18:36:46 IST] [INFO]: I have the number of adults 1
[09/01/2025, 18:36:46 IST] [INFO]: I have the number of children 2
[09/01/2025, 18:36:46 IST] [INFO]: I have the number of infand 1
[09/01/2025, 18:36:46 IST] [INFO]: I have the direct flight option set to false
[09/01/2025, 18:36:46 IST] [INFO]: I have the baggage option set to false
[09/01/2025, 18:36:46 IST] [INFO]: I have the refundable option set to false
[09/01/2025, 18:36:46 IST] [INFO]: I have entered the airline QR
[09/01/2025, 18:38:44 IST] [INFO]: I have the departure location as DXB
[09/01/2025, 18:38:44 IST] [INFO]: I have the return location LHR
[09/01/2025, 18:38:44 IST] [INFO]: I have the departure date 01-15-2025
[09/01/2025, 18:38:44 IST] [INFO]: I have the cabin class Y
[09/01/2025, 18:38:44 IST] [INFO]: I have the number of adults 1
[09/01/2025, 18:38:44 IST] [INFO]: I have the number of children 2
[09/01/2025, 18:38:44 IST] [INFO]: I have the number of infand 1
[09/01/2025, 18:38:44 IST] [INFO]: I have the direct flight option set to false
[09/01/2025, 18:38:44 IST] [INFO]: I have the baggage option set to false
[09/01/2025, 18:38:44 IST] [INFO]: I have the refundable option set to false
[09/01/2025, 18:38:44 IST] [INFO]: No airline available, skipping...
[09/01/2025, 18:39:36 IST] [INFO]: I have the departure location as DXB
[09/01/2025, 18:39:36 IST] [INFO]: I have the return location DOH
[09/01/2025, 18:39:36 IST] [INFO]: I have the departure date 02-01-2025
[09/01/2025, 18:39:36 IST] [INFO]: I have the cabin class Y
[09/01/2025, 18:39:36 IST] [INFO]: I have the number of adults 1
[09/01/2025, 18:39:36 IST] [INFO]: I have the number of children 2
[09/01/2025, 18:39:36 IST] [INFO]: I have the number of infand 1
[09/01/2025, 18:39:36 IST] [INFO]: I have the direct flight option set to false
[09/01/2025, 18:39:36 IST] [INFO]: I have the baggage option set to false
[09/01/2025, 18:39:36 IST] [INFO]: I have the refundable option set to false
[09/01/2025, 18:39:36 IST] [INFO]: I have entered the airline QR
[09/01/2025, 18:42:00 IST] [INFO]: I have the departure location as DXB
[09/01/2025, 18:42:00 IST] [INFO]: I have the return location LHR
[09/01/2025, 18:42:00 IST] [INFO]: I have the departure date 01-15-2025
[09/01/2025, 18:42:00 IST] [INFO]: I have the cabin class Y
[09/01/2025, 18:42:00 IST] [INFO]: I have the number of adults 1
[09/01/2025, 18:42:00 IST] [INFO]: I have the number of children 2
[09/01/2025, 18:42:00 IST] [INFO]: I have the number of infand 1
[09/01/2025, 18:42:00 IST] [INFO]: I have the direct flight option set to false
[09/01/2025, 18:42:00 IST] [INFO]: I have the baggage option set to false
[09/01/2025, 18:42:00 IST] [INFO]: I have the refundable option set to false
[09/01/2025, 18:42:00 IST] [INFO]: No airline available, skipping...
[09/01/2025, 18:42:52 IST] [INFO]: I have the departure location as DXB
[09/01/2025, 18:42:52 IST] [INFO]: I have the return location DOH
[09/01/2025, 18:42:52 IST] [INFO]: I have the departure date 02-01-2025
[09/01/2025, 18:42:52 IST] [INFO]: I have the cabin class Y
[09/01/2025, 18:42:52 IST] [INFO]: I have the number of adults 1
[09/01/2025, 18:42:52 IST] [INFO]: I have the number of children 2
[09/01/2025, 18:42:52 IST] [INFO]: I have the number of infand 1
[09/01/2025, 18:42:52 IST] [INFO]: I have the direct flight option set to false
[09/01/2025, 18:42:52 IST] [INFO]: I have the baggage option set to false
[09/01/2025, 18:42:52 IST] [INFO]: I have the refundable option set to false
[09/01/2025, 18:42:52 IST] [INFO]: I have entered the airline QR
[10/01/2025, 06:02:06 IST] [INFO]: I have the departure location as DXB
[10/01/2025, 06:02:06 IST] [INFO]: I have the return location LHR
[10/01/2025, 06:02:06 IST] [INFO]: I have the departure date 01-15-2025
[10/01/2025, 06:02:06 IST] [INFO]: I have the cabin class Y
[10/01/2025, 06:02:06 IST] [INFO]: I have the number of adults 1
[10/01/2025, 06:02:06 IST] [INFO]: I have the number of children 2
[10/01/2025, 06:02:06 IST] [INFO]: I have the number of infand 1
[10/01/2025, 06:02:06 IST] [INFO]: I have the direct flight option set to false
[10/01/2025, 06:02:06 IST] [INFO]: I have the baggage option set to false
[10/01/2025, 06:02:06 IST] [INFO]: I have the refundable option set to false
[10/01/2025, 06:02:06 IST] [INFO]: No airline available, skipping...
[10/01/2025, 06:02:13 IST] [INFO]: I have the departure location as DXB
[10/01/2025, 06:02:13 IST] [INFO]: I have the return location LHR
[10/01/2025, 06:02:13 IST] [INFO]: I have the departure date 01-15-2025
[10/01/2025, 06:02:13 IST] [INFO]: I have the cabin class Y
[10/01/2025, 06:02:13 IST] [INFO]: I have the number of adults 1
[10/01/2025, 06:02:13 IST] [INFO]: I have the number of children 2
[10/01/2025, 06:02:13 IST] [INFO]: I have the number of infand 1
[10/01/2025, 06:02:13 IST] [INFO]: I have the direct flight option set to false
[10/01/2025, 06:02:13 IST] [INFO]: I have the baggage option set to false
[10/01/2025, 06:02:13 IST] [INFO]: I have the refundable option set to false
[10/01/2025, 06:02:13 IST] [INFO]: No airline available, skipping...
[10/01/2025, 06:02:53 IST] [INFO]: I have the departure location as DXB
[10/01/2025, 06:02:53 IST] [INFO]: I have the return location DOH
[10/01/2025, 06:02:53 IST] [INFO]: I have the departure date 02-01-2025
[10/01/2025, 06:02:53 IST] [INFO]: I have the cabin class Y
[10/01/2025, 06:02:53 IST] [INFO]: I have the number of adults 1
[10/01/2025, 06:02:53 IST] [INFO]: I have the number of children 2
[10/01/2025, 06:02:53 IST] [INFO]: I have the number of infand 1
[10/01/2025, 06:02:53 IST] [INFO]: I have the direct flight option set to false
[10/01/2025, 06:02:53 IST] [INFO]: I have the baggage option set to false
[10/01/2025, 06:02:53 IST] [INFO]: I have the refundable option set to false
[10/01/2025, 06:02:53 IST] [INFO]: I have entered the airline QR
[10/01/2025, 06:03:09 IST] [INFO]: I enter the passenger title Mr
[10/01/2025, 06:04:41 IST] [INFO]: I have the departure location as DXB
[10/01/2025, 06:04:41 IST] [INFO]: I have the return location LHR
[10/01/2025, 06:04:41 IST] [INFO]: I have the departure date 01-15-2025
[10/01/2025, 06:04:41 IST] [INFO]: I have the cabin class Y
[10/01/2025, 06:04:41 IST] [INFO]: I have the number of adults 1
[10/01/2025, 06:04:41 IST] [INFO]: I have the number of children 2
[10/01/2025, 06:04:41 IST] [INFO]: I have the number of infand 1
[10/01/2025, 06:04:41 IST] [INFO]: I have the direct flight option set to false
[10/01/2025, 06:04:41 IST] [INFO]: I have the baggage option set to false
[10/01/2025, 06:04:41 IST] [INFO]: I have the refundable option set to false
[10/01/2025, 06:04:41 IST] [INFO]: No airline available, skipping...
[10/01/2025, 06:05:02 IST] [INFO]: I enter the passenger title Mr
[10/01/2025, 06:05:38 IST] [INFO]: I have the departure location as DXB
[10/01/2025, 06:05:38 IST] [INFO]: I have the return location DOH
[10/01/2025, 06:05:38 IST] [INFO]: I have the departure date 02-01-2025
[10/01/2025, 06:05:38 IST] [INFO]: I have the cabin class Y
[10/01/2025, 06:05:38 IST] [INFO]: I have the number of adults 1
[10/01/2025, 06:05:38 IST] [INFO]: I have the number of children 2
[10/01/2025, 06:05:38 IST] [INFO]: I have the number of infand 1
[10/01/2025, 06:05:38 IST] [INFO]: I have the direct flight option set to false
[10/01/2025, 06:05:38 IST] [INFO]: I have the baggage option set to false
[10/01/2025, 06:05:38 IST] [INFO]: I have the refundable option set to false
[10/01/2025, 06:05:38 IST] [INFO]: I have entered the airline QR
[10/01/2025, 06:05:54 IST] [INFO]: I enter the passenger title Mr
[10/01/2025, 06:11:56 IST] [INFO]: I have the departure location as DXB
[10/01/2025, 06:11:56 IST] [INFO]: I have the return location LHR
[10/01/2025, 06:11:56 IST] [INFO]: I have the departure date 01-15-2025
[10/01/2025, 06:11:56 IST] [INFO]: I have the cabin class Y
[10/01/2025, 06:11:56 IST] [INFO]: I have the number of adults 1
[10/01/2025, 06:11:56 IST] [INFO]: I have the number of children 2
[10/01/2025, 06:11:56 IST] [INFO]: I have the number of infand 1
[10/01/2025, 06:11:56 IST] [INFO]: I have the direct flight option set to false
[10/01/2025, 06:11:56 IST] [INFO]: I have the baggage option set to false
[10/01/2025, 06:11:56 IST] [INFO]: I have the refundable option set to false
[10/01/2025, 06:11:56 IST] [INFO]: No airline available, skipping...
[10/01/2025, 06:12:17 IST] [INFO]: I enter the passenger title Mr
[10/01/2025, 06:12:52 IST] [INFO]: I have the departure location as DXB
[10/01/2025, 06:12:52 IST] [INFO]: I have the return location DOH
[10/01/2025, 06:12:52 IST] [INFO]: I have the departure date 02-01-2025
[10/01/2025, 06:12:52 IST] [INFO]: I have the cabin class Y
[10/01/2025, 06:12:52 IST] [INFO]: I have the number of adults 1
[10/01/2025, 06:12:52 IST] [INFO]: I have the number of children 2
[10/01/2025, 06:12:53 IST] [INFO]: I have the number of infand 1
[10/01/2025, 06:12:53 IST] [INFO]: I have the direct flight option set to false
[10/01/2025, 06:12:53 IST] [INFO]: I have the baggage option set to false
[10/01/2025, 06:12:53 IST] [INFO]: I have the refundable option set to false
[10/01/2025, 06:12:53 IST] [INFO]: I have entered the airline QR
[10/01/2025, 06:13:08 IST] [INFO]: I enter the passenger title Mr
[10/01/2025, 06:18:21 IST] [INFO]: I have the departure location as DXB
[10/01/2025, 06:18:21 IST] [INFO]: I have the return location LHR
[10/01/2025, 06:18:21 IST] [INFO]: I have the departure date 01-15-2025
[10/01/2025, 06:18:21 IST] [INFO]: I have the cabin class Y
[10/01/2025, 06:18:21 IST] [INFO]: I have the number of adults 1
[10/01/2025, 06:18:21 IST] [INFO]: I have the number of children 2
[10/01/2025, 06:18:21 IST] [INFO]: I have the number of infand 1
[10/01/2025, 06:18:21 IST] [INFO]: I have the direct flight option set to false
[10/01/2025, 06:18:21 IST] [INFO]: I have the baggage option set to false
[10/01/2025, 06:18:21 IST] [INFO]: I have the refundable option set to false
[10/01/2025, 06:18:21 IST] [INFO]: No airline available, skipping...
[10/01/2025, 06:18:57 IST] [INFO]: I have the departure location as DXB
[10/01/2025, 06:18:57 IST] [INFO]: I have the return location DOH
[10/01/2025, 06:18:57 IST] [INFO]: I have the departure date 02-01-2025
[10/01/2025, 06:18:57 IST] [INFO]: I have the cabin class Y
[10/01/2025, 06:18:57 IST] [INFO]: I have the number of adults 1
[10/01/2025, 06:18:57 IST] [INFO]: I have the number of children 2
[10/01/2025, 06:18:57 IST] [INFO]: I have the number of infand 1
[10/01/2025, 06:18:57 IST] [INFO]: I have the direct flight option set to false
[10/01/2025, 06:18:58 IST] [INFO]: I have the baggage option set to false
[10/01/2025, 06:18:58 IST] [INFO]: I have the refundable option set to false
[10/01/2025, 06:18:58 IST] [INFO]: I have entered the airline QR
[10/01/2025, 06:19:12 IST] [INFO]: I enter the passenger title Mr
[10/01/2025, 06:21:35 IST] [INFO]: I have the departure location as DXB
[10/01/2025, 06:21:35 IST] [INFO]: I have the return location LHR
[10/01/2025, 06:21:35 IST] [INFO]: I have the departure date 01-15-2025
[10/01/2025, 06:21:35 IST] [INFO]: I have the cabin class Y
[10/01/2025, 06:21:36 IST] [INFO]: I have the number of adults 1
[10/01/2025, 06:21:36 IST] [INFO]: I have the number of children 2
[10/01/2025, 06:21:36 IST] [INFO]: I have the number of infand 1
[10/01/2025, 06:21:36 IST] [INFO]: I have the direct flight option set to false
[10/01/2025, 06:21:36 IST] [INFO]: I have the baggage option set to false
[10/01/2025, 06:21:36 IST] [INFO]: I have the refundable option set to false
[10/01/2025, 06:21:36 IST] [INFO]: No airline available, skipping...
[10/01/2025, 06:22:11 IST] [INFO]: I have the departure location as DXB
[10/01/2025, 06:22:11 IST] [INFO]: I have the return location DOH
[10/01/2025, 06:22:11 IST] [INFO]: I have the departure date 02-01-2025
[10/01/2025, 06:22:11 IST] [INFO]: I have the cabin class Y
[10/01/2025, 06:22:11 IST] [INFO]: I have the number of adults 1
[10/01/2025, 06:22:11 IST] [INFO]: I have the number of children 2
[10/01/2025, 06:22:11 IST] [INFO]: I have the number of infand 1
[10/01/2025, 06:22:11 IST] [INFO]: I have the direct flight option set to false
[10/01/2025, 06:22:12 IST] [INFO]: I have the baggage option set to false
[10/01/2025, 06:22:12 IST] [INFO]: I have the refundable option set to false
[10/01/2025, 06:22:12 IST] [INFO]: I have entered the airline QR
[10/01/2025, 06:24:59 IST] [INFO]: I have the departure location as DXB
[10/01/2025, 06:24:59 IST] [INFO]: I have the return location LHR
[10/01/2025, 06:24:59 IST] [INFO]: I have the departure date 01-15-2025
[10/01/2025, 06:24:59 IST] [INFO]: I have the cabin class Y
[10/01/2025, 06:24:59 IST] [INFO]: I have the number of adults 1
[10/01/2025, 06:24:59 IST] [INFO]: I have the number of children 2
[10/01/2025, 06:24:59 IST] [INFO]: I have the number of infand 1
[10/01/2025, 06:25:00 IST] [INFO]: I have the direct flight option set to false
[10/01/2025, 06:25:00 IST] [INFO]: I have the baggage option set to false
[10/01/2025, 06:25:00 IST] [INFO]: I have the refundable option set to false
[10/01/2025, 06:25:00 IST] [INFO]: No airline available, skipping...
[10/01/2025, 06:25:39 IST] [INFO]: I have the departure location as DXB
[10/01/2025, 06:25:39 IST] [INFO]: I have the return location DOH
[10/01/2025, 06:25:39 IST] [INFO]: I have the departure date 02-01-2025
[10/01/2025, 06:25:39 IST] [INFO]: I have the cabin class Y
[10/01/2025, 06:25:39 IST] [INFO]: I have the number of adults 1
[10/01/2025, 06:25:39 IST] [INFO]: I have the number of children 2
[10/01/2025, 06:25:39 IST] [INFO]: I have the number of infand 1
[10/01/2025, 06:25:39 IST] [INFO]: I have the direct flight option set to false
[10/01/2025, 06:25:39 IST] [INFO]: I have the baggage option set to false
[10/01/2025, 06:25:39 IST] [INFO]: I have the refundable option set to false
[10/01/2025, 06:25:39 IST] [INFO]: I have entered the airline QR
[10/01/2025, 06:32:34 IST] [INFO]: I have the departure location as DXB
[10/01/2025, 06:32:34 IST] [INFO]: I have the return location DOH
[10/01/2025, 06:32:34 IST] [INFO]: I have the departure date 02-01-2025
[10/01/2025, 06:32:34 IST] [INFO]: I have the cabin class Y
[10/01/2025, 06:32:34 IST] [INFO]: I have the number of adults 1
[10/01/2025, 06:32:34 IST] [INFO]: I have the number of children 2
[10/01/2025, 06:32:34 IST] [INFO]: I have the number of infand 1
[10/01/2025, 06:32:34 IST] [INFO]: I have the direct flight option set to false
[10/01/2025, 06:32:34 IST] [INFO]: I have the baggage option set to false
[10/01/2025, 06:32:34 IST] [INFO]: I have the refundable option set to false
[10/01/2025, 06:32:34 IST] [INFO]: I have entered the airline QR
[10/01/2025, 06:32:51 IST] [INFO]: I enter the passenger title Mr
[10/01/2025, 06:33:27 IST] [INFO]: I have the departure location as DXB
[10/01/2025, 06:33:27 IST] [INFO]: I have the return location DOH
[10/01/2025, 06:33:27 IST] [INFO]: I have the departure date 02-01-2025
[10/01/2025, 06:33:27 IST] [INFO]: I have the cabin class Y
[10/01/2025, 06:33:27 IST] [INFO]: I have the number of adults 1
[10/01/2025, 06:33:27 IST] [INFO]: I have the number of children 2
[10/01/2025, 06:33:27 IST] [INFO]: I have the number of infand 1
[10/01/2025, 06:33:27 IST] [INFO]: I have the direct flight option set to false
[10/01/2025, 06:33:27 IST] [INFO]: I have the baggage option set to false
[10/01/2025, 06:33:27 IST] [INFO]: I have the refundable option set to false
[10/01/2025, 06:33:27 IST] [INFO]: I have entered the airline QR
[10/01/2025, 06:33:43 IST] [INFO]: I enter the passenger title Mr
[10/01/2025, 06:35:43 IST] [INFO]: I have the departure location as DXB
[10/01/2025, 06:35:43 IST] [INFO]: I have the return location DOH
[10/01/2025, 06:35:43 IST] [INFO]: I have the departure date 02-01-2025
[10/01/2025, 06:35:43 IST] [INFO]: I have the cabin class Y
[10/01/2025, 06:35:43 IST] [INFO]: I have the number of adults 1
[10/01/2025, 06:35:44 IST] [INFO]: I have the number of children 2
[10/01/2025, 06:35:44 IST] [INFO]: I have the number of infand 1
[10/01/2025, 06:35:44 IST] [INFO]: I have the direct flight option set to false
[10/01/2025, 06:35:44 IST] [INFO]: I have the baggage option set to false
[10/01/2025, 06:35:44 IST] [INFO]: I have the refundable option set to false
[10/01/2025, 06:35:44 IST] [INFO]: I have entered the airline QR
[10/01/2025, 06:36:05 IST] [INFO]: I enter the passenger title Mr
[10/01/2025, 06:36:40 IST] [INFO]: I have the departure location as DXB
[10/01/2025, 06:36:40 IST] [INFO]: I have the return location DOH
[10/01/2025, 06:36:40 IST] [INFO]: I have the departure date 02-01-2025
[10/01/2025, 06:36:40 IST] [INFO]: I have the cabin class Y
[10/01/2025, 06:36:40 IST] [INFO]: I have the number of adults 1
[10/01/2025, 06:36:40 IST] [INFO]: I have the number of children 2
[10/01/2025, 06:36:40 IST] [INFO]: I have the number of infand 1
[10/01/2025, 06:36:40 IST] [INFO]: I have the direct flight option set to false
[10/01/2025, 06:36:40 IST] [INFO]: I have the baggage option set to false
[10/01/2025, 06:36:40 IST] [INFO]: I have the refundable option set to false
[10/01/2025, 06:36:41 IST] [INFO]: I have entered the airline QR
[10/01/2025, 06:36:58 IST] [INFO]: I enter the passenger title Mr
[14/01/2025, 10:38:08 IST] [INFO]: I have the departure location as DXB
[14/01/2025, 10:38:08 IST] [INFO]: I have the return location DOH
[14/01/2025, 10:38:08 IST] [INFO]: I have the departure date 02-01-2025
[14/01/2025, 10:38:08 IST] [INFO]: I have the cabin class Y
[14/01/2025, 10:38:08 IST] [INFO]: I have the number of adults 1
[14/01/2025, 10:38:08 IST] [INFO]: I have the number of children 2
[14/01/2025, 10:38:08 IST] [INFO]: I have the number of infand 1
[14/01/2025, 10:38:08 IST] [INFO]: I have the direct flight option set to false
[14/01/2025, 10:38:08 IST] [INFO]: I have the baggage option set to false
[14/01/2025, 10:38:08 IST] [INFO]: I have the refundable option set to false
[14/01/2025, 10:38:08 IST] [INFO]: I have entered the airline QR
[14/01/2025, 10:38:15 IST] [INFO]: I have the departure location as DXB
[14/01/2025, 10:38:15 IST] [INFO]: I have the return location DOH
[14/01/2025, 10:38:15 IST] [INFO]: I have the departure date 02-01-2025
[14/01/2025, 10:38:15 IST] [INFO]: I have the cabin class Y
[14/01/2025, 10:38:15 IST] [INFO]: I have the number of adults 1
[14/01/2025, 10:38:15 IST] [INFO]: I have the number of children 2
[14/01/2025, 10:38:15 IST] [INFO]: I have the number of infand 1
[14/01/2025, 10:38:15 IST] [INFO]: I have the direct flight option set to false
[14/01/2025, 10:38:15 IST] [INFO]: I have the baggage option set to false
[14/01/2025, 10:38:15 IST] [INFO]: I have the refundable option set to false
[14/01/2025, 10:38:15 IST] [INFO]: I have entered the airline QR
[14/01/2025, 10:38:38 IST] [INFO]: I enter the passenger title Mr
[14/01/2025, 10:39:14 IST] [INFO]: I have the departure location as DXB
[14/01/2025, 10:39:14 IST] [INFO]: I have the return location DOH
[14/01/2025, 10:39:14 IST] [INFO]: I have the departure date 02-01-2025
[14/01/2025, 10:39:14 IST] [INFO]: I have the cabin class Y
[14/01/2025, 10:39:14 IST] [INFO]: I have the number of adults 1
[14/01/2025, 10:39:14 IST] [INFO]: I have the number of children 2
[14/01/2025, 10:39:14 IST] [INFO]: I have the number of infand 1
[14/01/2025, 10:39:14 IST] [INFO]: I have the direct flight option set to false
[14/01/2025, 10:39:14 IST] [INFO]: I have the baggage option set to false
[14/01/2025, 10:39:14 IST] [INFO]: I have the refundable option set to false
[14/01/2025, 10:39:14 IST] [INFO]: I have entered the airline QR
[14/01/2025, 10:39:28 IST] [INFO]: I enter the passenger title Mr
[14/01/2025, 10:41:18 IST] [INFO]: I have the departure location as DXB
[14/01/2025, 10:41:18 IST] [INFO]: I have the return location DOH
[14/01/2025, 10:41:18 IST] [INFO]: I have the departure date 02-01-2025
[14/01/2025, 10:41:18 IST] [INFO]: I have the cabin class Y
[14/01/2025, 10:41:18 IST] [INFO]: I have the number of adults 1
[14/01/2025, 10:41:18 IST] [INFO]: I have the number of children 2
[14/01/2025, 10:41:18 IST] [INFO]: I have the number of infand 1
[14/01/2025, 10:41:18 IST] [INFO]: I have the direct flight option set to false
[14/01/2025, 10:41:18 IST] [INFO]: I have the baggage option set to false
[14/01/2025, 10:41:18 IST] [INFO]: I have the refundable option set to false
[14/01/2025, 10:41:18 IST] [INFO]: I have entered the airline QR
[14/01/2025, 10:41:35 IST] [INFO]: I enter the passenger title Mr
[14/01/2025, 10:42:13 IST] [INFO]: I have the departure location as DXB
[14/01/2025, 10:42:13 IST] [INFO]: I have the return location DOH
[14/01/2025, 10:42:13 IST] [INFO]: I have the departure date 02-01-2025
[14/01/2025, 10:42:13 IST] [INFO]: I have the cabin class Y
[14/01/2025, 10:42:13 IST] [INFO]: I have the number of adults 1
[14/01/2025, 10:42:13 IST] [INFO]: I have the number of children 2
[14/01/2025, 10:42:13 IST] [INFO]: I have the number of infand 1
[14/01/2025, 10:42:14 IST] [INFO]: I have the direct flight option set to false
[14/01/2025, 10:42:14 IST] [INFO]: I have the baggage option set to false
[14/01/2025, 10:42:14 IST] [INFO]: I have the refundable option set to false
[14/01/2025, 10:42:14 IST] [INFO]: I have entered the airline QR
[14/01/2025, 10:42:27 IST] [INFO]: I enter the passenger title Mr
[14/01/2025, 10:43:09 IST] [INFO]: I have the departure location as DXB
[14/01/2025, 10:43:09 IST] [INFO]: I have the return location LHR
[14/01/2025, 10:43:09 IST] [INFO]: I have the departure date 01-15-2025
[14/01/2025, 10:43:09 IST] [INFO]: I have the cabin class Y
[14/01/2025, 10:43:09 IST] [INFO]: I have the number of adults 1
[14/01/2025, 10:43:09 IST] [INFO]: I have the number of children 2
[14/01/2025, 10:43:09 IST] [INFO]: I have the number of infand 1
[14/01/2025, 10:43:09 IST] [INFO]: I have the direct flight option set to false
[14/01/2025, 10:43:09 IST] [INFO]: I have the baggage option set to false
[14/01/2025, 10:43:09 IST] [INFO]: I have the refundable option set to false
[14/01/2025, 10:43:09 IST] [INFO]: No airline available, skipping...
[14/01/2025, 10:43:38 IST] [INFO]: I enter the passenger title Mr
[14/01/2025, 10:44:13 IST] [INFO]: I have the departure location as DXB
[14/01/2025, 10:44:13 IST] [INFO]: I have the return location DOH
[14/01/2025, 10:44:13 IST] [INFO]: I have the departure date 02-01-2025
[14/01/2025, 10:44:14 IST] [INFO]: I have the cabin class Y
[14/01/2025, 10:44:14 IST] [INFO]: I have the number of adults 1
[14/01/2025, 10:44:14 IST] [INFO]: I have the number of children 2
[14/01/2025, 10:44:14 IST] [INFO]: I have the number of infand 1
[14/01/2025, 10:44:14 IST] [INFO]: I have the direct flight option set to false
[14/01/2025, 10:44:14 IST] [INFO]: I have the baggage option set to false
[14/01/2025, 10:44:14 IST] [INFO]: I have the refundable option set to false
[14/01/2025, 10:44:14 IST] [INFO]: I have entered the airline QR
[14/01/2025, 10:44:27 IST] [INFO]: I enter the passenger title Mr
[14/01/2025, 10:46:48 IST] [INFO]: I have the departure location as DXB
[14/01/2025, 10:46:48 IST] [INFO]: I have the return location LHR
[14/01/2025, 10:46:48 IST] [INFO]: I have the departure date 01-15-2025
[14/01/2025, 10:46:48 IST] [INFO]: I have the cabin class Y
[14/01/2025, 10:46:48 IST] [INFO]: I have the number of adults 1
[14/01/2025, 10:46:48 IST] [INFO]: I have the number of children 2
[14/01/2025, 10:46:48 IST] [INFO]: I have the number of infand 1
[14/01/2025, 10:46:48 IST] [INFO]: I have the direct flight option set to false
[14/01/2025, 10:46:48 IST] [INFO]: I have the baggage option set to false
[14/01/2025, 10:46:48 IST] [INFO]: I have the refundable option set to false
[14/01/2025, 10:46:48 IST] [INFO]: No airline available, skipping...
[14/01/2025, 10:46:55 IST] [INFO]: I have the departure location as DXB
[14/01/2025, 10:46:55 IST] [INFO]: I have the return location LHR
[14/01/2025, 10:46:55 IST] [INFO]: I have the departure date 01-15-2025
[14/01/2025, 10:46:55 IST] [INFO]: I have the cabin class Y
[14/01/2025, 10:46:55 IST] [INFO]: I have the number of adults 1
[14/01/2025, 10:46:55 IST] [INFO]: I have the number of children 2
[14/01/2025, 10:46:55 IST] [INFO]: I have the number of infand 1
[14/01/2025, 10:46:55 IST] [INFO]: I have the direct flight option set to false
[14/01/2025, 10:46:55 IST] [INFO]: I have the baggage option set to false
[14/01/2025, 10:46:55 IST] [INFO]: I have the refundable option set to false
[14/01/2025, 10:46:55 IST] [INFO]: No airline available, skipping...
[14/01/2025, 10:47:18 IST] [INFO]: I enter the passenger title Mr
[14/01/2025, 10:47:24 IST] [INFO]: I enter the passenger title Mstr
[14/01/2025, 10:47:30 IST] [INFO]: I enter the passenger title Mstr
[14/01/2025, 10:47:36 IST] [INFO]: I enter the passenger title Miss
[14/01/2025, 10:49:31 IST] [INFO]: Ticket Booking Status - ${bookingStatus}
[14/01/2025, 10:49:57 IST] [INFO]: I have the departure location as DXB
[14/01/2025, 10:49:57 IST] [INFO]: I have the return location LHR
[14/01/2025, 10:49:57 IST] [INFO]: I have the departure date 01-15-2025
[14/01/2025, 10:49:57 IST] [INFO]: I have the cabin class Y
[14/01/2025, 10:49:57 IST] [INFO]: I have the number of adults 1
[14/01/2025, 10:49:57 IST] [INFO]: I have the number of children 0
[14/01/2025, 10:49:58 IST] [INFO]: I have the number of infand 0
[14/01/2025, 10:49:58 IST] [INFO]: I have the direct flight option set to false
[14/01/2025, 10:49:58 IST] [INFO]: I have the baggage option set to false
[14/01/2025, 10:49:58 IST] [INFO]: I have the refundable option set to false
[14/01/2025, 10:49:58 IST] [INFO]: No airline available, skipping...
[14/01/2025, 10:50:13 IST] [INFO]: I enter the passenger title Mr
[14/01/2025, 10:52:01 IST] [INFO]: Ticket Booking Status - ${bookingStatus}
[14/01/2025, 10:52:17 IST] [INFO]: I have the departure location as DXB
[14/01/2025, 10:52:17 IST] [INFO]: I have the return location LHR
[14/01/2025, 10:52:17 IST] [INFO]: I have the departure date 01-15-2025
[14/01/2025, 10:52:17 IST] [INFO]: I have the cabin class Y
[14/01/2025, 10:52:17 IST] [INFO]: I have the number of adults 1
[14/01/2025, 10:52:17 IST] [INFO]: I have the number of children 0
[14/01/2025, 10:52:17 IST] [INFO]: I have the number of infand 0
[14/01/2025, 10:52:17 IST] [INFO]: I have the direct flight option set to false
[14/01/2025, 10:52:17 IST] [INFO]: I have the baggage option set to false
[14/01/2025, 10:52:17 IST] [INFO]: I have the refundable option set to false
[14/01/2025, 10:52:17 IST] [INFO]: No airline available, skipping...
[14/01/2025, 10:52:52 IST] [INFO]: I have the departure location as DXB
[14/01/2025, 10:52:52 IST] [INFO]: I have the return location DOH
[14/01/2025, 10:52:52 IST] [INFO]: I have the departure date 02-01-2025
[14/01/2025, 10:52:52 IST] [INFO]: I have the cabin class Y
[14/01/2025, 10:52:52 IST] [INFO]: I have the number of adults 1
[14/01/2025, 10:52:52 IST] [INFO]: I have the number of children 0
[14/01/2025, 10:52:52 IST] [INFO]: I have the number of infand 0
[14/01/2025, 10:52:52 IST] [INFO]: I have the direct flight option set to false
[14/01/2025, 10:52:52 IST] [INFO]: I have the baggage option set to false
[14/01/2025, 10:52:52 IST] [INFO]: I have the refundable option set to false
[14/01/2025, 10:52:52 IST] [INFO]: I have entered the airline QR
[14/01/2025, 10:53:06 IST] [INFO]: I enter the passenger title Mr
[14/01/2025, 10:53:26 IST] [INFO]: I have the departure location as DXB
[14/01/2025, 10:53:26 IST] [INFO]: I have the return location LHR
[14/01/2025, 10:53:26 IST] [INFO]: I have the departure date 01-15-2025
[14/01/2025, 10:53:26 IST] [INFO]: I have the cabin class Y
[14/01/2025, 10:53:26 IST] [INFO]: I have the number of adults 1
[14/01/2025, 10:53:26 IST] [INFO]: I have the number of children 1
[14/01/2025, 10:53:26 IST] [INFO]: I have the number of infand 0
[14/01/2025, 10:53:26 IST] [INFO]: I have the direct flight option set to false
[14/01/2025, 10:53:26 IST] [INFO]: I have the baggage option set to false
[14/01/2025, 10:53:26 IST] [INFO]: I have the refundable option set to false
[14/01/2025, 10:53:26 IST] [INFO]: No airline available, skipping...
[14/01/2025, 10:53:59 IST] [INFO]: I have the departure location as DXB
[14/01/2025, 10:53:59 IST] [INFO]: I have the return location DOH
[14/01/2025, 10:53:59 IST] [INFO]: I have the departure date 02-01-2025
[14/01/2025, 10:53:59 IST] [INFO]: I have the cabin class Y
[14/01/2025, 10:53:59 IST] [INFO]: I have the number of adults 1
[14/01/2025, 10:53:59 IST] [INFO]: I have the number of children 1
[14/01/2025, 10:53:59 IST] [INFO]: I have the number of infand 0
[14/01/2025, 10:53:59 IST] [INFO]: I have the direct flight option set to false
[14/01/2025, 10:54:00 IST] [INFO]: I have the baggage option set to false
[14/01/2025, 10:54:00 IST] [INFO]: I have the refundable option set to false
[14/01/2025, 10:54:00 IST] [INFO]: I have entered the airline QR
[14/01/2025, 10:54:13 IST] [INFO]: I enter the passenger title Mr
[14/01/2025, 10:54:19 IST] [INFO]: I enter the passenger title Mstr
[14/01/2025, 10:54:29 IST] [INFO]: I have the departure location as DXB
[14/01/2025, 10:54:29 IST] [INFO]: I have the return location LHR
[14/01/2025, 10:54:29 IST] [INFO]: I have the departure date 01-22-2025
[14/01/2025, 10:54:29 IST] [INFO]: I have the cabin class Y
[14/01/2025, 10:54:29 IST] [INFO]: I have the number of adults 1
[14/01/2025, 10:54:29 IST] [INFO]: I have the number of children 1
[14/01/2025, 10:54:29 IST] [INFO]: I have the number of infand 0
[14/01/2025, 10:54:29 IST] [INFO]: I have the direct flight option set to false
[14/01/2025, 10:54:29 IST] [INFO]: I have the baggage option set to false
[14/01/2025, 10:54:29 IST] [INFO]: I have the refundable option set to false
[14/01/2025, 10:54:29 IST] [INFO]: No airline available, skipping...
[14/01/2025, 10:55:02 IST] [INFO]: I have the departure location as DXB
[14/01/2025, 10:55:02 IST] [INFO]: I have the return location DOH
[14/01/2025, 10:55:02 IST] [INFO]: I have the departure date 02-01-2025
[14/01/2025, 10:55:02 IST] [INFO]: I have the cabin class Y
[14/01/2025, 10:55:02 IST] [INFO]: I have the number of adults 1
[14/01/2025, 10:55:02 IST] [INFO]: I have the number of children 1
[14/01/2025, 10:55:03 IST] [INFO]: I have the number of infand 0
[14/01/2025, 10:55:03 IST] [INFO]: I have the direct flight option set to false
[14/01/2025, 10:55:03 IST] [INFO]: I have the baggage option set to false
[14/01/2025, 10:55:03 IST] [INFO]: I have the refundable option set to false
[14/01/2025, 10:55:03 IST] [INFO]: I have entered the airline QR
[14/01/2025, 10:55:16 IST] [INFO]: I enter the passenger title Mr
[14/01/2025, 10:55:23 IST] [INFO]: I enter the passenger title Mstr
[14/01/2025, 10:57:21 IST] [INFO]: I have the departure location as DXB
[14/01/2025, 10:57:21 IST] [INFO]: I have the return location CAI
[14/01/2025, 10:57:21 IST] [INFO]: I have the departure date 01-22-2025
[14/01/2025, 10:57:21 IST] [INFO]: I have the cabin class Y
[14/01/2025, 10:57:21 IST] [INFO]: I have the number of adults 1
[14/01/2025, 10:57:21 IST] [INFO]: I have the number of children 1
[14/01/2025, 10:57:21 IST] [INFO]: I have the number of infand 0
[14/01/2025, 10:57:21 IST] [INFO]: I have the direct flight option set to false
[14/01/2025, 10:57:21 IST] [INFO]: I have the baggage option set to false
[14/01/2025, 10:57:21 IST] [INFO]: I have the refundable option set to false
[14/01/2025, 10:57:21 IST] [INFO]: No airline available, skipping...
[14/01/2025, 10:57:44 IST] [INFO]: I enter the passenger title Mr
[14/01/2025, 10:57:49 IST] [INFO]: I enter the passenger title Mstr
[14/01/2025, 10:57:56 IST] [INFO]: I have the departure location as DXB
[14/01/2025, 10:57:56 IST] [INFO]: I have the return location DOH
[14/01/2025, 10:57:56 IST] [INFO]: I have the departure date 02-01-2025
[14/01/2025, 10:57:56 IST] [INFO]: I have the cabin class Y
[14/01/2025, 10:57:56 IST] [INFO]: I have the number of adults 1
[14/01/2025, 10:57:56 IST] [INFO]: I have the number of children 1
[14/01/2025, 10:57:56 IST] [INFO]: I have the number of infand 0
[14/01/2025, 10:57:56 IST] [INFO]: I have the direct flight option set to false
[14/01/2025, 10:57:56 IST] [INFO]: I have the baggage option set to false
[14/01/2025, 10:57:56 IST] [INFO]: I have the refundable option set to false
[14/01/2025, 10:57:56 IST] [INFO]: I have entered the airline QR
[14/01/2025, 10:58:08 IST] [INFO]: I enter the passenger title Mr
[14/01/2025, 10:58:14 IST] [INFO]: I enter the passenger title Mstr
[14/01/2025, 10:58:29 IST] [INFO]: I have the departure location as DXB
[14/01/2025, 10:58:29 IST] [INFO]: I have the return location CAI
[14/01/2025, 10:58:29 IST] [INFO]: I have the departure date 01-22-2025
[14/01/2025, 10:58:29 IST] [INFO]: I have the cabin class Y
[14/01/2025, 10:58:29 IST] [INFO]: I have the number of adults 1
[14/01/2025, 10:58:29 IST] [INFO]: I have the number of children 1
[14/01/2025, 10:58:29 IST] [INFO]: I have the number of infand 0
[14/01/2025, 10:58:29 IST] [INFO]: I have the direct flight option set to false
[14/01/2025, 10:58:30 IST] [INFO]: I have the baggage option set to false
[14/01/2025, 10:58:30 IST] [INFO]: I have the refundable option set to false
[14/01/2025, 10:58:30 IST] [INFO]: No airline available, skipping...
[14/01/2025, 10:58:43 IST] [INFO]: I enter the passenger title Mr
[14/01/2025, 10:58:49 IST] [INFO]: I enter the passenger title Mstr
[14/01/2025, 10:58:55 IST] [INFO]: I have the departure location as DXB
[14/01/2025, 10:58:55 IST] [INFO]: I have the return location DOH
[14/01/2025, 10:58:55 IST] [INFO]: I have the departure date 02-01-2025
[14/01/2025, 10:58:56 IST] [INFO]: I have the cabin class Y
[14/01/2025, 10:58:56 IST] [INFO]: I have the number of adults 1
[14/01/2025, 10:58:56 IST] [INFO]: I have the number of children 1
[14/01/2025, 10:58:56 IST] [INFO]: I have the number of infand 0
[14/01/2025, 10:58:56 IST] [INFO]: I have the direct flight option set to false
[14/01/2025, 10:58:56 IST] [INFO]: I have the baggage option set to false
[14/01/2025, 10:58:56 IST] [INFO]: I have the refundable option set to false
[14/01/2025, 10:58:56 IST] [INFO]: I have entered the airline QR
[14/01/2025, 10:59:07 IST] [INFO]: I enter the passenger title Mr
[14/01/2025, 10:59:14 IST] [INFO]: I enter the passenger title Mstr
[14/01/2025, 11:03:04 IST] [INFO]: I have the departure location as DXB
[14/01/2025, 11:03:04 IST] [INFO]: I have the return location CAI
[14/01/2025, 11:03:04 IST] [INFO]: I have the departure date 01-22-2025
[14/01/2025, 11:03:04 IST] [INFO]: I have the cabin class Y
[14/01/2025, 11:03:04 IST] [INFO]: I have the number of adults 1
[14/01/2025, 11:03:04 IST] [INFO]: I have the number of children 1
[14/01/2025, 11:03:04 IST] [INFO]: I have the number of infand 0
[14/01/2025, 11:03:04 IST] [INFO]: I have the direct flight option set to false
[14/01/2025, 11:03:04 IST] [INFO]: I have the baggage option set to false
[14/01/2025, 11:03:04 IST] [INFO]: I have the refundable option set to false
[14/01/2025, 11:03:04 IST] [INFO]: No airline available, skipping...
[14/01/2025, 11:03:20 IST] [INFO]: I enter the passenger title Mr
[14/01/2025, 11:03:56 IST] [INFO]: I have the departure location as DXB
[14/01/2025, 11:03:56 IST] [INFO]: I have the return location DOH
[14/01/2025, 11:03:56 IST] [INFO]: I have the departure date 02-01-2025
[14/01/2025, 11:03:56 IST] [INFO]: I have the cabin class Y
[14/01/2025, 11:03:56 IST] [INFO]: I have the number of adults 1
[14/01/2025, 11:03:56 IST] [INFO]: I have the number of children 1
[14/01/2025, 11:03:56 IST] [INFO]: I have the number of infand 0
[14/01/2025, 11:03:56 IST] [INFO]: I have the direct flight option set to false
[14/01/2025, 11:03:56 IST] [INFO]: I have the baggage option set to false
[14/01/2025, 11:03:56 IST] [INFO]: I have the refundable option set to false
[14/01/2025, 11:03:56 IST] [INFO]: I have entered the airline QR
[14/01/2025, 11:04:10 IST] [INFO]: I enter the passenger title Mr
[14/01/2025, 11:05:59 IST] [INFO]: I have the departure location as DXB
[14/01/2025, 11:05:59 IST] [INFO]: I have the return location CAI
[14/01/2025, 11:05:59 IST] [INFO]: I have the departure date 01-22-2025
[14/01/2025, 11:05:59 IST] [INFO]: I have the cabin class Y
[14/01/2025, 11:05:59 IST] [INFO]: I have the number of adults 1
[14/01/2025, 11:05:59 IST] [INFO]: I have the number of children 1
[14/01/2025, 11:05:59 IST] [INFO]: I have the number of infand 0
[14/01/2025, 11:05:59 IST] [INFO]: I have the direct flight option set to false
[14/01/2025, 11:05:59 IST] [INFO]: I have the baggage option set to false
[14/01/2025, 11:05:59 IST] [INFO]: I have the refundable option set to false
[14/01/2025, 11:05:59 IST] [INFO]: No airline available, skipping...
[14/01/2025, 11:06:34 IST] [INFO]: I have the departure location as DXB
[14/01/2025, 11:06:34 IST] [INFO]: I have the return location DOH
[14/01/2025, 11:06:34 IST] [INFO]: I have the departure date 02-01-2025
[14/01/2025, 11:06:34 IST] [INFO]: I have the cabin class Y
[14/01/2025, 11:06:34 IST] [INFO]: I have the number of adults 1
[14/01/2025, 11:06:34 IST] [INFO]: I have the number of children 1
[14/01/2025, 11:06:34 IST] [INFO]: I have the number of infand 0
[14/01/2025, 11:06:34 IST] [INFO]: I have the direct flight option set to false
[14/01/2025, 11:06:34 IST] [INFO]: I have the baggage option set to false
[14/01/2025, 11:06:34 IST] [INFO]: I have the refundable option set to false
[14/01/2025, 11:06:34 IST] [INFO]: I have entered the airline QR
[14/01/2025, 11:06:47 IST] [INFO]: I enter the passenger title Mr
[14/01/2025, 11:23:23 IST] [INFO]: I have the departure location as DXB
[14/01/2025, 11:23:23 IST] [INFO]: I have the return location CAI
[14/01/2025, 11:23:23 IST] [INFO]: I have the departure date 01-22-2025
[14/01/2025, 11:23:23 IST] [INFO]: I have the cabin class Y
[14/01/2025, 11:23:23 IST] [INFO]: I have the number of adults 1
[14/01/2025, 11:23:23 IST] [INFO]: I have the number of children 1
[14/01/2025, 11:23:23 IST] [INFO]: I have the number of infand 0
[14/01/2025, 11:23:23 IST] [INFO]: I have the direct flight option set to false
[14/01/2025, 11:23:23 IST] [INFO]: I have the baggage option set to false
[14/01/2025, 11:23:23 IST] [INFO]: I have the refundable option set to false
[14/01/2025, 11:23:23 IST] [INFO]: No airline available, skipping...
[14/01/2025, 11:23:43 IST] [INFO]: I enter the passenger title Mr
[14/01/2025, 11:23:48 IST] [INFO]: I enter the passenger title Mstr
[14/01/2025, 11:23:53 IST] [INFO]: I have the departure location as DXB
[14/01/2025, 11:23:53 IST] [INFO]: I have the return location DOH
[14/01/2025, 11:23:53 IST] [INFO]: I have the departure date 02-01-2025
[14/01/2025, 11:23:53 IST] [INFO]: I have the cabin class Y
[14/01/2025, 11:23:53 IST] [INFO]: I have the number of adults 1
[14/01/2025, 11:23:53 IST] [INFO]: I have the number of children 1
[14/01/2025, 11:23:53 IST] [INFO]: I have the number of infand 0
[14/01/2025, 11:23:54 IST] [INFO]: I have the direct flight option set to false
[14/01/2025, 11:23:54 IST] [INFO]: I have the baggage option set to false
[14/01/2025, 11:23:54 IST] [INFO]: I have the refundable option set to false
[14/01/2025, 11:23:54 IST] [INFO]: I have entered the airline QR
[14/01/2025, 11:24:07 IST] [INFO]: I enter the passenger title Mr
[14/01/2025, 11:24:11 IST] [INFO]: I enter the passenger title Mstr
[14/01/2025, 11:29:06 IST] [INFO]: I have the departure location as DXB
[14/01/2025, 11:29:06 IST] [INFO]: I have the return location CAI
[14/01/2025, 11:29:06 IST] [INFO]: I have the departure date 01-22-2025
[14/01/2025, 11:29:06 IST] [INFO]: I have the cabin class Y
[14/01/2025, 11:29:06 IST] [INFO]: I have the number of adults 1
[14/01/2025, 11:29:06 IST] [INFO]: I have the number of children 1
[14/01/2025, 11:29:06 IST] [INFO]: I have the number of infand 0
[14/01/2025, 11:29:06 IST] [INFO]: I have the direct flight option set to false
[14/01/2025, 11:29:06 IST] [INFO]: I have the baggage option set to false
[14/01/2025, 11:29:06 IST] [INFO]: I have the refundable option set to false
[14/01/2025, 11:29:06 IST] [INFO]: No airline available, skipping...
[14/01/2025, 11:29:22 IST] [INFO]: I enter the passenger title Mr
[14/01/2025, 11:29:57 IST] [INFO]: I have the departure location as DXB
[14/01/2025, 11:29:57 IST] [INFO]: I have the return location DOH
[14/01/2025, 11:29:57 IST] [INFO]: I have the departure date 02-01-2025
[14/01/2025, 11:29:57 IST] [INFO]: I have the cabin class Y
[14/01/2025, 11:29:57 IST] [INFO]: I have the number of adults 1
[14/01/2025, 11:29:57 IST] [INFO]: I have the number of children 1
[14/01/2025, 11:29:57 IST] [INFO]: I have the number of infand 0
[14/01/2025, 11:29:57 IST] [INFO]: I have the direct flight option set to false
[14/01/2025, 11:29:57 IST] [INFO]: I have the baggage option set to false
[14/01/2025, 11:29:57 IST] [INFO]: I have the refundable option set to false
[14/01/2025, 11:29:57 IST] [INFO]: I have entered the airline QR
[14/01/2025, 11:30:11 IST] [INFO]: I enter the passenger title Mr
[14/01/2025, 11:34:47 IST] [INFO]: I have the departure location as DXB
[14/01/2025, 11:34:47 IST] [INFO]: I have the return location CAI
[14/01/2025, 11:34:47 IST] [INFO]: I have the departure date 01-22-2025
[14/01/2025, 11:34:47 IST] [INFO]: I have the cabin class Y
[14/01/2025, 11:34:47 IST] [INFO]: I have the number of adults 1
[14/01/2025, 11:34:47 IST] [INFO]: I have the number of children 1
[14/01/2025, 11:34:47 IST] [INFO]: I have the number of infand 0
[14/01/2025, 11:34:47 IST] [INFO]: I have the direct flight option set to false
[14/01/2025, 11:34:47 IST] [INFO]: I have the baggage option set to false
[14/01/2025, 11:34:47 IST] [INFO]: I have the refundable option set to false
[14/01/2025, 11:34:47 IST] [INFO]: No airline available, skipping...
[14/01/2025, 11:35:04 IST] [INFO]: I enter the passenger title Mr
[14/01/2025, 11:35:39 IST] [INFO]: I have the departure location as DXB
[14/01/2025, 11:35:39 IST] [INFO]: I have the return location CAI
[14/01/2025, 11:35:39 IST] [INFO]: I have the departure date 01-22-2025
[14/01/2025, 11:35:39 IST] [INFO]: I have the cabin class Y
[14/01/2025, 11:35:40 IST] [INFO]: I have the number of adults 1
[14/01/2025, 11:35:40 IST] [INFO]: I have the number of children 1
[14/01/2025, 11:35:40 IST] [INFO]: I have the number of infand 0
[14/01/2025, 11:35:40 IST] [INFO]: I have the direct flight option set to false
[14/01/2025, 11:35:40 IST] [INFO]: I have the baggage option set to false
[14/01/2025, 11:35:40 IST] [INFO]: I have the refundable option set to false
[14/01/2025, 11:35:40 IST] [INFO]: No airline available, skipping...
[14/01/2025, 11:35:55 IST] [INFO]: I enter the passenger title Mr
[14/01/2025, 11:36:01 IST] [INFO]: I enter the passenger title Mstr
[14/01/2025, 11:36:08 IST] [INFO]: I have the departure location as DXB
[14/01/2025, 11:36:08 IST] [INFO]: I have the return location DOH
[14/01/2025, 11:36:08 IST] [INFO]: I have the departure date 02-01-2025
[14/01/2025, 11:36:08 IST] [INFO]: I have the cabin class Y
[14/01/2025, 11:36:08 IST] [INFO]: I have the number of adults 1
[14/01/2025, 11:36:08 IST] [INFO]: I have the number of children 1
[14/01/2025, 11:36:08 IST] [INFO]: I have the number of infand 0
[14/01/2025, 11:36:08 IST] [INFO]: I have the direct flight option set to false
[14/01/2025, 11:36:08 IST] [INFO]: I have the baggage option set to false
[14/01/2025, 11:36:08 IST] [INFO]: I have the refundable option set to false
[14/01/2025, 11:36:08 IST] [INFO]: I have entered the airline QR
[14/01/2025, 11:36:21 IST] [INFO]: I enter the passenger title Mr
[14/01/2025, 11:36:26 IST] [INFO]: I enter the passenger title Mstr
[16/01/2025, 10:55:30 IST] [INFO]: I have the departure location as DXB
[16/01/2025, 10:55:30 IST] [INFO]: I have the return location CAI
[16/01/2025, 10:55:30 IST] [INFO]: I have the departure date 01-22-2025
[16/01/2025, 10:55:30 IST] [INFO]: I have the cabin class Y
[16/01/2025, 10:55:30 IST] [INFO]: I have the number of adults 1
[16/01/2025, 10:55:30 IST] [INFO]: I have the number of children 1
[16/01/2025, 10:55:30 IST] [INFO]: I have the number of infand 0
[16/01/2025, 10:55:30 IST] [INFO]: I have the direct flight option set to false
[16/01/2025, 10:55:30 IST] [INFO]: I have the baggage option set to false
[16/01/2025, 10:55:30 IST] [INFO]: I have the refundable option set to false
[16/01/2025, 10:55:30 IST] [INFO]: No airline available, skipping...
[16/01/2025, 10:55:38 IST] [INFO]: I have the departure location as DXB
[16/01/2025, 10:55:38 IST] [INFO]: I have the return location CAI
[16/01/2025, 10:55:39 IST] [INFO]: I have the departure date 01-22-2025
[16/01/2025, 10:55:39 IST] [INFO]: I have the cabin class Y
[16/01/2025, 10:55:39 IST] [INFO]: I have the number of adults 1
[16/01/2025, 10:55:39 IST] [INFO]: I have the number of children 1
[16/01/2025, 10:55:39 IST] [INFO]: I have the number of infand 0
[16/01/2025, 10:55:39 IST] [INFO]: I have the direct flight option set to false
[16/01/2025, 10:55:39 IST] [INFO]: I have the baggage option set to false
[16/01/2025, 10:55:39 IST] [INFO]: I have the refundable option set to false
[16/01/2025, 10:55:39 IST] [INFO]: No airline available, skipping...
[16/01/2025, 11:03:05 IST] [INFO]: I have the departure location as DXB
[16/01/2025, 11:03:06 IST] [INFO]: I have the return location CAI
[16/01/2025, 11:03:06 IST] [INFO]: I have the departure date 01-22-2025
[16/01/2025, 11:03:06 IST] [INFO]: I have the cabin class Y
[16/01/2025, 11:03:06 IST] [INFO]: I have the number of adults 1
[16/01/2025, 11:03:06 IST] [INFO]: I have the number of children 1
[16/01/2025, 11:03:06 IST] [INFO]: I have the number of infand 0
[16/01/2025, 11:03:06 IST] [INFO]: I have the direct flight option set to false
[16/01/2025, 11:03:06 IST] [INFO]: I have the baggage option set to false
[16/01/2025, 11:03:06 IST] [INFO]: I have the refundable option set to false
[16/01/2025, 11:03:06 IST] [INFO]: No airline available, skipping...
[16/01/2025, 11:59:40 IST] [INFO]: I have the departure location as DXB
[16/01/2025, 11:59:40 IST] [INFO]: I have the return location CAI
[16/01/2025, 11:59:40 IST] [INFO]: I have the departure date 01-22-2025
[16/01/2025, 11:59:40 IST] [INFO]: I have the cabin class Y
[16/01/2025, 11:59:40 IST] [INFO]: I have the number of adults 1
[16/01/2025, 11:59:40 IST] [INFO]: I have the number of children 1
[16/01/2025, 11:59:40 IST] [INFO]: I have the number of infand 0
[16/01/2025, 11:59:40 IST] [INFO]: I have the direct flight option set to false
[16/01/2025, 11:59:40 IST] [INFO]: I have the baggage option set to false
[16/01/2025, 11:59:40 IST] [INFO]: I have the refundable option set to false
[16/01/2025, 11:59:40 IST] [INFO]: No airline available, skipping...
[16/01/2025, 11:59:46 IST] [INFO]: I have the departure location as DXB
[16/01/2025, 11:59:46 IST] [INFO]: I have the return location CAI
[16/01/2025, 11:59:46 IST] [INFO]: I have the departure date 01-22-2025
[16/01/2025, 11:59:46 IST] [INFO]: I have the cabin class Y
[16/01/2025, 11:59:46 IST] [INFO]: I have the number of adults 1
[16/01/2025, 11:59:46 IST] [INFO]: I have the number of children 1
[16/01/2025, 11:59:46 IST] [INFO]: I have the number of infand 0
[16/01/2025, 11:59:46 IST] [INFO]: I have the direct flight option set to false
[16/01/2025, 11:59:46 IST] [INFO]: I have the baggage option set to false
[16/01/2025, 11:59:46 IST] [INFO]: I have the refundable option set to false
[16/01/2025, 11:59:46 IST] [INFO]: No airline available, skipping...
[16/01/2025, 12:00:05 IST] [INFO]: I enter the passenger title Mr
[16/01/2025, 12:00:12 IST] [INFO]: I enter the passenger title Mstr
[16/01/2025, 12:00:18 IST] [INFO]: I have the departure location as DXB
[16/01/2025, 12:00:18 IST] [INFO]: I have the return location DOH
[16/01/2025, 12:00:18 IST] [INFO]: I have the departure date 02-01-2025
[16/01/2025, 12:00:18 IST] [INFO]: I have the cabin class Y
[16/01/2025, 12:00:18 IST] [INFO]: I have the number of adults 1
[16/01/2025, 12:00:18 IST] [INFO]: I have the number of children 1
[16/01/2025, 12:00:18 IST] [INFO]: I have the number of infand 0
[16/01/2025, 12:00:18 IST] [INFO]: I have the direct flight option set to false
[16/01/2025, 12:00:18 IST] [INFO]: I have the baggage option set to false
[16/01/2025, 12:00:18 IST] [INFO]: I have the refundable option set to false
[16/01/2025, 12:00:18 IST] [INFO]: I have entered the airline QR
[16/01/2025, 12:00:37 IST] [INFO]: I enter the passenger title Mr
[16/01/2025, 12:00:43 IST] [INFO]: I enter the passenger title Mstr
[16/01/2025, 12:01:57 IST] [INFO]: I have the departure location as DXB
[16/01/2025, 12:01:57 IST] [INFO]: I have the return location CAI
[16/01/2025, 12:01:57 IST] [INFO]: I have the departure date 01-22-2025
[16/01/2025, 12:01:57 IST] [INFO]: I have the cabin class Y
[16/01/2025, 12:01:57 IST] [INFO]: I have the number of adults 1
[16/01/2025, 12:01:57 IST] [INFO]: I have the number of children 1
[16/01/2025, 12:01:57 IST] [INFO]: I have the number of infand 0
[16/01/2025, 12:01:57 IST] [INFO]: I have the direct flight option set to false
[16/01/2025, 12:01:57 IST] [INFO]: I have the baggage option set to false
[16/01/2025, 12:01:57 IST] [INFO]: I have the refundable option set to false
[16/01/2025, 12:01:57 IST] [INFO]: No airline available, skipping...
[16/01/2025, 12:02:28 IST] [INFO]: I enter the passenger title Mr
[16/01/2025, 12:02:34 IST] [INFO]: I enter the passenger title Mstr
[16/01/2025, 12:02:40 IST] [INFO]: I have the departure location as DXB
[16/01/2025, 12:02:40 IST] [INFO]: I have the return location DOH
[16/01/2025, 12:02:40 IST] [INFO]: I have the departure date 02-01-2025
[16/01/2025, 12:02:40 IST] [INFO]: I have the cabin class Y
[16/01/2025, 12:02:40 IST] [INFO]: I have the number of adults 1
[16/01/2025, 12:02:40 IST] [INFO]: I have the number of children 1
[16/01/2025, 12:02:40 IST] [INFO]: I have the number of infand 0
[16/01/2025, 12:02:40 IST] [INFO]: I have the direct flight option set to false
[16/01/2025, 12:02:40 IST] [INFO]: I have the baggage option set to false
[16/01/2025, 12:02:40 IST] [INFO]: I have the refundable option set to false
[16/01/2025, 12:02:40 IST] [INFO]: I have entered the airline QR
[16/01/2025, 12:03:08 IST] [INFO]: I enter the passenger title Mr
[16/01/2025, 12:03:14 IST] [INFO]: I enter the passenger title Mstr
[16/01/2025, 12:32:39 IST] [INFO]: I have the departure location as DXB
[16/01/2025, 12:32:39 IST] [INFO]: I have the return location CAI
[16/01/2025, 12:32:39 IST] [INFO]: I have the departure date 01-22-2025
[16/01/2025, 12:32:39 IST] [INFO]: I have the cabin class Y
[16/01/2025, 12:32:39 IST] [INFO]: I have the number of adults 1
[16/01/2025, 12:32:39 IST] [INFO]: I have the number of children 1
[16/01/2025, 12:32:39 IST] [INFO]: I have the number of infand 0
[16/01/2025, 12:32:39 IST] [INFO]: I have the direct flight option set to false
[16/01/2025, 12:32:39 IST] [INFO]: I have the baggage option set to false
[16/01/2025, 12:32:39 IST] [INFO]: I have the refundable option set to false
[16/01/2025, 12:32:39 IST] [INFO]: No airline available, skipping...
[16/01/2025, 12:33:03 IST] [INFO]: I enter the passenger title Mr
[16/01/2025, 12:33:08 IST] [INFO]: I enter the passenger title Mstr
[16/01/2025, 12:33:14 IST] [INFO]: I have the departure location as DXB
[16/01/2025, 12:33:14 IST] [INFO]: I have the return location DOH
[16/01/2025, 12:33:14 IST] [INFO]: I have the departure date 02-01-2025
[16/01/2025, 12:33:14 IST] [INFO]: I have the cabin class Y
[16/01/2025, 12:33:14 IST] [INFO]: I have the number of adults 1
[16/01/2025, 12:33:14 IST] [INFO]: I have the number of children 1
[16/01/2025, 12:33:14 IST] [INFO]: I have the number of infand 0
[16/01/2025, 12:33:14 IST] [INFO]: I have the direct flight option set to false
[16/01/2025, 12:33:14 IST] [INFO]: I have the baggage option set to false
[16/01/2025, 12:33:14 IST] [INFO]: I have the refundable option set to false
[16/01/2025, 12:33:14 IST] [INFO]: I have entered the airline QR
[16/01/2025, 12:33:31 IST] [INFO]: I enter the passenger title Mr
[16/01/2025, 12:33:37 IST] [INFO]: I enter the passenger title Mstr
[16/01/2025, 15:45:25 IST] [INFO]: I have the departure location as DXB
[16/01/2025, 15:45:25 IST] [INFO]: I have the return location CAI
[16/01/2025, 15:45:25 IST] [INFO]: I have the departure date 01-22-2025
[16/01/2025, 15:45:25 IST] [INFO]: I have the cabin class Y
[16/01/2025, 15:45:25 IST] [INFO]: I have the number of adults 1
[16/01/2025, 15:45:25 IST] [INFO]: I have the number of children 1
[16/01/2025, 15:45:25 IST] [INFO]: I have the number of infand 0
[16/01/2025, 15:45:25 IST] [INFO]: I have the direct flight option set to false
[16/01/2025, 15:45:25 IST] [INFO]: I have the baggage option set to false
[16/01/2025, 15:45:25 IST] [INFO]: I have the refundable option set to false
[16/01/2025, 15:45:25 IST] [INFO]: No airline available, skipping...
[16/01/2025, 15:45:32 IST] [INFO]: I have the departure location as DXB
[16/01/2025, 15:45:32 IST] [INFO]: I have the return location CAI
[16/01/2025, 15:45:32 IST] [INFO]: I have the departure date 01-22-2025
[16/01/2025, 15:45:32 IST] [INFO]: I have the cabin class Y
[16/01/2025, 15:45:32 IST] [INFO]: I have the number of adults 1
[16/01/2025, 15:45:32 IST] [INFO]: I have the number of children 1
[16/01/2025, 15:45:32 IST] [INFO]: I have the number of infand 0
[16/01/2025, 15:45:32 IST] [INFO]: I have the direct flight option set to false
[16/01/2025, 15:45:32 IST] [INFO]: I have the baggage option set to false
[16/01/2025, 15:45:32 IST] [INFO]: I have the refundable option set to false
[16/01/2025, 15:45:32 IST] [INFO]: No airline available, skipping...
[16/01/2025, 15:45:58 IST] [INFO]: I enter the passenger title Mr
[16/01/2025, 15:46:04 IST] [INFO]: I enter the passenger title Mstr
[16/01/2025, 15:46:10 IST] [INFO]: I have the departure location as DXB
[16/01/2025, 15:46:10 IST] [INFO]: I have the return location DOH
[16/01/2025, 15:46:10 IST] [INFO]: I have the departure date 02-01-2025
[16/01/2025, 15:46:10 IST] [INFO]: I have the cabin class Y
[16/01/2025, 15:46:10 IST] [INFO]: I have the number of adults 1
[16/01/2025, 15:46:10 IST] [INFO]: I have the number of children 1
[16/01/2025, 15:46:10 IST] [INFO]: I have the number of infand 0
[16/01/2025, 15:46:10 IST] [INFO]: I have the direct flight option set to false
[16/01/2025, 15:46:10 IST] [INFO]: I have the baggage option set to false
[16/01/2025, 15:46:10 IST] [INFO]: I have the refundable option set to false
[16/01/2025, 15:46:10 IST] [INFO]: I have entered the airline QR
[16/01/2025, 15:46:30 IST] [INFO]: I enter the passenger title Mr
[16/01/2025, 15:46:37 IST] [INFO]: I enter the passenger title Mstr
[16/01/2025, 18:13:29 IST] [INFO]: I have the departure location as DXB
[16/01/2025, 18:13:29 IST] [INFO]: I have the return location CAI
[16/01/2025, 18:13:29 IST] [INFO]: I have the departure date 01-22-2025
[16/01/2025, 18:13:29 IST] [INFO]: I have the cabin class Y
[16/01/2025, 18:13:29 IST] [INFO]: I have the number of adults 1
[16/01/2025, 18:13:29 IST] [INFO]: I have the number of children 1
[16/01/2025, 18:13:29 IST] [INFO]: I have the number of infand 0
[16/01/2025, 18:13:29 IST] [INFO]: I have the direct flight option set to false
[16/01/2025, 18:13:29 IST] [INFO]: I have the baggage option set to false
[16/01/2025, 18:13:29 IST] [INFO]: I have the refundable option set to false
[16/01/2025, 18:13:29 IST] [INFO]: No airline available, skipping...
[16/01/2025, 18:13:36 IST] [INFO]: I have the departure location as DXB
[16/01/2025, 18:13:36 IST] [INFO]: I have the return location CAI
[16/01/2025, 18:13:36 IST] [INFO]: I have the departure date 01-22-2025
[16/01/2025, 18:13:36 IST] [INFO]: I have the cabin class Y
[16/01/2025, 18:13:36 IST] [INFO]: I have the number of adults 1
[16/01/2025, 18:13:36 IST] [INFO]: I have the number of children 1
[16/01/2025, 18:13:36 IST] [INFO]: I have the number of infand 0
[16/01/2025, 18:13:36 IST] [INFO]: I have the direct flight option set to false
[16/01/2025, 18:13:36 IST] [INFO]: I have the baggage option set to false
[16/01/2025, 18:13:37 IST] [INFO]: I have the refundable option set to false
[16/01/2025, 18:13:37 IST] [INFO]: No airline available, skipping...
[16/01/2025, 18:14:03 IST] [INFO]: I enter the passenger title Mr
[16/01/2025, 18:14:10 IST] [INFO]: I enter the passenger title Mstr
[16/01/2025, 18:14:17 IST] [INFO]: I have the departure location as DXB
[16/01/2025, 18:14:17 IST] [INFO]: I have the return location DOH
[16/01/2025, 18:14:17 IST] [INFO]: I have the departure date 02-01-2025
[16/01/2025, 18:14:17 IST] [INFO]: I have the cabin class Y
[16/01/2025, 18:14:17 IST] [INFO]: I have the number of adults 1
[16/01/2025, 18:14:17 IST] [INFO]: I have the number of children 1
[16/01/2025, 18:14:17 IST] [INFO]: I have the number of infand 0
[16/01/2025, 18:14:17 IST] [INFO]: I have the direct flight option set to false
[16/01/2025, 18:14:17 IST] [INFO]: I have the baggage option set to false
[16/01/2025, 18:14:17 IST] [INFO]: I have the refundable option set to false
[16/01/2025, 18:14:17 IST] [INFO]: I have entered the airline QR
[16/01/2025, 18:14:44 IST] [INFO]: I enter the passenger title Mr
[16/01/2025, 18:14:52 IST] [INFO]: I enter the passenger title Mstr
[16/01/2025, 18:45:43 IST] [INFO]: I have the departure location as DXB
[16/01/2025, 18:45:43 IST] [INFO]: I have the return location CAI
[16/01/2025, 18:45:43 IST] [INFO]: I have the departure date 01-22-2025
[16/01/2025, 18:45:43 IST] [INFO]: I have the cabin class Y
[16/01/2025, 18:45:43 IST] [INFO]: I have the number of adults 1
[16/01/2025, 18:45:43 IST] [INFO]: I have the number of children 1
[16/01/2025, 18:45:43 IST] [INFO]: I have the number of infand 0
[16/01/2025, 18:45:43 IST] [INFO]: I have the direct flight option set to false
[16/01/2025, 18:45:43 IST] [INFO]: I have the baggage option set to false
[16/01/2025, 18:45:43 IST] [INFO]: I have the refundable option set to false
[16/01/2025, 18:45:43 IST] [INFO]: No airline available, skipping...
[16/01/2025, 18:46:20 IST] [INFO]: I enter the passenger title Mr
[16/01/2025, 18:46:57 IST] [INFO]: I have the departure location as DXB
[16/01/2025, 18:46:57 IST] [INFO]: I have the return location DOH
[16/01/2025, 18:46:57 IST] [INFO]: I have the departure date 02-01-2025
[16/01/2025, 18:46:57 IST] [INFO]: I have the cabin class Y
[16/01/2025, 18:46:57 IST] [INFO]: I have the number of adults 1
[16/01/2025, 18:46:57 IST] [INFO]: I have the number of children 1
[16/01/2025, 18:46:57 IST] [INFO]: I have the number of infand 0
[16/01/2025, 18:46:57 IST] [INFO]: I have the direct flight option set to false
[16/01/2025, 18:46:57 IST] [INFO]: I have the baggage option set to false
[16/01/2025, 18:46:57 IST] [INFO]: I have the refundable option set to false
[16/01/2025, 18:46:57 IST] [INFO]: I have entered the airline QR
[16/01/2025, 18:47:12 IST] [INFO]: I enter the passenger title Mr
[21/01/2025, 12:21:56 IST] [INFO]: I have the departure location as DXB
[21/01/2025, 12:21:56 IST] [INFO]: I have the return location CAI
[21/01/2025, 12:21:56 IST] [INFO]: I have the departure date 01-29-2025
[21/01/2025, 12:21:56 IST] [INFO]: I have the cabin class Y
[21/01/2025, 12:21:56 IST] [INFO]: I have the number of adults 1
[21/01/2025, 12:21:56 IST] [INFO]: I have the number of children 1
[21/01/2025, 12:21:56 IST] [INFO]: I have the number of infand 0
[21/01/2025, 12:21:56 IST] [INFO]: I have the direct flight option set to false
[21/01/2025, 12:21:56 IST] [INFO]: I have the baggage option set to false
[21/01/2025, 12:21:56 IST] [INFO]: I have the refundable option set to false
[21/01/2025, 12:21:56 IST] [INFO]: No airline available, skipping...
[21/01/2025, 12:22:08 IST] [INFO]: I have the departure location as DXB
[21/01/2025, 12:22:08 IST] [INFO]: I have the return location CAI
[21/01/2025, 12:22:08 IST] [INFO]: I have the departure date 01-29-2025
[21/01/2025, 12:22:08 IST] [INFO]: I have the cabin class Y
[21/01/2025, 12:22:08 IST] [INFO]: I have the number of adults 1
[21/01/2025, 12:22:08 IST] [INFO]: I have the number of children 1
[21/01/2025, 12:22:08 IST] [INFO]: I have the number of infand 0
[21/01/2025, 12:22:08 IST] [INFO]: I have the direct flight option set to false
[21/01/2025, 12:22:08 IST] [INFO]: I have the baggage option set to false
[21/01/2025, 12:22:08 IST] [INFO]: I have the refundable option set to false
[21/01/2025, 12:22:08 IST] [INFO]: No airline available, skipping...
[21/01/2025, 12:22:51 IST] [INFO]: I have the departure location as DXB
[21/01/2025, 12:22:51 IST] [INFO]: I have the return location DOH
[21/01/2025, 12:22:51 IST] [INFO]: I have the departure date 02-01-2025
[21/01/2025, 12:22:51 IST] [INFO]: I have the cabin class Y
[21/01/2025, 12:22:51 IST] [INFO]: I have the number of adults 1
[21/01/2025, 12:22:51 IST] [INFO]: I have the number of children 1
[21/01/2025, 12:22:51 IST] [INFO]: I have the number of infand 0
[21/01/2025, 12:22:51 IST] [INFO]: I have the direct flight option set to false
[21/01/2025, 12:22:51 IST] [INFO]: I have the baggage option set to false
[21/01/2025, 12:22:51 IST] [INFO]: I have the refundable option set to false
[21/01/2025, 12:22:51 IST] [INFO]: I have entered the airline QR
[21/01/2025, 12:27:58 IST] [INFO]: I have the departure location as DXB
[21/01/2025, 12:27:58 IST] [INFO]: I have the return location CAI
[21/01/2025, 12:27:58 IST] [INFO]: I have the departure date 01-22-2025
[21/01/2025, 12:27:58 IST] [INFO]: I have the cabin class Y
[21/01/2025, 12:27:58 IST] [INFO]: I have the number of adults 1
[21/01/2025, 12:27:58 IST] [INFO]: I have the number of children 1
[21/01/2025, 12:27:58 IST] [INFO]: I have the number of infand 0
[21/01/2025, 12:27:58 IST] [INFO]: I have the direct flight option set to false
[21/01/2025, 12:27:58 IST] [INFO]: I have the baggage option set to false
[21/01/2025, 12:27:58 IST] [INFO]: I have the refundable option set to false
[21/01/2025, 12:27:58 IST] [INFO]: No airline available, skipping...
[21/01/2025, 12:28:40 IST] [INFO]: I have the departure location as DXB
[21/01/2025, 12:28:40 IST] [INFO]: I have the return location CAI
[21/01/2025, 12:28:40 IST] [INFO]: I have the departure date 01-22-2025
[21/01/2025, 12:28:40 IST] [INFO]: I have the cabin class Y
[21/01/2025, 12:28:40 IST] [INFO]: I have the number of adults 1
[21/01/2025, 12:28:40 IST] [INFO]: I have the number of children 1
[21/01/2025, 12:28:40 IST] [INFO]: I have the number of infand 0
[21/01/2025, 12:28:40 IST] [INFO]: I have the direct flight option set to false
[21/01/2025, 12:28:40 IST] [INFO]: I have the baggage option set to false
[21/01/2025, 12:28:40 IST] [INFO]: I have the refundable option set to false
[21/01/2025, 12:28:40 IST] [INFO]: No airline available, skipping...
[21/01/2025, 12:28:54 IST] [INFO]: I have the departure location as DXB
[21/01/2025, 12:28:54 IST] [INFO]: I have the return location CAI
[21/01/2025, 12:28:54 IST] [INFO]: I have the departure date 01-22-2025
[21/01/2025, 12:28:54 IST] [INFO]: I have the cabin class Y
[21/01/2025, 12:28:54 IST] [INFO]: I have the number of adults 1
[21/01/2025, 12:28:54 IST] [INFO]: I have the number of children 1
[21/01/2025, 12:28:54 IST] [INFO]: I have the number of infand 0
[21/01/2025, 12:28:54 IST] [INFO]: I have the direct flight option set to false
[21/01/2025, 12:28:54 IST] [INFO]: I have the baggage option set to false
[21/01/2025, 12:28:54 IST] [INFO]: I have the refundable option set to false
[21/01/2025, 12:28:54 IST] [INFO]: No airline available, skipping...
[21/01/2025, 12:29:16 IST] [INFO]: I have the departure location as DXB
[21/01/2025, 12:29:16 IST] [INFO]: I have the return location CAI
[21/01/2025, 12:29:16 IST] [INFO]: I have the departure date 01-22-2025
[21/01/2025, 12:29:16 IST] [INFO]: I have the cabin class Y
[21/01/2025, 12:29:16 IST] [INFO]: I have the number of adults 1
[21/01/2025, 12:29:16 IST] [INFO]: I have the number of children 1
[21/01/2025, 12:29:16 IST] [INFO]: I have the number of infand 0
[21/01/2025, 12:29:16 IST] [INFO]: I have the direct flight option set to false
[21/01/2025, 12:29:16 IST] [INFO]: I have the baggage option set to false
[21/01/2025, 12:29:16 IST] [INFO]: I have the refundable option set to false
[21/01/2025, 12:29:16 IST] [INFO]: No airline available, skipping...
[21/01/2025, 12:29:50 IST] [INFO]: I have the departure location as DXB
[21/01/2025, 12:29:50 IST] [INFO]: I have the return location DOH
[21/01/2025, 12:29:51 IST] [INFO]: I have the departure date 02-01-2025
[21/01/2025, 12:29:51 IST] [INFO]: I have the cabin class Y
[21/01/2025, 12:29:51 IST] [INFO]: I have the number of adults 1
[21/01/2025, 12:29:51 IST] [INFO]: I have the number of children 1
[21/01/2025, 12:29:51 IST] [INFO]: I have the number of infand 0
[21/01/2025, 12:29:51 IST] [INFO]: I have the direct flight option set to false
[21/01/2025, 12:29:51 IST] [INFO]: I have the baggage option set to false
[21/01/2025, 12:29:51 IST] [INFO]: I have the refundable option set to false
[21/01/2025, 12:29:51 IST] [INFO]: I have entered the airline QR
[21/01/2025, 12:46:13 IST] [INFO]: I have the departure location as DXB
[21/01/2025, 12:46:13 IST] [INFO]: I have the return location CAI
[21/01/2025, 12:46:13 IST] [INFO]: I have the departure date 01-22-2025
[21/01/2025, 12:46:13 IST] [INFO]: I have the cabin class Y
[21/01/2025, 12:46:13 IST] [INFO]: I have the number of adults 1
[21/01/2025, 12:46:13 IST] [INFO]: I have the number of children 1
[21/01/2025, 12:46:13 IST] [INFO]: I have the number of infand 0
[21/01/2025, 12:46:13 IST] [INFO]: I have the direct flight option set to false
[21/01/2025, 12:46:13 IST] [INFO]: I have the baggage option set to false
[21/01/2025, 12:46:13 IST] [INFO]: I have the refundable option set to false
[21/01/2025, 12:46:13 IST] [INFO]: No airline available, skipping...
[21/01/2025, 12:46:50 IST] [INFO]: I have the departure location as DXB
[21/01/2025, 12:46:50 IST] [INFO]: I have the return location DOH
[21/01/2025, 12:46:50 IST] [INFO]: I have the departure date 02-01-2025
[21/01/2025, 12:46:50 IST] [INFO]: I have the cabin class Y
[21/01/2025, 12:46:50 IST] [INFO]: I have the number of adults 1
[21/01/2025, 12:46:50 IST] [INFO]: I have the number of children 1
[21/01/2025, 12:46:50 IST] [INFO]: I have the number of infand 0
[21/01/2025, 12:46:50 IST] [INFO]: I have the direct flight option set to false
[21/01/2025, 12:46:50 IST] [INFO]: I have the baggage option set to false
[21/01/2025, 12:46:50 IST] [INFO]: I have the refundable option set to false
[21/01/2025, 12:46:50 IST] [INFO]: I have entered the airline QR
[21/01/2025, 13:18:14 IST] [INFO]: I have the departure location as DXB
[21/01/2025, 13:18:14 IST] [INFO]: I have the return location CAI
[21/01/2025, 13:18:14 IST] [INFO]: I have the departure date 01-22-2025
[21/01/2025, 13:18:14 IST] [INFO]: I have the cabin class Y
[21/01/2025, 13:18:14 IST] [INFO]: I have the number of adults 1
[21/01/2025, 13:18:14 IST] [INFO]: I have the number of children 1
[21/01/2025, 13:18:14 IST] [INFO]: I have the number of infand 0
[21/01/2025, 13:18:14 IST] [INFO]: I have the direct flight option set to false
[21/01/2025, 13:18:14 IST] [INFO]: I have the baggage option set to false
[21/01/2025, 13:18:14 IST] [INFO]: I have the refundable option set to false
[21/01/2025, 13:18:14 IST] [INFO]: No airline available, skipping...
[21/01/2025, 13:18:30 IST] [INFO]: I have the departure location as DXB
[21/01/2025, 13:18:30 IST] [INFO]: I have the return location CAI
[21/01/2025, 13:18:30 IST] [INFO]: I have the departure date 01-22-2025
[21/01/2025, 13:18:30 IST] [INFO]: I have the cabin class Y
[21/01/2025, 13:18:30 IST] [INFO]: I have the number of adults 1
[21/01/2025, 13:18:30 IST] [INFO]: I have the number of children 1
[21/01/2025, 13:18:30 IST] [INFO]: I have the number of infand 0
[21/01/2025, 13:18:30 IST] [INFO]: I have the direct flight option set to false
[21/01/2025, 13:18:30 IST] [INFO]: I have the baggage option set to false
[21/01/2025, 13:18:30 IST] [INFO]: I have the refundable option set to false
[21/01/2025, 13:18:30 IST] [INFO]: No airline available, skipping...
[21/01/2025, 13:19:04 IST] [INFO]: I have the departure location as DXB
[21/01/2025, 13:19:04 IST] [INFO]: I have the return location DOH
[21/01/2025, 13:19:04 IST] [INFO]: I have the departure date 02-01-2025
[21/01/2025, 13:19:04 IST] [INFO]: I have the cabin class Y
[21/01/2025, 13:19:04 IST] [INFO]: I have the number of adults 1
[21/01/2025, 13:19:04 IST] [INFO]: I have the number of children 1
[21/01/2025, 13:19:04 IST] [INFO]: I have the number of infand 0
[21/01/2025, 13:19:04 IST] [INFO]: I have the direct flight option set to false
[21/01/2025, 13:19:04 IST] [INFO]: I have the baggage option set to false
[21/01/2025, 13:19:04 IST] [INFO]: I have the refundable option set to false
[21/01/2025, 13:19:04 IST] [INFO]: I have entered the airline QR
[21/01/2025, 13:20:26 IST] [INFO]: I have the departure location as DXB
[21/01/2025, 13:20:26 IST] [INFO]: I have the return location CAI
[21/01/2025, 13:20:26 IST] [INFO]: I have the departure date 01-22-2025
[21/01/2025, 13:20:26 IST] [INFO]: I have the cabin class Y
[21/01/2025, 13:20:26 IST] [INFO]: I have the number of adults 1
[21/01/2025, 13:20:26 IST] [INFO]: I have the number of children 1
[21/01/2025, 13:20:26 IST] [INFO]: I have the number of infand 0
[21/01/2025, 13:20:26 IST] [INFO]: I have the direct flight option set to false
[21/01/2025, 13:20:26 IST] [INFO]: I have the baggage option set to false
[21/01/2025, 13:20:26 IST] [INFO]: I have the refundable option set to false
[21/01/2025, 13:20:26 IST] [INFO]: No airline available, skipping...
[21/01/2025, 13:20:28 IST] [INFO]: I have the departure location as DXB
[21/01/2025, 13:20:28 IST] [INFO]: I have the return location DOH
[21/01/2025, 13:20:28 IST] [INFO]: I have the departure date 02-01-2025
[21/01/2025, 13:20:28 IST] [INFO]: I have the cabin class Y
[21/01/2025, 13:20:28 IST] [INFO]: I have the number of adults 1
[21/01/2025, 13:20:28 IST] [INFO]: I have the number of children 1
[21/01/2025, 13:20:28 IST] [INFO]: I have the number of infand 0
[21/01/2025, 13:20:28 IST] [INFO]: I have the direct flight option set to false
[21/01/2025, 13:20:28 IST] [INFO]: I have the baggage option set to false
[21/01/2025, 13:20:28 IST] [INFO]: I have the refundable option set to false
[21/01/2025, 13:20:28 IST] [INFO]: I have entered the airline QR
[21/01/2025, 13:20:38 IST] [INFO]: I have the departure location as DXB
[21/01/2025, 13:20:38 IST] [INFO]: I have the return location CAI
[21/01/2025, 13:20:38 IST] [INFO]: I have the departure date 01-22-2025
[21/01/2025, 13:20:38 IST] [INFO]: I have the cabin class Y
[21/01/2025, 13:20:38 IST] [INFO]: I have the number of adults 1
[21/01/2025, 13:20:38 IST] [INFO]: I have the number of children 1
[21/01/2025, 13:20:39 IST] [INFO]: I have the number of infand 0
[21/01/2025, 13:20:39 IST] [INFO]: I have the direct flight option set to false
[21/01/2025, 13:20:39 IST] [INFO]: I have the baggage option set to false
[21/01/2025, 13:20:39 IST] [INFO]: I have the refundable option set to false
[21/01/2025, 13:20:39 IST] [INFO]: No airline available, skipping...
[21/01/2025, 13:20:40 IST] [INFO]: I have the departure location as DXB
[21/01/2025, 13:20:40 IST] [INFO]: I have the return location DOH
[21/01/2025, 13:20:40 IST] [INFO]: I have the departure date 02-01-2025
[21/01/2025, 13:20:40 IST] [INFO]: I have the cabin class Y
[21/01/2025, 13:20:40 IST] [INFO]: I have the number of adults 1
[21/01/2025, 13:20:40 IST] [INFO]: I have the number of children 1
[21/01/2025, 13:20:40 IST] [INFO]: I have the number of infand 0
[21/01/2025, 13:20:40 IST] [INFO]: I have the direct flight option set to false
[21/01/2025, 13:20:40 IST] [INFO]: I have the baggage option set to false
[21/01/2025, 13:20:40 IST] [INFO]: I have the refundable option set to false
[21/01/2025, 13:20:40 IST] [INFO]: I have entered the airline QR
[21/01/2025, 13:21:08 IST] [INFO]: I have the departure location as DXB
[21/01/2025, 13:21:08 IST] [INFO]: I have the return location CAI
[21/01/2025, 13:21:08 IST] [INFO]: I have the departure date 01-22-2025
[21/01/2025, 13:21:08 IST] [INFO]: I have the cabin class Y
[21/01/2025, 13:21:08 IST] [INFO]: I have the number of adults 1
[21/01/2025, 13:21:08 IST] [INFO]: I have the number of children 1
[21/01/2025, 13:21:08 IST] [INFO]: I have the number of infand 0
[21/01/2025, 13:21:08 IST] [INFO]: I have the direct flight option set to false
[21/01/2025, 13:21:08 IST] [INFO]: I have the baggage option set to false
[21/01/2025, 13:21:08 IST] [INFO]: I have the refundable option set to false
[21/01/2025, 13:21:08 IST] [INFO]: No airline available, skipping...
[21/01/2025, 13:21:44 IST] [INFO]: I have the departure location as DXB
[21/01/2025, 13:21:44 IST] [INFO]: I have the return location DOH
[21/01/2025, 13:21:44 IST] [INFO]: I have the departure date 02-01-2025
[21/01/2025, 13:21:44 IST] [INFO]: I have the cabin class Y
[21/01/2025, 13:21:44 IST] [INFO]: I have the number of adults 1
[21/01/2025, 13:21:44 IST] [INFO]: I have the number of children 1
[21/01/2025, 13:21:44 IST] [INFO]: I have the number of infand 0
[21/01/2025, 13:21:44 IST] [INFO]: I have the direct flight option set to false
[21/01/2025, 13:21:44 IST] [INFO]: I have the baggage option set to false
[21/01/2025, 13:21:44 IST] [INFO]: I have the refundable option set to false
[21/01/2025, 13:21:44 IST] [INFO]: I have entered the airline QR
[21/01/2025, 13:22:13 IST] [INFO]: I have the departure location as DXB
[21/01/2025, 13:22:13 IST] [INFO]: I have the return location CAI
[21/01/2025, 13:22:13 IST] [INFO]: I have the departure date 01-22-2025
[21/01/2025, 13:22:13 IST] [INFO]: I have the cabin class Y
[21/01/2025, 13:22:13 IST] [INFO]: I have the number of adults 1
[21/01/2025, 13:22:13 IST] [INFO]: I have the number of children 1
[21/01/2025, 13:22:13 IST] [INFO]: I have the number of infand 0
[21/01/2025, 13:22:13 IST] [INFO]: I have the direct flight option set to false
[21/01/2025, 13:22:14 IST] [INFO]: I have the baggage option set to false
[21/01/2025, 13:22:14 IST] [INFO]: I have the refundable option set to false
[21/01/2025, 13:22:14 IST] [INFO]: No airline available, skipping...
[21/01/2025, 13:22:25 IST] [INFO]: I have the departure location as DXB
[21/01/2025, 13:22:25 IST] [INFO]: I have the return location CAI
[21/01/2025, 13:22:25 IST] [INFO]: I have the departure date 01-22-2025
[21/01/2025, 13:22:25 IST] [INFO]: I have the cabin class Y
[21/01/2025, 13:22:25 IST] [INFO]: I have the number of adults 1
[21/01/2025, 13:22:25 IST] [INFO]: I have the number of children 1
[21/01/2025, 13:22:25 IST] [INFO]: I have the number of infand 0
[21/01/2025, 13:22:25 IST] [INFO]: I have the direct flight option set to false
[21/01/2025, 13:22:25 IST] [INFO]: I have the baggage option set to false
[21/01/2025, 13:22:25 IST] [INFO]: I have the refundable option set to false
[21/01/2025, 13:22:25 IST] [INFO]: No airline available, skipping...
[21/01/2025, 13:22:40 IST] [INFO]: I have the departure location as DXB
[21/01/2025, 13:22:40 IST] [INFO]: I have the return location CAI
[21/01/2025, 13:22:40 IST] [INFO]: I have the departure date 01-22-2025
[21/01/2025, 13:22:40 IST] [INFO]: I have the cabin class Y
[21/01/2025, 13:22:40 IST] [INFO]: I have the number of adults 1
[21/01/2025, 13:22:40 IST] [INFO]: I have the number of children 1
[21/01/2025, 13:22:40 IST] [INFO]: I have the number of infand 0
[21/01/2025, 13:22:40 IST] [INFO]: I have the direct flight option set to false
[21/01/2025, 13:22:40 IST] [INFO]: I have the baggage option set to false
[21/01/2025, 13:22:40 IST] [INFO]: I have the refundable option set to false
[21/01/2025, 13:22:40 IST] [INFO]: No airline available, skipping...
[21/01/2025, 13:23:14 IST] [INFO]: I have the departure location as DXB
[21/01/2025, 13:23:14 IST] [INFO]: I have the return location DOH
[21/01/2025, 13:23:14 IST] [INFO]: I have the departure date 02-01-2025
[21/01/2025, 13:23:14 IST] [INFO]: I have the cabin class Y
[21/01/2025, 13:23:14 IST] [INFO]: I have the number of adults 1
[21/01/2025, 13:23:14 IST] [INFO]: I have the number of children 1
[21/01/2025, 13:23:14 IST] [INFO]: I have the number of infand 0
[21/01/2025, 13:23:14 IST] [INFO]: I have the direct flight option set to false
[21/01/2025, 13:23:14 IST] [INFO]: I have the baggage option set to false
[21/01/2025, 13:23:14 IST] [INFO]: I have the refundable option set to false
[21/01/2025, 13:23:14 IST] [INFO]: I have entered the airline QR
[21/01/2025, 13:26:18 IST] [INFO]: I have the departure location as DXB
[21/01/2025, 13:26:18 IST] [INFO]: I have the return location CAI
[21/01/2025, 13:26:18 IST] [INFO]: I have the departure date 01-22-2025
[21/01/2025, 13:26:18 IST] [INFO]: I have the cabin class Y
[21/01/2025, 13:26:18 IST] [INFO]: I have the number of adults 1
[21/01/2025, 13:26:18 IST] [INFO]: I have the number of children 1
[21/01/2025, 13:26:18 IST] [INFO]: I have the number of infand 0
[21/01/2025, 13:26:18 IST] [INFO]: I have the direct flight option set to false
[21/01/2025, 13:26:18 IST] [INFO]: I have the baggage option set to false
[21/01/2025, 13:26:18 IST] [INFO]: I have the refundable option set to false
[21/01/2025, 13:26:18 IST] [INFO]: No airline available, skipping...
[21/01/2025, 13:27:14 IST] [INFO]: I have the departure location as DXB
[21/01/2025, 13:27:14 IST] [INFO]: I have the return location DOH
[21/01/2025, 13:27:15 IST] [INFO]: I have the departure date 02-01-2025
[21/01/2025, 13:27:15 IST] [INFO]: I have the cabin class Y
[21/01/2025, 13:27:15 IST] [INFO]: I have the number of adults 1
[21/01/2025, 13:27:15 IST] [INFO]: I have the number of children 1
[21/01/2025, 13:27:15 IST] [INFO]: I have the number of infand 0
[21/01/2025, 13:27:15 IST] [INFO]: I have the direct flight option set to false
[21/01/2025, 13:27:15 IST] [INFO]: I have the baggage option set to false
[21/01/2025, 13:27:15 IST] [INFO]: I have the refundable option set to false
[21/01/2025, 13:27:15 IST] [INFO]: I have entered the airline QR
[21/01/2025, 13:27:53 IST] [INFO]: I enter the passenger title Mr
[21/01/2025, 13:28:57 IST] [INFO]: I have the departure location as DXB
[21/01/2025, 13:28:57 IST] [INFO]: I have the return location CAI
[21/01/2025, 13:28:57 IST] [INFO]: I have the departure date 02-22-2025
[21/01/2025, 13:28:57 IST] [INFO]: I have the cabin class Y
[21/01/2025, 13:28:57 IST] [INFO]: I have the number of adults 1
[21/01/2025, 13:28:57 IST] [INFO]: I have the number of children 1
[21/01/2025, 13:28:57 IST] [INFO]: I have the number of infand 0
[21/01/2025, 13:28:57 IST] [INFO]: I have the direct flight option set to false
[21/01/2025, 13:28:57 IST] [INFO]: I have the baggage option set to false
[21/01/2025, 13:28:57 IST] [INFO]: I have the refundable option set to false
[21/01/2025, 13:28:57 IST] [INFO]: No airline available, skipping...
[21/01/2025, 13:29:20 IST] [INFO]: I have the departure location as DXB
[21/01/2025, 13:29:20 IST] [INFO]: I have the return location CAI
[21/01/2025, 13:29:20 IST] [INFO]: I have the departure date 02-22-2025
[21/01/2025, 13:29:20 IST] [INFO]: I have the cabin class Y
[21/01/2025, 13:29:20 IST] [INFO]: I have the number of adults 1
[21/01/2025, 13:29:20 IST] [INFO]: I have the number of children 1
[21/01/2025, 13:29:20 IST] [INFO]: I have the number of infand 0
[21/01/2025, 13:29:20 IST] [INFO]: I have the direct flight option set to false
[21/01/2025, 13:29:20 IST] [INFO]: I have the baggage option set to false
[21/01/2025, 13:29:20 IST] [INFO]: I have the refundable option set to false
[21/01/2025, 13:29:20 IST] [INFO]: No airline available, skipping...
[21/01/2025, 13:29:43 IST] [INFO]: I enter the passenger title Mr
[21/01/2025, 13:29:50 IST] [INFO]: I enter the passenger title Mstr
[21/01/2025, 13:29:56 IST] [INFO]: I have the departure location as DXB
[21/01/2025, 13:29:56 IST] [INFO]: I have the return location DOH
[21/01/2025, 13:29:56 IST] [INFO]: I have the departure date 02-01-2025
[21/01/2025, 13:29:56 IST] [INFO]: I have the cabin class Y
[21/01/2025, 13:29:56 IST] [INFO]: I have the number of adults 1
[21/01/2025, 13:29:56 IST] [INFO]: I have the number of children 1
[21/01/2025, 13:29:56 IST] [INFO]: I have the number of infand 0
[21/01/2025, 13:29:56 IST] [INFO]: I have the direct flight option set to false
[21/01/2025, 13:29:56 IST] [INFO]: I have the baggage option set to false
[21/01/2025, 13:29:56 IST] [INFO]: I have the refundable option set to false
[21/01/2025, 13:29:56 IST] [INFO]: I have entered the airline QR
[21/01/2025, 13:31:21 IST] [INFO]: I have the departure location as DXB
[21/01/2025, 13:31:21 IST] [INFO]: I have the return location CAI
[21/01/2025, 13:31:21 IST] [INFO]: I have the departure date 02-22-2025
[21/01/2025, 13:31:21 IST] [INFO]: I have the cabin class Y
[21/01/2025, 13:31:21 IST] [INFO]: I have the number of adults 1
[21/01/2025, 13:31:21 IST] [INFO]: I have the number of children 1
[21/01/2025, 13:31:21 IST] [INFO]: I have the number of infand 0
[21/01/2025, 13:31:21 IST] [INFO]: I have the direct flight option set to false
[21/01/2025, 13:31:21 IST] [INFO]: I have the baggage option set to false
[21/01/2025, 13:31:21 IST] [INFO]: I have the refundable option set to false
[21/01/2025, 13:31:21 IST] [INFO]: No airline available, skipping...
[21/01/2025, 13:31:50 IST] [INFO]: I enter the passenger title Mr
[21/01/2025, 13:31:56 IST] [INFO]: I enter the passenger title Mstr
[21/01/2025, 13:32:32 IST] [INFO]: I have the departure location as DXB
[21/01/2025, 13:32:32 IST] [INFO]: I have the return location DOH
[21/01/2025, 13:32:32 IST] [INFO]: I have the departure date 02-01-2025
[21/01/2025, 13:32:32 IST] [INFO]: I have the cabin class Y
[21/01/2025, 13:32:32 IST] [INFO]: I have the number of adults 1
[21/01/2025, 13:32:32 IST] [INFO]: I have the number of children 1
[21/01/2025, 13:32:33 IST] [INFO]: I have the number of infand 0
[21/01/2025, 13:32:33 IST] [INFO]: I have the direct flight option set to false
[21/01/2025, 13:32:33 IST] [INFO]: I have the baggage option set to false
[21/01/2025, 13:32:33 IST] [INFO]: I have the refundable option set to false
[21/01/2025, 13:32:33 IST] [INFO]: I have entered the airline QR
[21/01/2025, 13:35:00 IST] [INFO]: I have the departure location as DXB
[21/01/2025, 13:35:00 IST] [INFO]: I have the return location CAI
[21/01/2025, 13:35:00 IST] [INFO]: I have the departure date 02-22-2025
[21/01/2025, 13:35:00 IST] [INFO]: I have the cabin class Y
[21/01/2025, 13:35:00 IST] [INFO]: I have the number of adults 1
[21/01/2025, 13:35:00 IST] [INFO]: I have the number of children 1
[21/01/2025, 13:35:00 IST] [INFO]: I have the number of infand 0
[21/01/2025, 13:35:00 IST] [INFO]: I have the direct flight option set to false
[21/01/2025, 13:35:00 IST] [INFO]: I have the baggage option set to false
[21/01/2025, 13:35:00 IST] [INFO]: I have the refundable option set to false
[21/01/2025, 13:35:00 IST] [INFO]: No airline available, skipping...
[21/01/2025, 13:35:27 IST] [INFO]: I enter the passenger title Mr
[21/01/2025, 13:35:35 IST] [INFO]: I enter the passenger title Mstr
[21/01/2025, 13:35:42 IST] [INFO]: I have the departure location as DXB
[21/01/2025, 13:35:42 IST] [INFO]: I have the return location DOH
[21/01/2025, 13:35:42 IST] [INFO]: I have the departure date 02-01-2025
[21/01/2025, 13:35:42 IST] [INFO]: I have the cabin class Y
[21/01/2025, 13:35:42 IST] [INFO]: I have the number of adults 1
[21/01/2025, 13:35:42 IST] [INFO]: I have the number of children 1
[21/01/2025, 13:35:42 IST] [INFO]: I have the number of infand 0
[21/01/2025, 13:35:42 IST] [INFO]: I have the direct flight option set to false
[21/01/2025, 13:35:42 IST] [INFO]: I have the baggage option set to false
[21/01/2025, 13:35:42 IST] [INFO]: I have the refundable option set to false
[21/01/2025, 13:35:42 IST] [INFO]: I have entered the airline QR
[21/01/2025, 13:36:05 IST] [INFO]: I enter the passenger title Mr
[21/01/2025, 13:36:11 IST] [INFO]: I enter the passenger title Mstr
[21/01/2025, 14:16:11 IST] [INFO]: I have the departure location as DXB
[21/01/2025, 14:16:11 IST] [INFO]: I have the return location CAI
[21/01/2025, 14:16:11 IST] [INFO]: I have the departure date 02-22-2025
[21/01/2025, 14:16:11 IST] [INFO]: I have the cabin class Y
[21/01/2025, 14:16:11 IST] [INFO]: I have the number of adults 1
[21/01/2025, 14:16:11 IST] [INFO]: I have the number of children 1
[21/01/2025, 14:16:11 IST] [INFO]: I have the number of infand 0
[21/01/2025, 14:16:11 IST] [INFO]: I have the direct flight option set to false
[21/01/2025, 14:16:11 IST] [INFO]: I have the baggage option set to false
[21/01/2025, 14:16:11 IST] [INFO]: I have the refundable option set to false
[21/01/2025, 14:16:11 IST] [INFO]: No airline available, skipping...
[21/01/2025, 14:17:03 IST] [INFO]: I have the departure location as DXB
[21/01/2025, 14:17:03 IST] [INFO]: I have the return location DOH
[21/01/2025, 14:17:03 IST] [INFO]: I have the departure date 02-01-2025
[21/01/2025, 14:17:03 IST] [INFO]: I have the cabin class Y
[21/01/2025, 14:17:03 IST] [INFO]: I have the number of adults 1
[21/01/2025, 14:17:03 IST] [INFO]: I have the number of children 1
[21/01/2025, 14:17:03 IST] [INFO]: I have the number of infand 0
[21/01/2025, 14:17:03 IST] [INFO]: I have the direct flight option set to false
[21/01/2025, 14:17:03 IST] [INFO]: I have the baggage option set to false
[21/01/2025, 14:17:03 IST] [INFO]: I have the refundable option set to false
[21/01/2025, 14:17:03 IST] [INFO]: I have entered the airline QR
[21/01/2025, 14:17:27 IST] [INFO]: I enter the passenger title Mr
[21/01/2025, 14:17:53 IST] [INFO]: I have the departure location as DXB
[21/01/2025, 14:17:53 IST] [INFO]: I have the return location CAI
[21/01/2025, 14:17:53 IST] [INFO]: I have the departure date 02-22-2025
[21/01/2025, 14:17:53 IST] [INFO]: I have the cabin class Y
[21/01/2025, 14:17:53 IST] [INFO]: I have the number of adults 1
[21/01/2025, 14:17:53 IST] [INFO]: I have the number of children 1
[21/01/2025, 14:17:53 IST] [INFO]: I have the number of infand 0
[21/01/2025, 14:17:53 IST] [INFO]: I have the direct flight option set to false
[21/01/2025, 14:17:53 IST] [INFO]: I have the baggage option set to false
[21/01/2025, 14:17:53 IST] [INFO]: I have the refundable option set to false
[21/01/2025, 14:17:53 IST] [INFO]: No airline available, skipping...
[21/01/2025, 14:18:14 IST] [INFO]: I enter the passenger title Mr
[21/01/2025, 14:18:20 IST] [INFO]: I enter the passenger title Mstr
[21/01/2025, 14:18:27 IST] [INFO]: I have the departure location as DXB
[21/01/2025, 14:18:27 IST] [INFO]: I have the return location DOH
[21/01/2025, 14:18:27 IST] [INFO]: I have the departure date 02-01-2025
[21/01/2025, 14:18:27 IST] [INFO]: I have the cabin class Y
[21/01/2025, 14:18:27 IST] [INFO]: I have the number of adults 1
[21/01/2025, 14:18:27 IST] [INFO]: I have the number of children 1
[21/01/2025, 14:18:27 IST] [INFO]: I have the number of infand 0
[21/01/2025, 14:18:27 IST] [INFO]: I have the direct flight option set to false
[21/01/2025, 14:18:27 IST] [INFO]: I have the baggage option set to false
[21/01/2025, 14:18:27 IST] [INFO]: I have the refundable option set to false
[21/01/2025, 14:18:27 IST] [INFO]: I have entered the airline QR
[21/01/2025, 14:21:18 IST] [INFO]: I have the departure location as DXB
[21/01/2025, 14:21:18 IST] [INFO]: I have the return location CAI
[21/01/2025, 14:21:18 IST] [INFO]: I have the departure date 02-22-2025
[21/01/2025, 14:21:18 IST] [INFO]: I have the cabin class Y
[21/01/2025, 14:21:18 IST] [INFO]: I have the number of adults 1
[21/01/2025, 14:21:18 IST] [INFO]: I have the number of children 1
[21/01/2025, 14:21:18 IST] [INFO]: I have the number of infand 0
[21/01/2025, 14:21:18 IST] [INFO]: I have the direct flight option set to false
[21/01/2025, 14:21:18 IST] [INFO]: I have the baggage option set to false
[21/01/2025, 14:21:18 IST] [INFO]: I have the refundable option set to false
[21/01/2025, 14:21:18 IST] [INFO]: No airline available, skipping...
[21/01/2025, 14:21:57 IST] [INFO]: I enter the passenger title Mr
[21/01/2025, 14:22:04 IST] [INFO]: I enter the passenger title Mstr
[21/01/2025, 14:26:27 IST] [INFO]: I have the departure location as DXB
[21/01/2025, 14:26:28 IST] [INFO]: I have the return location CAI
[21/01/2025, 14:26:28 IST] [INFO]: I have the departure date 02-22-2025
[21/01/2025, 14:26:28 IST] [INFO]: I have the cabin class Y
[21/01/2025, 14:26:28 IST] [INFO]: I have the number of adults 1
[21/01/2025, 14:26:28 IST] [INFO]: I have the number of children 1
[21/01/2025, 14:26:28 IST] [INFO]: I have the number of infand 0
[21/01/2025, 14:26:28 IST] [INFO]: I have the direct flight option set to false
[21/01/2025, 14:26:28 IST] [INFO]: I have the baggage option set to false
[21/01/2025, 14:26:28 IST] [INFO]: I have the refundable option set to false
[21/01/2025, 14:26:28 IST] [INFO]: No airline available, skipping...
[21/01/2025, 14:26:57 IST] [INFO]: I enter the passenger title Mr
[21/01/2025, 14:27:03 IST] [INFO]: I enter the passenger title Mstr
[21/01/2025, 14:28:58 IST] [INFO]: I have the departure location as DXB
[21/01/2025, 14:28:58 IST] [INFO]: I have the return location CAI
[21/01/2025, 14:28:58 IST] [INFO]: I have the departure date 02-22-2025
[21/01/2025, 14:28:59 IST] [INFO]: I have the cabin class Y
[21/01/2025, 14:28:59 IST] [INFO]: I have the number of adults 1
[21/01/2025, 14:28:59 IST] [INFO]: I have the number of children 1
[21/01/2025, 14:28:59 IST] [INFO]: I have the number of infand 0
[21/01/2025, 14:28:59 IST] [INFO]: I have the direct flight option set to false
[21/01/2025, 14:28:59 IST] [INFO]: I have the baggage option set to false
[21/01/2025, 14:28:59 IST] [INFO]: I have the refundable option set to false
[21/01/2025, 14:28:59 IST] [INFO]: No airline available, skipping...
[21/01/2025, 14:29:21 IST] [INFO]: I have the departure location as DXB
[21/01/2025, 14:29:21 IST] [INFO]: I have the return location CAI
[21/01/2025, 14:29:21 IST] [INFO]: I have the departure date 02-22-2025
[21/01/2025, 14:29:21 IST] [INFO]: I have the cabin class Y
[21/01/2025, 14:29:21 IST] [INFO]: I have the number of adults 1
[21/01/2025, 14:29:21 IST] [INFO]: I have the number of children 1
[21/01/2025, 14:29:21 IST] [INFO]: I have the number of infand 0
[21/01/2025, 14:29:21 IST] [INFO]: I have the direct flight option set to false
[21/01/2025, 14:29:21 IST] [INFO]: I have the baggage option set to false
[21/01/2025, 14:29:21 IST] [INFO]: I have the refundable option set to false
[21/01/2025, 14:29:21 IST] [INFO]: No airline available, skipping...
[21/01/2025, 14:29:49 IST] [INFO]: I have the departure location as DXB
[21/01/2025, 14:29:49 IST] [INFO]: I have the return location CAI
[21/01/2025, 14:29:49 IST] [INFO]: I have the departure date 02-22-2025
[21/01/2025, 14:29:49 IST] [INFO]: I have the cabin class Y
[21/01/2025, 14:29:49 IST] [INFO]: I have the number of adults 1
[21/01/2025, 14:29:49 IST] [INFO]: I have the number of children 1
[21/01/2025, 14:29:49 IST] [INFO]: I have the number of infand 0
[21/01/2025, 14:29:49 IST] [INFO]: I have the direct flight option set to false
[21/01/2025, 14:29:49 IST] [INFO]: I have the baggage option set to false
[21/01/2025, 14:29:49 IST] [INFO]: I have the refundable option set to false
[21/01/2025, 14:29:50 IST] [INFO]: No airline available, skipping...
[21/01/2025, 14:30:22 IST] [INFO]: I have the departure location as DXB
[21/01/2025, 14:30:22 IST] [INFO]: I have the return location DOH
[21/01/2025, 14:30:22 IST] [INFO]: I have the departure date 02-01-2025
[21/01/2025, 14:30:22 IST] [INFO]: I have the cabin class Y
[21/01/2025, 14:30:22 IST] [INFO]: I have the number of adults 1
[21/01/2025, 14:30:22 IST] [INFO]: I have the number of children 1
[21/01/2025, 14:30:22 IST] [INFO]: I have the number of infand 0
[21/01/2025, 14:30:22 IST] [INFO]: I have the direct flight option set to false
[21/01/2025, 14:30:22 IST] [INFO]: I have the baggage option set to false
[21/01/2025, 14:30:22 IST] [INFO]: I have the refundable option set to false
[21/01/2025, 14:30:22 IST] [INFO]: I have entered the airline QR
[21/01/2025, 14:30:43 IST] [INFO]: I enter the passenger title Mr
[21/01/2025, 14:30:49 IST] [INFO]: I enter the passenger title Mstr
[21/01/2025, 14:31:15 IST] [INFO]: I have the departure location as DXB
[21/01/2025, 14:31:15 IST] [INFO]: I have the return location CAI
[21/01/2025, 14:31:15 IST] [INFO]: I have the departure date 02-22-2025
[21/01/2025, 14:31:15 IST] [INFO]: I have the cabin class Y
[21/01/2025, 14:31:15 IST] [INFO]: I have the number of adults 1
[21/01/2025, 14:31:15 IST] [INFO]: I have the number of children 1
[21/01/2025, 14:31:15 IST] [INFO]: I have the number of infand 0
[21/01/2025, 14:31:15 IST] [INFO]: I have the direct flight option set to false
[21/01/2025, 14:31:15 IST] [INFO]: I have the baggage option set to false
[21/01/2025, 14:31:15 IST] [INFO]: I have the refundable option set to false
[21/01/2025, 14:31:15 IST] [INFO]: No airline available, skipping...
[21/01/2025, 14:32:22 IST] [INFO]: I have the departure location as DXB
[21/01/2025, 14:32:22 IST] [INFO]: I have the return location DOH
[21/01/2025, 14:32:22 IST] [INFO]: I have the departure date 02-01-2025
[21/01/2025, 14:32:22 IST] [INFO]: I have the cabin class Y
[21/01/2025, 14:32:22 IST] [INFO]: I have the number of adults 1
[21/01/2025, 14:32:22 IST] [INFO]: I have the number of children 1
[21/01/2025, 14:32:22 IST] [INFO]: I have the number of infand 0
[21/01/2025, 14:32:22 IST] [INFO]: I have the direct flight option set to false
[21/01/2025, 14:32:22 IST] [INFO]: I have the baggage option set to false
[21/01/2025, 14:32:22 IST] [INFO]: I have the refundable option set to false
[21/01/2025, 14:32:22 IST] [INFO]: I have entered the airline QR
[21/01/2025, 14:32:27 IST] [INFO]: I have the departure location as DXB
[21/01/2025, 14:32:27 IST] [INFO]: I have the return location CAI
[21/01/2025, 14:32:27 IST] [INFO]: I have the departure date 02-22-2025
[21/01/2025, 14:32:27 IST] [INFO]: I have the cabin class Y
[21/01/2025, 14:32:27 IST] [INFO]: I have the number of adults 1
[21/01/2025, 14:32:27 IST] [INFO]: I have the number of children 1
[21/01/2025, 14:32:27 IST] [INFO]: I have the number of infand 0
[21/01/2025, 14:32:27 IST] [INFO]: I have the direct flight option set to false
[21/01/2025, 14:32:27 IST] [INFO]: I have the baggage option set to false
[21/01/2025, 14:32:27 IST] [INFO]: I have the refundable option set to false
[21/01/2025, 14:32:27 IST] [INFO]: No airline available, skipping...
[21/01/2025, 14:32:49 IST] [INFO]: I enter the passenger title Mr
[21/01/2025, 14:32:54 IST] [INFO]: I enter the passenger title Mstr
[21/01/2025, 15:10:25 IST] [INFO]: I have the departure location as DXB
[21/01/2025, 15:10:25 IST] [INFO]: I have the return location CAI
[21/01/2025, 15:10:25 IST] [INFO]: I have the departure date 02-22-2025
[21/01/2025, 15:10:25 IST] [INFO]: I have the cabin class Y
[21/01/2025, 15:10:25 IST] [INFO]: I have the number of adults 1
[21/01/2025, 15:10:26 IST] [INFO]: I have the number of children 1
[21/01/2025, 15:10:26 IST] [INFO]: I have the number of infand 0
[21/01/2025, 15:10:26 IST] [INFO]: I have the direct flight option set to false
[21/01/2025, 15:10:26 IST] [INFO]: I have the baggage option set to false
[21/01/2025, 15:10:26 IST] [INFO]: I have the refundable option set to false
[21/01/2025, 15:10:26 IST] [INFO]: No airline available, skipping...
[21/01/2025, 15:11:15 IST] [INFO]: I have the departure location as DXB
[21/01/2025, 15:11:15 IST] [INFO]: I have the return location DOH
[21/01/2025, 15:11:15 IST] [INFO]: I have the departure date 02-01-2025
[21/01/2025, 15:11:15 IST] [INFO]: I have the cabin class Y
[21/01/2025, 15:11:15 IST] [INFO]: I have the number of adults 1
[21/01/2025, 15:11:15 IST] [INFO]: I have the number of children 1
[21/01/2025, 15:11:15 IST] [INFO]: I have the number of infand 0
[21/01/2025, 15:11:15 IST] [INFO]: I have the direct flight option set to false
[21/01/2025, 15:11:15 IST] [INFO]: I have the baggage option set to false
[21/01/2025, 15:11:15 IST] [INFO]: I have the refundable option set to false
[21/01/2025, 15:11:15 IST] [INFO]: I have entered the airline QR
[21/01/2025, 15:28:43 IST] [INFO]: I have the departure location as DXB
[21/01/2025, 15:28:43 IST] [INFO]: I have the return location CAI
[21/01/2025, 15:28:43 IST] [INFO]: I have the departure date 02-22-2025
[21/01/2025, 15:28:43 IST] [INFO]: I have the cabin class Y
[21/01/2025, 15:28:43 IST] [INFO]: I have the number of adults 1
[21/01/2025, 15:28:43 IST] [INFO]: I have the number of children 1
[21/01/2025, 15:28:43 IST] [INFO]: I have the number of infand 0
[21/01/2025, 15:28:43 IST] [INFO]: I have the direct flight option set to false
[21/01/2025, 15:28:43 IST] [INFO]: I have the baggage option set to false
[21/01/2025, 15:28:43 IST] [INFO]: I have the refundable option set to false
[21/01/2025, 15:28:43 IST] [INFO]: No airline available, skipping...
[21/01/2025, 15:29:13 IST] [INFO]: I enter the passenger title Mr
[21/01/2025, 15:29:19 IST] [INFO]: I enter the passenger title Mstr
[21/01/2025, 15:29:26 IST] [INFO]: I have the departure location as DXB
[21/01/2025, 15:29:26 IST] [INFO]: I have the return location DOH
[21/01/2025, 15:29:26 IST] [INFO]: I have the departure date 02-01-2025
[21/01/2025, 15:29:26 IST] [INFO]: I have the cabin class Y
[21/01/2025, 15:29:26 IST] [INFO]: I have the number of adults 1
[21/01/2025, 15:29:26 IST] [INFO]: I have the number of children 1
[21/01/2025, 15:29:26 IST] [INFO]: I have the number of infand 0
[21/01/2025, 15:29:26 IST] [INFO]: I have the direct flight option set to false
[21/01/2025, 15:29:26 IST] [INFO]: I have the baggage option set to false
[21/01/2025, 15:29:26 IST] [INFO]: I have the refundable option set to false
[21/01/2025, 15:29:26 IST] [INFO]: I have entered the airline QR
[21/01/2025, 15:37:59 IST] [INFO]: I have the departure location as DXB
[21/01/2025, 15:37:59 IST] [INFO]: I have the return location CAI
[21/01/2025, 15:37:59 IST] [INFO]: I have the departure date 02-22-2025
[21/01/2025, 15:37:59 IST] [INFO]: I have the cabin class Y
[21/01/2025, 15:37:59 IST] [INFO]: I have the number of adults 1
[21/01/2025, 15:37:59 IST] [INFO]: I have the number of children 1
[21/01/2025, 15:37:59 IST] [INFO]: I have the number of infand 0
[21/01/2025, 15:37:59 IST] [INFO]: I have the direct flight option set to false
[21/01/2025, 15:37:59 IST] [INFO]: I have the baggage option set to false
[21/01/2025, 15:37:59 IST] [INFO]: I have the refundable option set to false
[21/01/2025, 15:37:59 IST] [INFO]: No airline available, skipping...
[21/01/2025, 15:38:21 IST] [INFO]: I enter the passenger title Mr
[21/01/2025, 15:38:56 IST] [INFO]: I have the departure location as DXB
[21/01/2025, 15:38:56 IST] [INFO]: I have the return location DOH
[21/01/2025, 15:38:56 IST] [INFO]: I have the departure date 02-01-2025
[21/01/2025, 15:38:56 IST] [INFO]: I have the cabin class Y
[21/01/2025, 15:38:56 IST] [INFO]: I have the number of adults 1
[21/01/2025, 15:38:56 IST] [INFO]: I have the number of children 1
[21/01/2025, 15:38:56 IST] [INFO]: I have the number of infand 0
[21/01/2025, 15:38:57 IST] [INFO]: I have the direct flight option set to false
[21/01/2025, 15:38:57 IST] [INFO]: I have the baggage option set to false
[21/01/2025, 15:38:57 IST] [INFO]: I have the refundable option set to false
[21/01/2025, 15:38:57 IST] [INFO]: I have entered the airline QR
[21/01/2025, 16:35:54 IST] [INFO]: I have the departure location as DXB
[21/01/2025, 16:35:54 IST] [INFO]: I have the return location CAI
[21/01/2025, 16:35:54 IST] [INFO]: I have the departure date 02-22-2025
[21/01/2025, 16:35:54 IST] [INFO]: I have the cabin class Y
[21/01/2025, 16:35:54 IST] [INFO]: I have the number of adults 1
[21/01/2025, 16:35:54 IST] [INFO]: I have the number of children 1
[21/01/2025, 16:35:54 IST] [INFO]: I have the number of infand 0
[21/01/2025, 16:35:54 IST] [INFO]: I have the direct flight option set to false
[21/01/2025, 16:35:54 IST] [INFO]: I have the baggage option set to false
[21/01/2025, 16:35:54 IST] [INFO]: I have the refundable option set to false
[21/01/2025, 16:35:54 IST] [INFO]: No airline available, skipping...
[21/01/2025, 16:36:47 IST] [INFO]: I have the departure location as DXB
[21/01/2025, 16:36:47 IST] [INFO]: I have the return location DOH
[21/01/2025, 16:36:47 IST] [INFO]: I have the departure date 02-01-2025
[21/01/2025, 16:36:47 IST] [INFO]: I have the cabin class Y
[21/01/2025, 16:36:47 IST] [INFO]: I have the number of adults 1
[21/01/2025, 16:36:47 IST] [INFO]: I have the number of children 1
[21/01/2025, 16:36:47 IST] [INFO]: I have the number of infand 0
[21/01/2025, 16:36:47 IST] [INFO]: I have the direct flight option set to false
[21/01/2025, 16:36:47 IST] [INFO]: I have the baggage option set to false
[21/01/2025, 16:36:47 IST] [INFO]: I have the refundable option set to false
[21/01/2025, 16:36:47 IST] [INFO]: I have entered the airline QR
[21/01/2025, 17:19:39 IST] [INFO]: I have the departure location as DXB
[21/01/2025, 17:19:39 IST] [INFO]: I have the return location CAI
[21/01/2025, 17:19:39 IST] [INFO]: I have the departure date 02-22-2025
[21/01/2025, 17:19:39 IST] [INFO]: I have the cabin class Y
[21/01/2025, 17:19:39 IST] [INFO]: I have the number of adults 1
[21/01/2025, 17:19:39 IST] [INFO]: I have the number of children 1
[21/01/2025, 17:19:39 IST] [INFO]: I have the number of infand 0
[21/01/2025, 17:19:39 IST] [INFO]: I have the direct flight option set to false
[21/01/2025, 17:19:39 IST] [INFO]: I have the baggage option set to false
[21/01/2025, 17:19:39 IST] [INFO]: I have the refundable option set to false
[21/01/2025, 17:19:39 IST] [INFO]: No airline available, skipping...
[21/01/2025, 17:20:26 IST] [INFO]: I have the departure location as DXB
[21/01/2025, 17:20:26 IST] [INFO]: I have the return location DOH
[21/01/2025, 17:20:26 IST] [INFO]: I have the departure date 02-01-2025
[21/01/2025, 17:20:26 IST] [INFO]: I have the cabin class Y
[21/01/2025, 17:20:26 IST] [INFO]: I have the number of adults 1
[21/01/2025, 17:20:26 IST] [INFO]: I have the number of children 1
[21/01/2025, 17:20:26 IST] [INFO]: I have the number of infand 0
[21/01/2025, 17:20:26 IST] [INFO]: I have the direct flight option set to false
[21/01/2025, 17:20:26 IST] [INFO]: I have the baggage option set to false
[21/01/2025, 17:20:26 IST] [INFO]: I have the refundable option set to false
[21/01/2025, 17:20:26 IST] [INFO]: I have entered the airline QR
[21/01/2025, 22:51:33 IST] [INFO]: I have the departure location as DXB
[21/01/2025, 22:51:33 IST] [INFO]: I have the return location CAI
[21/01/2025, 22:51:33 IST] [INFO]: I have the departure date 02-22-2025
[21/01/2025, 22:51:33 IST] [INFO]: I have the cabin class Y
[21/01/2025, 22:51:33 IST] [INFO]: I have the number of adults 1
[21/01/2025, 22:51:33 IST] [INFO]: I have the number of children 1
[21/01/2025, 22:51:33 IST] [INFO]: I have the number of infand 0
[21/01/2025, 22:51:33 IST] [INFO]: I have the direct flight option set to false
[21/01/2025, 22:51:33 IST] [INFO]: I have the baggage option set to false
[21/01/2025, 22:51:33 IST] [INFO]: I have the refundable option set to false
[21/01/2025, 22:51:33 IST] [INFO]: No airline available, skipping...
[21/01/2025, 22:51:39 IST] [INFO]: I have the departure location as DXB
[21/01/2025, 22:51:39 IST] [INFO]: I have the return location CAI
[21/01/2025, 22:51:39 IST] [INFO]: I have the departure date 02-22-2025
[21/01/2025, 22:51:39 IST] [INFO]: I have the cabin class Y
[21/01/2025, 22:51:39 IST] [INFO]: I have the number of adults 1
[21/01/2025, 22:51:39 IST] [INFO]: I have the number of children 1
[21/01/2025, 22:51:39 IST] [INFO]: I have the number of infand 0
[21/01/2025, 22:51:39 IST] [INFO]: I have the direct flight option set to false
[21/01/2025, 22:51:39 IST] [INFO]: I have the baggage option set to false
[21/01/2025, 22:51:39 IST] [INFO]: I have the refundable option set to false
[21/01/2025, 22:51:39 IST] [INFO]: No airline available, skipping...
[21/01/2025, 22:52:31 IST] [INFO]: I enter the passenger title Mr
[21/01/2025, 22:53:04 IST] [INFO]: I have the departure location as DXB
[21/01/2025, 22:53:04 IST] [INFO]: I have the return location CAI
[21/01/2025, 22:53:04 IST] [INFO]: I have the departure date 02-22-2025
[21/01/2025, 22:53:04 IST] [INFO]: I have the cabin class Y
[21/01/2025, 22:53:04 IST] [INFO]: I have the number of adults 1
[21/01/2025, 22:53:04 IST] [INFO]: I have the number of children 1
[21/01/2025, 22:53:04 IST] [INFO]: I have the number of infand 0
[21/01/2025, 22:53:04 IST] [INFO]: I have the direct flight option set to false
[21/01/2025, 22:53:04 IST] [INFO]: I have the baggage option set to false
[21/01/2025, 22:53:04 IST] [INFO]: I have the refundable option set to false
[21/01/2025, 22:53:04 IST] [INFO]: No airline available, skipping...
[21/01/2025, 22:53:53 IST] [INFO]: I have the departure location as DXB
[21/01/2025, 22:53:53 IST] [INFO]: I have the return location DOH
[21/01/2025, 22:53:53 IST] [INFO]: I have the departure date 02-01-2025
[21/01/2025, 22:53:53 IST] [INFO]: I have the cabin class Y
[21/01/2025, 22:53:53 IST] [INFO]: I have the number of adults 1
[21/01/2025, 22:53:53 IST] [INFO]: I have the number of children 1
[21/01/2025, 22:53:53 IST] [INFO]: I have the number of infand 0
[21/01/2025, 22:53:53 IST] [INFO]: I have the direct flight option set to false
[21/01/2025, 22:53:53 IST] [INFO]: I have the baggage option set to false
[21/01/2025, 22:53:53 IST] [INFO]: I have the refundable option set to false
[21/01/2025, 22:53:53 IST] [INFO]: I have entered the airline QR
[21/01/2025, 22:57:36 IST] [INFO]: I have the departure location as DXB
[21/01/2025, 22:57:36 IST] [INFO]: I have the return location CAI
[21/01/2025, 22:57:36 IST] [INFO]: I have the departure date 02-22-2025
[21/01/2025, 22:57:36 IST] [INFO]: I have the cabin class Y
[21/01/2025, 22:57:36 IST] [INFO]: I have the number of adults 1
[21/01/2025, 22:57:36 IST] [INFO]: I have the number of children 1
[21/01/2025, 22:57:36 IST] [INFO]: I have the number of infand 0
[21/01/2025, 22:57:36 IST] [INFO]: I have the direct flight option set to false
[21/01/2025, 22:57:36 IST] [INFO]: I have the baggage option set to false
[21/01/2025, 22:57:36 IST] [INFO]: I have the refundable option set to false
[21/01/2025, 22:57:36 IST] [INFO]: No airline available, skipping...
[21/01/2025, 22:58:03 IST] [INFO]: I enter the passenger title Mr
[21/01/2025, 22:58:39 IST] [INFO]: I have the departure location as DXB
[21/01/2025, 22:58:39 IST] [INFO]: I have the return location CAI
[21/01/2025, 22:58:39 IST] [INFO]: I have the departure date 02-22-2025
[21/01/2025, 22:58:39 IST] [INFO]: I have the cabin class Y
[21/01/2025, 22:58:39 IST] [INFO]: I have the number of adults 1
[21/01/2025, 22:58:39 IST] [INFO]: I have the number of children 1
[21/01/2025, 22:58:39 IST] [INFO]: I have the number of infand 0
[21/01/2025, 22:58:39 IST] [INFO]: I have the direct flight option set to false
[21/01/2025, 22:58:39 IST] [INFO]: I have the baggage option set to false
[21/01/2025, 22:58:39 IST] [INFO]: I have the refundable option set to false
[21/01/2025, 22:58:39 IST] [INFO]: No airline available, skipping...
[21/01/2025, 22:58:58 IST] [INFO]: I enter the passenger title Mr
[21/01/2025, 22:59:33 IST] [INFO]: I have the departure location as DXB
[21/01/2025, 22:59:33 IST] [INFO]: I have the return location DOH
[21/01/2025, 22:59:33 IST] [INFO]: I have the departure date 02-01-2025
[21/01/2025, 22:59:33 IST] [INFO]: I have the cabin class Y
[21/01/2025, 22:59:33 IST] [INFO]: I have the number of adults 1
[21/01/2025, 22:59:33 IST] [INFO]: I have the number of children 1
[21/01/2025, 22:59:33 IST] [INFO]: I have the number of infand 0
[21/01/2025, 22:59:33 IST] [INFO]: I have the direct flight option set to false
[21/01/2025, 22:59:33 IST] [INFO]: I have the baggage option set to false
[21/01/2025, 22:59:33 IST] [INFO]: I have the refundable option set to false
[21/01/2025, 22:59:33 IST] [INFO]: I have entered the airline QR
[21/01/2025, 23:03:03 IST] [INFO]: I have the departure location as DXB
[21/01/2025, 23:03:03 IST] [INFO]: I have the return location CAI
[21/01/2025, 23:03:03 IST] [INFO]: I have the departure date 02-22-2025
[21/01/2025, 23:03:03 IST] [INFO]: I have the cabin class Y
[21/01/2025, 23:03:03 IST] [INFO]: I have the number of adults 1
[21/01/2025, 23:03:03 IST] [INFO]: I have the number of children 1
[21/01/2025, 23:03:03 IST] [INFO]: I have the number of infand 0
[21/01/2025, 23:03:03 IST] [INFO]: I have the direct flight option set to false
[21/01/2025, 23:03:03 IST] [INFO]: I have the baggage option set to false
[21/01/2025, 23:03:03 IST] [INFO]: I have the refundable option set to false
[21/01/2025, 23:03:03 IST] [INFO]: No airline available, skipping...
[21/01/2025, 23:03:43 IST] [INFO]: I have the departure location as DXB
[21/01/2025, 23:03:43 IST] [INFO]: I have the return location CAI
[21/01/2025, 23:03:43 IST] [INFO]: I have the departure date 02-22-2025
[21/01/2025, 23:03:43 IST] [INFO]: I have the cabin class Y
[21/01/2025, 23:03:43 IST] [INFO]: I have the number of adults 1
[21/01/2025, 23:03:43 IST] [INFO]: I have the number of children 1
[21/01/2025, 23:03:43 IST] [INFO]: I have the number of infand 0
[21/01/2025, 23:03:43 IST] [INFO]: I have the direct flight option set to false
[21/01/2025, 23:03:43 IST] [INFO]: I have the baggage option set to false
[21/01/2025, 23:03:43 IST] [INFO]: I have the refundable option set to false
[21/01/2025, 23:03:43 IST] [INFO]: No airline available, skipping...
[21/01/2025, 23:04:08 IST] [INFO]: I enter the passenger title Mr
[21/01/2025, 23:04:43 IST] [INFO]: I have the departure location as DXB
[21/01/2025, 23:04:43 IST] [INFO]: I have the return location DOH
[21/01/2025, 23:04:43 IST] [INFO]: I have the departure date 02-01-2025
[21/01/2025, 23:04:43 IST] [INFO]: I have the cabin class Y
[21/01/2025, 23:04:43 IST] [INFO]: I have the number of adults 1
[21/01/2025, 23:04:43 IST] [INFO]: I have the number of children 1
[21/01/2025, 23:04:43 IST] [INFO]: I have the number of infand 0
[21/01/2025, 23:04:43 IST] [INFO]: I have the direct flight option set to false
[21/01/2025, 23:04:43 IST] [INFO]: I have the baggage option set to false
[21/01/2025, 23:04:43 IST] [INFO]: I have the refundable option set to false
[21/01/2025, 23:04:43 IST] [INFO]: I have entered the airline QR
[21/01/2025, 23:08:06 IST] [INFO]: I have the departure location as DXB
[21/01/2025, 23:08:06 IST] [INFO]: I have the return location CAI
[21/01/2025, 23:08:06 IST] [INFO]: I have the departure date 02-22-2025
[21/01/2025, 23:08:06 IST] [INFO]: I have the cabin class Y
[21/01/2025, 23:08:06 IST] [INFO]: I have the number of adults 1
[21/01/2025, 23:08:06 IST] [INFO]: I have the number of children 1
[21/01/2025, 23:08:06 IST] [INFO]: I have the number of infand 0
[21/01/2025, 23:08:06 IST] [INFO]: I have the direct flight option set to false
[21/01/2025, 23:08:06 IST] [INFO]: I have the baggage option set to false
[21/01/2025, 23:08:06 IST] [INFO]: I have the refundable option set to false
[21/01/2025, 23:08:06 IST] [INFO]: No airline available, skipping...
[21/01/2025, 23:08:27 IST] [INFO]: I enter the passenger title Mr
[21/01/2025, 23:09:02 IST] [INFO]: I have the departure location as DXB
[21/01/2025, 23:09:02 IST] [INFO]: I have the return location DOH
[21/01/2025, 23:09:02 IST] [INFO]: I have the departure date 02-01-2025
[21/01/2025, 23:09:02 IST] [INFO]: I have the cabin class Y
[21/01/2025, 23:09:02 IST] [INFO]: I have the number of adults 1
[21/01/2025, 23:09:02 IST] [INFO]: I have the number of children 1
[21/01/2025, 23:09:02 IST] [INFO]: I have the number of infand 0
[21/01/2025, 23:09:02 IST] [INFO]: I have the direct flight option set to false
[21/01/2025, 23:09:02 IST] [INFO]: I have the baggage option set to false
[21/01/2025, 23:09:02 IST] [INFO]: I have the refundable option set to false
[21/01/2025, 23:09:02 IST] [INFO]: I have entered the airline QR
[21/01/2025, 23:09:34 IST] [INFO]: I have the departure location as DXB
[21/01/2025, 23:09:34 IST] [INFO]: I have the return location CAI
[21/01/2025, 23:09:34 IST] [INFO]: I have the departure date 02-22-2025
[21/01/2025, 23:09:34 IST] [INFO]: I have the cabin class Y
[21/01/2025, 23:09:34 IST] [INFO]: I have the number of adults 1
[21/01/2025, 23:09:34 IST] [INFO]: I have the number of children 1
[21/01/2025, 23:09:34 IST] [INFO]: I have the number of infand 0
[21/01/2025, 23:09:34 IST] [INFO]: I have the direct flight option set to false
[21/01/2025, 23:09:34 IST] [INFO]: I have the baggage option set to false
[21/01/2025, 23:09:34 IST] [INFO]: I have the refundable option set to false
[21/01/2025, 23:09:34 IST] [INFO]: No airline available, skipping...
[21/01/2025, 23:09:51 IST] [INFO]: I enter the passenger title Mr
[21/01/2025, 23:09:57 IST] [INFO]: I enter the passenger title Mstr
[21/01/2025, 23:10:02 IST] [INFO]: I have the departure location as DXB
[21/01/2025, 23:10:02 IST] [INFO]: I have the return location DOH
[21/01/2025, 23:10:02 IST] [INFO]: I have the departure date 02-01-2025
[21/01/2025, 23:10:02 IST] [INFO]: I have the cabin class Y
[21/01/2025, 23:10:02 IST] [INFO]: I have the number of adults 1
[21/01/2025, 23:10:02 IST] [INFO]: I have the number of children 1
[21/01/2025, 23:10:02 IST] [INFO]: I have the number of infand 0
[21/01/2025, 23:10:02 IST] [INFO]: I have the direct flight option set to false
[21/01/2025, 23:10:02 IST] [INFO]: I have the baggage option set to false
[21/01/2025, 23:10:02 IST] [INFO]: I have the refundable option set to false
[21/01/2025, 23:10:02 IST] [INFO]: I have entered the airline QR
[21/01/2025, 23:10:22 IST] [INFO]: I enter the passenger title Mr
[21/01/2025, 23:13:27 IST] [INFO]: I have the departure location as DXB
[21/01/2025, 23:13:27 IST] [INFO]: I have the return location CAI
[21/01/2025, 23:13:27 IST] [INFO]: I have the departure date 02-22-2025
[21/01/2025, 23:13:27 IST] [INFO]: I have the cabin class Y
[21/01/2025, 23:13:27 IST] [INFO]: I have the number of adults 1
[21/01/2025, 23:13:27 IST] [INFO]: I have the number of children 1
[21/01/2025, 23:13:27 IST] [INFO]: I have the number of infand 0
[21/01/2025, 23:13:27 IST] [INFO]: I have the direct flight option set to false
[21/01/2025, 23:13:27 IST] [INFO]: I have the baggage option set to false
[21/01/2025, 23:13:27 IST] [INFO]: I have the refundable option set to false
[21/01/2025, 23:13:27 IST] [INFO]: No airline available, skipping...
[21/01/2025, 23:13:55 IST] [INFO]: I enter the passenger title Mr
[21/01/2025, 23:14:00 IST] [INFO]: I enter the passenger title Mstr
[21/01/2025, 23:14:06 IST] [INFO]: I have the departure location as DXB
[21/01/2025, 23:14:06 IST] [INFO]: I have the return location DOH
[21/01/2025, 23:14:06 IST] [INFO]: I have the departure date 02-01-2025
[21/01/2025, 23:14:06 IST] [INFO]: I have the cabin class Y
[21/01/2025, 23:14:06 IST] [INFO]: I have the number of adults 1
[21/01/2025, 23:14:06 IST] [INFO]: I have the number of children 1
[21/01/2025, 23:14:06 IST] [INFO]: I have the number of infand 0
[21/01/2025, 23:14:06 IST] [INFO]: I have the direct flight option set to false
[21/01/2025, 23:14:06 IST] [INFO]: I have the baggage option set to false
[21/01/2025, 23:14:06 IST] [INFO]: I have the refundable option set to false
[21/01/2025, 23:14:06 IST] [INFO]: I have entered the airline QR
[21/01/2025, 23:14:29 IST] [INFO]: I have the departure location as DXB
[21/01/2025, 23:14:29 IST] [INFO]: I have the return location CAI
[21/01/2025, 23:14:29 IST] [INFO]: I have the departure date 02-22-2025
[21/01/2025, 23:14:29 IST] [INFO]: I have the cabin class Y
[21/01/2025, 23:14:29 IST] [INFO]: I have the number of adults 1
[21/01/2025, 23:14:29 IST] [INFO]: I have the number of children 1
[21/01/2025, 23:14:29 IST] [INFO]: I have the number of infand 0
[21/01/2025, 23:14:29 IST] [INFO]: I have the direct flight option set to false
[21/01/2025, 23:14:29 IST] [INFO]: I have the baggage option set to false
[21/01/2025, 23:14:29 IST] [INFO]: I have the refundable option set to false
[21/01/2025, 23:14:29 IST] [INFO]: No airline available, skipping...
[21/01/2025, 23:14:49 IST] [INFO]: I enter the passenger title Mr
[21/01/2025, 23:14:54 IST] [INFO]: I enter the passenger title Mstr
[21/01/2025, 23:15:50 IST] [INFO]: I have the departure location as DXB
[21/01/2025, 23:15:50 IST] [INFO]: I have the return location CAI
[21/01/2025, 23:15:50 IST] [INFO]: I have the departure date 02-22-2025
[21/01/2025, 23:15:50 IST] [INFO]: I have the cabin class Y
[21/01/2025, 23:15:50 IST] [INFO]: I have the number of adults 1
[21/01/2025, 23:15:50 IST] [INFO]: I have the number of children 1
[21/01/2025, 23:15:50 IST] [INFO]: I have the number of infand 0
[21/01/2025, 23:15:50 IST] [INFO]: I have the direct flight option set to false
[21/01/2025, 23:15:50 IST] [INFO]: I have the baggage option set to false
[21/01/2025, 23:15:50 IST] [INFO]: I have the refundable option set to false
[21/01/2025, 23:15:50 IST] [INFO]: No airline available, skipping...
[21/01/2025, 23:16:10 IST] [INFO]: I enter the passenger title Mr
[21/01/2025, 23:16:16 IST] [INFO]: I enter the passenger title Mstr
[21/01/2025, 23:18:26 IST] [INFO]: I have the departure location as DXB
[21/01/2025, 23:18:26 IST] [INFO]: I have the return location CAI
[21/01/2025, 23:18:26 IST] [INFO]: I have the departure date 02-22-2025
[21/01/2025, 23:18:26 IST] [INFO]: I have the cabin class Y
[21/01/2025, 23:18:26 IST] [INFO]: I have the number of adults 1
[21/01/2025, 23:18:26 IST] [INFO]: I have the number of children 1
[21/01/2025, 23:18:26 IST] [INFO]: I have the number of infand 0
[21/01/2025, 23:18:26 IST] [INFO]: I have the direct flight option set to false
[21/01/2025, 23:18:26 IST] [INFO]: I have the baggage option set to false
[21/01/2025, 23:18:26 IST] [INFO]: I have the refundable option set to false
[21/01/2025, 23:18:26 IST] [INFO]: No airline available, skipping...
[21/01/2025, 23:18:45 IST] [INFO]: I enter the passenger title Mr
[21/01/2025, 23:19:19 IST] [INFO]: I have the departure location as DXB
[21/01/2025, 23:19:19 IST] [INFO]: I have the return location DOH
[21/01/2025, 23:19:19 IST] [INFO]: I have the departure date 02-01-2025
[21/01/2025, 23:19:19 IST] [INFO]: I have the cabin class Y
[21/01/2025, 23:19:19 IST] [INFO]: I have the number of adults 1
[21/01/2025, 23:19:19 IST] [INFO]: I have the number of children 1
[21/01/2025, 23:19:19 IST] [INFO]: I have the number of infand 0
[21/01/2025, 23:19:20 IST] [INFO]: I have the direct flight option set to false
[21/01/2025, 23:19:20 IST] [INFO]: I have the baggage option set to false
[21/01/2025, 23:19:20 IST] [INFO]: I have the refundable option set to false
[21/01/2025, 23:19:20 IST] [INFO]: I have entered the airline QR
[21/01/2025, 23:21:54 IST] [INFO]: I have the departure location as DXB
[21/01/2025, 23:21:54 IST] [INFO]: I have the return location CAI
[21/01/2025, 23:21:54 IST] [INFO]: I have the departure date 02-22-2025
[21/01/2025, 23:21:54 IST] [INFO]: I have the cabin class Y
[21/01/2025, 23:21:54 IST] [INFO]: I have the number of adults 1
[21/01/2025, 23:21:54 IST] [INFO]: I have the number of children 1
[21/01/2025, 23:21:54 IST] [INFO]: I have the number of infand 0
[21/01/2025, 23:21:54 IST] [INFO]: I have the direct flight option set to false
[21/01/2025, 23:21:54 IST] [INFO]: I have the baggage option set to false
[21/01/2025, 23:21:54 IST] [INFO]: I have the refundable option set to false
[21/01/2025, 23:21:54 IST] [INFO]: No airline available, skipping...
[21/01/2025, 23:22:24 IST] [INFO]: I enter the passenger title Mr
[21/01/2025, 23:22:31 IST] [INFO]: I enter the passenger title Mstr
[21/01/2025, 23:22:38 IST] [INFO]: I have the departure location as DXB
[21/01/2025, 23:22:38 IST] [INFO]: I have the return location DOH
[21/01/2025, 23:22:38 IST] [INFO]: I have the departure date 02-01-2025
[21/01/2025, 23:22:38 IST] [INFO]: I have the cabin class Y
[21/01/2025, 23:22:38 IST] [INFO]: I have the number of adults 1
[21/01/2025, 23:22:38 IST] [INFO]: I have the number of children 1
[21/01/2025, 23:22:38 IST] [INFO]: I have the number of infand 0
[21/01/2025, 23:22:38 IST] [INFO]: I have the direct flight option set to false
[21/01/2025, 23:22:38 IST] [INFO]: I have the baggage option set to false
[21/01/2025, 23:22:38 IST] [INFO]: I have the refundable option set to false
[21/01/2025, 23:22:38 IST] [INFO]: I have entered the airline QR
[21/01/2025, 23:27:04 IST] [INFO]: I have the departure location as DXB
[21/01/2025, 23:27:04 IST] [INFO]: I have the return location CAI
[21/01/2025, 23:27:04 IST] [INFO]: I have the departure date 02-22-2025
[21/01/2025, 23:27:04 IST] [INFO]: I have the cabin class Y
[21/01/2025, 23:27:04 IST] [INFO]: I have the number of adults 1
[21/01/2025, 23:27:04 IST] [INFO]: I have the number of children 1
[21/01/2025, 23:27:04 IST] [INFO]: I have the number of infand 0
[21/01/2025, 23:27:04 IST] [INFO]: I have the direct flight option set to false
[21/01/2025, 23:27:04 IST] [INFO]: I have the baggage option set to false
[21/01/2025, 23:27:04 IST] [INFO]: I have the refundable option set to false
[21/01/2025, 23:27:04 IST] [INFO]: No airline available, skipping...
[21/01/2025, 23:27:24 IST] [INFO]: I enter the passenger title Mr
[21/01/2025, 23:27:29 IST] [INFO]: I enter the passenger title Mstr
[21/01/2025, 23:27:35 IST] [INFO]: I have the departure location as DXB
[21/01/2025, 23:27:35 IST] [INFO]: I have the return location DOH
[21/01/2025, 23:27:35 IST] [INFO]: I have the departure date 02-01-2025
[21/01/2025, 23:27:35 IST] [INFO]: I have the cabin class Y
[21/01/2025, 23:27:35 IST] [INFO]: I have the number of adults 1
[21/01/2025, 23:27:35 IST] [INFO]: I have the number of children 1
[21/01/2025, 23:27:35 IST] [INFO]: I have the number of infand 0
[21/01/2025, 23:27:35 IST] [INFO]: I have the direct flight option set to false
[21/01/2025, 23:27:35 IST] [INFO]: I have the baggage option set to false
[21/01/2025, 23:27:35 IST] [INFO]: I have the refundable option set to false
[21/01/2025, 23:27:35 IST] [INFO]: I have entered the airline QR
[21/01/2025, 23:30:29 IST] [INFO]: I have the departure location as DXB
[21/01/2025, 23:30:29 IST] [INFO]: I have the return location CAI
[21/01/2025, 23:30:29 IST] [INFO]: I have the departure date 02-22-2025
[21/01/2025, 23:30:29 IST] [INFO]: I have the cabin class Y
[21/01/2025, 23:30:29 IST] [INFO]: I have the number of adults 1
[21/01/2025, 23:30:29 IST] [INFO]: I have the number of children 1
[21/01/2025, 23:30:29 IST] [INFO]: I have the number of infand 0
[21/01/2025, 23:30:29 IST] [INFO]: I have the direct flight option set to false
[21/01/2025, 23:30:29 IST] [INFO]: I have the baggage option set to false
[21/01/2025, 23:30:29 IST] [INFO]: I have the refundable option set to false
[21/01/2025, 23:30:29 IST] [INFO]: No airline available, skipping...
[21/01/2025, 23:30:51 IST] [INFO]: I enter the passenger title Mr
[21/01/2025, 23:30:57 IST] [INFO]: I enter the passenger title Mstr
[21/01/2025, 23:31:03 IST] [INFO]: I have the departure location as DXB
[21/01/2025, 23:31:03 IST] [INFO]: I have the return location DOH
[21/01/2025, 23:31:03 IST] [INFO]: I have the departure date 02-01-2025
[21/01/2025, 23:31:03 IST] [INFO]: I have the cabin class Y
[21/01/2025, 23:31:03 IST] [INFO]: I have the number of adults 1
[21/01/2025, 23:31:03 IST] [INFO]: I have the number of children 1
[21/01/2025, 23:31:03 IST] [INFO]: I have the number of infand 0
[21/01/2025, 23:31:03 IST] [INFO]: I have the direct flight option set to false
[21/01/2025, 23:31:03 IST] [INFO]: I have the baggage option set to false
[21/01/2025, 23:31:03 IST] [INFO]: I have the refundable option set to false
[21/01/2025, 23:31:03 IST] [INFO]: I have entered the airline QR
[22/01/2025, 10:33:53 IST] [INFO]: I have the departure location as DXB
[22/01/2025, 10:33:53 IST] [INFO]: I have the return location CAI
[22/01/2025, 10:33:53 IST] [INFO]: I have the departure date 02-22-2025
[22/01/2025, 10:33:53 IST] [INFO]: I have the cabin class Y
[22/01/2025, 10:33:53 IST] [INFO]: I have the number of adults 1
[22/01/2025, 10:33:53 IST] [INFO]: I have the number of children 1
[22/01/2025, 10:33:53 IST] [INFO]: I have the number of infand 0
[22/01/2025, 10:33:53 IST] [INFO]: I have the direct flight option set to false
[22/01/2025, 10:33:53 IST] [INFO]: I have the baggage option set to false
[22/01/2025, 10:33:53 IST] [INFO]: I have the refundable option set to false
[22/01/2025, 10:33:53 IST] [INFO]: No airline available, skipping...
[22/01/2025, 10:33:59 IST] [INFO]: I have the departure location as DXB
[22/01/2025, 10:33:59 IST] [INFO]: I have the return location CAI
[22/01/2025, 10:33:59 IST] [INFO]: I have the departure date 02-22-2025
[22/01/2025, 10:33:59 IST] [INFO]: I have the cabin class Y
[22/01/2025, 10:33:59 IST] [INFO]: I have the number of adults 1
[22/01/2025, 10:33:59 IST] [INFO]: I have the number of children 1
[22/01/2025, 10:33:59 IST] [INFO]: I have the number of infand 0
[22/01/2025, 10:33:59 IST] [INFO]: I have the direct flight option set to false
[22/01/2025, 10:33:59 IST] [INFO]: I have the baggage option set to false
[22/01/2025, 10:33:59 IST] [INFO]: I have the refundable option set to false
[22/01/2025, 10:33:59 IST] [INFO]: No airline available, skipping...
[22/01/2025, 10:35:00 IST] [INFO]: I have the departure location as DXB
[22/01/2025, 10:35:00 IST] [INFO]: I have the return location DOH
[22/01/2025, 10:35:00 IST] [INFO]: I have the departure date 02-01-2025
[22/01/2025, 10:35:00 IST] [INFO]: I have the cabin class Y
[22/01/2025, 10:35:00 IST] [INFO]: I have the number of adults 1
[22/01/2025, 10:35:00 IST] [INFO]: I have the number of children 1
[22/01/2025, 10:35:00 IST] [INFO]: I have the number of infand 0
[22/01/2025, 10:35:00 IST] [INFO]: I have the direct flight option set to false
[22/01/2025, 10:35:00 IST] [INFO]: I have the baggage option set to false
[22/01/2025, 10:35:00 IST] [INFO]: I have the refundable option set to false
[22/01/2025, 10:35:00 IST] [INFO]: I have entered the airline QR
[22/01/2025, 10:41:11 IST] [INFO]: I have the departure location as DXB
[22/01/2025, 10:41:11 IST] [INFO]: I have the return location CAI
[22/01/2025, 10:41:11 IST] [INFO]: I have the departure date 02-22-2025
[22/01/2025, 10:41:11 IST] [INFO]: I have the cabin class Y
[22/01/2025, 10:41:11 IST] [INFO]: I have the number of adults 1
[22/01/2025, 10:41:11 IST] [INFO]: I have the number of children 1
[22/01/2025, 10:41:11 IST] [INFO]: I have the number of infand 0
[22/01/2025, 10:41:11 IST] [INFO]: I have the direct flight option set to false
[22/01/2025, 10:41:11 IST] [INFO]: I have the baggage option set to false
[22/01/2025, 10:41:11 IST] [INFO]: I have the refundable option set to false
[22/01/2025, 10:41:11 IST] [INFO]: No airline available, skipping...
[22/01/2025, 10:41:17 IST] [INFO]: I have the departure location as DXB
[22/01/2025, 10:41:17 IST] [INFO]: I have the return location CAI
[22/01/2025, 10:41:17 IST] [INFO]: I have the departure date 02-22-2025
[22/01/2025, 10:41:17 IST] [INFO]: I have the cabin class Y
[22/01/2025, 10:41:17 IST] [INFO]: I have the number of adults 1
[22/01/2025, 10:41:17 IST] [INFO]: I have the number of children 1
[22/01/2025, 10:41:17 IST] [INFO]: I have the number of infand 0
[22/01/2025, 10:41:17 IST] [INFO]: I have the direct flight option set to false
[22/01/2025, 10:41:17 IST] [INFO]: I have the baggage option set to false
[22/01/2025, 10:41:17 IST] [INFO]: I have the refundable option set to false
[22/01/2025, 10:41:17 IST] [INFO]: No airline available, skipping...
[22/01/2025, 10:41:30 IST] [INFO]: I have the departure location as DXB
[22/01/2025, 10:41:30 IST] [INFO]: I have the return location CAI
[22/01/2025, 10:41:30 IST] [INFO]: I have the departure date 02-22-2025
[22/01/2025, 10:41:30 IST] [INFO]: I have the cabin class Y
[22/01/2025, 10:41:30 IST] [INFO]: I have the number of adults 1
[22/01/2025, 10:41:30 IST] [INFO]: I have the number of children 1
[22/01/2025, 10:41:30 IST] [INFO]: I have the number of infand 0
[22/01/2025, 10:41:30 IST] [INFO]: I have the direct flight option set to false
[22/01/2025, 10:41:30 IST] [INFO]: I have the baggage option set to false
[22/01/2025, 10:41:30 IST] [INFO]: I have the refundable option set to false
[22/01/2025, 10:41:30 IST] [INFO]: No airline available, skipping...
[22/01/2025, 10:42:27 IST] [INFO]: I have the departure location as DXB
[22/01/2025, 10:42:27 IST] [INFO]: I have the return location DOH
[22/01/2025, 10:42:27 IST] [INFO]: I have the departure date 02-01-2025
[22/01/2025, 10:42:27 IST] [INFO]: I have the cabin class Y
[22/01/2025, 10:42:27 IST] [INFO]: I have the number of adults 1
[22/01/2025, 10:42:27 IST] [INFO]: I have the number of children 1
[22/01/2025, 10:42:27 IST] [INFO]: I have the number of infand 0
[22/01/2025, 10:42:27 IST] [INFO]: I have the direct flight option set to false
[22/01/2025, 10:42:27 IST] [INFO]: I have the baggage option set to false
[22/01/2025, 10:42:27 IST] [INFO]: I have the refundable option set to false
[22/01/2025, 10:42:27 IST] [INFO]: I have entered the airline QR
[22/01/2025, 10:46:42 IST] [INFO]: I have the departure location as DXB
[22/01/2025, 10:46:42 IST] [INFO]: I have the return location CAI
[22/01/2025, 10:46:42 IST] [INFO]: I have the departure date 02-22-2025
[22/01/2025, 10:46:42 IST] [INFO]: I have the cabin class Y
[22/01/2025, 10:46:42 IST] [INFO]: I have the number of adults 1
[22/01/2025, 10:46:42 IST] [INFO]: I have the number of children 1
[22/01/2025, 10:46:42 IST] [INFO]: I have the number of infand 0
[22/01/2025, 10:46:42 IST] [INFO]: I have the direct flight option set to false
[22/01/2025, 10:46:42 IST] [INFO]: I have the baggage option set to false
[22/01/2025, 10:46:42 IST] [INFO]: I have the refundable option set to false
[22/01/2025, 10:46:42 IST] [INFO]: No airline available, skipping...
[22/01/2025, 10:46:50 IST] [INFO]: I have the departure location as DXB
[22/01/2025, 10:46:50 IST] [INFO]: I have the return location CAI
[22/01/2025, 10:46:50 IST] [INFO]: I have the departure date 02-22-2025
[22/01/2025, 10:46:50 IST] [INFO]: I have the cabin class Y
[22/01/2025, 10:46:50 IST] [INFO]: I have the number of adults 1
[22/01/2025, 10:46:50 IST] [INFO]: I have the number of children 1
[22/01/2025, 10:46:50 IST] [INFO]: I have the number of infand 0
[22/01/2025, 10:46:50 IST] [INFO]: I have the direct flight option set to false
[22/01/2025, 10:46:50 IST] [INFO]: I have the baggage option set to false
[22/01/2025, 10:46:50 IST] [INFO]: I have the refundable option set to false
[22/01/2025, 10:46:50 IST] [INFO]: No airline available, skipping...
[22/01/2025, 10:47:17 IST] [INFO]: I enter the passenger title Mr
[22/01/2025, 10:47:22 IST] [INFO]: I enter the passenger title Mstr
[22/01/2025, 10:47:28 IST] [INFO]: I have the departure location as DXB
[22/01/2025, 10:47:28 IST] [INFO]: I have the return location DOH
[22/01/2025, 10:47:28 IST] [INFO]: I have the departure date 02-01-2025
[22/01/2025, 10:47:28 IST] [INFO]: I have the cabin class Y
[22/01/2025, 10:47:28 IST] [INFO]: I have the number of adults 1
[22/01/2025, 10:47:28 IST] [INFO]: I have the number of children 1
[22/01/2025, 10:47:28 IST] [INFO]: I have the number of infand 0
[22/01/2025, 10:47:28 IST] [INFO]: I have the direct flight option set to false
[22/01/2025, 10:47:28 IST] [INFO]: I have the baggage option set to false
[22/01/2025, 10:47:28 IST] [INFO]: I have the refundable option set to false
[22/01/2025, 10:47:28 IST] [INFO]: I have entered the airline QR
[22/01/2025, 10:48:00 IST] [INFO]: I have the departure location as DXB
[22/01/2025, 10:48:00 IST] [INFO]: I have the return location CAI
[22/01/2025, 10:48:00 IST] [INFO]: I have the departure date 02-22-2025
[22/01/2025, 10:48:00 IST] [INFO]: I have the cabin class Y
[22/01/2025, 10:48:00 IST] [INFO]: I have the number of adults 1
[22/01/2025, 10:48:00 IST] [INFO]: I have the number of children 1
[22/01/2025, 10:48:00 IST] [INFO]: I have the number of infand 0
[22/01/2025, 10:48:00 IST] [INFO]: I have the direct flight option set to false
[22/01/2025, 10:48:00 IST] [INFO]: I have the baggage option set to false
[22/01/2025, 10:48:00 IST] [INFO]: I have the refundable option set to false
[22/01/2025, 10:48:00 IST] [INFO]: No airline available, skipping...
[22/01/2025, 10:48:05 IST] [INFO]: I have the departure location as DXB
[22/01/2025, 10:48:05 IST] [INFO]: I have the return location CAI
[22/01/2025, 10:48:05 IST] [INFO]: I have the departure date 02-22-2025
[22/01/2025, 10:48:05 IST] [INFO]: I have the cabin class Y
[22/01/2025, 10:48:05 IST] [INFO]: I have the number of adults 1
[22/01/2025, 10:48:05 IST] [INFO]: I have the number of children 1
[22/01/2025, 10:48:05 IST] [INFO]: I have the number of infand 0
[22/01/2025, 10:48:05 IST] [INFO]: I have the direct flight option set to false
[22/01/2025, 10:48:05 IST] [INFO]: I have the baggage option set to false
[22/01/2025, 10:48:05 IST] [INFO]: I have the refundable option set to false
[22/01/2025, 10:48:05 IST] [INFO]: No airline available, skipping...
[22/01/2025, 10:48:24 IST] [INFO]: I enter the passenger title Mr
[22/01/2025, 10:48:29 IST] [INFO]: I enter the passenger title Mstr
[22/01/2025, 10:48:35 IST] [INFO]: I have the departure location as DXB
[22/01/2025, 10:48:35 IST] [INFO]: I have the return location DOH
[22/01/2025, 10:48:35 IST] [INFO]: I have the departure date 02-01-2025
[22/01/2025, 10:48:35 IST] [INFO]: I have the cabin class Y
[22/01/2025, 10:48:35 IST] [INFO]: I have the number of adults 1
[22/01/2025, 10:48:35 IST] [INFO]: I have the number of children 1
[22/01/2025, 10:48:35 IST] [INFO]: I have the number of infand 0
[22/01/2025, 10:48:35 IST] [INFO]: I have the direct flight option set to false
[22/01/2025, 10:48:35 IST] [INFO]: I have the baggage option set to false
[22/01/2025, 10:48:35 IST] [INFO]: I have the refundable option set to false
[22/01/2025, 10:48:35 IST] [INFO]: I have entered the airline QR
[22/01/2025, 10:48:49 IST] [INFO]: I enter the passenger title Mr
[22/01/2025, 10:48:55 IST] [INFO]: I enter the passenger title Mstr
[22/01/2025, 10:59:54 IST] [INFO]: I have the departure location as DXB
[22/01/2025, 10:59:54 IST] [INFO]: I have the return location CAI
[22/01/2025, 10:59:54 IST] [INFO]: I have the departure date 02-22-2025
[22/01/2025, 10:59:54 IST] [INFO]: I have the cabin class Y
[22/01/2025, 10:59:54 IST] [INFO]: I have the number of adults 1
[22/01/2025, 10:59:54 IST] [INFO]: I have the number of children 1
[22/01/2025, 10:59:54 IST] [INFO]: I have the number of infand 0
[22/01/2025, 10:59:54 IST] [INFO]: I have the direct flight option set to false
[22/01/2025, 10:59:54 IST] [INFO]: I have the baggage option set to false
[22/01/2025, 10:59:54 IST] [INFO]: I have the refundable option set to false
[22/01/2025, 10:59:54 IST] [INFO]: No airline available, skipping...
[22/01/2025, 11:00:15 IST] [INFO]: I enter the passenger title Mr
[22/01/2025, 11:00:20 IST] [INFO]: I enter the passenger title Mstr
[22/01/2025, 11:00:26 IST] [INFO]: I have the departure location as DXB
[22/01/2025, 11:00:26 IST] [INFO]: I have the return location DOH
[22/01/2025, 11:00:26 IST] [INFO]: I have the departure date 02-01-2025
[22/01/2025, 11:00:26 IST] [INFO]: I have the cabin class Y
[22/01/2025, 11:00:26 IST] [INFO]: I have the number of adults 1
[22/01/2025, 11:00:26 IST] [INFO]: I have the number of children 1
[22/01/2025, 11:00:26 IST] [INFO]: I have the number of infand 0
[22/01/2025, 11:00:26 IST] [INFO]: I have the direct flight option set to false
[22/01/2025, 11:00:26 IST] [INFO]: I have the baggage option set to false
[22/01/2025, 11:00:26 IST] [INFO]: I have the refundable option set to false
[22/01/2025, 11:00:26 IST] [INFO]: I have entered the airline QR
[22/01/2025, 11:06:41 IST] [INFO]: I have the departure location as DXB
[22/01/2025, 11:06:41 IST] [INFO]: I have the return location CAI
[22/01/2025, 11:06:41 IST] [INFO]: I have the departure date 02-22-2025
[22/01/2025, 11:06:41 IST] [INFO]: I have the cabin class Y
[22/01/2025, 11:06:41 IST] [INFO]: I have the number of adults 1
[22/01/2025, 11:06:41 IST] [INFO]: I have the number of children 1
[22/01/2025, 11:06:41 IST] [INFO]: I have the number of infand 0
[22/01/2025, 11:06:41 IST] [INFO]: I have the direct flight option set to false
[22/01/2025, 11:06:41 IST] [INFO]: I have the baggage option set to false
[22/01/2025, 11:06:41 IST] [INFO]: I have the refundable option set to false
[22/01/2025, 11:06:41 IST] [INFO]: No airline available, skipping...
[22/01/2025, 11:07:12 IST] [INFO]: I have the departure location as DXB
[22/01/2025, 11:07:12 IST] [INFO]: I have the return location CAI
[22/01/2025, 11:07:12 IST] [INFO]: I have the departure date 02-22-2025
[22/01/2025, 11:07:12 IST] [INFO]: I have the cabin class Y
[22/01/2025, 11:07:12 IST] [INFO]: I have the number of adults 1
[22/01/2025, 11:07:12 IST] [INFO]: I have the number of children 1
[22/01/2025, 11:07:12 IST] [INFO]: I have the number of infand 0
[22/01/2025, 11:07:12 IST] [INFO]: I have the direct flight option set to false
[22/01/2025, 11:07:12 IST] [INFO]: I have the baggage option set to false
[22/01/2025, 11:07:12 IST] [INFO]: I have the refundable option set to false
[22/01/2025, 11:07:12 IST] [INFO]: No airline available, skipping...
[22/01/2025, 11:07:54 IST] [INFO]: I have the departure location as DXB
[22/01/2025, 11:07:54 IST] [INFO]: I have the return location DOH
[22/01/2025, 11:07:54 IST] [INFO]: I have the departure date 02-01-2025
[22/01/2025, 11:07:54 IST] [INFO]: I have the cabin class Y
[22/01/2025, 11:07:54 IST] [INFO]: I have the number of adults 1
[22/01/2025, 11:07:54 IST] [INFO]: I have the number of children 1
[22/01/2025, 11:07:54 IST] [INFO]: I have the number of infand 0
[22/01/2025, 11:07:54 IST] [INFO]: I have the direct flight option set to false
[22/01/2025, 11:07:54 IST] [INFO]: I have the baggage option set to false
[22/01/2025, 11:07:54 IST] [INFO]: I have the refundable option set to false
[22/01/2025, 11:07:54 IST] [INFO]: I have entered the airline QR
[22/01/2025, 11:09:25 IST] [INFO]: I have the departure location as DXB
[22/01/2025, 11:09:25 IST] [INFO]: I have the return location CAI
[22/01/2025, 11:09:25 IST] [INFO]: I have the departure date 02-22-2025
[22/01/2025, 11:09:25 IST] [INFO]: I have the cabin class Y
[22/01/2025, 11:09:25 IST] [INFO]: I have the number of adults 1
[22/01/2025, 11:09:25 IST] [INFO]: I have the number of children 1
[22/01/2025, 11:09:25 IST] [INFO]: I have the number of infand 0
[22/01/2025, 11:09:25 IST] [INFO]: I have the direct flight option set to false
[22/01/2025, 11:09:25 IST] [INFO]: I have the baggage option set to false
[22/01/2025, 11:09:25 IST] [INFO]: I have the refundable option set to false
[22/01/2025, 11:09:25 IST] [INFO]: No airline available, skipping...
[22/01/2025, 11:10:05 IST] [INFO]: I have the departure location as DXB
[22/01/2025, 11:10:06 IST] [INFO]: I have the return location DOH
[22/01/2025, 11:10:06 IST] [INFO]: I have the departure date 02-01-2025
[22/01/2025, 11:10:06 IST] [INFO]: I have the cabin class Y
[22/01/2025, 11:10:06 IST] [INFO]: I have the number of adults 1
[22/01/2025, 11:10:06 IST] [INFO]: I have the number of children 1
[22/01/2025, 11:10:06 IST] [INFO]: I have the number of infand 0
[22/01/2025, 11:10:06 IST] [INFO]: I have the direct flight option set to false
[22/01/2025, 11:10:06 IST] [INFO]: I have the baggage option set to false
[22/01/2025, 11:10:06 IST] [INFO]: I have the refundable option set to false
[22/01/2025, 11:10:06 IST] [INFO]: I have entered the airline QR
[22/01/2025, 11:10:10 IST] [INFO]: I have the departure location as DXB
[22/01/2025, 11:10:10 IST] [INFO]: I have the return location CAI
[22/01/2025, 11:10:10 IST] [INFO]: I have the departure date 02-22-2025
[22/01/2025, 11:10:10 IST] [INFO]: I have the cabin class Y
[22/01/2025, 11:10:10 IST] [INFO]: I have the number of adults 1
[22/01/2025, 11:10:10 IST] [INFO]: I have the number of children 1
[22/01/2025, 11:10:10 IST] [INFO]: I have the number of infand 0
[22/01/2025, 11:10:10 IST] [INFO]: I have the direct flight option set to false
[22/01/2025, 11:10:10 IST] [INFO]: I have the baggage option set to false
[22/01/2025, 11:10:10 IST] [INFO]: I have the refundable option set to false
[22/01/2025, 11:10:10 IST] [INFO]: No airline available, skipping...
[22/01/2025, 11:10:33 IST] [INFO]: I have the departure location as DXB
[22/01/2025, 11:10:33 IST] [INFO]: I have the return location DOH
[22/01/2025, 11:10:33 IST] [INFO]: I have the departure date 02-01-2025
[22/01/2025, 11:10:34 IST] [INFO]: I have the cabin class Y
[22/01/2025, 11:10:34 IST] [INFO]: I have the number of adults 1
[22/01/2025, 11:10:34 IST] [INFO]: I have the number of children 1
[22/01/2025, 11:10:34 IST] [INFO]: I have the number of infand 0
[22/01/2025, 11:10:34 IST] [INFO]: I have the direct flight option set to false
[22/01/2025, 11:10:34 IST] [INFO]: I have the baggage option set to false
[22/01/2025, 11:10:34 IST] [INFO]: I have the refundable option set to false
[22/01/2025, 11:10:34 IST] [INFO]: I have entered the airline QR
[22/01/2025, 11:11:25 IST] [INFO]: I have the departure location as DXB
[22/01/2025, 11:11:25 IST] [INFO]: I have the return location CAI
[22/01/2025, 11:11:25 IST] [INFO]: I have the departure date 02-22-2025
[22/01/2025, 11:11:25 IST] [INFO]: I have the cabin class Y
[22/01/2025, 11:11:25 IST] [INFO]: I have the number of adults 1
[22/01/2025, 11:11:25 IST] [INFO]: I have the number of children 1
[22/01/2025, 11:11:25 IST] [INFO]: I have the number of infand 0
[22/01/2025, 11:11:25 IST] [INFO]: I have the direct flight option set to false
[22/01/2025, 11:11:25 IST] [INFO]: I have the baggage option set to false
[22/01/2025, 11:11:25 IST] [INFO]: I have the refundable option set to false
[22/01/2025, 11:11:26 IST] [INFO]: No airline available, skipping...
[22/01/2025, 11:11:53 IST] [INFO]: I have the departure location as DXB
[22/01/2025, 11:11:53 IST] [INFO]: I have the return location DOH
[22/01/2025, 11:11:53 IST] [INFO]: I have the departure date 02-01-2025
[22/01/2025, 11:11:53 IST] [INFO]: I have the cabin class Y
[22/01/2025, 11:11:53 IST] [INFO]: I have the number of adults 1
[22/01/2025, 11:11:53 IST] [INFO]: I have the number of children 1
[22/01/2025, 11:11:53 IST] [INFO]: I have the number of infand 0
[22/01/2025, 11:11:53 IST] [INFO]: I have the direct flight option set to false
[22/01/2025, 11:11:53 IST] [INFO]: I have the baggage option set to false
[22/01/2025, 11:11:53 IST] [INFO]: I have the refundable option set to false
[22/01/2025, 11:11:53 IST] [INFO]: I have entered the airline QR
[22/01/2025, 11:13:45 IST] [INFO]: I have the departure location as DXB
[22/01/2025, 11:13:45 IST] [INFO]: I have the return location CAI
[22/01/2025, 11:13:45 IST] [INFO]: I have the departure date 02-22-2025
[22/01/2025, 11:13:45 IST] [INFO]: I have the cabin class Y
[22/01/2025, 11:13:45 IST] [INFO]: I have the number of adults 1
[22/01/2025, 11:13:45 IST] [INFO]: I have the number of children 1
[22/01/2025, 11:13:45 IST] [INFO]: I have the number of infand 0
[22/01/2025, 11:13:45 IST] [INFO]: I have the direct flight option set to false
[22/01/2025, 11:13:45 IST] [INFO]: I have the baggage option set to false
[22/01/2025, 11:13:45 IST] [INFO]: I have the refundable option set to false
[22/01/2025, 11:13:45 IST] [INFO]: No airline available, skipping...
[22/01/2025, 11:14:13 IST] [INFO]: I have the departure location as DXB
[22/01/2025, 11:14:13 IST] [INFO]: I have the return location DOH
[22/01/2025, 11:14:13 IST] [INFO]: I have the departure date 02-01-2025
[22/01/2025, 11:14:13 IST] [INFO]: I have the cabin class Y
[22/01/2025, 11:14:13 IST] [INFO]: I have the number of adults 1
[22/01/2025, 11:14:13 IST] [INFO]: I have the number of children 1
[22/01/2025, 11:14:13 IST] [INFO]: I have the number of infand 0
[22/01/2025, 11:14:13 IST] [INFO]: I have the direct flight option set to false
[22/01/2025, 11:14:13 IST] [INFO]: I have the baggage option set to false
[22/01/2025, 11:14:13 IST] [INFO]: I have the refundable option set to false
[22/01/2025, 11:14:13 IST] [INFO]: I have entered the airline QR
[22/01/2025, 11:15:02 IST] [INFO]: I have the departure location as DXB
[22/01/2025, 11:15:02 IST] [INFO]: I have the return location CAI
[22/01/2025, 11:15:02 IST] [INFO]: I have the departure date 02-22-2025
[22/01/2025, 11:15:02 IST] [INFO]: I have the cabin class Y
[22/01/2025, 11:15:02 IST] [INFO]: I have the number of adults 1
[22/01/2025, 11:15:02 IST] [INFO]: I have the number of children 1
[22/01/2025, 11:15:02 IST] [INFO]: I have the number of infand 0
[22/01/2025, 11:15:02 IST] [INFO]: I have the direct flight option set to false
[22/01/2025, 11:15:02 IST] [INFO]: I have the baggage option set to false
[22/01/2025, 11:15:02 IST] [INFO]: I have the refundable option set to false
[22/01/2025, 11:15:02 IST] [INFO]: No airline available, skipping...
[22/01/2025, 11:16:10 IST] [INFO]: I enter the passenger title Mr
[22/01/2025, 11:16:19 IST] [INFO]: I enter the passenger title Mstr
[22/01/2025, 11:16:26 IST] [INFO]: I have the departure location as DXB
[22/01/2025, 11:16:26 IST] [INFO]: I have the return location DOH
[22/01/2025, 11:16:26 IST] [INFO]: I have the departure date 02-01-2025
[22/01/2025, 11:16:26 IST] [INFO]: I have the cabin class Y
[22/01/2025, 11:16:26 IST] [INFO]: I have the number of adults 1
[22/01/2025, 11:16:26 IST] [INFO]: I have the number of children 1
[22/01/2025, 11:16:26 IST] [INFO]: I have the number of infand 0
[22/01/2025, 11:16:26 IST] [INFO]: I have the direct flight option set to false
[22/01/2025, 11:16:26 IST] [INFO]: I have the baggage option set to false
[22/01/2025, 11:16:26 IST] [INFO]: I have the refundable option set to false
[22/01/2025, 11:16:26 IST] [INFO]: I have entered the airline QR
[25/01/2025, 22:04:11 IST] [INFO]: I have the departure location as DXB
[25/01/2025, 22:04:11 IST] [INFO]: I have the return location CAI
[25/01/2025, 22:04:11 IST] [INFO]: I have the departure date 02-22-2025
[25/01/2025, 22:04:11 IST] [INFO]: I have the cabin class Y
[25/01/2025, 22:04:11 IST] [INFO]: I have the number of adults 1
[25/01/2025, 22:04:11 IST] [INFO]: I have the number of children 1
[25/01/2025, 22:04:11 IST] [INFO]: I have the number of infand 0
[25/01/2025, 22:04:11 IST] [INFO]: I have the direct flight option set to false
[25/01/2025, 22:04:11 IST] [INFO]: I have the baggage option set to false
[25/01/2025, 22:04:11 IST] [INFO]: I have the refundable option set to false
[25/01/2025, 22:04:11 IST] [INFO]: No airline available, skipping...
[25/01/2025, 22:04:21 IST] [INFO]: I have the departure location as DXB
[25/01/2025, 22:04:21 IST] [INFO]: I have the return location CAI
[25/01/2025, 22:04:21 IST] [INFO]: I have the departure date 02-22-2025
[25/01/2025, 22:04:21 IST] [INFO]: I have the cabin class Y
[25/01/2025, 22:04:21 IST] [INFO]: I have the number of adults 1
[25/01/2025, 22:04:21 IST] [INFO]: I have the number of children 1
[25/01/2025, 22:04:21 IST] [INFO]: I have the number of infand 0
[25/01/2025, 22:04:21 IST] [INFO]: I have the direct flight option set to false
[25/01/2025, 22:04:21 IST] [INFO]: I have the baggage option set to false
[25/01/2025, 22:04:21 IST] [INFO]: I have the refundable option set to false
[25/01/2025, 22:04:21 IST] [INFO]: No airline available, skipping...
[25/01/2025, 22:04:44 IST] [INFO]: I have the departure location as DXB
[25/01/2025, 22:04:44 IST] [INFO]: I have the return location CAI
[25/01/2025, 22:04:44 IST] [INFO]: I have the departure date 02-22-2025
[25/01/2025, 22:04:44 IST] [INFO]: I have the cabin class Y
[25/01/2025, 22:04:44 IST] [INFO]: I have the number of adults 1
[25/01/2025, 22:04:44 IST] [INFO]: I have the number of children 1
[25/01/2025, 22:04:44 IST] [INFO]: I have the number of infand 0
[25/01/2025, 22:04:44 IST] [INFO]: I have the direct flight option set to false
[25/01/2025, 22:04:44 IST] [INFO]: I have the baggage option set to false
[25/01/2025, 22:04:44 IST] [INFO]: I have the refundable option set to false
[25/01/2025, 22:04:44 IST] [INFO]: No airline available, skipping...
[25/01/2025, 22:05:25 IST] [INFO]: I enter the passenger title Mr
[25/01/2025, 22:05:34 IST] [INFO]: I have the departure location as DXB
[25/01/2025, 22:05:34 IST] [INFO]: I have the return location DOH
[25/01/2025, 22:05:34 IST] [INFO]: I have the departure date 02-01-2025
[25/01/2025, 22:05:34 IST] [INFO]: I have the cabin class Y
[25/01/2025, 22:05:34 IST] [INFO]: I have the number of adults 1
[25/01/2025, 22:05:35 IST] [INFO]: I have the number of children 1
[25/01/2025, 22:05:35 IST] [INFO]: I have the number of infand 0
[25/01/2025, 22:05:35 IST] [INFO]: I have the direct flight option set to false
[25/01/2025, 22:05:35 IST] [INFO]: I have the baggage option set to false
[25/01/2025, 22:05:35 IST] [INFO]: I have the refundable option set to false
[25/01/2025, 22:05:35 IST] [INFO]: I have entered the airline QR
[25/01/2025, 22:05:56 IST] [INFO]: I have the departure location as DXB
[25/01/2025, 22:05:56 IST] [INFO]: I have the return location CAI
[25/01/2025, 22:05:56 IST] [INFO]: I have the departure date 02-22-2025
[25/01/2025, 22:05:56 IST] [INFO]: I have the cabin class Y
[25/01/2025, 22:05:56 IST] [INFO]: I have the number of adults 1
[25/01/2025, 22:05:56 IST] [INFO]: I have the number of children 1
[25/01/2025, 22:05:56 IST] [INFO]: I have the number of infand 0
[25/01/2025, 22:05:56 IST] [INFO]: I have the direct flight option set to false
[25/01/2025, 22:05:56 IST] [INFO]: I have the baggage option set to false
[25/01/2025, 22:05:56 IST] [INFO]: I have the refundable option set to false
[25/01/2025, 22:05:56 IST] [INFO]: No airline available, skipping...
[25/01/2025, 22:06:19 IST] [INFO]: I enter the passenger title Mr
[25/01/2025, 22:12:01 IST] [INFO]: I have the departure location as DXB
[25/01/2025, 22:12:01 IST] [INFO]: I have the return location CAI
[25/01/2025, 22:12:01 IST] [INFO]: I have the departure date 02-22-2025
[25/01/2025, 22:12:01 IST] [INFO]: I have the cabin class Y
[25/01/2025, 22:12:01 IST] [INFO]: I have the number of adults 1
[25/01/2025, 22:12:01 IST] [INFO]: I have the number of children 1
[25/01/2025, 22:12:01 IST] [INFO]: I have the number of infand 0
[25/01/2025, 22:12:01 IST] [INFO]: I have the direct flight option set to false
[25/01/2025, 22:12:01 IST] [INFO]: I have the baggage option set to false
[25/01/2025, 22:12:01 IST] [INFO]: I have the refundable option set to false
[25/01/2025, 22:12:01 IST] [INFO]: No airline available, skipping...
[25/01/2025, 22:12:26 IST] [INFO]: I enter the passenger title Mr
[25/01/2025, 22:12:33 IST] [INFO]: I enter the passenger title Mstr
[25/01/2025, 22:18:58 IST] [INFO]: I have the departure location as DXB
[25/01/2025, 22:18:58 IST] [INFO]: I have the return location CAI
[25/01/2025, 22:18:58 IST] [INFO]: I have the departure date 02-22-2025
[25/01/2025, 22:18:58 IST] [INFO]: I have the cabin class Y
[25/01/2025, 22:18:58 IST] [INFO]: I have the number of adults 1
[25/01/2025, 22:18:58 IST] [INFO]: I have the number of children 1
[25/01/2025, 22:18:58 IST] [INFO]: I have the number of infand 0
[25/01/2025, 22:18:58 IST] [INFO]: I have the direct flight option set to false
[25/01/2025, 22:18:58 IST] [INFO]: I have the baggage option set to false
[25/01/2025, 22:18:58 IST] [INFO]: I have the refundable option set to false
[25/01/2025, 22:18:58 IST] [INFO]: No airline available, skipping...
[25/01/2025, 22:19:39 IST] [INFO]: I enter the passenger title Mr
[25/01/2025, 22:19:46 IST] [INFO]: I enter the passenger title Mstr
[25/01/2025, 22:19:56 IST] [INFO]: I have the departure location as DXB
[25/01/2025, 22:19:56 IST] [INFO]: I have the return location CAI
[25/01/2025, 22:19:56 IST] [INFO]: I have the departure date 02-22-2025
[25/01/2025, 22:19:56 IST] [INFO]: I have the cabin class Y
[25/01/2025, 22:19:56 IST] [INFO]: I have the number of adults 1
[25/01/2025, 22:19:56 IST] [INFO]: I have the number of children 1
[25/01/2025, 22:19:56 IST] [INFO]: I have the number of infand 0
[25/01/2025, 22:19:56 IST] [INFO]: I have the direct flight option set to false
[25/01/2025, 22:19:56 IST] [INFO]: I have the baggage option set to false
[25/01/2025, 22:19:56 IST] [INFO]: I have the refundable option set to false
[25/01/2025, 22:19:56 IST] [INFO]: No airline available, skipping...
[25/01/2025, 22:20:20 IST] [INFO]: I enter the passenger title Mr
[25/01/2025, 22:21:56 IST] [INFO]: I have the departure location as DXB
[25/01/2025, 22:21:56 IST] [INFO]: I have the return location CAI
[25/01/2025, 22:21:56 IST] [INFO]: I have the departure date 02-22-2025
[25/01/2025, 22:21:56 IST] [INFO]: I have the cabin class Y
[25/01/2025, 22:21:56 IST] [INFO]: I have the number of adults 1
[25/01/2025, 22:21:56 IST] [INFO]: I have the number of children 1
[25/01/2025, 22:21:56 IST] [INFO]: I have the number of infand 0
[25/01/2025, 22:21:56 IST] [INFO]: I have the direct flight option set to false
[25/01/2025, 22:21:56 IST] [INFO]: I have the baggage option set to false
[25/01/2025, 22:21:56 IST] [INFO]: I have the refundable option set to false
[25/01/2025, 22:21:56 IST] [INFO]: No airline available, skipping...
[25/01/2025, 22:22:21 IST] [INFO]: I enter the passenger title Mr
[25/01/2025, 22:22:27 IST] [INFO]: I enter the passenger title Mstr
[25/01/2025, 22:23:52 IST] [INFO]: I have the departure location as DXB
[25/01/2025, 22:23:52 IST] [INFO]: I have the return location CAI
[25/01/2025, 22:23:52 IST] [INFO]: I have the departure date 02-22-2025
[25/01/2025, 22:23:52 IST] [INFO]: I have the cabin class Y
[25/01/2025, 22:23:52 IST] [INFO]: I have the number of adults 1
[25/01/2025, 22:23:52 IST] [INFO]: I have the number of children 1
[25/01/2025, 22:23:52 IST] [INFO]: I have the number of infand 0
[25/01/2025, 22:23:52 IST] [INFO]: I have the direct flight option set to false
[25/01/2025, 22:23:52 IST] [INFO]: I have the baggage option set to false
[25/01/2025, 22:23:52 IST] [INFO]: I have the refundable option set to false
[25/01/2025, 22:23:52 IST] [INFO]: No airline available, skipping...
[25/01/2025, 22:24:13 IST] [INFO]: I enter the passenger title Mr
[25/01/2025, 22:25:57 IST] [INFO]: I have the departure location as DXB
[25/01/2025, 22:25:57 IST] [INFO]: I have the return location CAI
[25/01/2025, 22:25:57 IST] [INFO]: I have the departure date 02-22-2025
[25/01/2025, 22:25:57 IST] [INFO]: I have the cabin class Y
[25/01/2025, 22:25:57 IST] [INFO]: I have the number of adults 1
[25/01/2025, 22:25:57 IST] [INFO]: I have the number of children 1
[25/01/2025, 22:25:57 IST] [INFO]: I have the number of infand 0
[25/01/2025, 22:25:57 IST] [INFO]: I have the direct flight option set to false
[25/01/2025, 22:25:57 IST] [INFO]: I have the baggage option set to false
[25/01/2025, 22:25:57 IST] [INFO]: I have the refundable option set to false
[25/01/2025, 22:25:57 IST] [INFO]: No airline available, skipping...
[25/01/2025, 22:26:23 IST] [INFO]: I enter the passenger title Mr
[25/01/2025, 22:28:05 IST] [INFO]: I have the departure location as DXB
[25/01/2025, 22:28:05 IST] [INFO]: I have the return location CAI
[25/01/2025, 22:28:05 IST] [INFO]: I have the departure date 02-22-2025
[25/01/2025, 22:28:05 IST] [INFO]: I have the cabin class Y
[25/01/2025, 22:28:05 IST] [INFO]: I have the number of adults 1
[25/01/2025, 22:28:05 IST] [INFO]: I have the number of children 0
[25/01/2025, 22:28:05 IST] [INFO]: I have the number of infand 0
[25/01/2025, 22:28:05 IST] [INFO]: I have the direct flight option set to false
[25/01/2025, 22:28:05 IST] [INFO]: I have the baggage option set to false
[25/01/2025, 22:28:05 IST] [INFO]: I have the refundable option set to false
[25/01/2025, 22:28:05 IST] [INFO]: No airline available, skipping...
[25/01/2025, 22:28:26 IST] [INFO]: I enter the passenger title Mr
[25/01/2025, 22:28:52 IST] [INFO]: I have the departure location as DXB
[25/01/2025, 22:28:52 IST] [INFO]: I have the return location CAI
[25/01/2025, 22:28:52 IST] [INFO]: I have the departure date 02-22-2025
[25/01/2025, 22:28:52 IST] [INFO]: I have the cabin class Y
[25/01/2025, 22:28:52 IST] [INFO]: I have the number of adults 1
[25/01/2025, 22:28:52 IST] [INFO]: I have the number of children 0
[25/01/2025, 22:28:52 IST] [INFO]: I have the number of infand 0
[25/01/2025, 22:28:52 IST] [INFO]: I have the direct flight option set to false
[25/01/2025, 22:28:52 IST] [INFO]: I have the baggage option set to false
[25/01/2025, 22:28:52 IST] [INFO]: I have the refundable option set to false
[25/01/2025, 22:28:52 IST] [INFO]: No airline available, skipping...
[25/01/2025, 22:29:09 IST] [INFO]: I enter the passenger title Mr
[25/01/2025, 22:57:10 IST] [INFO]: I have the departure location as DXB
[25/01/2025, 22:57:10 IST] [INFO]: I have the return location CAI
[25/01/2025, 22:57:10 IST] [INFO]: I have the departure date 02-22-2025
[25/01/2025, 22:57:10 IST] [INFO]: I have the cabin class Y
[25/01/2025, 22:57:10 IST] [INFO]: I have the number of adults 1
[25/01/2025, 22:57:10 IST] [INFO]: I have the number of children 0
[25/01/2025, 22:57:10 IST] [INFO]: I have the number of infand 0
[25/01/2025, 22:57:10 IST] [INFO]: I have the direct flight option set to false
[25/01/2025, 22:57:10 IST] [INFO]: I have the baggage option set to false
[25/01/2025, 22:57:10 IST] [INFO]: I have the refundable option set to false
[25/01/2025, 22:57:10 IST] [INFO]: No airline available, skipping...
[25/01/2025, 22:57:17 IST] [INFO]: I have the departure location as DXB
[25/01/2025, 22:57:17 IST] [INFO]: I have the return location CAI
[25/01/2025, 22:57:17 IST] [INFO]: I have the departure date 02-22-2025
[25/01/2025, 22:57:17 IST] [INFO]: I have the cabin class Y
[25/01/2025, 22:57:17 IST] [INFO]: I have the number of adults 1
[25/01/2025, 22:57:17 IST] [INFO]: I have the number of children 0
[25/01/2025, 22:57:17 IST] [INFO]: I have the number of infand 0
[25/01/2025, 22:57:17 IST] [INFO]: I have the direct flight option set to false
[25/01/2025, 22:57:17 IST] [INFO]: I have the baggage option set to false
[25/01/2025, 22:57:17 IST] [INFO]: I have the refundable option set to false
[25/01/2025, 22:57:17 IST] [INFO]: No airline available, skipping...
[25/01/2025, 22:57:40 IST] [INFO]: I enter the passenger title Mr
[25/01/2025, 22:59:04 IST] [INFO]: I have the departure location as DXB
[25/01/2025, 22:59:04 IST] [INFO]: I have the return location CAI
[25/01/2025, 22:59:04 IST] [INFO]: I have the departure date 02-22-2025
[25/01/2025, 22:59:04 IST] [INFO]: I have the cabin class Y
[25/01/2025, 22:59:04 IST] [INFO]: I have the number of adults 1
[25/01/2025, 22:59:04 IST] [INFO]: I have the number of children 0
[25/01/2025, 22:59:04 IST] [INFO]: I have the number of infand 0
[25/01/2025, 22:59:04 IST] [INFO]: I have the direct flight option set to false
[25/01/2025, 22:59:04 IST] [INFO]: I have the baggage option set to false
[25/01/2025, 22:59:04 IST] [INFO]: I have the refundable option set to false
[25/01/2025, 22:59:04 IST] [INFO]: No airline available, skipping...
[25/01/2025, 22:59:23 IST] [INFO]: I enter the passenger title Mr
[25/01/2025, 23:01:53 IST] [INFO]: I have the departure location as DXB
[25/01/2025, 23:01:53 IST] [INFO]: I have the return location CAI
[25/01/2025, 23:01:53 IST] [INFO]: I have the departure date 02-22-2025
[25/01/2025, 23:01:53 IST] [INFO]: I have the cabin class Y
[25/01/2025, 23:01:53 IST] [INFO]: I have the number of adults 1
[25/01/2025, 23:01:53 IST] [INFO]: I have the number of children 0
[25/01/2025, 23:01:53 IST] [INFO]: I have the number of infand 0
[25/01/2025, 23:01:53 IST] [INFO]: I have the direct flight option set to false
[25/01/2025, 23:01:53 IST] [INFO]: I have the baggage option set to false
[25/01/2025, 23:01:53 IST] [INFO]: I have the refundable option set to false
[25/01/2025, 23:01:53 IST] [INFO]: No airline available, skipping...
[25/01/2025, 23:02:10 IST] [INFO]: I enter the passenger title Mr
[25/01/2025, 23:04:09 IST] [INFO]: I have the departure location as DXB
[25/01/2025, 23:04:09 IST] [INFO]: I have the return location CAI
[25/01/2025, 23:04:09 IST] [INFO]: I have the departure date 02-22-2025
[25/01/2025, 23:04:09 IST] [INFO]: I have the cabin class Y
[25/01/2025, 23:04:09 IST] [INFO]: I have the number of adults 1
[25/01/2025, 23:04:09 IST] [INFO]: I have the number of children 0
[25/01/2025, 23:04:09 IST] [INFO]: I have the number of infand 0
[25/01/2025, 23:04:09 IST] [INFO]: I have the direct flight option set to false
[25/01/2025, 23:04:09 IST] [INFO]: I have the baggage option set to false
[25/01/2025, 23:04:09 IST] [INFO]: I have the refundable option set to false
[25/01/2025, 23:04:09 IST] [INFO]: No airline available, skipping...
[25/01/2025, 23:04:33 IST] [INFO]: I enter the passenger title Mr
[25/01/2025, 23:06:02 IST] [INFO]: I have the departure location as DXB
[25/01/2025, 23:06:02 IST] [INFO]: I have the return location CAI
[25/01/2025, 23:06:02 IST] [INFO]: I have the departure date 02-22-2025
[25/01/2025, 23:06:02 IST] [INFO]: I have the cabin class Y
[25/01/2025, 23:06:02 IST] [INFO]: I have the number of adults 1
[25/01/2025, 23:06:02 IST] [INFO]: I have the number of children 0
[25/01/2025, 23:06:02 IST] [INFO]: I have the number of infand 0
[25/01/2025, 23:06:02 IST] [INFO]: I have the direct flight option set to false
[25/01/2025, 23:06:02 IST] [INFO]: I have the baggage option set to false
[25/01/2025, 23:06:02 IST] [INFO]: I have the refundable option set to false
[25/01/2025, 23:06:02 IST] [INFO]: No airline available, skipping...
[25/01/2025, 23:06:20 IST] [INFO]: I enter the passenger title Mr
[25/01/2025, 23:07:38 IST] [INFO]: I have the departure location as DXB
[25/01/2025, 23:07:38 IST] [INFO]: I have the return location CAI
[25/01/2025, 23:07:38 IST] [INFO]: I have the departure date 02-22-2025
[25/01/2025, 23:07:38 IST] [INFO]: I have the cabin class Y
[25/01/2025, 23:07:38 IST] [INFO]: I have the number of adults 1
[25/01/2025, 23:07:38 IST] [INFO]: I have the number of children 0
[25/01/2025, 23:07:38 IST] [INFO]: I have the number of infand 0
[25/01/2025, 23:07:38 IST] [INFO]: I have the direct flight option set to false
[25/01/2025, 23:07:38 IST] [INFO]: I have the baggage option set to false
[25/01/2025, 23:07:38 IST] [INFO]: I have the refundable option set to false
[25/01/2025, 23:07:38 IST] [INFO]: No airline available, skipping...
[25/01/2025, 23:07:59 IST] [INFO]: I enter the passenger title Mr
[27/01/2025, 11:53:25 IST] [INFO]: I have the departure location as DXB
[27/01/2025, 11:53:25 IST] [INFO]: I have the return location CAI
[27/01/2025, 11:53:25 IST] [INFO]: I have the departure date 02-22-2025
[27/01/2025, 11:53:25 IST] [INFO]: I have the cabin class Y
[27/01/2025, 11:53:25 IST] [INFO]: I have the number of adults 1
[27/01/2025, 11:53:25 IST] [INFO]: I have the number of children 0
[27/01/2025, 11:53:25 IST] [INFO]: I have the number of infand 0
[27/01/2025, 11:53:25 IST] [INFO]: I have the direct flight option set to false
[27/01/2025, 11:53:25 IST] [INFO]: I have the baggage option set to false
[27/01/2025, 11:53:25 IST] [INFO]: I have the refundable option set to false
[27/01/2025, 11:53:25 IST] [INFO]: No airline available, skipping...
[28/01/2025, 14:55:38 IST] [INFO]: I have the departure location as DXB
[28/01/2025, 14:55:38 IST] [INFO]: I have the return location CAI
[28/01/2025, 14:55:38 IST] [INFO]: I have the departure date 02-22-2025
[28/01/2025, 14:55:38 IST] [INFO]: I have the cabin class Y
[28/01/2025, 14:55:38 IST] [INFO]: I have the number of adults 1
[28/01/2025, 14:55:38 IST] [INFO]: I have the number of children 0
[28/01/2025, 14:55:38 IST] [INFO]: I have the number of infand 0
[28/01/2025, 14:55:38 IST] [INFO]: I have the direct flight option set to false
[28/01/2025, 14:55:38 IST] [INFO]: I have the baggage option set to false
[28/01/2025, 14:55:38 IST] [INFO]: I have the refundable option set to false
[28/01/2025, 14:55:38 IST] [INFO]: No airline available, skipping...
[28/01/2025, 14:56:19 IST] [INFO]: I enter the passenger title Mr
[28/01/2025, 15:22:21 IST] [INFO]: I have the departure location as DXB
[28/01/2025, 15:22:22 IST] [INFO]: I have the return location CAI
[28/01/2025, 15:22:22 IST] [INFO]: I have the departure date 02-22-2025
[28/01/2025, 15:22:22 IST] [INFO]: I have the cabin class Y
[28/01/2025, 15:22:22 IST] [INFO]: I have the number of adults 1
[28/01/2025, 15:22:22 IST] [INFO]: I have the number of children 0
[28/01/2025, 15:22:22 IST] [INFO]: I have the number of infand 0
[28/01/2025, 15:22:22 IST] [INFO]: I have the direct flight option set to false
[28/01/2025, 15:22:22 IST] [INFO]: I have the baggage option set to false
[28/01/2025, 15:22:22 IST] [INFO]: I have the refundable option set to false
[28/01/2025, 15:22:22 IST] [INFO]: No airline available, skipping...
[28/01/2025, 15:22:55 IST] [INFO]: I enter the passenger title Mr
[28/01/2025, 15:23:47 IST] [INFO]: I have the departure location as DXB
[28/01/2025, 15:23:47 IST] [INFO]: I have the return location CAI
[28/01/2025, 15:23:47 IST] [INFO]: I have the departure date 02-22-2025
[28/01/2025, 15:23:47 IST] [INFO]: I have the cabin class Y
[28/01/2025, 15:23:47 IST] [INFO]: I have the number of adults 1
[28/01/2025, 15:23:47 IST] [INFO]: I have the number of children 0
[28/01/2025, 15:23:47 IST] [INFO]: I have the number of infand 0
[28/01/2025, 15:23:47 IST] [INFO]: I have the direct flight option set to false
[28/01/2025, 15:23:47 IST] [INFO]: I have the baggage option set to false
[28/01/2025, 15:23:47 IST] [INFO]: I have the refundable option set to false
[28/01/2025, 15:23:47 IST] [INFO]: No airline available, skipping...
[28/01/2025, 15:24:11 IST] [INFO]: I enter the passenger title Mr
[28/01/2025, 15:27:49 IST] [INFO]: I have the departure location as DXB
[28/01/2025, 15:27:49 IST] [INFO]: I have the return location CAI
[28/01/2025, 15:27:49 IST] [INFO]: I have the departure date 02-22-2025
[28/01/2025, 15:27:49 IST] [INFO]: I have the cabin class Y
[28/01/2025, 15:27:49 IST] [INFO]: I have the number of adults 1
[28/01/2025, 15:27:49 IST] [INFO]: I have the number of children 0
[28/01/2025, 15:27:49 IST] [INFO]: I have the number of infand 0
[28/01/2025, 15:27:49 IST] [INFO]: I have the direct flight option set to false
[28/01/2025, 15:27:49 IST] [INFO]: I have the baggage option set to false
[28/01/2025, 15:27:49 IST] [INFO]: I have the refundable option set to false
[28/01/2025, 15:27:49 IST] [INFO]: No airline available, skipping...
[28/01/2025, 15:28:09 IST] [INFO]: I enter the passenger title Mr
[28/01/2025, 15:29:29 IST] [INFO]: I have the departure location as DXB
[28/01/2025, 15:29:29 IST] [INFO]: I have the return location CAI
[28/01/2025, 15:29:29 IST] [INFO]: I have the departure date 02-22-2025
[28/01/2025, 15:29:29 IST] [INFO]: I have the cabin class Y
[28/01/2025, 15:29:29 IST] [INFO]: I have the number of adults 1
[28/01/2025, 15:29:29 IST] [INFO]: I have the number of children 0
[28/01/2025, 15:29:29 IST] [INFO]: I have the number of infand 0
[28/01/2025, 15:29:29 IST] [INFO]: I have the direct flight option set to false
[28/01/2025, 15:29:29 IST] [INFO]: I have the baggage option set to false
[28/01/2025, 15:29:29 IST] [INFO]: I have the refundable option set to false
[28/01/2025, 15:29:29 IST] [INFO]: No airline available, skipping...
[28/01/2025, 15:29:47 IST] [INFO]: I enter the passenger title Mr
[28/01/2025, 15:31:49 IST] [INFO]: I have the departure location as DXB
[28/01/2025, 15:31:49 IST] [INFO]: I have the return location CAI
[28/01/2025, 15:31:49 IST] [INFO]: I have the departure date 02-22-2025
[28/01/2025, 15:31:49 IST] [INFO]: I have the cabin class Y
[28/01/2025, 15:31:49 IST] [INFO]: I have the number of adults 1
[28/01/2025, 15:31:49 IST] [INFO]: I have the number of children 0
[28/01/2025, 15:31:49 IST] [INFO]: I have the number of infand 0
[28/01/2025, 15:31:49 IST] [INFO]: I have the direct flight option set to false
[28/01/2025, 15:31:49 IST] [INFO]: I have the baggage option set to false
[28/01/2025, 15:31:49 IST] [INFO]: I have the refundable option set to false
[28/01/2025, 15:31:49 IST] [INFO]: No airline available, skipping...
[28/01/2025, 15:32:16 IST] [INFO]: I enter the passenger title Mr
[28/01/2025, 15:34:41 IST] [INFO]: I have the departure location as DXB
[28/01/2025, 15:34:41 IST] [INFO]: I have the return location CAI
[28/01/2025, 15:34:41 IST] [INFO]: I have the departure date 02-22-2025
[28/01/2025, 15:34:41 IST] [INFO]: I have the cabin class Y
[28/01/2025, 15:34:41 IST] [INFO]: I have the number of adults 1
[28/01/2025, 15:34:41 IST] [INFO]: I have the number of children 0
[28/01/2025, 15:34:41 IST] [INFO]: I have the number of infand 0
[28/01/2025, 15:34:41 IST] [INFO]: I have the direct flight option set to false
[28/01/2025, 15:34:41 IST] [INFO]: I have the baggage option set to false
[28/01/2025, 15:34:41 IST] [INFO]: I have the refundable option set to false
[28/01/2025, 15:34:42 IST] [INFO]: No airline available, skipping...
[28/01/2025, 15:35:25 IST] [INFO]: I enter the passenger title Mr
[28/01/2025, 15:36:27 IST] [INFO]: I have the departure location as DXB
[28/01/2025, 15:36:27 IST] [INFO]: I have the return location CAI
[28/01/2025, 15:36:27 IST] [INFO]: I have the departure date 02-22-2025
[28/01/2025, 15:36:27 IST] [INFO]: I have the cabin class Y
[28/01/2025, 15:36:27 IST] [INFO]: I have the number of adults 1
[28/01/2025, 15:36:27 IST] [INFO]: I have the number of children 0
[28/01/2025, 15:36:27 IST] [INFO]: I have the number of infand 0
[28/01/2025, 15:36:27 IST] [INFO]: I have the direct flight option set to false
[28/01/2025, 15:36:27 IST] [INFO]: I have the baggage option set to false
[28/01/2025, 15:36:27 IST] [INFO]: I have the refundable option set to false
[28/01/2025, 15:36:27 IST] [INFO]: No airline available, skipping...
[28/01/2025, 15:36:44 IST] [INFO]: I have the departure location as DXB
[28/01/2025, 15:36:44 IST] [INFO]: I have the return location CAI
[28/01/2025, 15:36:44 IST] [INFO]: I have the departure date 02-22-2025
[28/01/2025, 15:36:44 IST] [INFO]: I have the cabin class Y
[28/01/2025, 15:36:44 IST] [INFO]: I have the number of adults 1
[28/01/2025, 15:36:44 IST] [INFO]: I have the number of children 0
[28/01/2025, 15:36:44 IST] [INFO]: I have the number of infand 0
[28/01/2025, 15:36:44 IST] [INFO]: I have the direct flight option set to false
[28/01/2025, 15:36:44 IST] [INFO]: I have the baggage option set to false
[28/01/2025, 15:36:44 IST] [INFO]: I have the refundable option set to false
[28/01/2025, 15:36:44 IST] [INFO]: No airline available, skipping...
[28/01/2025, 15:37:03 IST] [INFO]: I enter the passenger title Mr
[28/01/2025, 15:39:03 IST] [INFO]: I have the departure location as DXB
[28/01/2025, 15:39:03 IST] [INFO]: I have the return location CAI
[28/01/2025, 15:39:03 IST] [INFO]: I have the departure date 02-22-2025
[28/01/2025, 15:39:03 IST] [INFO]: I have the cabin class Y
[28/01/2025, 15:39:03 IST] [INFO]: I have the number of adults 1
[28/01/2025, 15:39:03 IST] [INFO]: I have the number of children 0
[28/01/2025, 15:39:03 IST] [INFO]: I have the number of infand 0
[28/01/2025, 15:39:03 IST] [INFO]: I have the direct flight option set to false
[28/01/2025, 15:39:03 IST] [INFO]: I have the baggage option set to false
[28/01/2025, 15:39:03 IST] [INFO]: I have the refundable option set to false
[28/01/2025, 15:39:03 IST] [INFO]: No airline available, skipping...
[28/01/2025, 15:39:28 IST] [INFO]: I enter the passenger title Mr
[28/01/2025, 15:39:58 IST] [INFO]: I have the departure location as DXB
[28/01/2025, 15:39:58 IST] [INFO]: I have the return location CAI
[28/01/2025, 15:39:58 IST] [INFO]: I have the departure date 02-22-2025
[28/01/2025, 15:39:58 IST] [INFO]: I have the cabin class Y
[28/01/2025, 15:39:58 IST] [INFO]: I have the number of adults 1
[28/01/2025, 15:39:58 IST] [INFO]: I have the number of children 1
[28/01/2025, 15:39:58 IST] [INFO]: I have the number of infand 1
[28/01/2025, 15:39:58 IST] [INFO]: I have the direct flight option set to false
[28/01/2025, 15:39:58 IST] [INFO]: I have the baggage option set to false
[28/01/2025, 15:39:58 IST] [INFO]: I have the refundable option set to false
[28/01/2025, 15:39:58 IST] [INFO]: No airline available, skipping...
[28/01/2025, 15:40:19 IST] [INFO]: I enter the passenger title Mr
[28/01/2025, 15:40:37 IST] [INFO]: I enter the passenger title Mstr
[28/01/2025, 15:42:52 IST] [INFO]: I have the departure location as DXB
[28/01/2025, 15:42:52 IST] [INFO]: I have the return location CAI
[28/01/2025, 15:42:52 IST] [INFO]: I have the departure date 02-22-2025
[28/01/2025, 15:42:52 IST] [INFO]: I have the cabin class Y
[28/01/2025, 15:42:52 IST] [INFO]: I have the number of adults 1
[28/01/2025, 15:42:53 IST] [INFO]: I have the number of children 1
[28/01/2025, 15:42:53 IST] [INFO]: I have the number of infand 1
[28/01/2025, 15:42:53 IST] [INFO]: I have the direct flight option set to false
[28/01/2025, 15:42:53 IST] [INFO]: I have the baggage option set to false
[28/01/2025, 15:42:53 IST] [INFO]: I have the refundable option set to false
[28/01/2025, 15:42:53 IST] [INFO]: No airline available, skipping...
[28/01/2025, 15:43:21 IST] [INFO]: I enter the passenger title Mr
[28/01/2025, 15:43:40 IST] [INFO]: I enter the passenger title Mstr
[28/01/2025, 15:45:39 IST] [INFO]: I have the departure location as DXB
[28/01/2025, 15:45:39 IST] [INFO]: I have the return location CAI
[28/01/2025, 15:45:39 IST] [INFO]: I have the departure date 02-22-2025
[28/01/2025, 15:45:39 IST] [INFO]: I have the cabin class Y
[28/01/2025, 15:45:39 IST] [INFO]: I have the number of adults 1
[28/01/2025, 15:45:39 IST] [INFO]: I have the number of children 1
[28/01/2025, 15:45:39 IST] [INFO]: I have the number of infand 1
[28/01/2025, 15:45:39 IST] [INFO]: I have the direct flight option set to false
[28/01/2025, 15:45:39 IST] [INFO]: I have the baggage option set to false
[28/01/2025, 15:45:39 IST] [INFO]: I have the refundable option set to false
[28/01/2025, 15:45:39 IST] [INFO]: No airline available, skipping...
[28/01/2025, 15:46:08 IST] [INFO]: I enter the passenger title Mr
[28/01/2025, 15:46:26 IST] [INFO]: I enter the passenger title Mstr
[28/01/2025, 15:47:47 IST] [INFO]: I have the departure location as DXB
[28/01/2025, 15:47:47 IST] [INFO]: I have the return location CAI
[28/01/2025, 15:47:47 IST] [INFO]: I have the departure date 02-22-2025
[28/01/2025, 15:47:47 IST] [INFO]: I have the cabin class Y
[28/01/2025, 15:47:47 IST] [INFO]: I have the number of adults 2
[28/01/2025, 15:47:47 IST] [INFO]: I have the number of children 0
[28/01/2025, 15:47:47 IST] [INFO]: I have the number of infand 0
[28/01/2025, 15:47:47 IST] [INFO]: I have the direct flight option set to false
[28/01/2025, 15:47:47 IST] [INFO]: I have the baggage option set to false
[28/01/2025, 15:47:47 IST] [INFO]: I have the refundable option set to false
[28/01/2025, 15:47:47 IST] [INFO]: No airline available, skipping...
[28/01/2025, 15:48:03 IST] [INFO]: I enter the passenger title Mr
[28/01/2025, 15:48:21 IST] [INFO]: I enter the passenger title Mr
[28/01/2025, 15:48:57 IST] [INFO]: I have the departure location as DXB
[28/01/2025, 15:48:57 IST] [INFO]: I have the return location CAI
[28/01/2025, 15:48:57 IST] [INFO]: I have the departure date 02-22-2025
[28/01/2025, 15:48:57 IST] [INFO]: I have the cabin class Y
[28/01/2025, 15:48:57 IST] [INFO]: I have the number of adults 2
[28/01/2025, 15:48:57 IST] [INFO]: I have the number of children 0
[28/01/2025, 15:48:57 IST] [INFO]: I have the number of infand 0
[28/01/2025, 15:48:57 IST] [INFO]: I have the direct flight option set to false
[28/01/2025, 15:48:57 IST] [INFO]: I have the baggage option set to false
[28/01/2025, 15:48:57 IST] [INFO]: I have the refundable option set to false
[28/01/2025, 15:48:57 IST] [INFO]: No airline available, skipping...
[28/01/2025, 15:49:16 IST] [INFO]: I enter the passenger title Mr
[28/01/2025, 15:49:35 IST] [INFO]: I enter the passenger title Mr
[28/01/2025, 15:53:20 IST] [INFO]: I have the departure location as DXB
[28/01/2025, 15:53:20 IST] [INFO]: I have the return location CAI
[28/01/2025, 15:53:20 IST] [INFO]: I have the departure date 02-22-2025
[28/01/2025, 15:53:20 IST] [INFO]: I have the cabin class Y
[28/01/2025, 15:53:20 IST] [INFO]: I have the number of adults 2
[28/01/2025, 15:53:20 IST] [INFO]: I have the number of children 0
[28/01/2025, 15:53:20 IST] [INFO]: I have the number of infand 0
[28/01/2025, 15:53:20 IST] [INFO]: I have the direct flight option set to false
[28/01/2025, 15:53:20 IST] [INFO]: I have the baggage option set to false
[28/01/2025, 15:53:20 IST] [INFO]: I have the refundable option set to false
[28/01/2025, 15:53:20 IST] [INFO]: No airline available, skipping...
[28/01/2025, 15:56:14 IST] [INFO]: I have the departure location as DXB
[28/01/2025, 15:56:14 IST] [INFO]: I have the return location CAI
[28/01/2025, 15:56:14 IST] [INFO]: I have the departure date 02-22-2025
[28/01/2025, 15:56:14 IST] [INFO]: I have the cabin class Y
[28/01/2025, 15:56:14 IST] [INFO]: I have the number of adults 2
[28/01/2025, 15:56:14 IST] [INFO]: I have the number of children 0
[28/01/2025, 15:56:14 IST] [INFO]: I have the number of infand 0
[28/01/2025, 15:56:14 IST] [INFO]: I have the direct flight option set to false
[28/01/2025, 15:56:14 IST] [INFO]: I have the baggage option set to false
[28/01/2025, 15:56:14 IST] [INFO]: I have the refundable option set to false
[28/01/2025, 15:56:14 IST] [INFO]: No airline available, skipping...
[28/01/2025, 15:56:38 IST] [INFO]: I enter the passenger title Mr
[28/01/2025, 15:56:56 IST] [INFO]: I enter the passenger title Mr
[28/01/2025, 16:00:56 IST] [INFO]: I have the departure location as DXB
[28/01/2025, 16:00:56 IST] [INFO]: I have the return location CAI
[28/01/2025, 16:00:56 IST] [INFO]: I have the departure date 02-22-2025
[28/01/2025, 16:00:56 IST] [INFO]: I have the cabin class Y
[28/01/2025, 16:00:56 IST] [INFO]: I have the number of adults 2
[28/01/2025, 16:00:56 IST] [INFO]: I have the number of children 0
[28/01/2025, 16:00:56 IST] [INFO]: I have the number of infand 0
[28/01/2025, 16:00:56 IST] [INFO]: I have the direct flight option set to false
[28/01/2025, 16:00:56 IST] [INFO]: I have the baggage option set to false
[28/01/2025, 16:00:56 IST] [INFO]: I have the refundable option set to false
[28/01/2025, 16:00:56 IST] [INFO]: No airline available, skipping...
[28/01/2025, 16:04:45 IST] [INFO]: I have the departure location as DXB
[28/01/2025, 16:04:45 IST] [INFO]: I have the return location CAI
[28/01/2025, 16:04:45 IST] [INFO]: I have the departure date 02-22-2025
[28/01/2025, 16:04:45 IST] [INFO]: I have the cabin class Y
[28/01/2025, 16:04:45 IST] [INFO]: I have the number of adults 2
[28/01/2025, 16:04:45 IST] [INFO]: I have the number of children 0
[28/01/2025, 16:04:45 IST] [INFO]: I have the number of infand 0
[28/01/2025, 16:04:45 IST] [INFO]: I have the direct flight option set to false
[28/01/2025, 16:04:45 IST] [INFO]: I have the baggage option set to false
[28/01/2025, 16:04:45 IST] [INFO]: I have the refundable option set to false
[28/01/2025, 16:04:45 IST] [INFO]: No airline available, skipping...
[28/01/2025, 16:08:57 IST] [INFO]: I have the departure location as DXB
[28/01/2025, 16:08:57 IST] [INFO]: I have the return location CAI
[28/01/2025, 16:08:57 IST] [INFO]: I have the departure date 02-22-2025
[28/01/2025, 16:08:57 IST] [INFO]: I have the cabin class Y
[28/01/2025, 16:08:57 IST] [INFO]: I have the number of adults 2
[28/01/2025, 16:08:57 IST] [INFO]: I have the number of children 0
[28/01/2025, 16:08:57 IST] [INFO]: I have the number of infand 0
[28/01/2025, 16:08:57 IST] [INFO]: I have the direct flight option set to false
[28/01/2025, 16:08:57 IST] [INFO]: I have the baggage option set to false
[28/01/2025, 16:08:57 IST] [INFO]: I have the refundable option set to false
[28/01/2025, 16:08:57 IST] [INFO]: No airline available, skipping...
[28/01/2025, 16:11:13 IST] [INFO]: I have the departure location as DXB
[28/01/2025, 16:11:13 IST] [INFO]: I have the return location CAI
[28/01/2025, 16:11:13 IST] [INFO]: I have the departure date 02-22-2025
[28/01/2025, 16:11:13 IST] [INFO]: I have the cabin class Y
[28/01/2025, 16:11:13 IST] [INFO]: I have the number of adults 1
[28/01/2025, 16:11:13 IST] [INFO]: I have the number of children 1
[28/01/2025, 16:11:13 IST] [INFO]: I have the number of infand 1
[28/01/2025, 16:11:13 IST] [INFO]: I have the direct flight option set to false
[28/01/2025, 16:11:13 IST] [INFO]: I have the baggage option set to false
[28/01/2025, 16:11:13 IST] [INFO]: I have the refundable option set to false
[28/01/2025, 16:11:13 IST] [INFO]: No airline available, skipping...
[28/01/2025, 16:19:38 IST] [INFO]: I have the departure location as DXB
[28/01/2025, 16:19:38 IST] [INFO]: I have the return location CAI
[28/01/2025, 16:19:38 IST] [INFO]: I have the departure date 02-22-2025
[28/01/2025, 16:19:38 IST] [INFO]: I have the cabin class Y
[28/01/2025, 16:19:38 IST] [INFO]: I have the number of adults 1
[28/01/2025, 16:19:38 IST] [INFO]: I have the number of children 1
[28/01/2025, 16:19:38 IST] [INFO]: I have the number of infand 1
[28/01/2025, 16:19:38 IST] [INFO]: I have the direct flight option set to false
[28/01/2025, 16:19:38 IST] [INFO]: I have the baggage option set to false
[28/01/2025, 16:19:38 IST] [INFO]: I have the refundable option set to false
[28/01/2025, 16:19:38 IST] [INFO]: No airline available, skipping...
[28/01/2025, 16:24:15 IST] [INFO]: I have the departure location as DXB
[28/01/2025, 16:24:15 IST] [INFO]: I have the return location CAI
[28/01/2025, 16:24:15 IST] [INFO]: I have the departure date 02-22-2025
[28/01/2025, 16:24:15 IST] [INFO]: I have the cabin class Y
[28/01/2025, 16:24:15 IST] [INFO]: I have the number of adults 1
[28/01/2025, 16:24:15 IST] [INFO]: I have the number of children 1
[28/01/2025, 16:24:15 IST] [INFO]: I have the number of infand 1
[28/01/2025, 16:24:15 IST] [INFO]: I have the direct flight option set to false
[28/01/2025, 16:24:15 IST] [INFO]: I have the baggage option set to false
[28/01/2025, 16:24:15 IST] [INFO]: I have the refundable option set to false
[28/01/2025, 16:24:15 IST] [INFO]: No airline available, skipping...
[28/01/2025, 16:29:43 IST] [INFO]: I have the departure location as DXB
[28/01/2025, 16:29:43 IST] [INFO]: I have the return location CAI
[28/01/2025, 16:29:43 IST] [INFO]: I have the departure date 02-22-2025
[28/01/2025, 16:29:43 IST] [INFO]: I have the cabin class Y
[28/01/2025, 16:29:43 IST] [INFO]: I have the number of adults 1
[28/01/2025, 16:29:43 IST] [INFO]: I have the number of children 1
[28/01/2025, 16:29:43 IST] [INFO]: I have the number of infand 1
[28/01/2025, 16:29:43 IST] [INFO]: I have the direct flight option set to false
[28/01/2025, 16:29:43 IST] [INFO]: I have the baggage option set to false
[28/01/2025, 16:29:43 IST] [INFO]: I have the refundable option set to false
[28/01/2025, 16:29:43 IST] [INFO]: No airline available, skipping...
[28/01/2025, 16:30:07 IST] [INFO]: I enter the passenger title Mr
[28/01/2025, 16:30:22 IST] [INFO]: I enter the passenger title Mstr
[28/01/2025, 16:30:39 IST] [INFO]: I enter the passenger title Miss
[28/01/2025, 16:34:33 IST] [INFO]: I have the departure location as DXB
[28/01/2025, 16:34:33 IST] [INFO]: I have the return location CAI
[28/01/2025, 16:34:33 IST] [INFO]: I have the departure date 02-22-2025
[28/01/2025, 16:34:33 IST] [INFO]: I have the cabin class Y
[28/01/2025, 16:34:33 IST] [INFO]: I have the number of adults 3
[28/01/2025, 16:34:33 IST] [INFO]: I have the number of children 0
[28/01/2025, 16:34:33 IST] [INFO]: I have the number of infand 0
[28/01/2025, 16:34:33 IST] [INFO]: I have the direct flight option set to false
[28/01/2025, 16:34:33 IST] [INFO]: I have the baggage option set to false
[28/01/2025, 16:34:33 IST] [INFO]: I have the refundable option set to false
[28/01/2025, 16:34:33 IST] [INFO]: No airline available, skipping...
[28/01/2025, 16:35:09 IST] [INFO]: I enter the passenger title Mr
[28/01/2025, 16:35:23 IST] [INFO]: I enter the passenger title Mr
[28/01/2025, 16:35:37 IST] [INFO]: I enter the passenger title Mr
[28/01/2025, 16:36:33 IST] [INFO]: I have the departure location as DXB
[28/01/2025, 16:36:33 IST] [INFO]: I have the return location CAI
[28/01/2025, 16:36:33 IST] [INFO]: I have the departure date 02-22-2025
[28/01/2025, 16:36:33 IST] [INFO]: I have the cabin class Y
[28/01/2025, 16:36:33 IST] [INFO]: I have the number of adults 3
[28/01/2025, 16:36:33 IST] [INFO]: I have the number of children 0
[28/01/2025, 16:36:33 IST] [INFO]: I have the number of infand 0
[28/01/2025, 16:36:33 IST] [INFO]: I have the direct flight option set to false
[28/01/2025, 16:36:33 IST] [INFO]: I have the baggage option set to false
[28/01/2025, 16:36:33 IST] [INFO]: I have the refundable option set to false
[28/01/2025, 16:36:33 IST] [INFO]: No airline available, skipping...
[28/01/2025, 16:38:46 IST] [INFO]: I have the departure location as DXB
[28/01/2025, 16:38:46 IST] [INFO]: I have the return location CAI
[28/01/2025, 16:38:46 IST] [INFO]: I have the departure date 02-22-2025
[28/01/2025, 16:38:46 IST] [INFO]: I have the cabin class Y
[28/01/2025, 16:38:46 IST] [INFO]: I have the number of adults 2
[28/01/2025, 16:38:46 IST] [INFO]: I have the number of children 1
[28/01/2025, 16:38:46 IST] [INFO]: I have the number of infand 0
[28/01/2025, 16:38:46 IST] [INFO]: I have the direct flight option set to false
[28/01/2025, 16:38:46 IST] [INFO]: I have the baggage option set to false
[28/01/2025, 16:38:46 IST] [INFO]: I have the refundable option set to false
[28/01/2025, 16:38:46 IST] [INFO]: No airline available, skipping...
[28/01/2025, 16:43:07 IST] [INFO]: I have the departure location as DXB
[28/01/2025, 16:43:07 IST] [INFO]: I have the return location CAI
[28/01/2025, 16:43:07 IST] [INFO]: I have the departure date 02-22-2025
[28/01/2025, 16:43:07 IST] [INFO]: I have the cabin class Y
[28/01/2025, 16:43:07 IST] [INFO]: I have the number of adults 2
[28/01/2025, 16:43:07 IST] [INFO]: I have the number of children 1
[28/01/2025, 16:43:07 IST] [INFO]: I have the number of infand 0
[28/01/2025, 16:43:07 IST] [INFO]: I have the direct flight option set to false
[28/01/2025, 16:43:08 IST] [INFO]: I have the baggage option set to false
[28/01/2025, 16:43:08 IST] [INFO]: I have the refundable option set to false
[28/01/2025, 16:43:08 IST] [INFO]: No airline available, skipping...
[28/01/2025, 16:43:39 IST] [INFO]: I enter the passenger title Mr
[28/01/2025, 16:43:58 IST] [INFO]: I enter the passenger title Mr
[28/01/2025, 16:45:01 IST] [INFO]: I have the departure location as DXB
[28/01/2025, 16:45:01 IST] [INFO]: I have the return location CAI
[28/01/2025, 16:45:01 IST] [INFO]: I have the departure date 02-22-2025
[28/01/2025, 16:45:01 IST] [INFO]: I have the cabin class Y
[28/01/2025, 16:45:01 IST] [INFO]: I have the number of adults 1
[28/01/2025, 16:45:01 IST] [INFO]: I have the number of children 1
[28/01/2025, 16:45:01 IST] [INFO]: I have the number of infand 0
[28/01/2025, 16:45:01 IST] [INFO]: I have the direct flight option set to false
[28/01/2025, 16:45:01 IST] [INFO]: I have the baggage option set to false
[28/01/2025, 16:45:01 IST] [INFO]: I have the refundable option set to false
[28/01/2025, 16:45:01 IST] [INFO]: No airline available, skipping...
[28/01/2025, 16:45:39 IST] [INFO]: I enter the passenger title Mr
[28/01/2025, 16:45:58 IST] [INFO]: I enter the passenger title Mstr
[28/01/2025, 16:47:34 IST] [INFO]: I have the departure location as DXB
[28/01/2025, 16:47:34 IST] [INFO]: I have the return location CAI
[28/01/2025, 16:47:34 IST] [INFO]: I have the departure date 02-22-2025
[28/01/2025, 16:47:34 IST] [INFO]: I have the cabin class Y
[28/01/2025, 16:47:34 IST] [INFO]: I have the number of adults 1
[28/01/2025, 16:47:34 IST] [INFO]: I have the number of children 1
[28/01/2025, 16:47:34 IST] [INFO]: I have the number of infand 0
[28/01/2025, 16:47:34 IST] [INFO]: I have the direct flight option set to false
[28/01/2025, 16:47:34 IST] [INFO]: I have the baggage option set to false
[28/01/2025, 16:47:34 IST] [INFO]: I have the refundable option set to false
[28/01/2025, 16:47:34 IST] [INFO]: No airline available, skipping...
[28/01/2025, 16:47:54 IST] [INFO]: I enter the passenger title Mr
[28/01/2025, 16:48:12 IST] [INFO]: I enter the passenger title Mstr
[28/01/2025, 16:48:59 IST] [INFO]: I have the departure location as DXB
[28/01/2025, 16:48:59 IST] [INFO]: I have the return location CAI
[28/01/2025, 16:48:59 IST] [INFO]: I have the departure date 02-22-2025
[28/01/2025, 16:48:59 IST] [INFO]: I have the cabin class Y
[28/01/2025, 16:48:59 IST] [INFO]: I have the number of adults 1
[28/01/2025, 16:48:59 IST] [INFO]: I have the number of children 1
[28/01/2025, 16:48:59 IST] [INFO]: I have the number of infand 0
[28/01/2025, 16:48:59 IST] [INFO]: I have the direct flight option set to false
[28/01/2025, 16:48:59 IST] [INFO]: I have the baggage option set to false
[28/01/2025, 16:48:59 IST] [INFO]: I have the refundable option set to false
[28/01/2025, 16:48:59 IST] [INFO]: No airline available, skipping...
[28/01/2025, 16:50:28 IST] [INFO]: I have the departure location as DXB
[28/01/2025, 16:50:28 IST] [INFO]: I have the return location CAI
[28/01/2025, 16:50:28 IST] [INFO]: I have the departure date 02-22-2025
[28/01/2025, 16:50:28 IST] [INFO]: I have the cabin class Y
[28/01/2025, 16:50:28 IST] [INFO]: I have the number of adults 1
[28/01/2025, 16:50:28 IST] [INFO]: I have the number of children 1
[28/01/2025, 16:50:28 IST] [INFO]: I have the number of infand 0
[28/01/2025, 16:50:28 IST] [INFO]: I have the direct flight option set to false
[28/01/2025, 16:50:28 IST] [INFO]: I have the baggage option set to false
[28/01/2025, 16:50:28 IST] [INFO]: I have the refundable option set to false
[28/01/2025, 16:50:28 IST] [INFO]: No airline available, skipping...
[28/01/2025, 16:50:34 IST] [INFO]: I have the departure location as DXB
[28/01/2025, 16:50:34 IST] [INFO]: I have the return location CAI
[28/01/2025, 16:50:34 IST] [INFO]: I have the departure date 02-22-2025
[28/01/2025, 16:50:34 IST] [INFO]: I have the cabin class Y
[28/01/2025, 16:50:34 IST] [INFO]: I have the number of adults 1
[28/01/2025, 16:50:34 IST] [INFO]: I have the number of children 1
[28/01/2025, 16:50:34 IST] [INFO]: I have the number of infand 0
[28/01/2025, 16:50:34 IST] [INFO]: I have the direct flight option set to false
[28/01/2025, 16:50:34 IST] [INFO]: I have the baggage option set to false
[28/01/2025, 16:50:34 IST] [INFO]: I have the refundable option set to false
[28/01/2025, 16:50:34 IST] [INFO]: No airline available, skipping...
[28/01/2025, 16:52:02 IST] [INFO]: I have the departure location as DXB
[28/01/2025, 16:52:02 IST] [INFO]: I have the return location CAI
[28/01/2025, 16:52:02 IST] [INFO]: I have the departure date 02-22-2025
[28/01/2025, 16:52:02 IST] [INFO]: I have the cabin class Y
[28/01/2025, 16:52:02 IST] [INFO]: I have the number of adults 1
[28/01/2025, 16:52:02 IST] [INFO]: I have the number of children 1
[28/01/2025, 16:52:02 IST] [INFO]: I have the number of infand 0
[28/01/2025, 16:52:02 IST] [INFO]: I have the direct flight option set to false
[28/01/2025, 16:52:02 IST] [INFO]: I have the baggage option set to false
[28/01/2025, 16:52:02 IST] [INFO]: I have the refundable option set to false
[28/01/2025, 16:52:02 IST] [INFO]: No airline available, skipping...
[28/01/2025, 16:54:20 IST] [INFO]: I have the departure location as DXB
[28/01/2025, 16:54:20 IST] [INFO]: I have the return location CAI
[28/01/2025, 16:54:20 IST] [INFO]: I have the departure date 02-22-2025
[28/01/2025, 16:54:20 IST] [INFO]: I have the cabin class Y
[28/01/2025, 16:54:20 IST] [INFO]: I have the number of adults 1
[28/01/2025, 16:54:20 IST] [INFO]: I have the number of children 1
[28/01/2025, 16:54:20 IST] [INFO]: I have the number of infand 0
[28/01/2025, 16:54:20 IST] [INFO]: I have the direct flight option set to false
[28/01/2025, 16:54:20 IST] [INFO]: I have the baggage option set to false
[28/01/2025, 16:54:20 IST] [INFO]: I have the refundable option set to false
[28/01/2025, 16:54:20 IST] [INFO]: No airline available, skipping...
[28/01/2025, 16:58:12 IST] [INFO]: I have the departure location as DXB
[28/01/2025, 16:58:12 IST] [INFO]: I have the return location CAI
[28/01/2025, 16:58:12 IST] [INFO]: I have the departure date 02-22-2025
[28/01/2025, 16:58:12 IST] [INFO]: I have the cabin class Y
[28/01/2025, 16:58:12 IST] [INFO]: I have the number of adults 1
[28/01/2025, 16:58:12 IST] [INFO]: I have the number of children 1
[28/01/2025, 16:58:12 IST] [INFO]: I have the number of infand 0
[28/01/2025, 16:58:12 IST] [INFO]: I have the direct flight option set to false
[28/01/2025, 16:58:12 IST] [INFO]: I have the baggage option set to false
[28/01/2025, 16:58:12 IST] [INFO]: I have the refundable option set to false
[28/01/2025, 16:58:12 IST] [INFO]: No airline available, skipping...
[28/01/2025, 17:00:09 IST] [INFO]: I have the departure location as DXB
[28/01/2025, 17:00:10 IST] [INFO]: I have the return location CAI
[28/01/2025, 17:00:10 IST] [INFO]: I have the departure date 02-22-2025
[28/01/2025, 17:00:10 IST] [INFO]: I have the cabin class Y
[28/01/2025, 17:00:10 IST] [INFO]: I have the number of adults 1
[28/01/2025, 17:00:10 IST] [INFO]: I have the number of children 1
[28/01/2025, 17:00:10 IST] [INFO]: I have the number of infand 0
[28/01/2025, 17:00:10 IST] [INFO]: I have the direct flight option set to false
[28/01/2025, 17:00:10 IST] [INFO]: I have the baggage option set to false
[28/01/2025, 17:00:10 IST] [INFO]: I have the refundable option set to false
[28/01/2025, 17:00:10 IST] [INFO]: No airline available, skipping...
[28/01/2025, 17:02:07 IST] [INFO]: I have the departure location as DXB
[28/01/2025, 17:02:07 IST] [INFO]: I have the return location CAI
[28/01/2025, 17:02:07 IST] [INFO]: I have the departure date 02-22-2025
[28/01/2025, 17:02:07 IST] [INFO]: I have the cabin class Y
[28/01/2025, 17:02:07 IST] [INFO]: I have the number of adults 2
[28/01/2025, 17:02:07 IST] [INFO]: I have the number of children 0
[28/01/2025, 17:02:07 IST] [INFO]: I have the number of infand 0
[28/01/2025, 17:02:07 IST] [INFO]: I have the direct flight option set to false
[28/01/2025, 17:02:07 IST] [INFO]: I have the baggage option set to false
[28/01/2025, 17:02:07 IST] [INFO]: I have the refundable option set to false
[28/01/2025, 17:02:07 IST] [INFO]: No airline available, skipping...
[28/01/2025, 17:04:00 IST] [INFO]: I have the departure location as DXB
[28/01/2025, 17:04:00 IST] [INFO]: I have the return location CAI
[28/01/2025, 17:04:00 IST] [INFO]: I have the departure date 02-22-2025
[28/01/2025, 17:04:00 IST] [INFO]: I have the cabin class Y
[28/01/2025, 17:04:00 IST] [INFO]: I have the number of adults 2
[28/01/2025, 17:04:00 IST] [INFO]: I have the number of children 0
[28/01/2025, 17:04:00 IST] [INFO]: I have the number of infand 0
[28/01/2025, 17:04:00 IST] [INFO]: I have the direct flight option set to false
[28/01/2025, 17:04:00 IST] [INFO]: I have the baggage option set to false
[28/01/2025, 17:04:00 IST] [INFO]: I have the refundable option set to false
[28/01/2025, 17:04:00 IST] [INFO]: No airline available, skipping...
[28/01/2025, 17:06:09 IST] [INFO]: I have the departure location as DXB
[28/01/2025, 17:06:09 IST] [INFO]: I have the return location CAI
[28/01/2025, 17:06:09 IST] [INFO]: I have the departure date 02-22-2025
[28/01/2025, 17:06:09 IST] [INFO]: I have the cabin class Y
[28/01/2025, 17:06:09 IST] [INFO]: I have the number of adults 2
[28/01/2025, 17:06:10 IST] [INFO]: I have the number of children 0
[28/01/2025, 17:06:10 IST] [INFO]: I have the number of infand 0
[28/01/2025, 17:06:10 IST] [INFO]: I have the direct flight option set to false
[28/01/2025, 17:06:10 IST] [INFO]: I have the baggage option set to false
[28/01/2025, 17:06:10 IST] [INFO]: I have the refundable option set to false
[28/01/2025, 17:06:10 IST] [INFO]: No airline available, skipping...
[28/01/2025, 17:08:10 IST] [INFO]: I have the departure location as DXB
[28/01/2025, 17:08:10 IST] [INFO]: I have the return location CAI
[28/01/2025, 17:08:10 IST] [INFO]: I have the departure date 02-22-2025
[28/01/2025, 17:08:10 IST] [INFO]: I have the cabin class Y
[28/01/2025, 17:08:10 IST] [INFO]: I have the number of adults 1
[28/01/2025, 17:08:10 IST] [INFO]: I have the number of children 1
[28/01/2025, 17:08:10 IST] [INFO]: I have the number of infand 0
[28/01/2025, 17:08:10 IST] [INFO]: I have the direct flight option set to false
[28/01/2025, 17:08:10 IST] [INFO]: I have the baggage option set to false
[28/01/2025, 17:08:10 IST] [INFO]: I have the refundable option set to false
[28/01/2025, 17:08:10 IST] [INFO]: No airline available, skipping...
[28/01/2025, 17:08:51 IST] [INFO]: I have the departure location as DXB
[28/01/2025, 17:08:51 IST] [INFO]: I have the return location CAI
[28/01/2025, 17:08:51 IST] [INFO]: I have the departure date 02-22-2025
[28/01/2025, 17:08:51 IST] [INFO]: I have the cabin class Y
[28/01/2025, 17:08:51 IST] [INFO]: I have the number of adults 1
[28/01/2025, 17:08:51 IST] [INFO]: I have the number of children 1
[28/01/2025, 17:08:51 IST] [INFO]: I have the number of infand 0
[28/01/2025, 17:08:51 IST] [INFO]: I have the direct flight option set to false
[28/01/2025, 17:08:51 IST] [INFO]: I have the baggage option set to false
[28/01/2025, 17:08:51 IST] [INFO]: I have the refundable option set to false
[28/01/2025, 17:08:51 IST] [INFO]: No airline available, skipping...
[28/01/2025, 17:10:12 IST] [INFO]: I have the departure location as DXB
[28/01/2025, 17:10:13 IST] [INFO]: I have the return location CAI
[28/01/2025, 17:10:13 IST] [INFO]: I have the departure date 02-22-2025
[28/01/2025, 17:10:13 IST] [INFO]: I have the cabin class Y
[28/01/2025, 17:10:13 IST] [INFO]: I have the number of adults 1
[28/01/2025, 17:10:13 IST] [INFO]: I have the number of children 1
[28/01/2025, 17:10:13 IST] [INFO]: I have the number of infand 0
[28/01/2025, 17:10:13 IST] [INFO]: I have the direct flight option set to false
[28/01/2025, 17:10:13 IST] [INFO]: I have the baggage option set to false
[28/01/2025, 17:10:13 IST] [INFO]: I have the refundable option set to false
[28/01/2025, 17:10:13 IST] [INFO]: No airline available, skipping...
[28/01/2025, 17:12:28 IST] [INFO]: I have the departure location as DXB
[28/01/2025, 17:12:28 IST] [INFO]: I have the return location CAI
[28/01/2025, 17:12:28 IST] [INFO]: I have the departure date 02-22-2025
[28/01/2025, 17:12:28 IST] [INFO]: I have the cabin class Y
[28/01/2025, 17:12:28 IST] [INFO]: I have the number of adults 1
[28/01/2025, 17:12:28 IST] [INFO]: I have the number of children 1
[28/01/2025, 17:12:28 IST] [INFO]: I have the number of infand 0
[28/01/2025, 17:12:28 IST] [INFO]: I have the direct flight option set to false
[28/01/2025, 17:12:28 IST] [INFO]: I have the baggage option set to false
[28/01/2025, 17:12:28 IST] [INFO]: I have the refundable option set to false
[28/01/2025, 17:12:28 IST] [INFO]: No airline available, skipping...
[28/01/2025, 17:12:56 IST] [INFO]: I enter the passenger title Mr
[28/01/2025, 17:13:02 IST] [INFO]: I enter the passenger title Mstr
[28/01/2025, 17:17:31 IST] [INFO]: I have the departure location as DXB
[28/01/2025, 17:17:31 IST] [INFO]: I have the return location CAI
[28/01/2025, 17:17:31 IST] [INFO]: I have the departure date 02-22-2025
[28/01/2025, 17:17:31 IST] [INFO]: I have the cabin class Y
[28/01/2025, 17:17:31 IST] [INFO]: I have the number of adults 1
[28/01/2025, 17:17:31 IST] [INFO]: I have the number of children 1
[28/01/2025, 17:17:31 IST] [INFO]: I have the number of infand 0
[28/01/2025, 17:17:31 IST] [INFO]: I have the direct flight option set to false
[28/01/2025, 17:17:31 IST] [INFO]: I have the baggage option set to false
[28/01/2025, 17:17:31 IST] [INFO]: I have the refundable option set to false
[28/01/2025, 17:17:31 IST] [INFO]: No airline available, skipping...
[28/01/2025, 17:18:00 IST] [INFO]: I enter the passenger title Mr
[28/01/2025, 17:18:04 IST] [INFO]: I have the departure location as DXB
[28/01/2025, 17:18:04 IST] [INFO]: I have the return location CAI
[28/01/2025, 17:18:04 IST] [INFO]: I have the departure date 02-22-2025
[28/01/2025, 17:18:04 IST] [INFO]: I have the cabin class Y
[28/01/2025, 17:18:04 IST] [INFO]: I have the number of adults 1
[28/01/2025, 17:18:04 IST] [INFO]: I have the number of children 1
[28/01/2025, 17:18:04 IST] [INFO]: I have the number of infand 0
[28/01/2025, 17:18:04 IST] [INFO]: I have the direct flight option set to false
[28/01/2025, 17:18:04 IST] [INFO]: I have the baggage option set to false
[28/01/2025, 17:18:04 IST] [INFO]: I have the refundable option set to false
[28/01/2025, 17:18:04 IST] [INFO]: No airline available, skipping...
[28/01/2025, 17:18:52 IST] [INFO]: I have the departure location as DXB
[28/01/2025, 17:18:52 IST] [INFO]: I have the return location CAI
[28/01/2025, 17:18:52 IST] [INFO]: I have the departure date 02-22-2025
[28/01/2025, 17:18:52 IST] [INFO]: I have the cabin class Y
[28/01/2025, 17:18:52 IST] [INFO]: I have the number of adults 1
[28/01/2025, 17:18:52 IST] [INFO]: I have the number of children 1
[28/01/2025, 17:18:52 IST] [INFO]: I have the number of infand 0
[28/01/2025, 17:18:52 IST] [INFO]: I have the direct flight option set to false
[28/01/2025, 17:18:52 IST] [INFO]: I have the baggage option set to false
[28/01/2025, 17:18:52 IST] [INFO]: I have the refundable option set to false
[28/01/2025, 17:18:52 IST] [INFO]: No airline available, skipping...
[28/01/2025, 17:19:12 IST] [INFO]: I enter the passenger title Mr
[28/01/2025, 17:19:31 IST] [INFO]: I enter the passenger title Mstr
[28/01/2025, 17:23:23 IST] [INFO]: I have the departure location as DXB
[28/01/2025, 17:23:23 IST] [INFO]: I have the return location CAI
[28/01/2025, 17:23:23 IST] [INFO]: I have the departure date 02-22-2025
[28/01/2025, 17:23:23 IST] [INFO]: I have the cabin class Y
[28/01/2025, 17:23:23 IST] [INFO]: I have the number of adults 1
[28/01/2025, 17:23:23 IST] [INFO]: I have the number of children 1
[28/01/2025, 17:23:23 IST] [INFO]: I have the number of infand 0
[28/01/2025, 17:23:23 IST] [INFO]: I have the direct flight option set to false
[28/01/2025, 17:23:23 IST] [INFO]: I have the baggage option set to false
[28/01/2025, 17:23:23 IST] [INFO]: I have the refundable option set to false
[28/01/2025, 17:23:23 IST] [INFO]: No airline available, skipping...
[28/01/2025, 17:24:57 IST] [INFO]: I have the departure location as DXB
[28/01/2025, 17:24:57 IST] [INFO]: I have the return location CAI
[28/01/2025, 17:24:57 IST] [INFO]: I have the departure date 02-22-2025
[28/01/2025, 17:24:57 IST] [INFO]: I have the cabin class Y
[28/01/2025, 17:24:57 IST] [INFO]: I have the number of adults 1
[28/01/2025, 17:24:57 IST] [INFO]: I have the number of children 1
[28/01/2025, 17:24:57 IST] [INFO]: I have the number of infand 0
[28/01/2025, 17:24:57 IST] [INFO]: I have the direct flight option set to false
[28/01/2025, 17:24:57 IST] [INFO]: I have the baggage option set to false
[28/01/2025, 17:24:57 IST] [INFO]: I have the refundable option set to false
[28/01/2025, 17:24:57 IST] [INFO]: No airline available, skipping...
[28/01/2025, 17:25:38 IST] [INFO]: I enter the passenger title Mr
[28/01/2025, 17:25:56 IST] [INFO]: I enter the passenger title Mstr
[28/01/2025, 17:28:41 IST] [INFO]: I have the departure location as DXB
[28/01/2025, 17:28:41 IST] [INFO]: I have the return location CAI
[28/01/2025, 17:28:41 IST] [INFO]: I have the departure date 02-22-2025
[28/01/2025, 17:28:41 IST] [INFO]: I have the cabin class Y
[28/01/2025, 17:28:41 IST] [INFO]: I have the number of adults 1
[28/01/2025, 17:28:41 IST] [INFO]: I have the number of children 1
[28/01/2025, 17:28:41 IST] [INFO]: I have the number of infand 0
[28/01/2025, 17:28:41 IST] [INFO]: I have the direct flight option set to false
[28/01/2025, 17:28:41 IST] [INFO]: I have the baggage option set to false
[28/01/2025, 17:28:41 IST] [INFO]: I have the refundable option set to false
[28/01/2025, 17:28:41 IST] [INFO]: No airline available, skipping...
[28/01/2025, 17:29:03 IST] [INFO]: I have the departure location as DXB
[28/01/2025, 17:29:03 IST] [INFO]: I have the return location CAI
[28/01/2025, 17:29:03 IST] [INFO]: I have the departure date 02-22-2025
[28/01/2025, 17:29:03 IST] [INFO]: I have the cabin class Y
[28/01/2025, 17:29:03 IST] [INFO]: I have the number of adults 1
[28/01/2025, 17:29:03 IST] [INFO]: I have the number of children 1
[28/01/2025, 17:29:03 IST] [INFO]: I have the number of infand 0
[28/01/2025, 17:29:03 IST] [INFO]: I have the direct flight option set to false
[28/01/2025, 17:29:03 IST] [INFO]: I have the baggage option set to false
[28/01/2025, 17:29:03 IST] [INFO]: I have the refundable option set to false
[28/01/2025, 17:29:03 IST] [INFO]: No airline available, skipping...
[28/01/2025, 17:29:23 IST] [INFO]: I enter the passenger title Mr
[28/01/2025, 17:30:47 IST] [INFO]: I have the departure location as DXB
[28/01/2025, 17:30:47 IST] [INFO]: I have the return location CAI
[28/01/2025, 17:30:47 IST] [INFO]: I have the departure date 02-22-2025
[28/01/2025, 17:30:47 IST] [INFO]: I have the cabin class Y
[28/01/2025, 17:30:47 IST] [INFO]: I have the number of adults 1
[28/01/2025, 17:30:47 IST] [INFO]: I have the number of children 1
[28/01/2025, 17:30:47 IST] [INFO]: I have the number of infand 0
[28/01/2025, 17:30:47 IST] [INFO]: I have the direct flight option set to false
[28/01/2025, 17:30:47 IST] [INFO]: I have the baggage option set to false
[28/01/2025, 17:30:47 IST] [INFO]: I have the refundable option set to false
[28/01/2025, 17:30:47 IST] [INFO]: No airline available, skipping...
[28/01/2025, 17:31:17 IST] [INFO]: I enter the passenger title Mr
[28/01/2025, 17:31:39 IST] [INFO]: I enter the passenger title Mstr
[28/01/2025, 17:32:38 IST] [INFO]: I have the departure location as DXB
[28/01/2025, 17:32:38 IST] [INFO]: I have the return location CAI
[28/01/2025, 17:32:38 IST] [INFO]: I have the departure date 02-22-2025
[28/01/2025, 17:32:38 IST] [INFO]: I have the cabin class Y
[28/01/2025, 17:32:38 IST] [INFO]: I have the number of adults 1
[28/01/2025, 17:32:38 IST] [INFO]: I have the number of children 1
[28/01/2025, 17:32:38 IST] [INFO]: I have the number of infand 0
[28/01/2025, 17:32:38 IST] [INFO]: I have the direct flight option set to false
[28/01/2025, 17:32:38 IST] [INFO]: I have the baggage option set to false
[28/01/2025, 17:32:38 IST] [INFO]: I have the refundable option set to false
[28/01/2025, 17:32:38 IST] [INFO]: No airline available, skipping...
[28/01/2025, 17:33:16 IST] [INFO]: I enter the passenger title Mr
[28/01/2025, 17:33:33 IST] [INFO]: I enter the passenger title Mstr
[28/01/2025, 17:34:55 IST] [INFO]: I have the departure location as DXB
[28/01/2025, 17:34:55 IST] [INFO]: I have the return location CAI
[28/01/2025, 17:34:55 IST] [INFO]: I have the departure date 02-22-2025
[28/01/2025, 17:34:55 IST] [INFO]: I have the cabin class Y
[28/01/2025, 17:34:55 IST] [INFO]: I have the number of adults 2
[28/01/2025, 17:34:55 IST] [INFO]: I have the number of children 1
[28/01/2025, 17:34:55 IST] [INFO]: I have the number of infand 1
[28/01/2025, 17:34:55 IST] [INFO]: I have the direct flight option set to false
[28/01/2025, 17:34:56 IST] [INFO]: I have the baggage option set to false
[28/01/2025, 17:34:56 IST] [INFO]: I have the refundable option set to false
[28/01/2025, 17:34:56 IST] [INFO]: No airline available, skipping...
[28/01/2025, 17:35:39 IST] [INFO]: I enter the passenger title Mr
[28/01/2025, 17:35:58 IST] [INFO]: I enter the passenger title Mr
[28/01/2025, 17:36:19 IST] [INFO]: I enter the passenger title Mstr
[28/01/2025, 17:36:42 IST] [INFO]: I enter the passenger title Miss
[28/01/2025, 17:39:26 IST] [INFO]: I have the departure location as DXB
[28/01/2025, 17:39:26 IST] [INFO]: I have the return location CAI
[28/01/2025, 17:39:26 IST] [INFO]: I have the departure date 02-22-2025
[28/01/2025, 17:39:26 IST] [INFO]: I have the cabin class Y
[28/01/2025, 17:39:26 IST] [INFO]: I have the number of adults 2
[28/01/2025, 17:39:26 IST] [INFO]: I have the number of children 0
[28/01/2025, 17:39:26 IST] [INFO]: I have the number of infand 0
[28/01/2025, 17:39:26 IST] [INFO]: I have the direct flight option set to false
[28/01/2025, 17:39:26 IST] [INFO]: I have the baggage option set to false
[28/01/2025, 17:39:26 IST] [INFO]: I have the refundable option set to false
[28/01/2025, 17:39:26 IST] [INFO]: No airline available, skipping...
[28/01/2025, 17:39:50 IST] [INFO]: I enter the passenger title Mr
[28/01/2025, 17:40:09 IST] [INFO]: I enter the passenger title Mr
[28/01/2025, 17:42:36 IST] [INFO]: I have the departure location as DXB
[28/01/2025, 17:42:36 IST] [INFO]: I have the return location CAI
[28/01/2025, 17:42:36 IST] [INFO]: I have the departure date 02-22-2025
[28/01/2025, 17:42:36 IST] [INFO]: I have the cabin class Y
[28/01/2025, 17:42:36 IST] [INFO]: I have the number of adults 2
[28/01/2025, 17:42:36 IST] [INFO]: I have the number of children 0
[28/01/2025, 17:42:36 IST] [INFO]: I have the number of infand 0
[28/01/2025, 17:42:36 IST] [INFO]: I have the direct flight option set to false
[28/01/2025, 17:42:36 IST] [INFO]: I have the baggage option set to false
[28/01/2025, 17:42:36 IST] [INFO]: I have the refundable option set to false
[28/01/2025, 17:42:36 IST] [INFO]: No airline available, skipping...
[28/01/2025, 17:43:04 IST] [INFO]: I enter the passenger title Mr
[28/01/2025, 17:43:22 IST] [INFO]: I enter the passenger title Mr
[28/01/2025, 17:49:05 IST] [INFO]: I have the departure location as DXB
[28/01/2025, 17:49:05 IST] [INFO]: I have the return location CAI
[28/01/2025, 17:49:05 IST] [INFO]: I have the departure date 02-22-2025
[28/01/2025, 17:49:05 IST] [INFO]: I have the cabin class Y
[28/01/2025, 17:49:05 IST] [INFO]: I have the number of adults 2
[28/01/2025, 17:49:05 IST] [INFO]: I have the number of children 0
[28/01/2025, 17:49:05 IST] [INFO]: I have the number of infand 0
[28/01/2025, 17:49:05 IST] [INFO]: I have the direct flight option set to false
[28/01/2025, 17:49:05 IST] [INFO]: I have the baggage option set to false
[28/01/2025, 17:49:05 IST] [INFO]: I have the refundable option set to false
[28/01/2025, 17:49:05 IST] [INFO]: No airline available, skipping...
[28/01/2025, 17:49:24 IST] [INFO]: I enter the passenger title Mr
[28/01/2025, 17:50:12 IST] [INFO]: I have the departure location as DXB
[28/01/2025, 17:50:12 IST] [INFO]: I have the return location CAI
[28/01/2025, 17:50:12 IST] [INFO]: I have the departure date 02-22-2025
[28/01/2025, 17:50:12 IST] [INFO]: I have the cabin class Y
[28/01/2025, 17:50:12 IST] [INFO]: I have the number of adults 2
[28/01/2025, 17:50:12 IST] [INFO]: I have the number of children 0
[28/01/2025, 17:50:12 IST] [INFO]: I have the number of infand 0
[28/01/2025, 17:50:12 IST] [INFO]: I have the direct flight option set to false
[28/01/2025, 17:50:12 IST] [INFO]: I have the baggage option set to false
[28/01/2025, 17:50:12 IST] [INFO]: I have the refundable option set to false
[28/01/2025, 17:50:12 IST] [INFO]: No airline available, skipping...
[28/01/2025, 17:50:28 IST] [INFO]: I enter the passenger title Mr
[28/01/2025, 17:51:37 IST] [INFO]: I have the departure location as DXB
[28/01/2025, 17:51:37 IST] [INFO]: I have the return location CAI
[28/01/2025, 17:51:37 IST] [INFO]: I have the departure date 02-22-2025
[28/01/2025, 17:51:37 IST] [INFO]: I have the cabin class Y
[28/01/2025, 17:51:37 IST] [INFO]: I have the number of adults 2
[28/01/2025, 17:51:37 IST] [INFO]: I have the number of children 0
[28/01/2025, 17:51:37 IST] [INFO]: I have the number of infand 0
[28/01/2025, 17:51:37 IST] [INFO]: I have the direct flight option set to false
[28/01/2025, 17:51:37 IST] [INFO]: I have the baggage option set to false
[28/01/2025, 17:51:37 IST] [INFO]: I have the refundable option set to false
[28/01/2025, 17:51:37 IST] [INFO]: No airline available, skipping...
[28/01/2025, 17:52:08 IST] [INFO]: I enter the passenger title Mr
[28/01/2025, 17:52:32 IST] [INFO]: I have the departure location as DXB
[28/01/2025, 17:52:32 IST] [INFO]: I have the return location CAI
[28/01/2025, 17:52:32 IST] [INFO]: I have the departure date 02-22-2025
[28/01/2025, 17:52:32 IST] [INFO]: I have the cabin class Y
[28/01/2025, 17:52:32 IST] [INFO]: I have the number of adults 2
[28/01/2025, 17:52:32 IST] [INFO]: I have the number of children 0
[28/01/2025, 17:52:32 IST] [INFO]: I have the number of infand 0
[28/01/2025, 17:52:32 IST] [INFO]: I have the direct flight option set to false
[28/01/2025, 17:52:32 IST] [INFO]: I have the baggage option set to false
[28/01/2025, 17:52:32 IST] [INFO]: I have the refundable option set to false
[28/01/2025, 17:52:32 IST] [INFO]: No airline available, skipping...
[28/01/2025, 17:53:05 IST] [INFO]: I enter the passenger title Mr
[28/01/2025, 17:53:24 IST] [INFO]: I enter the passenger title Mr
[28/01/2025, 17:55:01 IST] [INFO]: I have the departure location as DXB
[28/01/2025, 17:55:01 IST] [INFO]: I have the return location CAI
[28/01/2025, 17:55:01 IST] [INFO]: I have the departure date 02-22-2025
[28/01/2025, 17:55:01 IST] [INFO]: I have the cabin class Y
[28/01/2025, 17:55:01 IST] [INFO]: I have the number of adults 2
[28/01/2025, 17:55:01 IST] [INFO]: I have the number of children 0
[28/01/2025, 17:55:01 IST] [INFO]: I have the number of infand 0
[28/01/2025, 17:55:01 IST] [INFO]: I have the direct flight option set to false
[28/01/2025, 17:55:01 IST] [INFO]: I have the baggage option set to false
[28/01/2025, 17:55:01 IST] [INFO]: I have the refundable option set to false
[28/01/2025, 17:55:01 IST] [INFO]: No airline available, skipping...
[28/01/2025, 17:55:41 IST] [INFO]: I enter the passenger title Mr
[28/01/2025, 17:55:59 IST] [INFO]: I enter the passenger title Mr
[28/01/2025, 17:59:15 IST] [INFO]: I have the departure location as DXB
[28/01/2025, 17:59:15 IST] [INFO]: I have the return location CAI
[28/01/2025, 17:59:15 IST] [INFO]: I have the departure date 02-22-2025
[28/01/2025, 17:59:15 IST] [INFO]: I have the cabin class Y
[28/01/2025, 17:59:15 IST] [INFO]: I have the number of adults 2
[28/01/2025, 17:59:15 IST] [INFO]: I have the number of children 0
[28/01/2025, 17:59:15 IST] [INFO]: I have the number of infand 0
[28/01/2025, 17:59:15 IST] [INFO]: I have the direct flight option set to false
[28/01/2025, 17:59:15 IST] [INFO]: I have the baggage option set to false
[28/01/2025, 17:59:15 IST] [INFO]: I have the refundable option set to false
[28/01/2025, 17:59:15 IST] [INFO]: No airline available, skipping...
[28/01/2025, 17:59:33 IST] [INFO]: I enter the passenger title Mr
[28/01/2025, 17:59:52 IST] [INFO]: I enter the passenger title Mr
[28/01/2025, 18:01:08 IST] [INFO]: I have the departure location as DXB
[28/01/2025, 18:01:08 IST] [INFO]: I have the return location CAI
[28/01/2025, 18:01:08 IST] [INFO]: I have the departure date 02-22-2025
[28/01/2025, 18:01:08 IST] [INFO]: I have the cabin class Y
[28/01/2025, 18:01:08 IST] [INFO]: I have the number of adults 2
[28/01/2025, 18:01:08 IST] [INFO]: I have the number of children 0
[28/01/2025, 18:01:08 IST] [INFO]: I have the number of infand 0
[28/01/2025, 18:01:09 IST] [INFO]: I have the direct flight option set to false
[28/01/2025, 18:01:09 IST] [INFO]: I have the baggage option set to false
[28/01/2025, 18:01:09 IST] [INFO]: I have the refundable option set to false
[28/01/2025, 18:01:09 IST] [INFO]: No airline available, skipping...
[28/01/2025, 18:01:34 IST] [INFO]: I enter the passenger title Mr
[28/01/2025, 18:01:53 IST] [INFO]: I enter the passenger title Mr
[28/01/2025, 18:24:09 IST] [INFO]: I have the departure location as DXB
[28/01/2025, 18:24:09 IST] [INFO]: I have the return location CAI
[28/01/2025, 18:24:09 IST] [INFO]: I have the departure date 02-22-2025
[28/01/2025, 18:24:10 IST] [INFO]: I have the cabin class Y
[28/01/2025, 18:24:10 IST] [INFO]: I have the number of adults 2
[28/01/2025, 18:24:10 IST] [INFO]: I have the number of children 0
[28/01/2025, 18:24:10 IST] [INFO]: I have the number of infand 0
[28/01/2025, 18:24:10 IST] [INFO]: I have the direct flight option set to false
[28/01/2025, 18:24:10 IST] [INFO]: I have the baggage option set to false
[28/01/2025, 18:24:10 IST] [INFO]: I have the refundable option set to false
[28/01/2025, 18:24:10 IST] [INFO]: No airline available, skipping...
[28/01/2025, 18:24:20 IST] [INFO]: I have the departure location as DXB
[28/01/2025, 18:24:20 IST] [INFO]: I have the return location CAI
[28/01/2025, 18:24:20 IST] [INFO]: I have the departure date 02-22-2025
[28/01/2025, 18:24:20 IST] [INFO]: I have the cabin class Y
[28/01/2025, 18:24:20 IST] [INFO]: I have the number of adults 2
[28/01/2025, 18:24:20 IST] [INFO]: I have the number of children 0
[28/01/2025, 18:24:20 IST] [INFO]: I have the number of infand 0
[28/01/2025, 18:24:20 IST] [INFO]: I have the direct flight option set to false
[28/01/2025, 18:24:20 IST] [INFO]: I have the baggage option set to false
[28/01/2025, 18:24:20 IST] [INFO]: I have the refundable option set to false
[28/01/2025, 18:24:20 IST] [INFO]: No airline available, skipping...
[28/01/2025, 18:25:10 IST] [INFO]: I enter the passenger title Mr
[28/01/2025, 18:26:38 IST] [INFO]: I have the departure location as DXB
[28/01/2025, 18:26:38 IST] [INFO]: I have the return location CAI
[28/01/2025, 18:26:38 IST] [INFO]: I have the departure date 02-22-2025
[28/01/2025, 18:26:38 IST] [INFO]: I have the cabin class Y
[28/01/2025, 18:26:38 IST] [INFO]: I have the number of adults 2
[28/01/2025, 18:26:38 IST] [INFO]: I have the number of children 0
[28/01/2025, 18:26:38 IST] [INFO]: I have the number of infand 0
[28/01/2025, 18:26:38 IST] [INFO]: I have the direct flight option set to false
[28/01/2025, 18:26:38 IST] [INFO]: I have the baggage option set to false
[28/01/2025, 18:26:38 IST] [INFO]: I have the refundable option set to false
[28/01/2025, 18:26:38 IST] [INFO]: No airline available, skipping...
[28/01/2025, 18:26:56 IST] [INFO]: I enter the passenger title Mr
[28/01/2025, 18:28:10 IST] [INFO]: I have the departure location as DXB
[28/01/2025, 18:28:10 IST] [INFO]: I have the return location CAI
[28/01/2025, 18:28:10 IST] [INFO]: I have the departure date 02-22-2025
[28/01/2025, 18:28:10 IST] [INFO]: I have the cabin class Y
[28/01/2025, 18:28:10 IST] [INFO]: I have the number of adults 2
[28/01/2025, 18:28:10 IST] [INFO]: I have the number of children 0
[28/01/2025, 18:28:10 IST] [INFO]: I have the number of infand 0
[28/01/2025, 18:28:10 IST] [INFO]: I have the direct flight option set to false
[28/01/2025, 18:28:10 IST] [INFO]: I have the baggage option set to false
[28/01/2025, 18:28:10 IST] [INFO]: I have the refundable option set to false
[28/01/2025, 18:28:10 IST] [INFO]: No airline available, skipping...
[28/01/2025, 18:28:26 IST] [INFO]: I enter the passenger title Mr
[28/01/2025, 18:29:08 IST] [INFO]: I have the departure location as DXB
[28/01/2025, 18:29:08 IST] [INFO]: I have the return location CAI
[28/01/2025, 18:29:08 IST] [INFO]: I have the departure date 02-22-2025
[28/01/2025, 18:29:08 IST] [INFO]: I have the cabin class Y
[28/01/2025, 18:29:08 IST] [INFO]: I have the number of adults 2
[28/01/2025, 18:29:08 IST] [INFO]: I have the number of children 0
[28/01/2025, 18:29:08 IST] [INFO]: I have the number of infand 0
[28/01/2025, 18:29:08 IST] [INFO]: I have the direct flight option set to false
[28/01/2025, 18:29:08 IST] [INFO]: I have the baggage option set to false
[28/01/2025, 18:29:08 IST] [INFO]: I have the refundable option set to false
[28/01/2025, 18:29:08 IST] [INFO]: No airline available, skipping...
[28/01/2025, 18:29:23 IST] [INFO]: I enter the passenger title Mr
[28/01/2025, 18:31:24 IST] [INFO]: I have the departure location as DXB
[28/01/2025, 18:31:24 IST] [INFO]: I have the return location CAI
[28/01/2025, 18:31:24 IST] [INFO]: I have the departure date 02-22-2025
[28/01/2025, 18:31:24 IST] [INFO]: I have the cabin class Y
[28/01/2025, 18:31:24 IST] [INFO]: I have the number of adults 2
[28/01/2025, 18:31:24 IST] [INFO]: I have the number of children 0
[28/01/2025, 18:31:24 IST] [INFO]: I have the number of infand 0
[28/01/2025, 18:31:24 IST] [INFO]: I have the direct flight option set to false
[28/01/2025, 18:31:24 IST] [INFO]: I have the baggage option set to false
[28/01/2025, 18:31:24 IST] [INFO]: I have the refundable option set to false
[28/01/2025, 18:31:24 IST] [INFO]: No airline available, skipping...
[28/01/2025, 18:31:53 IST] [INFO]: I enter the passenger title Mr
[28/01/2025, 18:33:26 IST] [INFO]: I have the departure location as DXB
[28/01/2025, 18:33:26 IST] [INFO]: I have the return location CAI
[28/01/2025, 18:33:26 IST] [INFO]: I have the departure date 02-22-2025
[28/01/2025, 18:33:26 IST] [INFO]: I have the cabin class Y
[28/01/2025, 18:33:26 IST] [INFO]: I have the number of adults 2
[28/01/2025, 18:33:26 IST] [INFO]: I have the number of children 0
[28/01/2025, 18:33:26 IST] [INFO]: I have the number of infand 0
[28/01/2025, 18:33:26 IST] [INFO]: I have the direct flight option set to false
[28/01/2025, 18:33:26 IST] [INFO]: I have the baggage option set to false
[28/01/2025, 18:33:26 IST] [INFO]: I have the refundable option set to false
[28/01/2025, 18:33:26 IST] [INFO]: No airline available, skipping...
[28/01/2025, 18:33:50 IST] [INFO]: I enter the passenger title Mr
[28/01/2025, 18:34:05 IST] [INFO]: I enter the passenger title Mr
[28/01/2025, 18:34:20 IST] [INFO]: I have the departure location as DXB
[28/01/2025, 18:34:20 IST] [INFO]: I have the return location CAI
[28/01/2025, 18:34:20 IST] [INFO]: I have the departure date 02-22-2025
[28/01/2025, 18:34:20 IST] [INFO]: I have the cabin class Y
[28/01/2025, 18:34:20 IST] [INFO]: I have the number of adults 2
[28/01/2025, 18:34:20 IST] [INFO]: I have the number of children 0
[28/01/2025, 18:34:20 IST] [INFO]: I have the number of infand 0
[28/01/2025, 18:34:20 IST] [INFO]: I have the direct flight option set to false
[28/01/2025, 18:34:20 IST] [INFO]: I have the baggage option set to false
[28/01/2025, 18:34:20 IST] [INFO]: I have the refundable option set to false
[28/01/2025, 18:34:20 IST] [INFO]: No airline available, skipping...
[28/01/2025, 18:34:39 IST] [INFO]: I enter the passenger title Mr
[28/01/2025, 18:34:56 IST] [INFO]: I enter the passenger title Mr
[28/01/2025, 18:38:26 IST] [INFO]: I have the departure location as DXB
[28/01/2025, 18:38:26 IST] [INFO]: I have the return location CAI
[28/01/2025, 18:38:26 IST] [INFO]: I have the departure date 02-22-2025
[28/01/2025, 18:38:26 IST] [INFO]: I have the cabin class Y
[28/01/2025, 18:38:26 IST] [INFO]: I have the number of adults 2
[28/01/2025, 18:38:26 IST] [INFO]: I have the number of children 0
[28/01/2025, 18:38:26 IST] [INFO]: I have the number of infand 0
[28/01/2025, 18:38:27 IST] [INFO]: I have the direct flight option set to false
[28/01/2025, 18:38:27 IST] [INFO]: I have the baggage option set to false
[28/01/2025, 18:38:27 IST] [INFO]: I have the refundable option set to false
[28/01/2025, 18:38:27 IST] [INFO]: No airline available, skipping...
[28/01/2025, 18:39:45 IST] [INFO]: I have the departure location as DXB
[28/01/2025, 18:39:45 IST] [INFO]: I have the return location CAI
[28/01/2025, 18:39:45 IST] [INFO]: I have the departure date 02-22-2025
[28/01/2025, 18:39:45 IST] [INFO]: I have the cabin class Y
[28/01/2025, 18:39:45 IST] [INFO]: I have the number of adults 2
[28/01/2025, 18:39:45 IST] [INFO]: I have the number of children 0
[28/01/2025, 18:39:45 IST] [INFO]: I have the number of infand 0
[28/01/2025, 18:39:45 IST] [INFO]: I have the direct flight option set to false
[28/01/2025, 18:39:45 IST] [INFO]: I have the baggage option set to false
[28/01/2025, 18:39:45 IST] [INFO]: I have the refundable option set to false
[28/01/2025, 18:39:45 IST] [INFO]: No airline available, skipping...
[28/01/2025, 18:39:56 IST] [INFO]: I have the departure location as DXB
[28/01/2025, 18:39:56 IST] [INFO]: I have the return location CAI
[28/01/2025, 18:39:56 IST] [INFO]: I have the departure date 02-22-2025
[28/01/2025, 18:39:56 IST] [INFO]: I have the cabin class Y
[28/01/2025, 18:39:56 IST] [INFO]: I have the number of adults 2
[28/01/2025, 18:39:56 IST] [INFO]: I have the number of children 0
[28/01/2025, 18:39:56 IST] [INFO]: I have the number of infand 0
[28/01/2025, 18:39:56 IST] [INFO]: I have the direct flight option set to false
[28/01/2025, 18:39:56 IST] [INFO]: I have the baggage option set to false
[28/01/2025, 18:39:56 IST] [INFO]: I have the refundable option set to false
[28/01/2025, 18:39:56 IST] [INFO]: No airline available, skipping...
[28/01/2025, 18:40:14 IST] [INFO]: I enter the passenger title Mr
[28/01/2025, 18:49:51 IST] [INFO]: I have the departure location as DXB
[28/01/2025, 18:49:51 IST] [INFO]: I have the return location CAI
[28/01/2025, 18:49:51 IST] [INFO]: I have the departure date 02-22-2025
[28/01/2025, 18:49:51 IST] [INFO]: I have the cabin class Y
[28/01/2025, 18:49:51 IST] [INFO]: I have the number of adults 2
[28/01/2025, 18:49:51 IST] [INFO]: I have the number of children 0
[28/01/2025, 18:49:51 IST] [INFO]: I have the number of infand 0
[28/01/2025, 18:49:51 IST] [INFO]: I have the direct flight option set to false
[28/01/2025, 18:49:51 IST] [INFO]: I have the baggage option set to false
[28/01/2025, 18:49:51 IST] [INFO]: I have the refundable option set to false
[28/01/2025, 18:49:51 IST] [INFO]: No airline available, skipping...
[28/01/2025, 18:51:40 IST] [INFO]: I have the departure location as DXB
[28/01/2025, 18:51:40 IST] [INFO]: I have the return location CAI
[28/01/2025, 18:51:40 IST] [INFO]: I have the departure date 02-22-2025
[28/01/2025, 18:51:40 IST] [INFO]: I have the cabin class Y
[28/01/2025, 18:51:40 IST] [INFO]: I have the number of adults 2
[28/01/2025, 18:51:40 IST] [INFO]: I have the number of children 0
[28/01/2025, 18:51:40 IST] [INFO]: I have the number of infand 0
[28/01/2025, 18:51:40 IST] [INFO]: I have the direct flight option set to false
[28/01/2025, 18:51:40 IST] [INFO]: I have the baggage option set to false
[28/01/2025, 18:51:40 IST] [INFO]: I have the refundable option set to false
[28/01/2025, 18:51:40 IST] [INFO]: No airline available, skipping...
[28/01/2025, 18:52:10 IST] [INFO]: I enter the passenger title Mr
[28/01/2025, 18:52:28 IST] [INFO]: I enter the passenger title Mr
[28/01/2025, 18:58:23 IST] [INFO]: I have the departure location as DXB
[28/01/2025, 18:58:23 IST] [INFO]: I have the return location CAI
[28/01/2025, 18:58:23 IST] [INFO]: I have the departure date 02-22-2025
[28/01/2025, 18:58:23 IST] [INFO]: I have the cabin class Y
[28/01/2025, 18:58:23 IST] [INFO]: I have the number of adults 2
[28/01/2025, 18:58:23 IST] [INFO]: I have the number of children 0
[28/01/2025, 18:58:23 IST] [INFO]: I have the number of infand 0
[28/01/2025, 18:58:23 IST] [INFO]: I have the direct flight option set to false
[28/01/2025, 18:58:23 IST] [INFO]: I have the baggage option set to false
[28/01/2025, 18:58:23 IST] [INFO]: I have the refundable option set to false
[28/01/2025, 18:58:23 IST] [INFO]: No airline available, skipping...
[28/01/2025, 18:58:40 IST] [INFO]: I enter the passenger title Mr
[28/01/2025, 18:58:56 IST] [INFO]: I enter the passenger title Mr
[28/01/2025, 19:05:13 IST] [INFO]: I have the departure location as DXB
[28/01/2025, 19:05:13 IST] [INFO]: I have the return location CAI
[28/01/2025, 19:05:13 IST] [INFO]: I have the departure date 02-22-2025
[28/01/2025, 19:05:13 IST] [INFO]: I have the cabin class Y
[28/01/2025, 19:05:13 IST] [INFO]: I have the number of adults 2
[28/01/2025, 19:05:13 IST] [INFO]: I have the number of children 0
[28/01/2025, 19:05:13 IST] [INFO]: I have the number of infand 0
[28/01/2025, 19:05:13 IST] [INFO]: I have the direct flight option set to false
[28/01/2025, 19:05:13 IST] [INFO]: I have the baggage option set to false
[28/01/2025, 19:05:13 IST] [INFO]: I have the refundable option set to false
[28/01/2025, 19:05:13 IST] [INFO]: No airline available, skipping...
[28/01/2025, 19:05:44 IST] [INFO]: I enter the passenger title Mr
[28/01/2025, 19:06:58 IST] [INFO]: I have the departure location as DXB
[28/01/2025, 19:06:58 IST] [INFO]: I have the return location CAI
[28/01/2025, 19:06:58 IST] [INFO]: I have the departure date 02-22-2025
[28/01/2025, 19:06:58 IST] [INFO]: I have the cabin class Y
[28/01/2025, 19:06:58 IST] [INFO]: I have the number of adults 2
[28/01/2025, 19:06:58 IST] [INFO]: I have the number of children 0
[28/01/2025, 19:06:58 IST] [INFO]: I have the number of infand 0
[28/01/2025, 19:06:58 IST] [INFO]: I have the direct flight option set to false
[28/01/2025, 19:06:58 IST] [INFO]: I have the baggage option set to false
[28/01/2025, 19:06:58 IST] [INFO]: I have the refundable option set to false
[28/01/2025, 19:06:58 IST] [INFO]: No airline available, skipping...
[28/01/2025, 19:07:53 IST] [INFO]: I enter the passenger title Mr
[28/01/2025, 19:08:10 IST] [INFO]: I enter the passenger title Mr
[28/01/2025, 19:13:12 IST] [INFO]: I have the departure location as DXB
[28/01/2025, 19:13:12 IST] [INFO]: I have the return location CAI
[28/01/2025, 19:13:12 IST] [INFO]: I have the departure date 02-22-2025
[28/01/2025, 19:13:12 IST] [INFO]: I have the cabin class Y
[28/01/2025, 19:13:12 IST] [INFO]: I have the number of adults 2
[28/01/2025, 19:13:12 IST] [INFO]: I have the number of children 0
[28/01/2025, 19:13:12 IST] [INFO]: I have the number of infand 0
[28/01/2025, 19:13:12 IST] [INFO]: I have the direct flight option set to false
[28/01/2025, 19:13:12 IST] [INFO]: I have the baggage option set to false
[28/01/2025, 19:13:12 IST] [INFO]: I have the refundable option set to false
[28/01/2025, 19:13:12 IST] [INFO]: No airline available, skipping...
[28/01/2025, 19:13:35 IST] [INFO]: I enter the passenger title Mr
[28/01/2025, 19:13:51 IST] [INFO]: I enter the passenger title Mr
[28/01/2025, 19:15:29 IST] [INFO]: I have the departure location as DXB
[28/01/2025, 19:15:29 IST] [INFO]: I have the return location CAI
[28/01/2025, 19:15:29 IST] [INFO]: I have the departure date 02-22-2025
[28/01/2025, 19:15:29 IST] [INFO]: I have the cabin class Y
[28/01/2025, 19:15:29 IST] [INFO]: I have the number of adults 2
[28/01/2025, 19:15:29 IST] [INFO]: I have the number of children 0
[28/01/2025, 19:15:29 IST] [INFO]: I have the number of infand 0
[28/01/2025, 19:15:29 IST] [INFO]: I have the direct flight option set to false
[28/01/2025, 19:15:29 IST] [INFO]: I have the baggage option set to false
[28/01/2025, 19:15:29 IST] [INFO]: I have the refundable option set to false
[28/01/2025, 19:15:29 IST] [INFO]: No airline available, skipping...
[28/01/2025, 19:15:57 IST] [INFO]: I enter the passenger title Mr
[28/01/2025, 19:16:13 IST] [INFO]: I enter the passenger title Mr
[29/01/2025, 09:35:43 IST] [INFO]: I have the departure location as DXB
[29/01/2025, 09:35:43 IST] [INFO]: I have the return location CAI
[29/01/2025, 09:35:43 IST] [INFO]: I have the departure date 02-22-2025
[29/01/2025, 09:35:43 IST] [INFO]: I have the cabin class Y
[29/01/2025, 09:35:43 IST] [INFO]: I have the number of adults 2
[29/01/2025, 09:35:43 IST] [INFO]: I have the number of children 0
[29/01/2025, 09:35:43 IST] [INFO]: I have the number of infand 0
[29/01/2025, 09:35:43 IST] [INFO]: I have the direct flight option set to false
[29/01/2025, 09:35:43 IST] [INFO]: I have the baggage option set to false
[29/01/2025, 09:35:43 IST] [INFO]: I have the refundable option set to false
[29/01/2025, 09:35:43 IST] [INFO]: No airline available, skipping...
[29/01/2025, 09:37:12 IST] [INFO]: I have the departure location as DXB
[29/01/2025, 09:37:12 IST] [INFO]: I have the return location CAI
[29/01/2025, 09:37:12 IST] [INFO]: I have the departure date 02-22-2025
[29/01/2025, 09:37:12 IST] [INFO]: I have the cabin class Y
[29/01/2025, 09:37:12 IST] [INFO]: I have the number of adults 2
[29/01/2025, 09:37:12 IST] [INFO]: I have the number of children 0
[29/01/2025, 09:37:12 IST] [INFO]: I have the number of infand 0
[29/01/2025, 09:37:12 IST] [INFO]: I have the direct flight option set to false
[29/01/2025, 09:37:12 IST] [INFO]: I have the baggage option set to false
[29/01/2025, 09:37:12 IST] [INFO]: I have the refundable option set to false
[29/01/2025, 09:37:12 IST] [INFO]: No airline available, skipping...
[29/01/2025, 09:37:29 IST] [INFO]: I enter the passenger title Mr
[29/01/2025, 09:37:44 IST] [INFO]: I enter the passenger title Mr
[29/01/2025, 09:40:44 IST] [INFO]: I have the departure location as DXB
[29/01/2025, 09:40:44 IST] [INFO]: I have the return location CAI
[29/01/2025, 09:40:44 IST] [INFO]: I have the departure date 02-22-2025
[29/01/2025, 09:40:44 IST] [INFO]: I have the cabin class Y
[29/01/2025, 09:40:44 IST] [INFO]: I have the number of adults 2
[29/01/2025, 09:40:44 IST] [INFO]: I have the number of children 0
[29/01/2025, 09:40:44 IST] [INFO]: I have the number of infand 0
[29/01/2025, 09:40:44 IST] [INFO]: I have the direct flight option set to false
[29/01/2025, 09:40:44 IST] [INFO]: I have the baggage option set to false
[29/01/2025, 09:40:44 IST] [INFO]: I have the refundable option set to false
[29/01/2025, 09:40:44 IST] [INFO]: No airline available, skipping...
[29/01/2025, 09:43:32 IST] [INFO]: I have the departure location as DXB
[29/01/2025, 09:43:32 IST] [INFO]: I have the return location CAI
[29/01/2025, 09:43:32 IST] [INFO]: I have the departure date 02-22-2025
[29/01/2025, 09:43:32 IST] [INFO]: I have the cabin class Y
[29/01/2025, 09:43:32 IST] [INFO]: I have the number of adults 2
[29/01/2025, 09:43:32 IST] [INFO]: I have the number of children 0
[29/01/2025, 09:43:32 IST] [INFO]: I have the number of infand 0
[29/01/2025, 09:43:32 IST] [INFO]: I have the direct flight option set to false
[29/01/2025, 09:43:32 IST] [INFO]: I have the baggage option set to false
[29/01/2025, 09:43:32 IST] [INFO]: I have the refundable option set to false
[29/01/2025, 09:43:32 IST] [INFO]: No airline available, skipping...
[29/01/2025, 09:45:11 IST] [INFO]: I have the departure location as DXB
[29/01/2025, 09:45:11 IST] [INFO]: I have the return location CAI
[29/01/2025, 09:45:11 IST] [INFO]: I have the departure date 02-22-2025
[29/01/2025, 09:45:11 IST] [INFO]: I have the cabin class Y
[29/01/2025, 09:45:11 IST] [INFO]: I have the number of adults 2
[29/01/2025, 09:45:11 IST] [INFO]: I have the number of children 0
[29/01/2025, 09:45:11 IST] [INFO]: I have the number of infand 0
[29/01/2025, 09:45:11 IST] [INFO]: I have the direct flight option set to false
[29/01/2025, 09:45:11 IST] [INFO]: I have the baggage option set to false
[29/01/2025, 09:45:11 IST] [INFO]: I have the refundable option set to false
[29/01/2025, 09:45:11 IST] [INFO]: No airline available, skipping...
[29/01/2025, 09:49:04 IST] [INFO]: I have the departure location as DXB
[29/01/2025, 09:49:04 IST] [INFO]: I have the return location CAI
[29/01/2025, 09:49:04 IST] [INFO]: I have the departure date 02-22-2025
[29/01/2025, 09:49:04 IST] [INFO]: I have the cabin class Y
[29/01/2025, 09:49:04 IST] [INFO]: I have the number of adults 2
[29/01/2025, 09:49:04 IST] [INFO]: I have the number of children 0
[29/01/2025, 09:49:04 IST] [INFO]: I have the number of infand 0
[29/01/2025, 09:49:04 IST] [INFO]: I have the direct flight option set to false
[29/01/2025, 09:49:04 IST] [INFO]: I have the baggage option set to false
[29/01/2025, 09:49:04 IST] [INFO]: I have the refundable option set to false
[29/01/2025, 09:49:04 IST] [INFO]: No airline available, skipping...
[29/01/2025, 09:49:57 IST] [INFO]: I enter the passenger title Mr
[29/01/2025, 09:50:17 IST] [INFO]: I enter the passenger title Mr
[29/01/2025, 09:51:38 IST] [INFO]: I have the departure location as DXB
[29/01/2025, 09:51:38 IST] [INFO]: I have the return location CAI
[29/01/2025, 09:51:38 IST] [INFO]: I have the departure date 02-22-2025
[29/01/2025, 09:51:38 IST] [INFO]: I have the cabin class Y
[29/01/2025, 09:51:38 IST] [INFO]: I have the number of adults 2
[29/01/2025, 09:51:38 IST] [INFO]: I have the number of children 0
[29/01/2025, 09:51:38 IST] [INFO]: I have the number of infand 0
[29/01/2025, 09:51:38 IST] [INFO]: I have the direct flight option set to false
[29/01/2025, 09:51:38 IST] [INFO]: I have the baggage option set to false
[29/01/2025, 09:51:38 IST] [INFO]: I have the refundable option set to false
[29/01/2025, 09:51:38 IST] [INFO]: No airline available, skipping...
[29/01/2025, 09:52:18 IST] [INFO]: I have the departure location as DXB
[29/01/2025, 09:52:18 IST] [INFO]: I have the return location CAI
[29/01/2025, 09:52:18 IST] [INFO]: I have the departure date 02-22-2025
[29/01/2025, 09:52:18 IST] [INFO]: I have the cabin class Y
[29/01/2025, 09:52:18 IST] [INFO]: I have the number of adults 2
[29/01/2025, 09:52:18 IST] [INFO]: I have the number of children 0
[29/01/2025, 09:52:18 IST] [INFO]: I have the number of infand 0
[29/01/2025, 09:52:18 IST] [INFO]: I have the direct flight option set to false
[29/01/2025, 09:52:18 IST] [INFO]: I have the baggage option set to false
[29/01/2025, 09:52:18 IST] [INFO]: I have the refundable option set to false
[29/01/2025, 09:52:18 IST] [INFO]: No airline available, skipping...
[29/01/2025, 09:53:10 IST] [INFO]: I enter the passenger title Mr
[29/01/2025, 09:53:30 IST] [INFO]: I enter the passenger title Mr
[29/01/2025, 09:55:20 IST] [INFO]: Ticket Booking Status - ${bookingStatus}
[29/01/2025, 10:04:05 IST] [INFO]: I have the departure location as DXB
[29/01/2025, 10:04:05 IST] [INFO]: I have the return location CAI
[29/01/2025, 10:04:05 IST] [INFO]: I have the departure date 02-22-2025
[29/01/2025, 10:04:05 IST] [INFO]: I have the cabin class Y
[29/01/2025, 10:04:05 IST] [INFO]: I have the number of adults 2
[29/01/2025, 10:04:05 IST] [INFO]: I have the number of children 0
[29/01/2025, 10:04:05 IST] [INFO]: I have the number of infand 0
[29/01/2025, 10:04:05 IST] [INFO]: I have the direct flight option set to false
[29/01/2025, 10:04:05 IST] [INFO]: I have the baggage option set to false
[29/01/2025, 10:04:05 IST] [INFO]: I have the refundable option set to false
[29/01/2025, 10:04:05 IST] [INFO]: No airline available, skipping...
[29/01/2025, 10:04:10 IST] [INFO]: I have the departure location as DXB
[29/01/2025, 10:04:10 IST] [INFO]: I have the return location CAI
[29/01/2025, 10:04:10 IST] [INFO]: I have the departure date 02-22-2025
[29/01/2025, 10:04:10 IST] [INFO]: I have the cabin class Y
[29/01/2025, 10:04:10 IST] [INFO]: I have the number of adults 2
[29/01/2025, 10:04:10 IST] [INFO]: I have the number of children 0
[29/01/2025, 10:04:10 IST] [INFO]: I have the number of infand 0
[29/01/2025, 10:04:10 IST] [INFO]: I have the direct flight option set to false
[29/01/2025, 10:04:10 IST] [INFO]: I have the baggage option set to false
[29/01/2025, 10:04:10 IST] [INFO]: I have the refundable option set to false
[29/01/2025, 10:04:10 IST] [INFO]: No airline available, skipping...
[29/01/2025, 10:05:18 IST] [INFO]: I enter the passenger title Mr
[29/01/2025, 10:06:15 IST] [INFO]: I have the departure location as DXB
[29/01/2025, 10:06:15 IST] [INFO]: I have the return location CAI
[29/01/2025, 10:06:15 IST] [INFO]: I have the departure date 02-22-2025
[29/01/2025, 10:06:15 IST] [INFO]: I have the cabin class Y
[29/01/2025, 10:06:15 IST] [INFO]: I have the number of adults 2
[29/01/2025, 10:06:15 IST] [INFO]: I have the number of children 0
[29/01/2025, 10:06:15 IST] [INFO]: I have the number of infand 0
[29/01/2025, 10:06:15 IST] [INFO]: I have the direct flight option set to false
[29/01/2025, 10:06:15 IST] [INFO]: I have the baggage option set to false
[29/01/2025, 10:06:15 IST] [INFO]: I have the refundable option set to false
[29/01/2025, 10:06:15 IST] [INFO]: No airline available, skipping...
[29/01/2025, 10:12:42 IST] [INFO]: No airline available, skipping...
[29/01/2025, 10:12:48 IST] [INFO]: No airline available, skipping...
[29/01/2025, 10:14:19 IST] [INFO]: I enter the passenger title Mr
[29/01/2025, 10:15:46 IST] [INFO]: No airline available, skipping...
[29/01/2025, 10:16:50 IST] [INFO]: No airline available, skipping...
[29/01/2025, 10:18:11 IST] [INFO]: I enter the passenger title Mr
[29/01/2025, 10:19:39 IST] [INFO]: No airline available, skipping...
[29/01/2025, 10:19:57 IST] [INFO]: I enter the passenger title Mr
[29/01/2025, 10:21:40 IST] [INFO]: Ticket Booking Status - ${bookingStatus}
[29/01/2025, 10:45:44 IST] [INFO]: No airline available, skipping...
[29/01/2025, 10:46:28 IST] [INFO]: I enter the passenger title Mr
[29/01/2025, 10:48:20 IST] [INFO]: Ticket Booking Status - ${bookingStatus}
[29/01/2025, 10:49:17 IST] [INFO]: No airline available, skipping...
[29/01/2025, 10:49:42 IST] [INFO]: I enter the passenger title Mr
[29/01/2025, 10:49:59 IST] [INFO]: No airline available, skipping...
[29/01/2025, 10:50:25 IST] [INFO]: I enter the passenger title Mr
[29/01/2025, 10:50:46 IST] [INFO]: I enter the passenger title Mr
[29/01/2025, 10:52:34 IST] [INFO]: No airline available, skipping...
[29/01/2025, 10:53:13 IST] [INFO]: I enter the passenger title Mr
[29/01/2025, 10:53:50 IST] [INFO]: No airline available, skipping...
[29/01/2025, 10:54:18 IST] [INFO]: I enter the passenger title Mr
[29/01/2025, 10:55:17 IST] [INFO]: No airline available, skipping...
[29/01/2025, 10:55:48 IST] [INFO]: I enter the passenger title Mr
[29/01/2025, 10:56:06 IST] [INFO]: I enter the passenger title Mr
[29/01/2025, 10:57:36 IST] [INFO]: No airline available, skipping...
[29/01/2025, 10:58:05 IST] [INFO]: I enter the passenger title Mr
[29/01/2025, 10:58:35 IST] [INFO]: I enter the passenger title Mr
[29/01/2025, 11:01:05 IST] [INFO]: Ticket Booking Status - ${bookingStatus}
[29/01/2025, 11:04:22 IST] [INFO]: I have the departure location as DXB
[29/01/2025, 11:04:22 IST] [INFO]: I have the return location LON
[29/01/2025, 11:04:22 IST] [INFO]: I have the departure date 02-22-2025
[29/01/2025, 11:04:22 IST] [INFO]: I have the cabin class Y
[29/01/2025, 11:04:22 IST] [INFO]: I have the number of adults 2
[29/01/2025, 11:04:22 IST] [INFO]: I have the number of children 0
[29/01/2025, 11:04:22 IST] [INFO]: I have the number of infand 0
[29/01/2025, 11:04:22 IST] [INFO]: I have the direct flight option set to false
[29/01/2025, 11:04:22 IST] [INFO]: I have the baggage option set to false
[29/01/2025, 11:04:22 IST] [INFO]: I have the refundable option set to false
[29/01/2025, 11:04:22 IST] [INFO]: No airline available, skipping...
[29/01/2025, 11:04:29 IST] [INFO]: I have the departure location as DXB
[29/01/2025, 11:04:29 IST] [INFO]: I have the return location LON
[29/01/2025, 11:04:29 IST] [INFO]: I have the departure date 02-22-2025
[29/01/2025, 11:04:29 IST] [INFO]: I have the cabin class Y
[29/01/2025, 11:04:29 IST] [INFO]: I have the number of adults 2
[29/01/2025, 11:04:29 IST] [INFO]: I have the number of children 0
[29/01/2025, 11:04:29 IST] [INFO]: I have the number of infand 0
[29/01/2025, 11:04:29 IST] [INFO]: I have the direct flight option set to false
[29/01/2025, 11:04:29 IST] [INFO]: I have the baggage option set to false
[29/01/2025, 11:04:29 IST] [INFO]: I have the refundable option set to false
[29/01/2025, 11:04:29 IST] [INFO]: No airline available, skipping...
[29/01/2025, 11:05:29 IST] [INFO]: No airline available, skipping...
[29/01/2025, 11:11:06 IST] [INFO]: I have the departure location as DXB
[29/01/2025, 11:11:06 IST] [INFO]: I have the return location LON
[29/01/2025, 11:11:06 IST] [INFO]: I have the departure date 02-22-2025
[29/01/2025, 11:11:06 IST] [INFO]: I have the cabin class Y
[29/01/2025, 11:11:06 IST] [INFO]: I have the number of adults 2
[29/01/2025, 11:11:06 IST] [INFO]: I have the number of children 0
[29/01/2025, 11:11:06 IST] [INFO]: I have the number of infand 0
[29/01/2025, 11:11:06 IST] [INFO]: I have the direct flight option set to false
[29/01/2025, 11:11:06 IST] [INFO]: I have the baggage option set to false
[29/01/2025, 11:11:06 IST] [INFO]: I have the refundable option set to false
[29/01/2025, 11:11:06 IST] [INFO]: No airline available, skipping...
[29/01/2025, 11:11:12 IST] [INFO]: I have the departure location as DXB
[29/01/2025, 11:11:12 IST] [INFO]: I have the return location LON
[29/01/2025, 11:11:12 IST] [INFO]: I have the departure date 02-22-2025
[29/01/2025, 11:11:12 IST] [INFO]: I have the cabin class Y
[29/01/2025, 11:11:12 IST] [INFO]: I have the number of adults 2
[29/01/2025, 11:11:12 IST] [INFO]: I have the number of children 0
[29/01/2025, 11:11:12 IST] [INFO]: I have the number of infand 0
[29/01/2025, 11:11:12 IST] [INFO]: I have the direct flight option set to false
[29/01/2025, 11:11:12 IST] [INFO]: I have the baggage option set to false
[29/01/2025, 11:11:12 IST] [INFO]: I have the refundable option set to false
[29/01/2025, 11:11:12 IST] [INFO]: No airline available, skipping...
[29/01/2025, 11:12:29 IST] [INFO]: No airline available, skipping...
[29/01/2025, 11:13:01 IST] [INFO]: I enter the passenger title Mr
[29/01/2025, 11:13:42 IST] [INFO]: I enter the passenger title Mr
[29/01/2025, 11:13:49 IST] [INFO]: I have the departure location as DXB
[29/01/2025, 11:13:49 IST] [INFO]: I have the return location LON
[29/01/2025, 11:13:49 IST] [INFO]: I have the departure date 02-22-2025
[29/01/2025, 11:13:49 IST] [INFO]: I have the cabin class Y
[29/01/2025, 11:13:49 IST] [INFO]: I have the number of adults 2
[29/01/2025, 11:13:49 IST] [INFO]: I have the number of children 0
[29/01/2025, 11:13:49 IST] [INFO]: I have the number of infand 0
[29/01/2025, 11:13:49 IST] [INFO]: I have the direct flight option set to false
[29/01/2025, 11:13:49 IST] [INFO]: I have the baggage option set to false
[29/01/2025, 11:13:49 IST] [INFO]: I have the refundable option set to false
[29/01/2025, 11:13:49 IST] [INFO]: No airline available, skipping...
[29/01/2025, 11:14:33 IST] [INFO]: I enter the passenger title Mr
[29/01/2025, 11:15:08 IST] [INFO]: I enter the passenger title Mr
[29/01/2025, 11:17:43 IST] [INFO]: Ticket Booking Status - ${bookingStatus}
[29/01/2025, 11:17:50 IST] [INFO]: No airline available, skipping...
[29/01/2025, 11:18:14 IST] [INFO]: I enter the passenger title Mr
[29/01/2025, 11:18:39 IST] [INFO]: I enter the passenger title Mr
[29/01/2025, 11:27:28 IST] [INFO]: I have the departure location as DXB
[29/01/2025, 11:27:28 IST] [INFO]: I have the return location LON
[29/01/2025, 11:27:28 IST] [INFO]: I have the departure date 02-22-2025
[29/01/2025, 11:27:28 IST] [INFO]: I have the cabin class Y
[29/01/2025, 11:27:28 IST] [INFO]: I have the number of adults 2
[29/01/2025, 11:27:28 IST] [INFO]: I have the number of children 0
[29/01/2025, 11:27:28 IST] [INFO]: I have the number of infand 0
[29/01/2025, 11:27:28 IST] [INFO]: I have the direct flight option set to false
[29/01/2025, 11:27:28 IST] [INFO]: I have the baggage option set to false
[29/01/2025, 11:27:28 IST] [INFO]: I have the refundable option set to false
[29/01/2025, 11:27:28 IST] [INFO]: No airline available, skipping...
[29/01/2025, 11:28:08 IST] [INFO]: No airline available, skipping...
[29/01/2025, 11:28:24 IST] [INFO]: I have the departure location as DXB
[29/01/2025, 11:28:24 IST] [INFO]: I have the return location LON
[29/01/2025, 11:28:24 IST] [INFO]: I have the departure date 02-22-2025
[29/01/2025, 11:28:24 IST] [INFO]: I have the cabin class Y
[29/01/2025, 11:28:24 IST] [INFO]: I have the number of adults 2
[29/01/2025, 11:28:24 IST] [INFO]: I have the number of children 0
[29/01/2025, 11:28:24 IST] [INFO]: I have the number of infand 0
[29/01/2025, 11:28:24 IST] [INFO]: I have the direct flight option set to false
[29/01/2025, 11:28:24 IST] [INFO]: I have the baggage option set to false
[29/01/2025, 11:28:24 IST] [INFO]: I have the refundable option set to false
[29/01/2025, 11:28:24 IST] [INFO]: No airline available, skipping...
[29/01/2025, 11:28:57 IST] [INFO]: I have the departure location as DXB
[29/01/2025, 11:28:57 IST] [INFO]: I have the return location LON
[29/01/2025, 11:28:57 IST] [INFO]: I have the departure date 02-22-2025
[29/01/2025, 11:28:57 IST] [INFO]: I have the cabin class Y
[29/01/2025, 11:28:57 IST] [INFO]: I have the number of adults 2
[29/01/2025, 11:28:57 IST] [INFO]: I have the number of children 0
[29/01/2025, 11:28:57 IST] [INFO]: I have the number of infand 0
[29/01/2025, 11:28:57 IST] [INFO]: I have the direct flight option set to false
[29/01/2025, 11:28:57 IST] [INFO]: I have the baggage option set to false
[29/01/2025, 11:28:57 IST] [INFO]: I have the refundable option set to false
[29/01/2025, 11:28:57 IST] [INFO]: No airline available, skipping...
[29/01/2025, 11:29:18 IST] [INFO]: No airline available, skipping...
[29/01/2025, 11:31:16 IST] [INFO]: I have the departure location as DXB
[29/01/2025, 11:31:16 IST] [INFO]: I have the return location LON
[29/01/2025, 11:31:16 IST] [INFO]: I have the departure date 02-22-2025
[29/01/2025, 11:31:16 IST] [INFO]: I have the cabin class Y
[29/01/2025, 11:31:16 IST] [INFO]: I have the number of adults 2
[29/01/2025, 11:31:16 IST] [INFO]: I have the number of children 0
[29/01/2025, 11:31:16 IST] [INFO]: I have the number of infand 0
[29/01/2025, 11:31:16 IST] [INFO]: I have the direct flight option set to false
[29/01/2025, 11:31:17 IST] [INFO]: I have the baggage option set to false
[29/01/2025, 11:31:17 IST] [INFO]: I have the refundable option set to false
[29/01/2025, 11:31:17 IST] [INFO]: No airline available, skipping...
[29/01/2025, 11:31:52 IST] [INFO]: No airline available, skipping...
[29/01/2025, 11:32:16 IST] [INFO]: I have the departure location as DXB
[29/01/2025, 11:32:16 IST] [INFO]: I have the return location LON
[29/01/2025, 11:32:16 IST] [INFO]: I have the departure date 02-22-2025
[29/01/2025, 11:32:16 IST] [INFO]: I have the cabin class Y
[29/01/2025, 11:32:16 IST] [INFO]: I have the number of adults 2
[29/01/2025, 11:32:16 IST] [INFO]: I have the number of children 0
[29/01/2025, 11:32:16 IST] [INFO]: I have the number of infand 0
[29/01/2025, 11:32:16 IST] [INFO]: I have the direct flight option set to false
[29/01/2025, 11:32:16 IST] [INFO]: I have the baggage option set to false
[29/01/2025, 11:32:16 IST] [INFO]: I have the refundable option set to false
[29/01/2025, 11:32:16 IST] [INFO]: No airline available, skipping...
[29/01/2025, 11:32:58 IST] [INFO]: No airline available, skipping...
[29/01/2025, 11:33:03 IST] [INFO]: I have the departure location as DXB
[29/01/2025, 11:33:03 IST] [INFO]: I have the return location LON
[29/01/2025, 11:33:03 IST] [INFO]: I have the departure date 02-22-2025
[29/01/2025, 11:33:03 IST] [INFO]: I have the cabin class Y
[29/01/2025, 11:33:03 IST] [INFO]: I have the number of adults 2
[29/01/2025, 11:33:04 IST] [INFO]: I have the number of children 0
[29/01/2025, 11:33:04 IST] [INFO]: I have the number of infand 0
[29/01/2025, 11:33:04 IST] [INFO]: I have the direct flight option set to false
[29/01/2025, 11:33:04 IST] [INFO]: I have the baggage option set to false
[29/01/2025, 11:33:04 IST] [INFO]: I have the refundable option set to false
[29/01/2025, 11:33:04 IST] [INFO]: No airline available, skipping...
[29/01/2025, 11:33:55 IST] [INFO]: I have the departure location as DXB
[29/01/2025, 11:33:55 IST] [INFO]: I have the return location CAI
[29/01/2025, 11:33:55 IST] [INFO]: I have the departure date 02-22-2025
[29/01/2025, 11:33:55 IST] [INFO]: I have the cabin class Y
[29/01/2025, 11:33:55 IST] [INFO]: I have the number of adults 2
[29/01/2025, 11:33:55 IST] [INFO]: I have the number of children 0
[29/01/2025, 11:33:55 IST] [INFO]: I have the number of infand 0
[29/01/2025, 11:33:55 IST] [INFO]: I have the direct flight option set to false
[29/01/2025, 11:33:55 IST] [INFO]: I have the baggage option set to false
[29/01/2025, 11:33:55 IST] [INFO]: I have the refundable option set to false
[29/01/2025, 11:33:55 IST] [INFO]: No airline available, skipping...
[29/01/2025, 11:34:49 IST] [INFO]: I enter the passenger title Mr
[29/01/2025, 11:35:25 IST] [INFO]: I enter the passenger title Mr
[29/01/2025, 11:38:16 IST] [INFO]: I have the departure location as DXB
[29/01/2025, 11:38:16 IST] [INFO]: I have the return location CAI
[29/01/2025, 11:38:16 IST] [INFO]: I have the departure date 02-22-2025
[29/01/2025, 11:38:16 IST] [INFO]: I have the cabin class Y
[29/01/2025, 11:38:16 IST] [INFO]: I have the number of adults 2
[29/01/2025, 11:38:17 IST] [INFO]: I have the number of children 0
[29/01/2025, 11:38:17 IST] [INFO]: I have the number of infand 0
[29/01/2025, 11:38:17 IST] [INFO]: I have the direct flight option set to false
[29/01/2025, 11:38:17 IST] [INFO]: I have the baggage option set to false
[29/01/2025, 11:38:17 IST] [INFO]: I have the refundable option set to false
[29/01/2025, 11:38:17 IST] [INFO]: No airline available, skipping...
[29/01/2025, 11:38:41 IST] [INFO]: I have the departure location as DXB
[29/01/2025, 11:38:41 IST] [INFO]: I have the return location CAI
[29/01/2025, 11:38:41 IST] [INFO]: I have the departure date 02-22-2025
[29/01/2025, 11:38:41 IST] [INFO]: I have the cabin class Y
[29/01/2025, 11:38:41 IST] [INFO]: I have the number of adults 2
[29/01/2025, 11:38:41 IST] [INFO]: I have the number of children 0
[29/01/2025, 11:38:41 IST] [INFO]: I have the number of infand 0
[29/01/2025, 11:38:41 IST] [INFO]: I have the direct flight option set to false
[29/01/2025, 11:38:41 IST] [INFO]: I have the baggage option set to false
[29/01/2025, 11:38:41 IST] [INFO]: I have the refundable option set to false
[29/01/2025, 11:38:41 IST] [INFO]: No airline available, skipping...
[29/01/2025, 11:39:19 IST] [INFO]: I enter the passenger title Mr
[29/01/2025, 11:39:53 IST] [INFO]: I enter the passenger title Mr
[29/01/2025, 11:42:48 IST] [INFO]: Ticket Booking Status - ${bookingStatus}
[29/01/2025, 11:42:53 IST] [INFO]: No airline available, skipping...
[29/01/2025, 11:43:21 IST] [INFO]: I enter the passenger title Mr
[29/01/2025, 11:43:49 IST] [INFO]: I enter the passenger title Mr
[29/01/2025, 11:45:36 IST] [INFO]: I have the departure location as DXB
[29/01/2025, 11:45:36 IST] [INFO]: I have the return location CAI
[29/01/2025, 11:45:36 IST] [INFO]: I have the departure date 02-22-2025
[29/01/2025, 11:45:36 IST] [INFO]: I have the cabin class Y
[29/01/2025, 11:45:36 IST] [INFO]: I have the number of adults 2
[29/01/2025, 11:45:36 IST] [INFO]: I have the number of children 0
[29/01/2025, 11:45:36 IST] [INFO]: I have the number of infand 0
[29/01/2025, 11:45:36 IST] [INFO]: I have the direct flight option set to false
[29/01/2025, 11:45:36 IST] [INFO]: I have the baggage option set to false
[29/01/2025, 11:45:36 IST] [INFO]: I have the refundable option set to false
[29/01/2025, 11:45:36 IST] [INFO]: No airline available, skipping...
[29/01/2025, 11:46:03 IST] [INFO]: No airline available, skipping...
[29/01/2025, 11:47:03 IST] [INFO]: I have the departure location as DXB
[29/01/2025, 11:47:03 IST] [INFO]: I have the return location CAI
[29/01/2025, 11:47:03 IST] [INFO]: I have the departure date 02-22-2025
[29/01/2025, 11:47:03 IST] [INFO]: I have the cabin class Y
[29/01/2025, 11:47:03 IST] [INFO]: I have the number of adults 2
[29/01/2025, 11:47:03 IST] [INFO]: I have the number of children 0
[29/01/2025, 11:47:03 IST] [INFO]: I have the number of infand 0
[29/01/2025, 11:47:03 IST] [INFO]: I have the direct flight option set to false
[29/01/2025, 11:47:03 IST] [INFO]: I have the baggage option set to false
[29/01/2025, 11:47:03 IST] [INFO]: I have the refundable option set to false
[29/01/2025, 11:47:03 IST] [INFO]: No airline available, skipping...
[29/01/2025, 11:47:11 IST] [INFO]: I have the departure location as DXB
[29/01/2025, 11:47:11 IST] [INFO]: I have the return location CAI
[29/01/2025, 11:47:11 IST] [INFO]: I have the departure date 02-22-2025
[29/01/2025, 11:47:11 IST] [INFO]: I have the cabin class Y
[29/01/2025, 11:47:11 IST] [INFO]: I have the number of adults 2
[29/01/2025, 11:47:11 IST] [INFO]: I have the number of children 0
[29/01/2025, 11:47:11 IST] [INFO]: I have the number of infand 0
[29/01/2025, 11:47:11 IST] [INFO]: I have the direct flight option set to false
[29/01/2025, 11:47:11 IST] [INFO]: I have the baggage option set to false
[29/01/2025, 11:47:11 IST] [INFO]: I have the refundable option set to false
[29/01/2025, 11:47:11 IST] [INFO]: No airline available, skipping...
[29/01/2025, 11:47:54 IST] [INFO]: No airline available, skipping...
[29/01/2025, 12:06:12 IST] [INFO]: I have the departure location as DXB
[29/01/2025, 12:06:12 IST] [INFO]: I have the return location CAI
[29/01/2025, 12:06:12 IST] [INFO]: I have the departure date 02-22-2025
[29/01/2025, 12:06:12 IST] [INFO]: I have the cabin class Y
[29/01/2025, 12:06:12 IST] [INFO]: I have the number of adults 2
[29/01/2025, 12:06:12 IST] [INFO]: I have the number of children 0
[29/01/2025, 12:06:12 IST] [INFO]: I have the number of infand 0
[29/01/2025, 12:06:12 IST] [INFO]: I have the direct flight option set to false
[29/01/2025, 12:06:12 IST] [INFO]: I have the baggage option set to false
[29/01/2025, 12:06:12 IST] [INFO]: I have the refundable option set to false
[29/01/2025, 12:06:12 IST] [INFO]: No airline available, skipping...
[29/01/2025, 12:07:09 IST] [INFO]: No airline available, skipping...
[29/01/2025, 12:07:29 IST] [INFO]: I enter the passenger title Mr
[29/01/2025, 12:07:52 IST] [INFO]: I enter the passenger title Mr
[29/01/2025, 12:10:34 IST] [INFO]: Ticket Booking Status - ${bookingStatus}
[29/01/2025, 12:28:13 IST] [INFO]: I have the departure location as DXB
[29/01/2025, 12:28:13 IST] [INFO]: I have the return location CAI
[29/01/2025, 12:28:13 IST] [INFO]: I have the departure date 02-22-2025
[29/01/2025, 12:28:13 IST] [INFO]: I have the cabin class Y
[29/01/2025, 12:28:13 IST] [INFO]: I have the number of adults 1
[29/01/2025, 12:28:13 IST] [INFO]: I have the number of children 1
[29/01/2025, 12:28:13 IST] [INFO]: I have the number of infand 0
[29/01/2025, 12:28:13 IST] [INFO]: I have the direct flight option set to false
[29/01/2025, 12:28:13 IST] [INFO]: I have the baggage option set to false
[29/01/2025, 12:28:13 IST] [INFO]: I have the refundable option set to false
[29/01/2025, 12:28:14 IST] [INFO]: No airline available, skipping...
[29/01/2025, 12:28:30 IST] [INFO]: No airline available, skipping...
[29/01/2025, 12:28:42 IST] [INFO]: I have the departure location as DXB
[29/01/2025, 12:28:42 IST] [INFO]: I have the return location CAI
[29/01/2025, 12:28:42 IST] [INFO]: I have the departure date 02-22-2025
[29/01/2025, 12:28:42 IST] [INFO]: I have the cabin class Y
[29/01/2025, 12:28:42 IST] [INFO]: I have the number of adults 1
[29/01/2025, 12:28:42 IST] [INFO]: I have the number of children 1
[29/01/2025, 12:28:42 IST] [INFO]: I have the number of infand 0
[29/01/2025, 12:28:42 IST] [INFO]: I have the direct flight option set to false
[29/01/2025, 12:28:42 IST] [INFO]: I have the baggage option set to false
[29/01/2025, 12:28:42 IST] [INFO]: I have the refundable option set to false
[29/01/2025, 12:28:42 IST] [INFO]: No airline available, skipping...
[29/01/2025, 12:29:02 IST] [INFO]: I have the departure location as DXB
[29/01/2025, 12:29:02 IST] [INFO]: I have the return location CAI
[29/01/2025, 12:29:02 IST] [INFO]: I have the departure date 02-22-2025
[29/01/2025, 12:29:02 IST] [INFO]: I have the cabin class Y
[29/01/2025, 12:29:02 IST] [INFO]: I have the number of adults 1
[29/01/2025, 12:29:02 IST] [INFO]: I have the number of children 1
[29/01/2025, 12:29:02 IST] [INFO]: I have the number of infand 0
[29/01/2025, 12:29:02 IST] [INFO]: I have the direct flight option set to false
[29/01/2025, 12:29:02 IST] [INFO]: I have the baggage option set to false
[29/01/2025, 12:29:04 IST] [INFO]: I have the refundable option set to false
[29/01/2025, 12:29:04 IST] [INFO]: No airline available, skipping...
[29/01/2025, 12:29:28 IST] [INFO]: I enter the passenger title Mr
[29/01/2025, 12:29:55 IST] [INFO]: I have the departure location as DXB
[29/01/2025, 12:29:55 IST] [INFO]: I have the return location CAI
[29/01/2025, 12:29:55 IST] [INFO]: I have the departure date 02-22-2025
[29/01/2025, 12:29:55 IST] [INFO]: I have the cabin class Y
[29/01/2025, 12:29:55 IST] [INFO]: I have the number of adults 1
[29/01/2025, 12:29:55 IST] [INFO]: I have the number of children 1
[29/01/2025, 12:29:55 IST] [INFO]: I have the number of infand 0
[29/01/2025, 12:29:55 IST] [INFO]: I have the direct flight option set to false
[29/01/2025, 12:29:55 IST] [INFO]: I have the baggage option set to false
[29/01/2025, 12:29:55 IST] [INFO]: I have the refundable option set to false
[29/01/2025, 12:29:55 IST] [INFO]: No airline available, skipping...
[29/01/2025, 12:30:22 IST] [INFO]: I enter the passenger title Mr
[29/01/2025, 12:30:46 IST] [INFO]: I enter the passenger title Mstr
[29/01/2025, 12:32:22 IST] [INFO]: I have the departure location as DXB
[29/01/2025, 12:32:22 IST] [INFO]: I have the return location CAI
[29/01/2025, 12:32:22 IST] [INFO]: I have the departure date 02-22-2025
[29/01/2025, 12:32:22 IST] [INFO]: I have the cabin class Y
[29/01/2025, 12:32:22 IST] [INFO]: I have the number of adults 1
[29/01/2025, 12:32:22 IST] [INFO]: I have the number of children 1
[29/01/2025, 12:32:22 IST] [INFO]: I have the number of infand 0
[29/01/2025, 12:32:22 IST] [INFO]: I have the direct flight option set to false
[29/01/2025, 12:32:22 IST] [INFO]: I have the baggage option set to false
[29/01/2025, 12:32:22 IST] [INFO]: I have the refundable option set to false
[29/01/2025, 12:32:22 IST] [INFO]: No airline available, skipping...
[29/01/2025, 12:33:01 IST] [INFO]: I enter the passenger title Mr
[29/01/2025, 12:33:37 IST] [INFO]: No airline available, skipping...
[29/01/2025, 12:34:02 IST] [INFO]: I enter the passenger title Mr
[29/01/2025, 12:35:01 IST] [INFO]: I have the departure location as DXB
[29/01/2025, 12:35:01 IST] [INFO]: I have the return location CAI
[29/01/2025, 12:35:01 IST] [INFO]: I have the departure date 02-22-2025
[29/01/2025, 12:35:01 IST] [INFO]: I have the cabin class Y
[29/01/2025, 12:35:01 IST] [INFO]: I have the number of adults 2
[29/01/2025, 12:35:01 IST] [INFO]: I have the number of children 0
[29/01/2025, 12:35:01 IST] [INFO]: I have the number of infand 0
[29/01/2025, 12:35:01 IST] [INFO]: I have the direct flight option set to false
[29/01/2025, 12:35:01 IST] [INFO]: I have the baggage option set to false
[29/01/2025, 12:35:01 IST] [INFO]: I have the refundable option set to false
[29/01/2025, 12:35:01 IST] [INFO]: No airline available, skipping...
[29/01/2025, 12:35:40 IST] [INFO]: I enter the passenger title Mr
[29/01/2025, 12:36:00 IST] [INFO]: I enter the passenger title Mr
[29/01/2025, 12:39:39 IST] [INFO]: I have the departure location as DXB
[29/01/2025, 12:39:39 IST] [INFO]: I have the return location CAI
[29/01/2025, 12:39:39 IST] [INFO]: I have the departure date 02-22-2025
[29/01/2025, 12:39:39 IST] [INFO]: I have the cabin class Y
[29/01/2025, 12:39:39 IST] [INFO]: I have the number of adults 1
[29/01/2025, 12:39:39 IST] [INFO]: I have the number of children 1
[29/01/2025, 12:39:39 IST] [INFO]: I have the number of infand 0
[29/01/2025, 12:39:39 IST] [INFO]: I have the direct flight option set to false
[29/01/2025, 12:39:39 IST] [INFO]: I have the baggage option set to false
[29/01/2025, 12:39:39 IST] [INFO]: I have the refundable option set to false
[29/01/2025, 12:39:39 IST] [INFO]: No airline available, skipping...
[29/01/2025, 12:40:02 IST] [INFO]: I enter the passenger title Mr
[29/01/2025, 12:40:38 IST] [INFO]: No airline available, skipping...
[29/01/2025, 12:40:59 IST] [INFO]: I have the departure location as DXB
[29/01/2025, 12:40:59 IST] [INFO]: I have the return location CAI
[29/01/2025, 12:40:59 IST] [INFO]: I have the departure date 02-22-2025
[29/01/2025, 12:40:59 IST] [INFO]: I have the cabin class Y
[29/01/2025, 12:40:59 IST] [INFO]: I have the number of adults 1
[29/01/2025, 12:40:59 IST] [INFO]: I have the number of children 1
[29/01/2025, 12:40:59 IST] [INFO]: I have the number of infand 0
[29/01/2025, 12:40:59 IST] [INFO]: I have the direct flight option set to false
[29/01/2025, 12:40:59 IST] [INFO]: I have the baggage option set to false
[29/01/2025, 12:40:59 IST] [INFO]: I have the refundable option set to false
[29/01/2025, 12:40:59 IST] [INFO]: No airline available, skipping...
[29/01/2025, 12:41:22 IST] [INFO]: I enter the passenger title Mr
[29/01/2025, 12:41:42 IST] [INFO]: I enter the passenger title Mstr
[29/01/2025, 12:49:21 IST] [INFO]: I have the departure location as DXB
[29/01/2025, 12:49:21 IST] [INFO]: I have the return location CAI
[29/01/2025, 12:49:21 IST] [INFO]: I have the departure date 02-22-2025
[29/01/2025, 12:49:21 IST] [INFO]: I have the cabin class Y
[29/01/2025, 12:49:21 IST] [INFO]: I have the number of adults 1
[29/01/2025, 12:49:21 IST] [INFO]: I have the number of children 1
[29/01/2025, 12:49:21 IST] [INFO]: I have the number of infand 0
[29/01/2025, 12:49:21 IST] [INFO]: I have the direct flight option set to false
[29/01/2025, 12:49:21 IST] [INFO]: I have the baggage option set to false
[29/01/2025, 12:49:21 IST] [INFO]: I have the refundable option set to false
[29/01/2025, 12:49:21 IST] [INFO]: No airline available, skipping...
[29/01/2025, 12:49:47 IST] [INFO]: I enter the passenger title Mr
[29/01/2025, 12:50:08 IST] [INFO]: I enter the passenger title Mstr
[29/01/2025, 12:52:08 IST] [INFO]: I have the departure location as DXB
[29/01/2025, 12:52:08 IST] [INFO]: I have the return location CAI
[29/01/2025, 12:52:08 IST] [INFO]: I have the departure date 02-22-2025
[29/01/2025, 12:52:08 IST] [INFO]: I have the cabin class Y
[29/01/2025, 12:52:08 IST] [INFO]: I have the number of adults 1
[29/01/2025, 12:52:08 IST] [INFO]: I have the number of children 1
[29/01/2025, 12:52:08 IST] [INFO]: I have the number of infand 0
[29/01/2025, 12:52:08 IST] [INFO]: I have the direct flight option set to false
[29/01/2025, 12:52:08 IST] [INFO]: I have the baggage option set to false
[29/01/2025, 12:52:08 IST] [INFO]: I have the refundable option set to false
[29/01/2025, 12:52:08 IST] [INFO]: No airline available, skipping...
[29/01/2025, 12:52:56 IST] [INFO]: I enter the passenger title Mr
[29/01/2025, 12:53:34 IST] [INFO]: No airline available, skipping...
[29/01/2025, 12:54:07 IST] [INFO]: I enter the passenger title Mr
[29/01/2025, 12:54:46 IST] [INFO]: I enter the passenger title Mr
[29/01/2025, 12:55:24 IST] [INFO]: I have the departure location as DXB
[29/01/2025, 12:55:24 IST] [INFO]: I have the return location CAI
[29/01/2025, 12:55:24 IST] [INFO]: I have the departure date 02-22-2025
[29/01/2025, 12:55:24 IST] [INFO]: I have the cabin class Y
[29/01/2025, 12:55:24 IST] [INFO]: I have the number of adults 1
[29/01/2025, 12:55:24 IST] [INFO]: I have the number of children 1
[29/01/2025, 12:55:24 IST] [INFO]: I have the number of infand 0
[29/01/2025, 12:55:24 IST] [INFO]: I have the direct flight option set to false
[29/01/2025, 12:55:24 IST] [INFO]: I have the baggage option set to false
[29/01/2025, 12:55:24 IST] [INFO]: I have the refundable option set to false
[29/01/2025, 12:55:25 IST] [INFO]: No airline available, skipping...
[29/01/2025, 12:56:09 IST] [INFO]: I enter the passenger title Mr
[29/01/2025, 12:56:42 IST] [INFO]: I have the departure location as DXB
[29/01/2025, 12:56:42 IST] [INFO]: I have the return location CAI
[29/01/2025, 12:56:42 IST] [INFO]: I have the departure date 02-22-2025
[29/01/2025, 12:56:42 IST] [INFO]: I have the cabin class Y
[29/01/2025, 12:56:42 IST] [INFO]: I have the number of adults 1
[29/01/2025, 12:56:43 IST] [INFO]: I have the number of children 1
[29/01/2025, 12:56:43 IST] [INFO]: I have the number of infand 0
[29/01/2025, 12:56:43 IST] [INFO]: I have the direct flight option set to false
[29/01/2025, 12:56:43 IST] [INFO]: I have the baggage option set to false
[29/01/2025, 12:56:43 IST] [INFO]: I have the refundable option set to false
[29/01/2025, 12:56:43 IST] [INFO]: No airline available, skipping...
[29/01/2025, 13:17:48 IST] [INFO]: I have the departure location as DXB
[29/01/2025, 13:17:48 IST] [INFO]: I have the return location CAI
[29/01/2025, 13:17:48 IST] [INFO]: I have the departure date 02-22-2025
[29/01/2025, 13:17:48 IST] [INFO]: I have the cabin class Y
[29/01/2025, 13:17:48 IST] [INFO]: I have the number of adults 1
[29/01/2025, 13:17:48 IST] [INFO]: I have the number of children 1
[29/01/2025, 13:17:48 IST] [INFO]: I have the number of infand 0
[29/01/2025, 13:17:48 IST] [INFO]: I have the direct flight option set to false
[29/01/2025, 13:17:48 IST] [INFO]: I have the baggage option set to false
[29/01/2025, 13:17:48 IST] [INFO]: I have the refundable option set to false
[29/01/2025, 13:17:48 IST] [INFO]: No airline available, skipping...
[29/01/2025, 13:17:54 IST] [INFO]: I have the departure location as DXB
[29/01/2025, 13:17:54 IST] [INFO]: I have the return location CAI
[29/01/2025, 13:17:54 IST] [INFO]: I have the departure date 02-22-2025
[29/01/2025, 13:17:54 IST] [INFO]: I have the cabin class Y
[29/01/2025, 13:17:54 IST] [INFO]: I have the number of adults 1
[29/01/2025, 13:17:54 IST] [INFO]: I have the number of children 1
[29/01/2025, 13:17:54 IST] [INFO]: I have the number of infand 0
[29/01/2025, 13:17:54 IST] [INFO]: I have the direct flight option set to false
[29/01/2025, 13:17:54 IST] [INFO]: I have the baggage option set to false
[29/01/2025, 13:17:54 IST] [INFO]: I have the refundable option set to false
[29/01/2025, 13:17:54 IST] [INFO]: No airline available, skipping...
[29/01/2025, 13:18:23 IST] [INFO]: I enter the passenger title Mr
[29/01/2025, 13:19:02 IST] [INFO]: I have the departure location as DXB
[29/01/2025, 13:19:02 IST] [INFO]: I have the return location CAI
[29/01/2025, 13:19:02 IST] [INFO]: I have the departure date 02-22-2025
[29/01/2025, 13:19:02 IST] [INFO]: I have the cabin class Y
[29/01/2025, 13:19:02 IST] [INFO]: I have the number of adults 1
[29/01/2025, 13:19:02 IST] [INFO]: I have the number of children 1
[29/01/2025, 13:19:02 IST] [INFO]: I have the number of infand 0
[29/01/2025, 13:19:02 IST] [INFO]: I have the direct flight option set to false
[29/01/2025, 13:19:02 IST] [INFO]: I have the baggage option set to false
[29/01/2025, 13:19:02 IST] [INFO]: I have the refundable option set to false
[29/01/2025, 13:19:02 IST] [INFO]: No airline available, skipping...
[29/01/2025, 13:19:29 IST] [INFO]: I enter the passenger title Mr
[29/01/2025, 13:20:09 IST] [INFO]: No airline available, skipping...
[29/01/2025, 13:20:29 IST] [INFO]: I enter the passenger title Mr
[29/01/2025, 13:21:00 IST] [INFO]: I enter the passenger title Mr
[29/01/2025, 13:30:53 IST] [INFO]: I have the departure location as DXB
[29/01/2025, 13:30:53 IST] [INFO]: I have the return location CAI
[29/01/2025, 13:30:53 IST] [INFO]: I have the departure date 02-22-2025
[29/01/2025, 13:30:53 IST] [INFO]: I have the cabin class Y
[29/01/2025, 13:30:53 IST] [INFO]: I have the number of adults 1
[29/01/2025, 13:30:53 IST] [INFO]: I have the number of children 1
[29/01/2025, 13:30:53 IST] [INFO]: I have the number of infand 0
[29/01/2025, 13:30:53 IST] [INFO]: I have the direct flight option set to false
[29/01/2025, 13:30:53 IST] [INFO]: I have the baggage option set to false
[29/01/2025, 13:30:53 IST] [INFO]: I have the refundable option set to false
[29/01/2025, 13:30:53 IST] [INFO]: No airline available, skipping...
[29/01/2025, 13:30:59 IST] [INFO]: I have the departure location as DXB
[29/01/2025, 13:30:59 IST] [INFO]: I have the return location CAI
[29/01/2025, 13:30:59 IST] [INFO]: I have the departure date 02-22-2025
[29/01/2025, 13:30:59 IST] [INFO]: I have the cabin class Y
[29/01/2025, 13:30:59 IST] [INFO]: I have the number of adults 1
[29/01/2025, 13:30:59 IST] [INFO]: I have the number of children 1
[29/01/2025, 13:30:59 IST] [INFO]: I have the number of infand 0
[29/01/2025, 13:30:59 IST] [INFO]: I have the direct flight option set to false
[29/01/2025, 13:30:59 IST] [INFO]: I have the baggage option set to false
[29/01/2025, 13:30:59 IST] [INFO]: I have the refundable option set to false
[29/01/2025, 13:30:59 IST] [INFO]: No airline available, skipping...
[29/01/2025, 13:32:15 IST] [INFO]: I enter the passenger title Mr
[29/01/2025, 13:32:22 IST] [INFO]: No airline available, skipping...
[29/01/2025, 13:35:25 IST] [INFO]: I have the departure location as DXB
[29/01/2025, 13:35:25 IST] [INFO]: I have the return location CAI
[29/01/2025, 13:35:25 IST] [INFO]: I have the departure date 02-22-2025
[29/01/2025, 13:35:25 IST] [INFO]: I have the cabin class Y
[29/01/2025, 13:35:25 IST] [INFO]: I have the number of adults 1
[29/01/2025, 13:35:25 IST] [INFO]: I have the number of children 1
[29/01/2025, 13:35:25 IST] [INFO]: I have the number of infand 0
[29/01/2025, 13:35:25 IST] [INFO]: I have the direct flight option set to false
[29/01/2025, 13:35:25 IST] [INFO]: I have the baggage option set to false
[29/01/2025, 13:35:25 IST] [INFO]: I have the refundable option set to false
[29/01/2025, 13:35:25 IST] [INFO]: No airline available, skipping...
[29/01/2025, 13:35:56 IST] [INFO]: I enter the passenger title Mr
[29/01/2025, 13:36:02 IST] [INFO]: No airline available, skipping...
[29/01/2025, 13:36:32 IST] [INFO]: I have the departure location as DXB
[29/01/2025, 13:36:32 IST] [INFO]: I have the return location CAI
[29/01/2025, 13:36:32 IST] [INFO]: I have the departure date 02-22-2025
[29/01/2025, 13:36:32 IST] [INFO]: I have the cabin class Y
[29/01/2025, 13:36:32 IST] [INFO]: I have the number of adults 1
[29/01/2025, 13:36:32 IST] [INFO]: I have the number of children 1
[29/01/2025, 13:36:32 IST] [INFO]: I have the number of infand 0
[29/01/2025, 13:36:32 IST] [INFO]: I have the direct flight option set to false
[29/01/2025, 13:36:32 IST] [INFO]: I have the baggage option set to false
[29/01/2025, 13:36:32 IST] [INFO]: I have the refundable option set to false
[29/01/2025, 13:36:32 IST] [INFO]: No airline available, skipping...
[29/01/2025, 13:37:02 IST] [INFO]: I enter the passenger title Mr
[29/01/2025, 13:40:50 IST] [INFO]: I have the departure location as DXB
[29/01/2025, 13:40:50 IST] [INFO]: I have the return location CAI
[29/01/2025, 13:40:50 IST] [INFO]: I have the departure date 02-22-2025
[29/01/2025, 13:40:50 IST] [INFO]: I have the cabin class Y
[29/01/2025, 13:40:50 IST] [INFO]: I have the number of adults 1
[29/01/2025, 13:40:50 IST] [INFO]: I have the number of children 1
[29/01/2025, 13:40:50 IST] [INFO]: I have the number of infand 0
[29/01/2025, 13:40:50 IST] [INFO]: I have the direct flight option set to false
[29/01/2025, 13:40:50 IST] [INFO]: I have the baggage option set to false
[29/01/2025, 13:40:50 IST] [INFO]: I have the refundable option set to false
[29/01/2025, 13:40:50 IST] [INFO]: No airline available, skipping...
[29/01/2025, 13:41:23 IST] [INFO]: I enter the passenger title Mr
[29/01/2025, 13:42:01 IST] [INFO]: No airline available, skipping...
[29/01/2025, 13:42:10 IST] [INFO]: I have the departure location as DXB
[29/01/2025, 13:42:10 IST] [INFO]: I have the return location CAI
[29/01/2025, 13:42:10 IST] [INFO]: I have the departure date 02-22-2025
[29/01/2025, 13:42:10 IST] [INFO]: I have the cabin class Y
[29/01/2025, 13:42:10 IST] [INFO]: I have the number of adults 1
[29/01/2025, 13:42:10 IST] [INFO]: I have the number of children 1
[29/01/2025, 13:42:10 IST] [INFO]: I have the number of infand 0
[29/01/2025, 13:42:10 IST] [INFO]: I have the direct flight option set to false
[29/01/2025, 13:42:10 IST] [INFO]: I have the baggage option set to false
[29/01/2025, 13:42:10 IST] [INFO]: I have the refundable option set to false
[29/01/2025, 13:42:10 IST] [INFO]: No airline available, skipping...
[29/01/2025, 13:42:48 IST] [INFO]: I have the departure location as DXB
[29/01/2025, 13:42:48 IST] [INFO]: I have the return location CAI
[29/01/2025, 13:42:48 IST] [INFO]: I have the departure date 02-22-2025
[29/01/2025, 13:42:48 IST] [INFO]: I have the cabin class Y
[29/01/2025, 13:42:48 IST] [INFO]: I have the number of adults 1
[29/01/2025, 13:42:48 IST] [INFO]: I have the number of children 1
[29/01/2025, 13:42:48 IST] [INFO]: I have the number of infand 0
[29/01/2025, 13:42:48 IST] [INFO]: I have the direct flight option set to false
[29/01/2025, 13:42:48 IST] [INFO]: I have the baggage option set to false
[29/01/2025, 13:42:48 IST] [INFO]: I have the refundable option set to false
[29/01/2025, 13:42:48 IST] [INFO]: No airline available, skipping...
[29/01/2025, 13:43:14 IST] [INFO]: I enter the passenger title Mr
[29/01/2025, 13:43:20 IST] [INFO]: No airline available, skipping...
[29/01/2025, 14:14:04 IST] [INFO]: I have the departure location as DXB
[29/01/2025, 14:14:04 IST] [INFO]: I have the return location CAI
[29/01/2025, 14:14:04 IST] [INFO]: I have the departure date 02-22-2025
[29/01/2025, 14:14:04 IST] [INFO]: I have the cabin class Y
[29/01/2025, 14:14:04 IST] [INFO]: I have the number of adults 1
[29/01/2025, 14:14:04 IST] [INFO]: I have the number of children 1
[29/01/2025, 14:14:04 IST] [INFO]: I have the number of infand 0
[29/01/2025, 14:14:04 IST] [INFO]: I have the direct flight option set to false
[29/01/2025, 14:14:04 IST] [INFO]: I have the baggage option set to false
[29/01/2025, 14:14:04 IST] [INFO]: I have the refundable option set to false
[29/01/2025, 14:14:04 IST] [INFO]: No airline available, skipping...
[29/01/2025, 14:14:10 IST] [INFO]: I have the departure location as DXB
[29/01/2025, 14:14:10 IST] [INFO]: I have the return location CAI
[29/01/2025, 14:14:10 IST] [INFO]: I have the departure date 02-22-2025
[29/01/2025, 14:14:10 IST] [INFO]: I have the cabin class Y
[29/01/2025, 14:14:10 IST] [INFO]: I have the number of adults 1
[29/01/2025, 14:14:10 IST] [INFO]: I have the number of children 1
[29/01/2025, 14:14:10 IST] [INFO]: I have the number of infand 0
[29/01/2025, 14:14:10 IST] [INFO]: I have the direct flight option set to false
[29/01/2025, 14:14:10 IST] [INFO]: I have the baggage option set to false
[29/01/2025, 14:14:10 IST] [INFO]: I have the refundable option set to false
[29/01/2025, 14:14:10 IST] [INFO]: No airline available, skipping...
[29/01/2025, 14:14:45 IST] [INFO]: I enter the passenger title Mr
[29/01/2025, 14:14:51 IST] [INFO]: No airline available, skipping...
[29/01/2025, 14:15:25 IST] [INFO]: I enter the passenger title Mr
[29/01/2025, 14:17:16 IST] [INFO]: I have the departure location as DXB
[29/01/2025, 14:17:16 IST] [INFO]: I have the return location CAI
[29/01/2025, 14:17:16 IST] [INFO]: I have the departure date 02-22-2025
[29/01/2025, 14:17:16 IST] [INFO]: I have the cabin class Y
[29/01/2025, 14:17:16 IST] [INFO]: I have the number of adults 1
[29/01/2025, 14:17:16 IST] [INFO]: I have the number of children 1
[29/01/2025, 14:17:16 IST] [INFO]: I have the number of infand 0
[29/01/2025, 14:17:16 IST] [INFO]: I have the direct flight option set to false
[29/01/2025, 14:17:16 IST] [INFO]: I have the baggage option set to false
[29/01/2025, 14:17:16 IST] [INFO]: I have the refundable option set to false
[29/01/2025, 14:17:16 IST] [INFO]: No airline available, skipping...
[29/01/2025, 14:17:54 IST] [INFO]: I enter the passenger title Mr
[29/01/2025, 14:18:32 IST] [INFO]: No airline available, skipping...
[29/01/2025, 14:18:54 IST] [INFO]: I enter the passenger title Mr
[29/01/2025, 14:19:26 IST] [INFO]: I enter the passenger title Mr
[29/01/2025, 14:19:48 IST] [INFO]: I have the departure location as DXB
[29/01/2025, 14:19:48 IST] [INFO]: I have the return location CAI
[29/01/2025, 14:19:48 IST] [INFO]: I have the departure date 02-22-2025
[29/01/2025, 14:19:48 IST] [INFO]: I have the cabin class Y
[29/01/2025, 14:19:48 IST] [INFO]: I have the number of adults 1
[29/01/2025, 14:19:48 IST] [INFO]: I have the number of children 1
[29/01/2025, 14:19:48 IST] [INFO]: I have the number of infand 0
[29/01/2025, 14:19:48 IST] [INFO]: I have the direct flight option set to false
[29/01/2025, 14:19:48 IST] [INFO]: I have the baggage option set to false
[29/01/2025, 14:19:48 IST] [INFO]: I have the refundable option set to false
[29/01/2025, 14:19:48 IST] [INFO]: No airline available, skipping...
[29/01/2025, 14:20:09 IST] [INFO]: I enter the passenger title Mr
[29/01/2025, 14:20:32 IST] [INFO]: I enter the passenger title Mstr
[29/01/2025, 14:25:59 IST] [INFO]: I have the departure location as DXB
[29/01/2025, 14:25:59 IST] [INFO]: I have the return location CAI
[29/01/2025, 14:25:59 IST] [INFO]: I have the departure date 02-22-2025
[29/01/2025, 14:25:59 IST] [INFO]: I have the cabin class Y
[29/01/2025, 14:25:59 IST] [INFO]: I have the number of adults 1
[29/01/2025, 14:25:59 IST] [INFO]: I have the number of children 1
[29/01/2025, 14:25:59 IST] [INFO]: I have the number of infand 0
[29/01/2025, 14:25:59 IST] [INFO]: I have the direct flight option set to false
[29/01/2025, 14:25:59 IST] [INFO]: I have the baggage option set to false
[29/01/2025, 14:25:59 IST] [INFO]: I have the refundable option set to false
[29/01/2025, 14:25:59 IST] [INFO]: No airline available, skipping...
[29/01/2025, 14:26:05 IST] [INFO]: I have the departure location as DXB
[29/01/2025, 14:26:05 IST] [INFO]: I have the return location CAI
[29/01/2025, 14:26:05 IST] [INFO]: I have the departure date 02-22-2025
[29/01/2025, 14:26:05 IST] [INFO]: I have the cabin class Y
[29/01/2025, 14:26:05 IST] [INFO]: I have the number of adults 1
[29/01/2025, 14:26:05 IST] [INFO]: I have the number of children 1
[29/01/2025, 14:26:05 IST] [INFO]: I have the number of infand 0
[29/01/2025, 14:26:05 IST] [INFO]: I have the direct flight option set to false
[29/01/2025, 14:26:05 IST] [INFO]: I have the baggage option set to false
[29/01/2025, 14:26:05 IST] [INFO]: I have the refundable option set to false
[29/01/2025, 14:26:05 IST] [INFO]: No airline available, skipping...
[29/01/2025, 14:26:39 IST] [INFO]: I enter the passenger title Mr
[29/01/2025, 14:26:58 IST] [INFO]: I enter the passenger title Mstr
[29/01/2025, 14:27:34 IST] [INFO]: No airline available, skipping...
[29/01/2025, 14:27:58 IST] [INFO]: I enter the passenger title Mr
[29/01/2025, 14:29:59 IST] [INFO]: I have the departure location as DXB
[29/01/2025, 14:29:59 IST] [INFO]: I have the return location CAI
[29/01/2025, 14:29:59 IST] [INFO]: I have the departure date 02-22-2025
[29/01/2025, 14:29:59 IST] [INFO]: I have the cabin class Y
[29/01/2025, 14:29:59 IST] [INFO]: I have the number of adults 1
[29/01/2025, 14:29:59 IST] [INFO]: I have the number of children 1
[29/01/2025, 14:29:59 IST] [INFO]: I have the number of infand 0
[29/01/2025, 14:29:59 IST] [INFO]: I have the direct flight option set to false
[29/01/2025, 14:29:59 IST] [INFO]: I have the baggage option set to false
[29/01/2025, 14:29:59 IST] [INFO]: I have the refundable option set to false
[29/01/2025, 14:29:59 IST] [INFO]: No airline available, skipping...
[29/01/2025, 14:30:21 IST] [INFO]: I enter the passenger title Mr
[29/01/2025, 14:30:56 IST] [INFO]: No airline available, skipping...
[29/01/2025, 14:31:24 IST] [INFO]: I enter the passenger title Mr
[29/01/2025, 14:31:43 IST] [INFO]: I have the departure location as DXB
[29/01/2025, 14:31:43 IST] [INFO]: I have the return location CAI
[29/01/2025, 14:31:43 IST] [INFO]: I have the departure date 02-22-2025
[29/01/2025, 14:31:43 IST] [INFO]: I have the cabin class Y
[29/01/2025, 14:31:43 IST] [INFO]: I have the number of adults 1
[29/01/2025, 14:31:43 IST] [INFO]: I have the number of children 1
[29/01/2025, 14:31:43 IST] [INFO]: I have the number of infand 0
[29/01/2025, 14:31:43 IST] [INFO]: I have the direct flight option set to false
[29/01/2025, 14:31:43 IST] [INFO]: I have the baggage option set to false
[29/01/2025, 14:31:43 IST] [INFO]: I have the refundable option set to false
[29/01/2025, 14:31:43 IST] [INFO]: No airline available, skipping...
[29/01/2025, 14:32:11 IST] [INFO]: I enter the passenger title Mr
[29/01/2025, 14:32:16 IST] [INFO]: No airline available, skipping...
[29/01/2025, 14:32:50 IST] [INFO]: I have the departure location as DXB
[29/01/2025, 14:32:50 IST] [INFO]: I have the return location CAI
[29/01/2025, 14:32:50 IST] [INFO]: I have the departure date 02-22-2025
[29/01/2025, 14:32:50 IST] [INFO]: I have the cabin class Y
[29/01/2025, 14:32:50 IST] [INFO]: I have the number of adults 1
[29/01/2025, 14:32:50 IST] [INFO]: I have the number of children 1
[29/01/2025, 14:32:50 IST] [INFO]: I have the number of infand 0
[29/01/2025, 14:32:50 IST] [INFO]: I have the direct flight option set to false
[29/01/2025, 14:32:50 IST] [INFO]: I have the baggage option set to false
[29/01/2025, 14:32:50 IST] [INFO]: I have the refundable option set to false
[29/01/2025, 14:32:50 IST] [INFO]: No airline available, skipping...
[29/01/2025, 14:33:21 IST] [INFO]: I enter the passenger title Mr
[29/01/2025, 14:33:39 IST] [INFO]: I enter the passenger title Mstr
[29/01/2025, 14:34:15 IST] [INFO]: No airline available, skipping...
[29/01/2025, 14:34:40 IST] [INFO]: I enter the passenger title Mr
[29/01/2025, 14:35:06 IST] [INFO]: I enter the passenger title Mr
[29/01/2025, 14:36:12 IST] [INFO]: I have the departure location as DXB
[29/01/2025, 14:36:12 IST] [INFO]: I have the return location CAI
[29/01/2025, 14:36:12 IST] [INFO]: I have the departure date 02-22-2025
[29/01/2025, 14:36:12 IST] [INFO]: I have the cabin class Y
[29/01/2025, 14:36:12 IST] [INFO]: I have the number of adults 1
[29/01/2025, 14:36:12 IST] [INFO]: I have the number of children 1
[29/01/2025, 14:36:12 IST] [INFO]: I have the number of infand 0
[29/01/2025, 14:36:12 IST] [INFO]: I have the direct flight option set to false
[29/01/2025, 14:36:12 IST] [INFO]: I have the baggage option set to false
[29/01/2025, 14:36:12 IST] [INFO]: I have the refundable option set to false
[29/01/2025, 14:36:12 IST] [INFO]: No airline available, skipping...
[29/01/2025, 14:36:40 IST] [INFO]: I enter the passenger title Mr
[29/01/2025, 14:36:45 IST] [INFO]: No airline available, skipping...
[29/01/2025, 14:37:30 IST] [INFO]: I have the departure location as DXB
[29/01/2025, 14:37:30 IST] [INFO]: I have the return location CAI
[29/01/2025, 14:37:30 IST] [INFO]: I have the departure date 02-22-2025
[29/01/2025, 14:37:30 IST] [INFO]: I have the cabin class Y
[29/01/2025, 14:37:30 IST] [INFO]: I have the number of adults 1
[29/01/2025, 14:37:30 IST] [INFO]: I have the number of children 1
[29/01/2025, 14:37:30 IST] [INFO]: I have the number of infand 0
[29/01/2025, 14:37:30 IST] [INFO]: I have the direct flight option set to false
[29/01/2025, 14:37:30 IST] [INFO]: I have the baggage option set to false
[29/01/2025, 14:37:30 IST] [INFO]: I have the refundable option set to false
[29/01/2025, 14:37:30 IST] [INFO]: No airline available, skipping...
[29/01/2025, 14:37:50 IST] [INFO]: I enter the passenger title Mr
[29/01/2025, 14:38:09 IST] [INFO]: I enter the passenger title Mstr
[29/01/2025, 14:38:46 IST] [INFO]: No airline available, skipping...
[29/01/2025, 14:39:09 IST] [INFO]: I enter the passenger title Mr
[29/01/2025, 14:39:33 IST] [INFO]: I enter the passenger title Mr
[29/01/2025, 14:42:02 IST] [INFO]: Ticket Booking Status - ${bookingStatus}
[29/01/2025, 14:47:22 IST] [INFO]: I have the departure location as DXB
[29/01/2025, 14:47:22 IST] [INFO]: I have the return location CAI
[29/01/2025, 14:47:22 IST] [INFO]: I have the departure date 02-22-2025
[29/01/2025, 14:47:22 IST] [INFO]: I have the cabin class Y
[29/01/2025, 14:47:22 IST] [INFO]: I have the number of adults 1
[29/01/2025, 14:47:22 IST] [INFO]: I have the number of children 1
[29/01/2025, 14:47:22 IST] [INFO]: I have the number of infand 0
[29/01/2025, 14:47:22 IST] [INFO]: I have the direct flight option set to false
[29/01/2025, 14:47:22 IST] [INFO]: I have the baggage option set to false
[29/01/2025, 14:47:22 IST] [INFO]: I have the refundable option set to false
[29/01/2025, 14:47:22 IST] [INFO]: No airline available, skipping...
[29/01/2025, 14:47:47 IST] [INFO]: I enter the passenger title Mr
[29/01/2025, 14:48:10 IST] [INFO]: I enter the passenger title Mstr
[29/01/2025, 14:48:47 IST] [INFO]: No airline available, skipping...
[29/01/2025, 14:49:09 IST] [INFO]: I enter the passenger title Mr
[29/01/2025, 14:49:37 IST] [INFO]: I enter the passenger title Mr
[29/01/2025, 14:55:22 IST] [INFO]: I have the departure location as DXB
[29/01/2025, 14:55:22 IST] [INFO]: I have the return location CAI
[29/01/2025, 14:55:22 IST] [INFO]: I have the departure date 02-22-2025
[29/01/2025, 14:55:22 IST] [INFO]: I have the cabin class Y
[29/01/2025, 14:55:22 IST] [INFO]: I have the number of adults 1
[29/01/2025, 14:55:22 IST] [INFO]: I have the number of children 1
[29/01/2025, 14:55:22 IST] [INFO]: I have the number of infand 0
[29/01/2025, 14:55:22 IST] [INFO]: I have the direct flight option set to false
[29/01/2025, 14:55:22 IST] [INFO]: I have the baggage option set to false
[29/01/2025, 14:55:22 IST] [INFO]: I have the refundable option set to false
[29/01/2025, 14:55:22 IST] [INFO]: No airline available, skipping...
[29/01/2025, 14:56:00 IST] [INFO]: I enter the passenger title Mr
[29/01/2025, 14:56:41 IST] [INFO]: No airline available, skipping...
[29/01/2025, 14:57:09 IST] [INFO]: I enter the passenger title Mr
[29/01/2025, 14:57:41 IST] [INFO]: I have the departure location as DXB
[29/01/2025, 14:57:41 IST] [INFO]: I have the return location CAI
[29/01/2025, 14:57:41 IST] [INFO]: I have the departure date 02-22-2025
[29/01/2025, 14:57:41 IST] [INFO]: I have the cabin class Y
[29/01/2025, 14:57:41 IST] [INFO]: I have the number of adults 1
[29/01/2025, 14:57:41 IST] [INFO]: I have the number of children 1
[29/01/2025, 14:57:41 IST] [INFO]: I have the number of infand 0
[29/01/2025, 14:57:41 IST] [INFO]: I have the direct flight option set to false
[29/01/2025, 14:57:41 IST] [INFO]: I have the baggage option set to false
[29/01/2025, 14:57:41 IST] [INFO]: I have the refundable option set to false
[29/01/2025, 14:57:41 IST] [INFO]: No airline available, skipping...
[29/01/2025, 14:58:04 IST] [INFO]: I enter the passenger title Mr
[29/01/2025, 14:58:42 IST] [INFO]: No airline available, skipping...
[29/01/2025, 14:59:03 IST] [INFO]: I enter the passenger title Mr
[29/01/2025, 15:00:04 IST] [INFO]: I have the departure location as DXB
[29/01/2025, 15:00:04 IST] [INFO]: I have the return location CAI
[29/01/2025, 15:00:04 IST] [INFO]: I have the departure date 02-22-2025
[29/01/2025, 15:00:04 IST] [INFO]: I have the cabin class Y
[29/01/2025, 15:00:04 IST] [INFO]: I have the number of adults 1
[29/01/2025, 15:00:04 IST] [INFO]: I have the number of children 1
[29/01/2025, 15:00:04 IST] [INFO]: I have the number of infand 0
[29/01/2025, 15:00:04 IST] [INFO]: I have the direct flight option set to false
[29/01/2025, 15:00:04 IST] [INFO]: I have the baggage option set to false
[29/01/2025, 15:00:04 IST] [INFO]: I have the refundable option set to false
[29/01/2025, 15:00:04 IST] [INFO]: No airline available, skipping...
[29/01/2025, 15:00:28 IST] [INFO]: I enter the passenger title Mr
[29/01/2025, 15:00:33 IST] [INFO]: No airline available, skipping...
[29/01/2025, 18:21:55 IST] [INFO]: I have the departure location as DXB
[29/01/2025, 18:21:55 IST] [INFO]: I have the return location CAI
[29/01/2025, 18:21:55 IST] [INFO]: I have the departure date 02-22-2025
[29/01/2025, 18:21:55 IST] [INFO]: I have the cabin class Y
[29/01/2025, 18:21:55 IST] [INFO]: I have the number of adults 1
[29/01/2025, 18:21:55 IST] [INFO]: I have the number of children 1
[29/01/2025, 18:21:55 IST] [INFO]: I have the number of infand 0
[29/01/2025, 18:21:55 IST] [INFO]: I have the direct flight option set to false
[29/01/2025, 18:21:55 IST] [INFO]: I have the baggage option set to false
[29/01/2025, 18:21:55 IST] [INFO]: I have the refundable option set to false
[29/01/2025, 18:21:55 IST] [INFO]: No airline available, skipping...
[29/01/2025, 18:22:22 IST] [INFO]: I enter the passenger title Mr
[29/01/2025, 18:22:27 IST] [INFO]: No airline available, skipping...
[29/01/2025, 18:23:27 IST] [INFO]: I have the departure location as DXB
[29/01/2025, 18:23:27 IST] [INFO]: I have the return location CAI
[29/01/2025, 18:23:27 IST] [INFO]: I have the departure date 02-22-2025
[29/01/2025, 18:23:27 IST] [INFO]: I have the cabin class Y
[29/01/2025, 18:23:27 IST] [INFO]: I have the number of adults 1
[29/01/2025, 18:23:27 IST] [INFO]: I have the number of children 1
[29/01/2025, 18:23:27 IST] [INFO]: I have the number of infand 0
[29/01/2025, 18:23:27 IST] [INFO]: I have the direct flight option set to false
[29/01/2025, 18:23:27 IST] [INFO]: I have the baggage option set to false
[29/01/2025, 18:23:27 IST] [INFO]: I have the refundable option set to false
[29/01/2025, 18:23:27 IST] [INFO]: No airline available, skipping...
[29/01/2025, 18:23:33 IST] [INFO]: I have the departure location as DXB
[29/01/2025, 18:23:33 IST] [INFO]: I have the return location CAI
[29/01/2025, 18:23:33 IST] [INFO]: I have the departure date 02-22-2025
[29/01/2025, 18:23:33 IST] [INFO]: I have the cabin class Y
[29/01/2025, 18:23:33 IST] [INFO]: I have the number of adults 1
[29/01/2025, 18:23:33 IST] [INFO]: I have the number of children 1
[29/01/2025, 18:23:33 IST] [INFO]: I have the number of infand 0
[29/01/2025, 18:23:33 IST] [INFO]: I have the direct flight option set to false
[29/01/2025, 18:23:33 IST] [INFO]: I have the baggage option set to false
[29/01/2025, 18:23:33 IST] [INFO]: I have the refundable option set to false
[29/01/2025, 18:23:33 IST] [INFO]: No airline available, skipping...
[29/01/2025, 18:23:55 IST] [INFO]: I enter the passenger title Mr
[29/01/2025, 18:23:59 IST] [INFO]: No airline available, skipping...
[29/01/2025, 18:24:27 IST] [INFO]: I have the departure location as DXB
[29/01/2025, 18:24:27 IST] [INFO]: I have the return location CAI
[29/01/2025, 18:24:27 IST] [INFO]: I have the departure date 02-22-2025
[29/01/2025, 18:24:27 IST] [INFO]: I have the cabin class Y
[29/01/2025, 18:24:27 IST] [INFO]: I have the number of adults 1
[29/01/2025, 18:24:27 IST] [INFO]: I have the number of children 1
[29/01/2025, 18:24:27 IST] [INFO]: I have the number of infand 0
[29/01/2025, 18:24:27 IST] [INFO]: I have the direct flight option set to false
[29/01/2025, 18:24:27 IST] [INFO]: I have the baggage option set to false
[29/01/2025, 18:24:27 IST] [INFO]: I have the refundable option set to false
[29/01/2025, 18:24:27 IST] [INFO]: No airline available, skipping...
[29/01/2025, 18:25:11 IST] [INFO]: I enter the passenger title Mr
[29/01/2025, 18:25:28 IST] [INFO]: I enter the passenger title Mstr
[29/01/2025, 18:27:27 IST] [INFO]: Ticket Booking Status - ${bookingStatus}
[29/01/2025, 18:27:31 IST] [INFO]: No airline available, skipping...
[29/01/2025, 18:27:50 IST] [INFO]: I enter the passenger title Mr
[29/01/2025, 18:28:06 IST] [INFO]: I enter the passenger title Mr
[29/01/2025, 18:30:04 IST] [INFO]: Ticket Booking Status - ${bookingStatus}
[29/01/2025, 18:33:27 IST] [INFO]: I have the departure location as DXB
[29/01/2025, 18:33:27 IST] [INFO]: I have the return location LHR
[29/01/2025, 18:33:27 IST] [INFO]: I have the departure date 02-22-2025
[29/01/2025, 18:33:27 IST] [INFO]: I have the cabin class Y
[29/01/2025, 18:33:28 IST] [INFO]: I have the number of adults 1
[29/01/2025, 18:33:28 IST] [INFO]: I have the number of children 1
[29/01/2025, 18:33:28 IST] [INFO]: I have the number of infand 0
[29/01/2025, 18:33:28 IST] [INFO]: I have the direct flight option set to false
[29/01/2025, 18:33:28 IST] [INFO]: I have the baggage option set to false
[29/01/2025, 18:33:28 IST] [INFO]: I have the refundable option set to false
[29/01/2025, 18:33:28 IST] [INFO]: No airline available, skipping...
[29/01/2025, 18:33:34 IST] [INFO]: I have the departure location as DXB
[29/01/2025, 18:33:34 IST] [INFO]: I have the return location LHR
[29/01/2025, 18:33:34 IST] [INFO]: I have the departure date 02-22-2025
[29/01/2025, 18:33:34 IST] [INFO]: I have the cabin class Y
[29/01/2025, 18:33:34 IST] [INFO]: I have the number of adults 1
[29/01/2025, 18:33:34 IST] [INFO]: I have the number of children 1
[29/01/2025, 18:33:34 IST] [INFO]: I have the number of infand 0
[29/01/2025, 18:33:34 IST] [INFO]: I have the direct flight option set to false
[29/01/2025, 18:33:34 IST] [INFO]: I have the baggage option set to false
[29/01/2025, 18:33:34 IST] [INFO]: I have the refundable option set to false
[29/01/2025, 18:33:34 IST] [INFO]: No airline available, skipping...
[29/01/2025, 18:34:13 IST] [INFO]: No airline available, skipping...
[29/01/2025, 18:34:44 IST] [INFO]: I enter the passenger title Mr
[29/01/2025, 18:35:10 IST] [INFO]: I enter the passenger title Mr
[29/01/2025, 18:36:49 IST] [INFO]: I have the departure location as DXB
[29/01/2025, 18:36:49 IST] [INFO]: I have the return location LHR
[29/01/2025, 18:36:49 IST] [INFO]: I have the departure date 02-22-2025
[29/01/2025, 18:36:49 IST] [INFO]: I have the cabin class Y
[29/01/2025, 18:36:49 IST] [INFO]: I have the number of adults 1
[29/01/2025, 18:36:49 IST] [INFO]: I have the number of children 1
[29/01/2025, 18:36:49 IST] [INFO]: I have the number of infand 0
[29/01/2025, 18:36:49 IST] [INFO]: I have the direct flight option set to false
[29/01/2025, 18:36:49 IST] [INFO]: I have the baggage option set to false
[29/01/2025, 18:36:49 IST] [INFO]: I have the refundable option set to false
[29/01/2025, 18:36:49 IST] [INFO]: No airline available, skipping...
[29/01/2025, 18:37:21 IST] [INFO]: I enter the passenger title Mr
[29/01/2025, 18:37:47 IST] [INFO]: I enter the passenger title Mstr
[29/01/2025, 18:39:24 IST] [INFO]: I have the departure location as DXB
[29/01/2025, 18:39:24 IST] [INFO]: I have the return location LHR
[29/01/2025, 18:39:24 IST] [INFO]: I have the departure date 02-22-2025
[29/01/2025, 18:39:24 IST] [INFO]: I have the cabin class Y
[29/01/2025, 18:39:24 IST] [INFO]: I have the number of adults 1
[29/01/2025, 18:39:24 IST] [INFO]: I have the number of children 1
[29/01/2025, 18:39:24 IST] [INFO]: I have the number of infand 0
[29/01/2025, 18:39:24 IST] [INFO]: I have the direct flight option set to false
[29/01/2025, 18:39:24 IST] [INFO]: I have the baggage option set to false
[29/01/2025, 18:39:24 IST] [INFO]: I have the refundable option set to false
[29/01/2025, 18:39:24 IST] [INFO]: No airline available, skipping...
[29/01/2025, 18:39:30 IST] [INFO]: I have the departure location as DXB
[29/01/2025, 18:39:30 IST] [INFO]: I have the return location LHR
[29/01/2025, 18:39:30 IST] [INFO]: I have the departure date 02-22-2025
[29/01/2025, 18:39:30 IST] [INFO]: I have the cabin class Y
[29/01/2025, 18:39:30 IST] [INFO]: I have the number of adults 1
[29/01/2025, 18:39:30 IST] [INFO]: I have the number of children 1
[29/01/2025, 18:39:30 IST] [INFO]: I have the number of infand 0
[29/01/2025, 18:39:30 IST] [INFO]: I have the direct flight option set to false
[29/01/2025, 18:39:30 IST] [INFO]: I have the baggage option set to false
[29/01/2025, 18:39:30 IST] [INFO]: I have the refundable option set to false
[29/01/2025, 18:39:30 IST] [INFO]: No airline available, skipping...
[29/01/2025, 18:39:55 IST] [INFO]: I enter the passenger title Mr
[29/01/2025, 18:40:16 IST] [INFO]: I enter the passenger title Mstr
[29/01/2025, 18:41:37 IST] [INFO]: No airline available, skipping...
[29/01/2025, 18:42:06 IST] [INFO]: I enter the passenger title Mr
[29/01/2025, 18:42:40 IST] [INFO]: I enter the passenger title Mr
[29/01/2025, 18:42:57 IST] [INFO]: I have the departure location as DXB
[29/01/2025, 18:42:57 IST] [INFO]: I have the return location LHR
[29/01/2025, 18:42:57 IST] [INFO]: I have the departure date 02-22-2025
[29/01/2025, 18:42:57 IST] [INFO]: I have the cabin class Y
[29/01/2025, 18:42:57 IST] [INFO]: I have the number of adults 1
[29/01/2025, 18:42:57 IST] [INFO]: I have the number of children 1
[29/01/2025, 18:42:57 IST] [INFO]: I have the number of infand 0
[29/01/2025, 18:42:57 IST] [INFO]: I have the direct flight option set to false
[29/01/2025, 18:42:57 IST] [INFO]: I have the baggage option set to false
[29/01/2025, 18:42:57 IST] [INFO]: I have the refundable option set to false
[29/01/2025, 18:42:57 IST] [INFO]: No airline available, skipping...
[29/01/2025, 18:43:44 IST] [INFO]: I have the departure location as DXB
[29/01/2025, 18:43:44 IST] [INFO]: I have the return location LHR
[29/01/2025, 18:43:44 IST] [INFO]: I have the departure date 02-22-2025
[29/01/2025, 18:43:44 IST] [INFO]: I have the cabin class Y
[29/01/2025, 18:43:44 IST] [INFO]: I have the number of adults 1
[29/01/2025, 18:43:44 IST] [INFO]: I have the number of children 1
[29/01/2025, 18:43:44 IST] [INFO]: I have the number of infand 0
[29/01/2025, 18:43:44 IST] [INFO]: I have the direct flight option set to false
[29/01/2025, 18:43:44 IST] [INFO]: I have the baggage option set to false
[29/01/2025, 18:43:44 IST] [INFO]: I have the refundable option set to false
[29/01/2025, 18:43:44 IST] [INFO]: No airline available, skipping...
[29/01/2025, 18:44:17 IST] [INFO]: No airline available, skipping...
[29/01/2025, 18:44:22 IST] [INFO]: I have the departure location as DXB
[29/01/2025, 18:44:22 IST] [INFO]: I have the return location LHR
[29/01/2025, 18:44:22 IST] [INFO]: I have the departure date 02-22-2025
[29/01/2025, 18:44:22 IST] [INFO]: I have the cabin class Y
[29/01/2025, 18:44:22 IST] [INFO]: I have the number of adults 1
[29/01/2025, 18:44:22 IST] [INFO]: I have the number of children 1
[29/01/2025, 18:44:22 IST] [INFO]: I have the number of infand 0
[29/01/2025, 18:44:22 IST] [INFO]: I have the direct flight option set to false
[29/01/2025, 18:44:22 IST] [INFO]: I have the baggage option set to false
[29/01/2025, 18:44:22 IST] [INFO]: I have the refundable option set to false
[29/01/2025, 18:44:22 IST] [INFO]: No airline available, skipping...
[29/01/2025, 18:45:28 IST] [INFO]: I enter the passenger title Mr
[29/01/2025, 18:45:52 IST] [INFO]: I enter the passenger title Mstr
[29/01/2025, 18:47:55 IST] [INFO]: Ticket Booking Status - ${bookingStatus}
[29/01/2025, 18:48:03 IST] [INFO]: No airline available, skipping...
[29/01/2025, 18:48:39 IST] [INFO]: I enter the passenger title Mr
[29/01/2025, 18:49:02 IST] [INFO]: I enter the passenger title Mr
[29/01/2025, 19:11:38 IST] [INFO]: I have the departure location as DXB
[29/01/2025, 19:11:38 IST] [INFO]: I have the return location LHR
[29/01/2025, 19:11:38 IST] [INFO]: I have the departure date 02-22-2025
[29/01/2025, 19:11:38 IST] [INFO]: I have the cabin class Y
[29/01/2025, 19:11:38 IST] [INFO]: I have the number of adults 1
[29/01/2025, 19:11:38 IST] [INFO]: I have the number of children 1
[29/01/2025, 19:11:38 IST] [INFO]: I have the number of infand 0
[29/01/2025, 19:11:38 IST] [INFO]: I have the direct flight option set to false
[29/01/2025, 19:11:38 IST] [INFO]: I have the baggage option set to false
[29/01/2025, 19:11:38 IST] [INFO]: I have the refundable option set to false
[29/01/2025, 19:11:38 IST] [INFO]: No airline available, skipping...
[29/01/2025, 19:11:44 IST] [INFO]: I have the departure location as DXB
[29/01/2025, 19:11:44 IST] [INFO]: I have the return location LHR
[29/01/2025, 19:11:44 IST] [INFO]: I have the departure date 02-22-2025
[29/01/2025, 19:11:44 IST] [INFO]: I have the cabin class Y
[29/01/2025, 19:11:44 IST] [INFO]: I have the number of adults 1
[29/01/2025, 19:11:44 IST] [INFO]: I have the number of children 1
[29/01/2025, 19:11:44 IST] [INFO]: I have the number of infand 0
[29/01/2025, 19:11:44 IST] [INFO]: I have the direct flight option set to false
[29/01/2025, 19:11:44 IST] [INFO]: I have the baggage option set to false
[29/01/2025, 19:11:44 IST] [INFO]: I have the refundable option set to false
[29/01/2025, 19:11:44 IST] [INFO]: No airline available, skipping...
[29/01/2025, 19:12:26 IST] [INFO]: I have the departure location as DXB
[29/01/2025, 19:12:26 IST] [INFO]: I have the return location LHR
[29/01/2025, 19:12:26 IST] [INFO]: I have the departure date 02-22-2025
[29/01/2025, 19:12:26 IST] [INFO]: I have the cabin class Y
[29/01/2025, 19:12:26 IST] [INFO]: I have the number of adults 1
[29/01/2025, 19:12:26 IST] [INFO]: I have the number of children 1
[29/01/2025, 19:12:26 IST] [INFO]: I have the number of infand 0
[29/01/2025, 19:12:26 IST] [INFO]: I have the direct flight option set to false
[29/01/2025, 19:12:26 IST] [INFO]: I have the baggage option set to false
[29/01/2025, 19:12:26 IST] [INFO]: I have the refundable option set to false
[29/01/2025, 19:12:26 IST] [INFO]: No airline available, skipping...
[30/01/2025, 09:55:58 IST] [INFO]: I have the departure location as DXB
[30/01/2025, 09:55:58 IST] [INFO]: I have the return location LHR
[30/01/2025, 09:55:58 IST] [INFO]: I have the departure date 02-22-2025
[30/01/2025, 09:55:58 IST] [INFO]: I have the cabin class Y
[30/01/2025, 09:55:58 IST] [INFO]: I have the number of adults 1
[30/01/2025, 09:55:58 IST] [INFO]: I have the number of children 1
[30/01/2025, 09:55:58 IST] [INFO]: I have the number of infand 0
[30/01/2025, 09:55:58 IST] [INFO]: I have the direct flight option set to false
[30/01/2025, 09:55:58 IST] [INFO]: I have the baggage option set to false
[30/01/2025, 09:55:58 IST] [INFO]: I have the refundable option set to false
[30/01/2025, 09:55:59 IST] [INFO]: No airline available, skipping...
[30/01/2025, 09:56:07 IST] [INFO]: I have the departure location as DXB
[30/01/2025, 09:56:07 IST] [INFO]: I have the return location LHR
[30/01/2025, 09:56:07 IST] [INFO]: I have the departure date 02-22-2025
[30/01/2025, 09:56:07 IST] [INFO]: I have the cabin class Y
[30/01/2025, 09:56:07 IST] [INFO]: I have the number of adults 1
[30/01/2025, 09:56:07 IST] [INFO]: I have the number of children 1
[30/01/2025, 09:56:07 IST] [INFO]: I have the number of infand 0
[30/01/2025, 09:56:07 IST] [INFO]: I have the direct flight option set to false
[30/01/2025, 09:56:07 IST] [INFO]: I have the baggage option set to false
[30/01/2025, 09:56:07 IST] [INFO]: I have the refundable option set to false
[30/01/2025, 09:56:07 IST] [INFO]: No airline available, skipping...
[30/01/2025, 09:57:08 IST] [INFO]: I have the departure location as DXB
[30/01/2025, 09:57:08 IST] [INFO]: I have the return location LHR
[30/01/2025, 09:57:08 IST] [INFO]: I have the departure date 02-22-2025
[30/01/2025, 09:57:08 IST] [INFO]: I have the cabin class Y
[30/01/2025, 09:57:08 IST] [INFO]: I have the number of adults 1
[30/01/2025, 09:57:08 IST] [INFO]: I have the number of children 1
[30/01/2025, 09:57:08 IST] [INFO]: I have the number of infand 0
[30/01/2025, 09:57:08 IST] [INFO]: I have the direct flight option set to false
[30/01/2025, 09:57:08 IST] [INFO]: I have the baggage option set to false
[30/01/2025, 09:57:08 IST] [INFO]: I have the refundable option set to false
[30/01/2025, 09:57:08 IST] [INFO]: No airline available, skipping...
[30/01/2025, 09:58:00 IST] [INFO]: I enter the passenger title Mr
[30/01/2025, 09:58:22 IST] [INFO]: I enter the passenger title Mstr
[30/01/2025, 10:00:05 IST] [INFO]: I have the departure location as DXB
[30/01/2025, 10:00:05 IST] [INFO]: I have the return location LHR
[30/01/2025, 10:00:05 IST] [INFO]: I have the departure date 02-22-2025
[30/01/2025, 10:00:05 IST] [INFO]: I have the cabin class Y
[30/01/2025, 10:00:05 IST] [INFO]: I have the number of adults 2
[30/01/2025, 10:00:05 IST] [INFO]: I have the number of children 0
[30/01/2025, 10:00:05 IST] [INFO]: I have the number of infand 1
[30/01/2025, 10:00:05 IST] [INFO]: I have the direct flight option set to false
[30/01/2025, 10:00:05 IST] [INFO]: I have the baggage option set to false
[30/01/2025, 10:00:05 IST] [INFO]: I have the refundable option set to false
[30/01/2025, 10:00:05 IST] [INFO]: No airline available, skipping...
[30/01/2025, 10:01:00 IST] [INFO]: I enter the passenger title Mr
[30/01/2025, 10:04:08 IST] [INFO]: I have the departure location as DXB
[30/01/2025, 10:04:08 IST] [INFO]: I have the return location LHR
[30/01/2025, 10:04:08 IST] [INFO]: I have the departure date 02-22-2025
[30/01/2025, 10:04:08 IST] [INFO]: I have the cabin class Y
[30/01/2025, 10:04:08 IST] [INFO]: I have the number of adults 1
[30/01/2025, 10:04:08 IST] [INFO]: I have the number of children 1
[30/01/2025, 10:04:08 IST] [INFO]: I have the number of infand 1
[30/01/2025, 10:04:08 IST] [INFO]: I have the direct flight option set to false
[30/01/2025, 10:04:08 IST] [INFO]: I have the baggage option set to false
[30/01/2025, 10:04:08 IST] [INFO]: I have the refundable option set to false
[30/01/2025, 10:04:08 IST] [INFO]: No airline available, skipping...
[30/01/2025, 10:05:10 IST] [INFO]: I enter the passenger title Mr
[30/01/2025, 10:05:36 IST] [INFO]: I enter the passenger title Mstr
[30/01/2025, 10:06:06 IST] [INFO]: I enter the passenger title Miss
[30/01/2025, 10:06:59 IST] [INFO]: I have the departure location as DXB
[30/01/2025, 10:06:59 IST] [INFO]: I have the return location LHR
[30/01/2025, 10:07:00 IST] [INFO]: I have the departure date 02-22-2025
[30/01/2025, 10:07:00 IST] [INFO]: I have the cabin class Y
[30/01/2025, 10:07:00 IST] [INFO]: I have the number of adults 2
[30/01/2025, 10:07:00 IST] [INFO]: I have the number of children 0
[30/01/2025, 10:07:00 IST] [INFO]: I have the number of infand 0
[30/01/2025, 10:07:00 IST] [INFO]: I have the direct flight option set to false
[30/01/2025, 10:07:00 IST] [INFO]: I have the baggage option set to false
[30/01/2025, 10:07:00 IST] [INFO]: I have the refundable option set to false
[30/01/2025, 10:07:00 IST] [INFO]: No airline available, skipping...
[30/01/2025, 10:07:51 IST] [INFO]: I enter the passenger title Mr
[30/01/2025, 10:08:17 IST] [INFO]: I enter the passenger title Mr
[30/01/2025, 10:09:05 IST] [INFO]: No airline available, skipping...
[30/01/2025, 10:09:40 IST] [INFO]: I have the departure location as DXB
[30/01/2025, 10:09:40 IST] [INFO]: I have the return location LHR
[30/01/2025, 10:09:40 IST] [INFO]: I have the departure date 02-22-2025
[30/01/2025, 10:09:40 IST] [INFO]: I have the cabin class Y
[30/01/2025, 10:09:40 IST] [INFO]: I have the number of adults 2
[30/01/2025, 10:09:40 IST] [INFO]: I have the number of children 0
[30/01/2025, 10:09:40 IST] [INFO]: I have the number of infand 0
[30/01/2025, 10:09:40 IST] [INFO]: I have the direct flight option set to false
[30/01/2025, 10:09:40 IST] [INFO]: I have the baggage option set to false
[30/01/2025, 10:09:40 IST] [INFO]: I have the refundable option set to false
[30/01/2025, 10:09:40 IST] [INFO]: No airline available, skipping...
[30/01/2025, 10:10:32 IST] [INFO]: I enter the passenger title Mr
[30/01/2025, 10:10:56 IST] [INFO]: I enter the passenger title Mr
[30/01/2025, 10:11:39 IST] [INFO]: No airline available, skipping...
[30/01/2025, 10:12:35 IST] [INFO]: I enter the passenger title Mr
[30/01/2025, 10:13:25 IST] [INFO]: I enter the passenger title Mr
[30/01/2025, 10:20:00 IST] [INFO]: I have the departure location as DXB
[30/01/2025, 10:20:00 IST] [INFO]: I have the return location LHR
[30/01/2025, 10:20:00 IST] [INFO]: I have the departure date 02-22-2025
[30/01/2025, 10:20:00 IST] [INFO]: I have the cabin class Y
[30/01/2025, 10:20:00 IST] [INFO]: I have the number of adults 2
[30/01/2025, 10:20:00 IST] [INFO]: I have the number of children 0
[30/01/2025, 10:20:00 IST] [INFO]: I have the number of infand 0
[30/01/2025, 10:20:00 IST] [INFO]: I have the direct flight option set to false
[30/01/2025, 10:20:00 IST] [INFO]: I have the baggage option set to false
[30/01/2025, 10:20:00 IST] [INFO]: I have the refundable option set to false
[30/01/2025, 10:20:00 IST] [INFO]: No airline available, skipping...
[30/01/2025, 10:20:54 IST] [INFO]: I enter the passenger title Mr
[30/01/2025, 10:21:20 IST] [INFO]: I enter the passenger title Mr
[30/01/2025, 10:22:03 IST] [INFO]: No airline available, skipping...
[30/01/2025, 10:22:46 IST] [INFO]: I have the departure location as DXB
[30/01/2025, 10:22:46 IST] [INFO]: I have the return location LHR
[30/01/2025, 10:22:46 IST] [INFO]: I have the departure date 02-22-2025
[30/01/2025, 10:22:46 IST] [INFO]: I have the cabin class Y
[30/01/2025, 10:22:46 IST] [INFO]: I have the number of adults 2
[30/01/2025, 10:22:46 IST] [INFO]: I have the number of children 0
[30/01/2025, 10:22:46 IST] [INFO]: I have the number of infand 0
[30/01/2025, 10:22:46 IST] [INFO]: I have the direct flight option set to false
[30/01/2025, 10:22:46 IST] [INFO]: I have the baggage option set to false
[30/01/2025, 10:22:46 IST] [INFO]: I have the refundable option set to false
[30/01/2025, 10:22:46 IST] [INFO]: No airline available, skipping...
[30/01/2025, 10:23:51 IST] [INFO]: I enter the passenger title Mr
[30/01/2025, 10:24:13 IST] [INFO]: I enter the passenger title Mr
[30/01/2025, 10:24:55 IST] [INFO]: No airline available, skipping...
[30/01/2025, 10:25:48 IST] [INFO]: I enter the passenger title Mr
[30/01/2025, 10:26:40 IST] [INFO]: I enter the passenger title Mr
[30/01/2025, 10:29:40 IST] [INFO]: I have the departure location as DXB
[30/01/2025, 10:29:40 IST] [INFO]: I have the return location LHR
[30/01/2025, 10:29:40 IST] [INFO]: I have the departure date 02-22-2025
[30/01/2025, 10:29:40 IST] [INFO]: I have the cabin class Y
[30/01/2025, 10:29:42 IST] [INFO]: I have the number of adults 2
[30/01/2025, 10:29:42 IST] [INFO]: I have the number of children 0
[30/01/2025, 10:29:42 IST] [INFO]: I have the number of infand 0
[30/01/2025, 10:29:42 IST] [INFO]: I have the direct flight option set to false
[30/01/2025, 10:29:42 IST] [INFO]: I have the baggage option set to false
[30/01/2025, 10:29:42 IST] [INFO]: I have the refundable option set to false
[30/01/2025, 10:29:42 IST] [INFO]: No airline available, skipping...
[30/01/2025, 10:30:36 IST] [INFO]: I have the departure location as DXB
[30/01/2025, 10:30:36 IST] [INFO]: I have the return location LHR
[30/01/2025, 10:30:36 IST] [INFO]: I have the departure date 02-22-2025
[30/01/2025, 10:30:36 IST] [INFO]: I have the cabin class Y
[30/01/2025, 10:30:36 IST] [INFO]: I have the number of adults 1
[30/01/2025, 10:30:36 IST] [INFO]: I have the number of children 2
[30/01/2025, 10:30:36 IST] [INFO]: I have the number of infand 2
[30/01/2025, 10:30:36 IST] [INFO]: I have the direct flight option set to false
[30/01/2025, 10:30:36 IST] [INFO]: I have the baggage option set to false
[30/01/2025, 10:30:36 IST] [INFO]: I have the refundable option set to false
[30/01/2025, 10:30:36 IST] [INFO]: No airline available, skipping...
[30/01/2025, 10:31:11 IST] [INFO]: No airline available, skipping...
[30/01/2025, 10:31:23 IST] [INFO]: I have the departure location as DXB
[30/01/2025, 10:31:23 IST] [INFO]: I have the return location LHR
[30/01/2025, 10:31:23 IST] [INFO]: I have the departure date 02-22-2025
[30/01/2025, 10:31:23 IST] [INFO]: I have the cabin class Y
[30/01/2025, 10:31:23 IST] [INFO]: I have the number of adults 1
[30/01/2025, 10:31:23 IST] [INFO]: I have the number of children 2
[30/01/2025, 10:31:23 IST] [INFO]: I have the number of infand 2
[30/01/2025, 10:31:23 IST] [INFO]: I have the direct flight option set to false
[30/01/2025, 10:31:23 IST] [INFO]: I have the baggage option set to false
[30/01/2025, 10:31:23 IST] [INFO]: I have the refundable option set to false
[30/01/2025, 10:31:23 IST] [INFO]: No airline available, skipping...
[30/01/2025, 10:32:22 IST] [INFO]: I enter the passenger title Mr
[30/01/2025, 10:32:45 IST] [INFO]: I enter the passenger title Mstr
[30/01/2025, 10:33:12 IST] [INFO]: I enter the passenger title Mstr
[30/01/2025, 10:33:55 IST] [INFO]: No airline available, skipping...
[30/01/2025, 10:45:10 IST] [INFO]: I have the departure location as DXB
[30/01/2025, 10:45:10 IST] [INFO]: I have the return location LHR
[30/01/2025, 10:45:10 IST] [INFO]: I have the departure date 02-22-2025
[30/01/2025, 10:45:10 IST] [INFO]: I have the cabin class Y
[30/01/2025, 10:45:10 IST] [INFO]: I have the number of adults 1
[30/01/2025, 10:45:10 IST] [INFO]: I have the number of children 2
[30/01/2025, 10:45:10 IST] [INFO]: I have the number of infand 2
[30/01/2025, 10:45:10 IST] [INFO]: I have the direct flight option set to false
[30/01/2025, 10:45:10 IST] [INFO]: I have the baggage option set to false
[30/01/2025, 10:45:10 IST] [INFO]: I have the refundable option set to false
[30/01/2025, 10:45:10 IST] [INFO]: No airline available, skipping...
[30/01/2025, 10:45:30 IST] [INFO]: I have the departure location as DXB
[30/01/2025, 10:45:30 IST] [INFO]: I have the return location LHR
[30/01/2025, 10:45:30 IST] [INFO]: I have the departure date 02-22-2025
[30/01/2025, 10:45:30 IST] [INFO]: I have the cabin class Y
[30/01/2025, 10:45:30 IST] [INFO]: I have the number of adults 1
[30/01/2025, 10:45:30 IST] [INFO]: I have the number of children 2
[30/01/2025, 10:45:30 IST] [INFO]: I have the number of infand 2
[30/01/2025, 10:45:30 IST] [INFO]: I have the direct flight option set to false
[30/01/2025, 10:45:30 IST] [INFO]: I have the baggage option set to false
[30/01/2025, 10:45:30 IST] [INFO]: I have the refundable option set to false
[30/01/2025, 10:45:30 IST] [INFO]: No airline available, skipping...
[30/01/2025, 10:46:06 IST] [INFO]: I enter the passenger title Mr
[30/01/2025, 10:46:44 IST] [INFO]: No airline available, skipping...
[30/01/2025, 10:46:56 IST] [INFO]: I have the departure location as DXB
[30/01/2025, 10:46:56 IST] [INFO]: I have the return location LHR
[30/01/2025, 10:46:56 IST] [INFO]: I have the departure date 02-22-2025
[30/01/2025, 10:46:56 IST] [INFO]: I have the cabin class Y
[30/01/2025, 10:46:56 IST] [INFO]: I have the number of adults 1
[30/01/2025, 10:46:56 IST] [INFO]: I have the number of children 2
[30/01/2025, 10:46:56 IST] [INFO]: I have the number of infand 2
[30/01/2025, 10:46:56 IST] [INFO]: I have the direct flight option set to false
[30/01/2025, 10:46:56 IST] [INFO]: I have the baggage option set to false
[30/01/2025, 10:46:56 IST] [INFO]: I have the refundable option set to false
[30/01/2025, 10:46:56 IST] [INFO]: No airline available, skipping...
[30/01/2025, 10:47:25 IST] [INFO]: I enter the passenger title Mr
[30/01/2025, 10:48:09 IST] [INFO]: No airline available, skipping...
[30/01/2025, 10:48:50 IST] [INFO]: I enter the passenger title Mr
[30/01/2025, 10:49:27 IST] [INFO]: I have the departure location as DXB
[30/01/2025, 10:49:27 IST] [INFO]: I have the return location LHR
[30/01/2025, 10:49:27 IST] [INFO]: I have the departure date 02-22-2025
[30/01/2025, 10:49:27 IST] [INFO]: I have the cabin class Y
[30/01/2025, 10:49:27 IST] [INFO]: I have the number of adults 1
[30/01/2025, 10:49:27 IST] [INFO]: I have the number of children 2
[30/01/2025, 10:49:27 IST] [INFO]: I have the number of infand 2
[30/01/2025, 10:49:27 IST] [INFO]: I have the direct flight option set to false
[30/01/2025, 10:49:27 IST] [INFO]: I have the baggage option set to false
[30/01/2025, 10:49:27 IST] [INFO]: I have the refundable option set to false
[30/01/2025, 10:49:27 IST] [INFO]: No airline available, skipping...
[30/01/2025, 10:49:57 IST] [INFO]: I enter the passenger title Mr
[30/01/2025, 10:50:35 IST] [INFO]: No airline available, skipping...
[30/01/2025, 10:50:46 IST] [INFO]: I have the departure location as DXB
[30/01/2025, 10:50:47 IST] [INFO]: I have the return location LHR
[30/01/2025, 10:50:47 IST] [INFO]: I have the departure date 02-22-2025
[30/01/2025, 10:50:47 IST] [INFO]: I have the cabin class Y
[30/01/2025, 10:50:47 IST] [INFO]: I have the number of adults 1
[30/01/2025, 10:50:47 IST] [INFO]: I have the number of children 2
[30/01/2025, 10:50:47 IST] [INFO]: I have the number of infand 2
[30/01/2025, 10:50:47 IST] [INFO]: I have the direct flight option set to false
[30/01/2025, 10:50:47 IST] [INFO]: I have the baggage option set to false
[30/01/2025, 10:50:47 IST] [INFO]: I have the refundable option set to false
[30/01/2025, 10:50:47 IST] [INFO]: No airline available, skipping...
[30/01/2025, 10:51:17 IST] [INFO]: I enter the passenger title Mr
[30/01/2025, 10:51:54 IST] [INFO]: No airline available, skipping...
[30/01/2025, 10:52:51 IST] [INFO]: I enter the passenger title Mr
[30/01/2025, 10:55:41 IST] [INFO]: I have the departure location as DXB
[30/01/2025, 10:55:41 IST] [INFO]: I have the return location LHR
[30/01/2025, 10:55:41 IST] [INFO]: I have the departure date 02-22-2025
[30/01/2025, 10:55:41 IST] [INFO]: I have the cabin class Y
[30/01/2025, 10:55:41 IST] [INFO]: I have the number of adults 1
[30/01/2025, 10:55:41 IST] [INFO]: I have the number of children 2
[30/01/2025, 10:55:41 IST] [INFO]: I have the number of infand 2
[30/01/2025, 10:55:41 IST] [INFO]: I have the direct flight option set to false
[30/01/2025, 10:55:41 IST] [INFO]: I have the baggage option set to false
[30/01/2025, 10:55:41 IST] [INFO]: I have the refundable option set to false
[30/01/2025, 10:55:41 IST] [INFO]: No airline available, skipping...
[30/01/2025, 10:56:21 IST] [INFO]: I enter the passenger title Mr
[30/01/2025, 10:56:26 IST] [INFO]: No airline available, skipping...
[30/01/2025, 10:57:19 IST] [INFO]: I have the departure location as DXB
[30/01/2025, 10:57:19 IST] [INFO]: I have the return location LHR
[30/01/2025, 10:57:19 IST] [INFO]: I have the departure date 02-22-2025
[30/01/2025, 10:57:19 IST] [INFO]: I have the cabin class Y
[30/01/2025, 10:57:19 IST] [INFO]: I have the number of adults 1
[30/01/2025, 10:57:19 IST] [INFO]: I have the number of children 2
[30/01/2025, 10:57:19 IST] [INFO]: I have the number of infand 2
[30/01/2025, 10:57:19 IST] [INFO]: I have the direct flight option set to false
[30/01/2025, 10:57:19 IST] [INFO]: I have the baggage option set to false
[30/01/2025, 10:57:19 IST] [INFO]: I have the refundable option set to false
[30/01/2025, 10:57:19 IST] [INFO]: No airline available, skipping...
[30/01/2025, 10:57:42 IST] [INFO]: I enter the passenger title Mr
[30/01/2025, 10:59:41 IST] [INFO]: I have the departure location as DXB
[30/01/2025, 10:59:41 IST] [INFO]: I have the return location LHR
[30/01/2025, 10:59:41 IST] [INFO]: I have the departure date 02-22-2025
[30/01/2025, 10:59:41 IST] [INFO]: I have the cabin class Y
[30/01/2025, 10:59:41 IST] [INFO]: I have the number of adults 1
[30/01/2025, 10:59:41 IST] [INFO]: I have the number of children 2
[30/01/2025, 10:59:42 IST] [INFO]: I have the number of infand 2
[30/01/2025, 10:59:42 IST] [INFO]: I have the direct flight option set to false
[30/01/2025, 10:59:42 IST] [INFO]: I have the baggage option set to false
[30/01/2025, 10:59:42 IST] [INFO]: I have the refundable option set to false
[30/01/2025, 10:59:42 IST] [INFO]: No airline available, skipping...
[30/01/2025, 11:00:18 IST] [INFO]: No airline available, skipping...
[30/01/2025, 11:00:23 IST] [INFO]: I have the departure location as DXB
[30/01/2025, 11:00:23 IST] [INFO]: I have the return location LHR
[30/01/2025, 11:00:23 IST] [INFO]: I have the departure date 02-22-2025
[30/01/2025, 11:00:23 IST] [INFO]: I have the cabin class Y
[30/01/2025, 11:00:23 IST] [INFO]: I have the number of adults 1
[30/01/2025, 11:00:23 IST] [INFO]: I have the number of children 2
[30/01/2025, 11:00:23 IST] [INFO]: I have the number of infand 2
[30/01/2025, 11:00:23 IST] [INFO]: I have the direct flight option set to false
[30/01/2025, 11:00:23 IST] [INFO]: I have the baggage option set to false
[30/01/2025, 11:00:23 IST] [INFO]: I have the refundable option set to false
[30/01/2025, 11:00:23 IST] [INFO]: No airline available, skipping...
[30/01/2025, 11:00:51 IST] [INFO]: I enter the passenger title Mr
[30/01/2025, 11:00:58 IST] [INFO]: I enter the passenger title Mstr
[30/01/2025, 11:01:36 IST] [INFO]: No airline available, skipping...
[30/01/2025, 11:02:00 IST] [INFO]: I have the departure location as DXB
[30/01/2025, 11:02:00 IST] [INFO]: I have the return location LHR
[30/01/2025, 11:02:00 IST] [INFO]: I have the departure date 02-22-2025
[30/01/2025, 11:02:00 IST] [INFO]: I have the cabin class Y
[30/01/2025, 11:02:00 IST] [INFO]: I have the number of adults 1
[30/01/2025, 11:02:00 IST] [INFO]: I have the number of children 2
[30/01/2025, 11:02:00 IST] [INFO]: I have the number of infand 2
[30/01/2025, 11:02:00 IST] [INFO]: I have the direct flight option set to false
[30/01/2025, 11:02:00 IST] [INFO]: I have the baggage option set to false
[30/01/2025, 11:02:00 IST] [INFO]: I have the refundable option set to false
[30/01/2025, 11:02:00 IST] [INFO]: No airline available, skipping...
[30/01/2025, 11:02:37 IST] [INFO]: I enter the passenger title Mr
[30/01/2025, 11:02:44 IST] [INFO]: I enter the passenger title Mstr
[30/01/2025, 11:02:53 IST] [INFO]: I enter the passenger title Mstr
[30/01/2025, 11:03:01 IST] [INFO]: I enter the passenger title Miss
[30/01/2025, 11:03:10 IST] [INFO]: I enter the passenger title Miss
[30/01/2025, 11:04:01 IST] [INFO]: No airline available, skipping...
[30/01/2025, 11:05:04 IST] [INFO]: I enter the passenger title Mr
[30/01/2025, 11:05:23 IST] [INFO]: I enter the passenger title Mr
[30/01/2025, 11:06:39 IST] [INFO]: I have the departure location as DXB
[30/01/2025, 11:06:39 IST] [INFO]: I have the return location LHR
[30/01/2025, 11:06:39 IST] [INFO]: I have the departure date 02-22-2025
[30/01/2025, 11:06:39 IST] [INFO]: I have the cabin class Y
[30/01/2025, 11:06:39 IST] [INFO]: I have the number of adults 1
[30/01/2025, 11:06:39 IST] [INFO]: I have the number of children 2
[30/01/2025, 11:06:39 IST] [INFO]: I have the number of infand 2
[30/01/2025, 11:06:39 IST] [INFO]: I have the direct flight option set to false
[30/01/2025, 11:06:39 IST] [INFO]: I have the baggage option set to false
[30/01/2025, 11:06:39 IST] [INFO]: I have the refundable option set to false
[30/01/2025, 11:06:39 IST] [INFO]: No airline available, skipping...
[30/01/2025, 11:07:18 IST] [INFO]: I have the departure location as DXB
[30/01/2025, 11:07:18 IST] [INFO]: I have the return location LHR
[30/01/2025, 11:07:18 IST] [INFO]: I have the departure date 02-22-2025
[30/01/2025, 11:07:18 IST] [INFO]: I have the cabin class Y
[30/01/2025, 11:07:18 IST] [INFO]: I have the number of adults 1
[30/01/2025, 11:07:18 IST] [INFO]: I have the number of children 2
[30/01/2025, 11:07:18 IST] [INFO]: I have the number of infand 2
[30/01/2025, 11:07:18 IST] [INFO]: I have the direct flight option set to false
[30/01/2025, 11:07:18 IST] [INFO]: I have the baggage option set to false
[30/01/2025, 11:07:18 IST] [INFO]: I have the refundable option set to false
[30/01/2025, 11:07:18 IST] [INFO]: No airline available, skipping...
[30/01/2025, 11:07:47 IST] [INFO]: I enter the passenger title Mr
[30/01/2025, 11:08:24 IST] [INFO]: No airline available, skipping...
[30/01/2025, 11:09:06 IST] [INFO]: I enter the passenger title Mr
[30/01/2025, 11:09:35 IST] [INFO]: I have the departure location as DXB
[30/01/2025, 11:09:35 IST] [INFO]: I have the return location LHR
[30/01/2025, 11:09:35 IST] [INFO]: I have the departure date 02-22-2025
[30/01/2025, 11:09:35 IST] [INFO]: I have the cabin class Y
[30/01/2025, 11:09:35 IST] [INFO]: I have the number of adults 1
[30/01/2025, 11:09:35 IST] [INFO]: I have the number of children 2
[30/01/2025, 11:09:35 IST] [INFO]: I have the number of infand 2
[30/01/2025, 11:09:35 IST] [INFO]: I have the direct flight option set to false
[30/01/2025, 11:09:35 IST] [INFO]: I have the baggage option set to false
[30/01/2025, 11:09:35 IST] [INFO]: I have the refundable option set to false
[30/01/2025, 11:09:35 IST] [INFO]: No airline available, skipping...
[30/01/2025, 11:10:09 IST] [INFO]: I enter the passenger title Mr
[30/01/2025, 11:10:51 IST] [INFO]: No airline available, skipping...
[30/01/2025, 11:11:57 IST] [INFO]: I have the departure location as DXB
[30/01/2025, 11:11:57 IST] [INFO]: I have the return location LHR
[30/01/2025, 11:11:57 IST] [INFO]: I have the departure date 02-22-2025
[30/01/2025, 11:11:57 IST] [INFO]: I have the cabin class Y
[30/01/2025, 11:11:57 IST] [INFO]: I have the number of adults 1
[30/01/2025, 11:11:57 IST] [INFO]: I have the number of children 2
[30/01/2025, 11:11:57 IST] [INFO]: I have the number of infand 2
[30/01/2025, 11:11:57 IST] [INFO]: I have the direct flight option set to false
[30/01/2025, 11:11:57 IST] [INFO]: I have the baggage option set to false
[30/01/2025, 11:11:57 IST] [INFO]: I have the refundable option set to false
[30/01/2025, 11:11:57 IST] [INFO]: No airline available, skipping...
[30/01/2025, 11:12:26 IST] [INFO]: I have the departure location as DXB
[30/01/2025, 11:12:26 IST] [INFO]: I have the return location LHR
[30/01/2025, 11:12:26 IST] [INFO]: I have the departure date 02-22-2025
[30/01/2025, 11:12:26 IST] [INFO]: I have the cabin class Y
[30/01/2025, 11:12:26 IST] [INFO]: I have the number of adults 1
[30/01/2025, 11:12:26 IST] [INFO]: I have the number of children 2
[30/01/2025, 11:12:26 IST] [INFO]: I have the number of infand 2
[30/01/2025, 11:12:26 IST] [INFO]: I have the direct flight option set to false
[30/01/2025, 11:12:26 IST] [INFO]: I have the baggage option set to false
[30/01/2025, 11:12:26 IST] [INFO]: I have the refundable option set to false
[30/01/2025, 11:12:26 IST] [INFO]: No airline available, skipping...
[30/01/2025, 11:13:33 IST] [INFO]: No airline available, skipping...
[30/01/2025, 11:13:41 IST] [INFO]: I have the departure location as DXB
[30/01/2025, 11:13:41 IST] [INFO]: I have the return location LHR
[30/01/2025, 11:13:41 IST] [INFO]: I have the departure date 02-22-2025
[30/01/2025, 11:13:41 IST] [INFO]: I have the cabin class Y
[30/01/2025, 11:13:41 IST] [INFO]: I have the number of adults 1
[30/01/2025, 11:13:41 IST] [INFO]: I have the number of children 2
[30/01/2025, 11:13:41 IST] [INFO]: I have the number of infand 2
[30/01/2025, 11:13:41 IST] [INFO]: I have the direct flight option set to false
[30/01/2025, 11:13:41 IST] [INFO]: I have the baggage option set to false
[30/01/2025, 11:13:42 IST] [INFO]: I have the refundable option set to false
[30/01/2025, 11:13:42 IST] [INFO]: No airline available, skipping...
[30/01/2025, 11:14:43 IST] [INFO]: No airline available, skipping...
[30/01/2025, 11:28:35 IST] [INFO]: I have the departure location as DXB
[30/01/2025, 11:28:35 IST] [INFO]: I have the return location LHR
[30/01/2025, 11:28:35 IST] [INFO]: I have the departure date 02-22-2025
[30/01/2025, 11:28:35 IST] [INFO]: I have the cabin class Y
[30/01/2025, 11:28:35 IST] [INFO]: I have the number of adults 1
[30/01/2025, 11:28:35 IST] [INFO]: I have the number of children 2
[30/01/2025, 11:28:35 IST] [INFO]: I have the number of infand 2
[30/01/2025, 11:28:35 IST] [INFO]: I have the direct flight option set to false
[30/01/2025, 11:28:35 IST] [INFO]: I have the baggage option set to false
[30/01/2025, 11:28:35 IST] [INFO]: I have the refundable option set to false
[30/01/2025, 11:28:35 IST] [INFO]: No airline available, skipping...
[30/01/2025, 11:29:13 IST] [INFO]: No airline available, skipping...
[30/01/2025, 11:29:18 IST] [INFO]: I have the departure location as DXB
[30/01/2025, 11:29:18 IST] [INFO]: I have the return location LHR
[30/01/2025, 11:29:18 IST] [INFO]: I have the departure date 02-22-2025
[30/01/2025, 11:29:18 IST] [INFO]: I have the cabin class Y
[30/01/2025, 11:29:18 IST] [INFO]: I have the number of adults 1
[30/01/2025, 11:29:18 IST] [INFO]: I have the number of children 2
[30/01/2025, 11:29:19 IST] [INFO]: I have the number of infand 2
[30/01/2025, 11:29:19 IST] [INFO]: I have the direct flight option set to false
[30/01/2025, 11:29:19 IST] [INFO]: I have the baggage option set to false
[30/01/2025, 11:29:19 IST] [INFO]: I have the refundable option set to false
[30/01/2025, 11:29:19 IST] [INFO]: No airline available, skipping...
[30/01/2025, 11:29:41 IST] [INFO]: I enter the passenger title Mr
[30/01/2025, 11:30:17 IST] [INFO]: No airline available, skipping...
[30/01/2025, 11:31:01 IST] [INFO]: I enter the passenger title Mr
[30/01/2025, 11:33:04 IST] [INFO]: I have the departure location as DXB
[30/01/2025, 11:33:04 IST] [INFO]: I have the return location LHR
[30/01/2025, 11:33:04 IST] [INFO]: I have the departure date 02-22-2025
[30/01/2025, 11:33:04 IST] [INFO]: I have the cabin class Y
[30/01/2025, 11:33:04 IST] [INFO]: I have the number of adults 1
[30/01/2025, 11:33:04 IST] [INFO]: I have the number of children 2
[30/01/2025, 11:33:04 IST] [INFO]: I have the number of infand 2
[30/01/2025, 11:33:04 IST] [INFO]: I have the direct flight option set to false
[30/01/2025, 11:33:04 IST] [INFO]: I have the baggage option set to false
[30/01/2025, 11:33:04 IST] [INFO]: I have the refundable option set to false
[30/01/2025, 11:33:04 IST] [INFO]: No airline available, skipping...
[30/01/2025, 11:33:42 IST] [INFO]: I enter the passenger title Mr
[30/01/2025, 11:34:18 IST] [INFO]: No airline available, skipping...
[30/01/2025, 11:35:11 IST] [INFO]: I enter the passenger title Mr
[30/01/2025, 11:39:54 IST] [INFO]: I have the departure location as DXB
[30/01/2025, 11:39:54 IST] [INFO]: I have the return location LHR
[30/01/2025, 11:39:54 IST] [INFO]: I have the departure date 02-22-2025
[30/01/2025, 11:39:54 IST] [INFO]: I have the cabin class Y
[30/01/2025, 11:39:54 IST] [INFO]: I have the number of adults 1
[30/01/2025, 11:39:54 IST] [INFO]: I have the number of children 2
[30/01/2025, 11:39:54 IST] [INFO]: I have the number of infand 2
[30/01/2025, 11:39:54 IST] [INFO]: I have the direct flight option set to false
[30/01/2025, 11:39:54 IST] [INFO]: I have the baggage option set to false
[30/01/2025, 11:39:54 IST] [INFO]: I have the refundable option set to false
[30/01/2025, 11:39:54 IST] [INFO]: No airline available, skipping...
[30/01/2025, 11:52:00 IST] [INFO]: I enter the passenger title Mr
[30/01/2025, 11:52:07 IST] [INFO]: I enter the passenger title Mstr
[30/01/2025, 11:52:44 IST] [INFO]: No airline available, skipping...
[30/01/2025, 11:53:02 IST] [INFO]: I have the departure location as DXB
[30/01/2025, 11:53:02 IST] [INFO]: I have the return location LHR
[30/01/2025, 11:53:02 IST] [INFO]: I have the departure date 02-22-2025
[30/01/2025, 11:53:02 IST] [INFO]: I have the cabin class Y
[30/01/2025, 11:53:02 IST] [INFO]: I have the number of adults 1
[30/01/2025, 11:53:02 IST] [INFO]: I have the number of children 2
[30/01/2025, 11:53:02 IST] [INFO]: I have the number of infand 2
[30/01/2025, 11:53:03 IST] [INFO]: I have the direct flight option set to false
[30/01/2025, 11:53:03 IST] [INFO]: I have the baggage option set to false
[30/01/2025, 11:53:03 IST] [INFO]: I have the refundable option set to false
[30/01/2025, 11:53:03 IST] [INFO]: No airline available, skipping...
[30/01/2025, 11:54:12 IST] [INFO]: No airline available, skipping...
[30/01/2025, 11:54:55 IST] [INFO]: I enter the passenger title Mr
[30/01/2025, 11:55:02 IST] [INFO]: I enter the passenger title Mr
[30/01/2025, 11:57:54 IST] [INFO]: I have the departure location as DXB
[30/01/2025, 11:57:54 IST] [INFO]: I have the return location LHR
[30/01/2025, 11:57:54 IST] [INFO]: I have the departure date 02-22-2025
[30/01/2025, 11:57:54 IST] [INFO]: I have the cabin class Y
[30/01/2025, 11:57:54 IST] [INFO]: I have the number of adults 1
[30/01/2025, 11:57:54 IST] [INFO]: I have the number of children 2
[30/01/2025, 11:57:54 IST] [INFO]: I have the number of infand 2
[30/01/2025, 11:57:54 IST] [INFO]: I have the direct flight option set to false
[30/01/2025, 11:57:54 IST] [INFO]: I have the baggage option set to false
[30/01/2025, 11:57:54 IST] [INFO]: I have the refundable option set to false
[30/01/2025, 11:57:54 IST] [INFO]: No airline available, skipping...
[30/01/2025, 11:58:56 IST] [INFO]: I have the departure location as DXB
[30/01/2025, 11:58:56 IST] [INFO]: I have the return location LHR
[30/01/2025, 11:58:56 IST] [INFO]: I have the departure date 02-22-2025
[30/01/2025, 11:58:56 IST] [INFO]: I have the cabin class Y
[30/01/2025, 11:58:56 IST] [INFO]: I have the number of adults 1
[30/01/2025, 11:58:56 IST] [INFO]: I have the number of children 2
[30/01/2025, 11:58:56 IST] [INFO]: I have the number of infand 2
[30/01/2025, 11:58:56 IST] [INFO]: I have the direct flight option set to false
[30/01/2025, 11:58:56 IST] [INFO]: I have the baggage option set to false
[30/01/2025, 11:58:56 IST] [INFO]: I have the refundable option set to false
[30/01/2025, 11:58:56 IST] [INFO]: No airline available, skipping...
[30/01/2025, 11:59:40 IST] [INFO]: No airline available, skipping...
[30/01/2025, 12:00:21 IST] [INFO]: I enter the passenger title Mr
[30/01/2025, 12:00:32 IST] [INFO]: I enter the passenger title Mr
[30/01/2025, 12:08:59 IST] [INFO]: I have the departure location as DXB
[30/01/2025, 12:08:59 IST] [INFO]: I have the return location LHR
[30/01/2025, 12:08:59 IST] [INFO]: I have the departure date 02-22-2025
[30/01/2025, 12:08:59 IST] [INFO]: I have the cabin class Y
[30/01/2025, 12:08:59 IST] [INFO]: I have the number of adults 1
[30/01/2025, 12:08:59 IST] [INFO]: I have the number of children 2
[30/01/2025, 12:08:59 IST] [INFO]: I have the number of infand 2
[30/01/2025, 12:08:59 IST] [INFO]: I have the direct flight option set to false
[30/01/2025, 12:08:59 IST] [INFO]: I have the baggage option set to false
[30/01/2025, 12:08:59 IST] [INFO]: I have the refundable option set to false
[30/01/2025, 12:08:59 IST] [INFO]: No airline available, skipping...
[30/01/2025, 12:09:36 IST] [INFO]: No airline available, skipping...
[30/01/2025, 12:11:15 IST] [INFO]: I have the departure location as DXB
[30/01/2025, 12:11:15 IST] [INFO]: I have the return location LHR
[30/01/2025, 12:11:15 IST] [INFO]: I have the departure date 02-22-2025
[30/01/2025, 12:11:16 IST] [INFO]: I have the cabin class Y
[30/01/2025, 12:11:16 IST] [INFO]: I have the number of adults 1
[30/01/2025, 12:11:16 IST] [INFO]: I have the number of children 2
[30/01/2025, 12:11:16 IST] [INFO]: I have the number of infand 2
[30/01/2025, 12:11:16 IST] [INFO]: I have the direct flight option set to false
[30/01/2025, 12:11:16 IST] [INFO]: I have the baggage option set to false
[30/01/2025, 12:11:16 IST] [INFO]: I have the refundable option set to false
[30/01/2025, 12:11:16 IST] [INFO]: No airline available, skipping...
[30/01/2025, 12:11:57 IST] [INFO]: No airline available, skipping...
[30/01/2025, 13:02:42 IST] [INFO]: I have the departure location as DXB
[30/01/2025, 13:02:42 IST] [INFO]: I have the return location LHR
[30/01/2025, 13:02:42 IST] [INFO]: I have the departure date 02-22-2025
[30/01/2025, 13:02:42 IST] [INFO]: I have the cabin class Y
[30/01/2025, 13:02:42 IST] [INFO]: I have the number of adults 1
[30/01/2025, 13:02:42 IST] [INFO]: I have the number of children 2
[30/01/2025, 13:02:42 IST] [INFO]: I have the number of infand 2
[30/01/2025, 13:02:42 IST] [INFO]: I have the direct flight option set to false
[30/01/2025, 13:02:42 IST] [INFO]: I have the baggage option set to false
[30/01/2025, 13:02:42 IST] [INFO]: I have the refundable option set to false
[30/01/2025, 13:02:42 IST] [INFO]: No airline available, skipping...
[30/01/2025, 13:03:28 IST] [INFO]: I have the departure location as DXB
[30/01/2025, 13:03:28 IST] [INFO]: I have the return location LHR
[30/01/2025, 13:03:28 IST] [INFO]: I have the departure date 02-22-2025
[30/01/2025, 13:03:28 IST] [INFO]: I have the cabin class Y
[30/01/2025, 13:03:28 IST] [INFO]: I have the number of adults 1
[30/01/2025, 13:03:28 IST] [INFO]: I have the number of children 2
[30/01/2025, 13:03:28 IST] [INFO]: I have the number of infand 2
[30/01/2025, 13:03:28 IST] [INFO]: I have the direct flight option set to false
[30/01/2025, 13:03:28 IST] [INFO]: I have the baggage option set to false
[30/01/2025, 13:03:28 IST] [INFO]: I have the refundable option set to false
[30/01/2025, 13:03:28 IST] [INFO]: No airline available, skipping...
[30/01/2025, 13:04:52 IST] [INFO]: I have the departure location as DXB
[30/01/2025, 13:04:52 IST] [INFO]: I have the return location LHR
[30/01/2025, 13:04:52 IST] [INFO]: I have the departure date 02-22-2025
[30/01/2025, 13:04:52 IST] [INFO]: I have the cabin class Y
[30/01/2025, 13:04:52 IST] [INFO]: I have the number of adults 1
[30/01/2025, 13:04:52 IST] [INFO]: I have the number of children 2
[30/01/2025, 13:04:52 IST] [INFO]: I have the number of infand 2
[30/01/2025, 13:04:52 IST] [INFO]: I have the direct flight option set to false
[30/01/2025, 13:04:52 IST] [INFO]: I have the baggage option set to false
[30/01/2025, 13:04:52 IST] [INFO]: I have the refundable option set to false
[30/01/2025, 13:04:53 IST] [INFO]: No airline available, skipping...
[30/01/2025, 13:06:56 IST] [INFO]: I have the departure location as DXB
[30/01/2025, 13:06:56 IST] [INFO]: I have the return location LHR
[30/01/2025, 13:06:56 IST] [INFO]: I have the departure date 02-22-2025
[30/01/2025, 13:06:56 IST] [INFO]: I have the cabin class Y
[30/01/2025, 13:06:56 IST] [INFO]: I have the number of adults 1
[30/01/2025, 13:06:56 IST] [INFO]: I have the number of children 2
[30/01/2025, 13:06:56 IST] [INFO]: I have the number of infand 2
[30/01/2025, 13:06:56 IST] [INFO]: I have the direct flight option set to false
[30/01/2025, 13:06:56 IST] [INFO]: I have the baggage option set to false
[30/01/2025, 13:06:56 IST] [INFO]: I have the refundable option set to false
[30/01/2025, 13:06:56 IST] [INFO]: No airline available, skipping...
[30/01/2025, 13:08:19 IST] [INFO]: I have the departure location as DXB
[30/01/2025, 13:08:19 IST] [INFO]: I have the return location LHR
[30/01/2025, 13:08:19 IST] [INFO]: I have the departure date 02-22-2025
[30/01/2025, 13:08:19 IST] [INFO]: I have the cabin class Y
[30/01/2025, 13:08:19 IST] [INFO]: I have the number of adults 1
[30/01/2025, 13:08:19 IST] [INFO]: I have the number of children 2
[30/01/2025, 13:08:19 IST] [INFO]: I have the number of infand 2
[30/01/2025, 13:08:19 IST] [INFO]: I have the direct flight option set to false
[30/01/2025, 13:08:19 IST] [INFO]: I have the baggage option set to false
[30/01/2025, 13:08:19 IST] [INFO]: I have the refundable option set to false
[30/01/2025, 13:08:19 IST] [INFO]: No airline available, skipping...
[30/01/2025, 13:09:12 IST] [INFO]: No airline available, skipping...
[30/01/2025, 13:10:37 IST] [INFO]: I have the departure location as DXB
[30/01/2025, 13:10:37 IST] [INFO]: I have the return location LHR
[30/01/2025, 13:10:37 IST] [INFO]: I have the departure date 02-22-2025
[30/01/2025, 13:10:37 IST] [INFO]: I have the cabin class Y
[30/01/2025, 13:10:37 IST] [INFO]: I have the number of adults 1
[30/01/2025, 13:10:37 IST] [INFO]: I have the number of children 2
[30/01/2025, 13:10:37 IST] [INFO]: I have the number of infand 2
[30/01/2025, 13:10:37 IST] [INFO]: I have the direct flight option set to false
[30/01/2025, 13:10:37 IST] [INFO]: I have the baggage option set to false
[30/01/2025, 13:10:37 IST] [INFO]: I have the refundable option set to false
[30/01/2025, 13:10:37 IST] [INFO]: No airline available, skipping...
[30/01/2025, 13:11:31 IST] [INFO]: No airline available, skipping...
[30/01/2025, 13:12:11 IST] [INFO]: I enter the passenger title Mr
[30/01/2025, 13:12:17 IST] [INFO]: I enter the passenger title Mr
[30/01/2025, 13:12:55 IST] [INFO]: I have the departure location as DXB
[30/01/2025, 13:12:55 IST] [INFO]: I have the return location LHR
[30/01/2025, 13:12:55 IST] [INFO]: I have the departure date 02-22-2025
[30/01/2025, 13:12:55 IST] [INFO]: I have the cabin class Y
[30/01/2025, 13:12:56 IST] [INFO]: I have the number of adults 1
[30/01/2025, 13:12:56 IST] [INFO]: I have the number of children 2
[30/01/2025, 13:12:56 IST] [INFO]: I have the number of infand 2
[30/01/2025, 13:12:56 IST] [INFO]: I have the direct flight option set to false
[30/01/2025, 13:12:56 IST] [INFO]: I have the baggage option set to false
[30/01/2025, 13:12:56 IST] [INFO]: I have the refundable option set to false
[30/01/2025, 13:12:56 IST] [INFO]: No airline available, skipping...
[30/01/2025, 13:13:54 IST] [INFO]: No airline available, skipping...
[30/01/2025, 13:17:12 IST] [INFO]: I have the departure location as DXB
[30/01/2025, 13:17:12 IST] [INFO]: I have the return location LHR
[30/01/2025, 13:17:12 IST] [INFO]: I have the departure date 02-22-2025
[30/01/2025, 13:17:12 IST] [INFO]: I have the cabin class Y
[30/01/2025, 13:17:12 IST] [INFO]: I have the number of adults 1
[30/01/2025, 13:17:12 IST] [INFO]: I have the number of children 2
[30/01/2025, 13:17:12 IST] [INFO]: I have the number of infand 2
[30/01/2025, 13:17:12 IST] [INFO]: I have the direct flight option set to false
[30/01/2025, 13:17:15 IST] [INFO]: I have the baggage option set to false
[30/01/2025, 13:17:15 IST] [INFO]: I have the refundable option set to false
[30/01/2025, 13:17:15 IST] [INFO]: No airline available, skipping...
[30/01/2025, 13:17:59 IST] [INFO]: No airline available, skipping...
[30/01/2025, 13:18:14 IST] [INFO]: I have the departure location as DXB
[30/01/2025, 13:18:14 IST] [INFO]: I have the return location LHR
[30/01/2025, 13:18:14 IST] [INFO]: I have the departure date 02-22-2025
[30/01/2025, 13:18:14 IST] [INFO]: I have the cabin class Y
[30/01/2025, 13:18:14 IST] [INFO]: I have the number of adults 1
[30/01/2025, 13:18:14 IST] [INFO]: I have the number of children 2
[30/01/2025, 13:18:14 IST] [INFO]: I have the number of infand 2
[30/01/2025, 13:18:14 IST] [INFO]: I have the direct flight option set to false
[30/01/2025, 13:18:14 IST] [INFO]: I have the baggage option set to false
[30/01/2025, 13:18:14 IST] [INFO]: I have the refundable option set to false
[30/01/2025, 13:18:14 IST] [INFO]: No airline available, skipping...
[30/01/2025, 13:18:55 IST] [INFO]: No airline available, skipping...
[30/01/2025, 13:20:36 IST] [INFO]: I have the departure location as DXB
[30/01/2025, 13:20:36 IST] [INFO]: I have the return location LHR
[30/01/2025, 13:20:36 IST] [INFO]: I have the departure date 02-22-2025
[30/01/2025, 13:20:36 IST] [INFO]: I have the cabin class Y
[30/01/2025, 13:20:36 IST] [INFO]: I have the number of adults 1
[30/01/2025, 13:20:36 IST] [INFO]: I have the number of children 2
[30/01/2025, 13:20:36 IST] [INFO]: I have the number of infand 2
[30/01/2025, 13:20:36 IST] [INFO]: I have the direct flight option set to false
[30/01/2025, 13:20:36 IST] [INFO]: I have the baggage option set to false
[30/01/2025, 13:20:36 IST] [INFO]: I have the refundable option set to false
[30/01/2025, 13:20:36 IST] [INFO]: No airline available, skipping...
[30/01/2025, 13:21:28 IST] [INFO]: No airline available, skipping...
[30/01/2025, 13:27:33 IST] [INFO]: I have the departure location as DXB
[30/01/2025, 13:27:33 IST] [INFO]: I have the return location LHR
[30/01/2025, 13:27:33 IST] [INFO]: I have the departure date 02-22-2025
[30/01/2025, 13:27:33 IST] [INFO]: I have the cabin class Y
[30/01/2025, 13:27:33 IST] [INFO]: I have the number of adults 1
[30/01/2025, 13:27:33 IST] [INFO]: I have the number of children 2
[30/01/2025, 13:27:33 IST] [INFO]: I have the number of infand 2
[30/01/2025, 13:27:33 IST] [INFO]: I have the direct flight option set to false
[30/01/2025, 13:27:33 IST] [INFO]: I have the baggage option set to false
[30/01/2025, 13:27:33 IST] [INFO]: I have the refundable option set to false
[30/01/2025, 13:27:33 IST] [INFO]: No airline available, skipping...
[30/01/2025, 13:28:25 IST] [INFO]: No airline available, skipping...
[30/01/2025, 13:29:02 IST] [INFO]: I enter the passenger title Mr
[30/01/2025, 13:29:13 IST] [INFO]: I enter the passenger title Mr
[30/01/2025, 13:29:29 IST] [INFO]: I have the departure location as DXB
[30/01/2025, 13:29:29 IST] [INFO]: I have the return location LHR
[30/01/2025, 13:29:29 IST] [INFO]: I have the departure date 02-22-2025
[30/01/2025, 13:29:29 IST] [INFO]: I have the cabin class Y
[30/01/2025, 13:29:29 IST] [INFO]: I have the number of adults 1
[30/01/2025, 13:29:29 IST] [INFO]: I have the number of children 2
[30/01/2025, 13:29:29 IST] [INFO]: I have the number of infand 2
[30/01/2025, 13:29:29 IST] [INFO]: I have the direct flight option set to false
[30/01/2025, 13:29:29 IST] [INFO]: I have the baggage option set to false
[30/01/2025, 13:29:29 IST] [INFO]: I have the refundable option set to false
[30/01/2025, 13:29:29 IST] [INFO]: No airline available, skipping...
[30/01/2025, 13:30:04 IST] [INFO]: I have the departure location as DXB
[30/01/2025, 13:30:04 IST] [INFO]: I have the return location LHR
[30/01/2025, 13:30:04 IST] [INFO]: I have the departure date 02-22-2025
[30/01/2025, 13:30:04 IST] [INFO]: I have the cabin class Y
[30/01/2025, 13:30:04 IST] [INFO]: I have the number of adults 1
[30/01/2025, 13:30:04 IST] [INFO]: I have the number of children 2
[30/01/2025, 13:30:04 IST] [INFO]: I have the number of infand 2
[30/01/2025, 13:30:04 IST] [INFO]: I have the direct flight option set to false
[30/01/2025, 13:30:04 IST] [INFO]: I have the baggage option set to false
[30/01/2025, 13:30:04 IST] [INFO]: I have the refundable option set to false
[30/01/2025, 13:30:04 IST] [INFO]: No airline available, skipping...
[30/01/2025, 13:30:33 IST] [INFO]: No airline available, skipping...
[30/01/2025, 13:31:15 IST] [INFO]: I have the departure location as DXB
[30/01/2025, 13:31:15 IST] [INFO]: I have the return location LHR
[30/01/2025, 13:31:15 IST] [INFO]: I have the departure date 02-22-2025
[30/01/2025, 13:31:15 IST] [INFO]: I have the cabin class Y
[30/01/2025, 13:31:16 IST] [INFO]: I have the number of adults 1
[30/01/2025, 13:31:16 IST] [INFO]: I have the number of children 2
[30/01/2025, 13:31:16 IST] [INFO]: I have the number of infand 2
[30/01/2025, 13:31:16 IST] [INFO]: I have the direct flight option set to false
[30/01/2025, 13:31:16 IST] [INFO]: I have the baggage option set to false
[30/01/2025, 13:31:16 IST] [INFO]: I have the refundable option set to false
[30/01/2025, 13:31:16 IST] [INFO]: No airline available, skipping...
[30/01/2025, 13:31:36 IST] [INFO]: I have the departure location as DXB
[30/01/2025, 13:31:36 IST] [INFO]: I have the return location LHR
[30/01/2025, 13:31:36 IST] [INFO]: I have the departure date 02-22-2025
[30/01/2025, 13:31:36 IST] [INFO]: I have the cabin class Y
[30/01/2025, 13:31:36 IST] [INFO]: I have the number of adults 1
[30/01/2025, 13:31:36 IST] [INFO]: I have the number of children 2
[30/01/2025, 13:31:36 IST] [INFO]: I have the number of infand 2
[30/01/2025, 13:31:36 IST] [INFO]: I have the direct flight option set to false
[30/01/2025, 13:31:36 IST] [INFO]: I have the baggage option set to false
[30/01/2025, 13:31:36 IST] [INFO]: I have the refundable option set to false
[30/01/2025, 13:31:36 IST] [INFO]: No airline available, skipping...
[30/01/2025, 13:32:27 IST] [INFO]: No airline available, skipping...
[30/01/2025, 13:33:03 IST] [INFO]: I enter the passenger title Mr
[30/01/2025, 13:33:08 IST] [INFO]: I enter the passenger title Mr
[30/01/2025, 14:24:48 IST] [INFO]: I have the departure location as DXB
[30/01/2025, 14:24:48 IST] [INFO]: I have the return location LHR
[30/01/2025, 14:24:48 IST] [INFO]: I have the departure date 02-22-2025
[30/01/2025, 14:24:48 IST] [INFO]: I have the cabin class Y
[30/01/2025, 14:24:48 IST] [INFO]: I have the number of adults 1
[30/01/2025, 14:24:48 IST] [INFO]: I have the number of children 2
[30/01/2025, 14:24:48 IST] [INFO]: I have the number of infand 2
[30/01/2025, 14:24:48 IST] [INFO]: I have the direct flight option set to false
[30/01/2025, 14:24:48 IST] [INFO]: I have the baggage option set to false
[30/01/2025, 14:24:48 IST] [INFO]: I have the refundable option set to false
[30/01/2025, 14:24:48 IST] [INFO]: No airline available, skipping...
[30/01/2025, 14:25:45 IST] [INFO]: No airline available, skipping...
[31/01/2025, 10:16:35 IST] [INFO]: I have the departure location as DXB
[31/01/2025, 10:16:35 IST] [INFO]: I have the return location LHR
[31/01/2025, 10:16:35 IST] [INFO]: I have the departure date 02-22-2025
[31/01/2025, 10:16:35 IST] [INFO]: I have the cabin class Y
[31/01/2025, 10:16:35 IST] [INFO]: I have the number of adults 1
[31/01/2025, 10:16:35 IST] [INFO]: I have the number of children 2
[31/01/2025, 10:16:35 IST] [INFO]: I have the number of infand 2
[31/01/2025, 10:16:35 IST] [INFO]: I have the direct flight option set to false
[31/01/2025, 10:16:35 IST] [INFO]: I have the baggage option set to false
[31/01/2025, 10:16:35 IST] [INFO]: I have the refundable option set to false
[31/01/2025, 10:16:35 IST] [INFO]: No airline available, skipping...
[31/01/2025, 10:17:19 IST] [INFO]: No airline available, skipping...
[31/01/2025, 10:17:46 IST] [INFO]: I have the departure location as DXB
[31/01/2025, 10:17:46 IST] [INFO]: I have the return location LHR
[31/01/2025, 10:17:46 IST] [INFO]: I have the departure date 02-22-2025
[31/01/2025, 10:17:46 IST] [INFO]: I have the cabin class Y
[31/01/2025, 10:17:46 IST] [INFO]: I have the number of adults 1
[31/01/2025, 10:17:46 IST] [INFO]: I have the number of children 2
[31/01/2025, 10:17:46 IST] [INFO]: I have the number of infand 2
[31/01/2025, 10:17:46 IST] [INFO]: I have the direct flight option set to false
[31/01/2025, 10:17:46 IST] [INFO]: I have the baggage option set to false
[31/01/2025, 10:17:46 IST] [INFO]: I have the refundable option set to false
[31/01/2025, 10:17:46 IST] [INFO]: No airline available, skipping...
[31/01/2025, 10:18:10 IST] [INFO]: No airline available, skipping...
[31/01/2025, 10:19:01 IST] [INFO]: I have the departure location as DXB
[31/01/2025, 10:19:01 IST] [INFO]: I have the return location LHR
[31/01/2025, 10:19:01 IST] [INFO]: I have the departure date 02-22-2025
[31/01/2025, 10:19:01 IST] [INFO]: I have the cabin class Y
[31/01/2025, 10:19:01 IST] [INFO]: I have the number of adults 1
[31/01/2025, 10:19:01 IST] [INFO]: I have the number of children 2
[31/01/2025, 10:19:01 IST] [INFO]: I have the number of infand 2
[31/01/2025, 10:19:02 IST] [INFO]: I have the direct flight option set to false
[31/01/2025, 10:19:02 IST] [INFO]: I have the baggage option set to false
[31/01/2025, 10:19:02 IST] [INFO]: I have the refundable option set to false
[31/01/2025, 10:19:02 IST] [INFO]: No airline available, skipping...
[31/01/2025, 10:19:30 IST] [INFO]: I enter the passenger title Mr
[31/01/2025, 10:20:11 IST] [INFO]: No airline available, skipping...
[31/01/2025, 10:21:00 IST] [INFO]: I enter the passenger title Mr
[31/01/2025, 10:21:18 IST] [INFO]: I enter the passenger title Mr
[31/01/2025, 10:23:03 IST] [INFO]: I have the departure location as DXB
[31/01/2025, 10:23:03 IST] [INFO]: I have the return location LHR
[31/01/2025, 10:23:03 IST] [INFO]: I have the departure date 02-22-2025
[31/01/2025, 10:23:03 IST] [INFO]: I have the cabin class Y
[31/01/2025, 10:23:03 IST] [INFO]: I have the number of adults 1
[31/01/2025, 10:23:03 IST] [INFO]: I have the number of children 2
[31/01/2025, 10:23:03 IST] [INFO]: I have the number of infand 2
[31/01/2025, 10:23:03 IST] [INFO]: I have the direct flight option set to false
[31/01/2025, 10:23:03 IST] [INFO]: I have the baggage option set to false
[31/01/2025, 10:23:03 IST] [INFO]: I have the refundable option set to false
[31/01/2025, 10:23:03 IST] [INFO]: No airline available, skipping...
[31/01/2025, 10:23:43 IST] [INFO]: I enter the passenger title Mr
[31/01/2025, 10:24:14 IST] [INFO]: I have the departure location as DXB
[31/01/2025, 10:24:14 IST] [INFO]: I have the return location LHR
[31/01/2025, 10:24:14 IST] [INFO]: I have the departure date 02-22-2025
[31/01/2025, 10:24:14 IST] [INFO]: I have the cabin class Y
[31/01/2025, 10:24:14 IST] [INFO]: I have the number of adults 1
[31/01/2025, 10:24:14 IST] [INFO]: I have the number of children 2
[31/01/2025, 10:24:14 IST] [INFO]: I have the number of infand 2
[31/01/2025, 10:24:14 IST] [INFO]: I have the direct flight option set to false
[31/01/2025, 10:24:14 IST] [INFO]: I have the baggage option set to false
[31/01/2025, 10:24:14 IST] [INFO]: I have the refundable option set to false
[31/01/2025, 10:24:14 IST] [INFO]: No airline available, skipping...
[31/01/2025, 10:24:59 IST] [INFO]: I enter the passenger title Mr
[31/01/2025, 10:25:35 IST] [INFO]: No airline available, skipping...
[31/01/2025, 10:26:23 IST] [INFO]: I enter the passenger title Mr
[31/01/2025, 10:34:06 IST] [INFO]: I have the departure location as DXB
[31/01/2025, 10:34:06 IST] [INFO]: I have the return location LHR
[31/01/2025, 10:34:06 IST] [INFO]: I have the departure date 02-22-2025
[31/01/2025, 10:34:07 IST] [INFO]: I have the cabin class Y
[31/01/2025, 10:34:07 IST] [INFO]: I have the number of adults 1
[31/01/2025, 10:34:07 IST] [INFO]: I have the number of children 2
[31/01/2025, 10:34:07 IST] [INFO]: I have the number of infand 2
[31/01/2025, 10:34:07 IST] [INFO]: I have the direct flight option set to false
[31/01/2025, 10:34:07 IST] [INFO]: I have the baggage option set to false
[31/01/2025, 10:34:07 IST] [INFO]: I have the refundable option set to false
[31/01/2025, 10:34:07 IST] [INFO]: No airline available, skipping...
[31/01/2025, 10:34:46 IST] [INFO]: No airline available, skipping...
[31/01/2025, 10:34:56 IST] [INFO]: I have the departure location as DXB
[31/01/2025, 10:34:56 IST] [INFO]: I have the return location LHR
[31/01/2025, 10:34:56 IST] [INFO]: I have the departure date 02-22-2025
[31/01/2025, 10:34:56 IST] [INFO]: I have the cabin class Y
[31/01/2025, 10:34:56 IST] [INFO]: I have the number of adults 1
[31/01/2025, 10:34:56 IST] [INFO]: I have the number of children 2
[31/01/2025, 10:34:56 IST] [INFO]: I have the number of infand 2
[31/01/2025, 10:34:56 IST] [INFO]: I have the direct flight option set to false
[31/01/2025, 10:34:56 IST] [INFO]: I have the baggage option set to false
[31/01/2025, 10:34:56 IST] [INFO]: I have the refundable option set to false
[31/01/2025, 10:34:56 IST] [INFO]: No airline available, skipping...
[31/01/2025, 10:36:27 IST] [INFO]: I have the departure location as DXB
[31/01/2025, 10:36:27 IST] [INFO]: I have the return location LHR
[31/01/2025, 10:36:27 IST] [INFO]: I have the departure date 02-22-2025
[31/01/2025, 10:36:27 IST] [INFO]: I have the cabin class Y
[31/01/2025, 10:36:27 IST] [INFO]: I have the number of adults 1
[31/01/2025, 10:36:27 IST] [INFO]: I have the number of children 2
[31/01/2025, 10:36:27 IST] [INFO]: I have the number of infand 2
[31/01/2025, 10:36:27 IST] [INFO]: I have the direct flight option set to false
[31/01/2025, 10:36:27 IST] [INFO]: I have the baggage option set to false
[31/01/2025, 10:36:27 IST] [INFO]: I have the refundable option set to false
[31/01/2025, 10:36:27 IST] [INFO]: No airline available, skipping...
[31/01/2025, 10:37:34 IST] [INFO]: I have the departure location as DXB
[31/01/2025, 10:37:34 IST] [INFO]: I have the return location LHR
[31/01/2025, 10:37:34 IST] [INFO]: I have the departure date 02-22-2025
[31/01/2025, 10:37:34 IST] [INFO]: I have the cabin class Y
[31/01/2025, 10:37:34 IST] [INFO]: I have the number of adults 1
[31/01/2025, 10:37:34 IST] [INFO]: I have the number of children 2
[31/01/2025, 10:37:34 IST] [INFO]: I have the number of infand 2
[31/01/2025, 10:37:34 IST] [INFO]: I have the direct flight option set to false
[31/01/2025, 10:37:34 IST] [INFO]: I have the baggage option set to false
[31/01/2025, 10:37:34 IST] [INFO]: I have the refundable option set to false
[31/01/2025, 10:37:34 IST] [INFO]: No airline available, skipping...
[31/01/2025, 10:38:41 IST] [INFO]: No airline available, skipping...
[31/01/2025, 10:42:44 IST] [INFO]: I have the departure location as DXB
[31/01/2025, 10:42:44 IST] [INFO]: I have the return location LHR
[31/01/2025, 10:42:44 IST] [INFO]: I have the departure date 02-22-2025
[31/01/2025, 10:42:44 IST] [INFO]: I have the cabin class Y
[31/01/2025, 10:42:44 IST] [INFO]: I have the number of adults 1
[31/01/2025, 10:42:44 IST] [INFO]: I have the number of children 2
[31/01/2025, 10:42:44 IST] [INFO]: I have the number of infand 2
[31/01/2025, 10:42:44 IST] [INFO]: I have the direct flight option set to false
[31/01/2025, 10:42:44 IST] [INFO]: I have the baggage option set to false
[31/01/2025, 10:42:44 IST] [INFO]: I have the refundable option set to false
[31/01/2025, 10:42:44 IST] [INFO]: No airline available, skipping...
[31/01/2025, 10:44:08 IST] [INFO]: No airline available, skipping...
[31/01/2025, 10:45:09 IST] [INFO]: I have the departure location as DXB
[31/01/2025, 10:45:09 IST] [INFO]: I have the return location LHR
[31/01/2025, 10:45:09 IST] [INFO]: I have the departure date 02-22-2025
[31/01/2025, 10:45:09 IST] [INFO]: I have the cabin class Y
[31/01/2025, 10:45:09 IST] [INFO]: I have the number of adults 1
[31/01/2025, 10:45:09 IST] [INFO]: I have the number of children 2
[31/01/2025, 10:45:09 IST] [INFO]: I have the number of infand 2
[31/01/2025, 10:45:09 IST] [INFO]: I have the direct flight option set to false
[31/01/2025, 10:45:09 IST] [INFO]: I have the baggage option set to false
[31/01/2025, 10:45:09 IST] [INFO]: I have the refundable option set to false
[31/01/2025, 10:45:10 IST] [INFO]: No airline available, skipping...
[31/01/2025, 10:46:11 IST] [INFO]: No airline available, skipping...
[31/01/2025, 10:46:18 IST] [INFO]: I have the departure location as DXB
[31/01/2025, 10:46:18 IST] [INFO]: I have the return location LHR
[31/01/2025, 10:46:18 IST] [INFO]: I have the departure date 02-22-2025
[31/01/2025, 10:46:18 IST] [INFO]: I have the cabin class Y
[31/01/2025, 10:46:18 IST] [INFO]: I have the number of adults 1
[31/01/2025, 10:46:18 IST] [INFO]: I have the number of children 2
[31/01/2025, 10:46:18 IST] [INFO]: I have the number of infand 2
[31/01/2025, 10:46:18 IST] [INFO]: I have the direct flight option set to false
[31/01/2025, 10:46:18 IST] [INFO]: I have the baggage option set to false
[31/01/2025, 10:46:18 IST] [INFO]: I have the refundable option set to false
[31/01/2025, 10:46:18 IST] [INFO]: No airline available, skipping...
[31/01/2025, 10:47:17 IST] [INFO]: I enter the passenger title Mr
[31/01/2025, 10:47:54 IST] [INFO]: No airline available, skipping...
[31/01/2025, 10:48:44 IST] [INFO]: I enter the passenger title Mr
[31/01/2025, 11:01:36 IST] [INFO]: I have the departure location as DXB
[31/01/2025, 11:01:36 IST] [INFO]: I have the return location LHR
[31/01/2025, 11:01:36 IST] [INFO]: I have the departure date 02-22-2025
[31/01/2025, 11:01:36 IST] [INFO]: I have the cabin class Y
[31/01/2025, 11:01:36 IST] [INFO]: I have the number of adults 1
[31/01/2025, 11:01:36 IST] [INFO]: I have the number of children 2
[31/01/2025, 11:01:36 IST] [INFO]: I have the number of infand 2
[31/01/2025, 11:01:36 IST] [INFO]: I have the direct flight option set to false
[31/01/2025, 11:01:36 IST] [INFO]: I have the baggage option set to false
[31/01/2025, 11:01:36 IST] [INFO]: I have the refundable option set to false
[31/01/2025, 11:01:36 IST] [INFO]: No airline available, skipping...
[31/01/2025, 11:02:06 IST] [INFO]: No airline available, skipping...
[31/01/2025, 11:02:12 IST] [INFO]: I have the departure location as DXB
[31/01/2025, 11:02:12 IST] [INFO]: I have the return location LHR
[31/01/2025, 11:02:12 IST] [INFO]: I have the departure date 02-22-2025
[31/01/2025, 11:02:12 IST] [INFO]: I have the cabin class Y
[31/01/2025, 11:02:12 IST] [INFO]: I have the number of adults 1
[31/01/2025, 11:02:12 IST] [INFO]: I have the number of children 2
[31/01/2025, 11:02:12 IST] [INFO]: I have the number of infand 2
[31/01/2025, 11:02:12 IST] [INFO]: I have the direct flight option set to false
[31/01/2025, 11:02:12 IST] [INFO]: I have the baggage option set to false
[31/01/2025, 11:02:12 IST] [INFO]: I have the refundable option set to false
[31/01/2025, 11:02:12 IST] [INFO]: No airline available, skipping...
[31/01/2025, 11:02:39 IST] [INFO]: No airline available, skipping...
[31/01/2025, 11:03:38 IST] [INFO]: I have the departure location as DXB
[31/01/2025, 11:03:38 IST] [INFO]: I have the return location LHR
[31/01/2025, 11:03:38 IST] [INFO]: I have the departure date 02-22-2025
[31/01/2025, 11:03:39 IST] [INFO]: I have the cabin class Y
[31/01/2025, 11:03:39 IST] [INFO]: I have the number of adults 1
[31/01/2025, 11:03:39 IST] [INFO]: I have the number of children 2
[31/01/2025, 11:03:39 IST] [INFO]: I have the number of infand 2
[31/01/2025, 11:03:39 IST] [INFO]: I have the direct flight option set to false
[31/01/2025, 11:03:39 IST] [INFO]: I have the baggage option set to false
[31/01/2025, 11:03:39 IST] [INFO]: I have the refundable option set to false
[31/01/2025, 11:03:39 IST] [INFO]: No airline available, skipping...
[31/01/2025, 11:04:30 IST] [INFO]: No airline available, skipping...
[31/01/2025, 11:08:22 IST] [INFO]: I have the departure location as DXB
[31/01/2025, 11:08:22 IST] [INFO]: I have the return location LHR
[31/01/2025, 11:08:22 IST] [INFO]: I have the departure date 02-22-2025
[31/01/2025, 11:08:22 IST] [INFO]: I have the cabin class Y
[31/01/2025, 11:08:22 IST] [INFO]: I have the number of adults 1
[31/01/2025, 11:08:22 IST] [INFO]: I have the number of children 2
[31/01/2025, 11:08:22 IST] [INFO]: I have the number of infand 2
[31/01/2025, 11:08:22 IST] [INFO]: I have the direct flight option set to false
[31/01/2025, 11:08:22 IST] [INFO]: I have the baggage option set to false
[31/01/2025, 11:08:22 IST] [INFO]: I have the refundable option set to false
[31/01/2025, 11:08:22 IST] [INFO]: No airline available, skipping...
[31/01/2025, 11:09:07 IST] [INFO]: I enter the passenger title Mr
[31/01/2025, 11:09:46 IST] [INFO]: No airline available, skipping...
[31/01/2025, 11:10:24 IST] [INFO]: I enter the passenger title Mr
[31/01/2025, 11:10:33 IST] [INFO]: I enter the passenger title Mr
[31/01/2025, 12:01:22 IST] [INFO]: I have the departure location as DXB
[31/01/2025, 12:01:22 IST] [INFO]: I have the return location LHR
[31/01/2025, 12:01:22 IST] [INFO]: I have the departure date 02-22-2025
[31/01/2025, 12:01:22 IST] [INFO]: I have the cabin class Y
[31/01/2025, 12:01:22 IST] [INFO]: I have the number of adults 1
[31/01/2025, 12:01:22 IST] [INFO]: I have the number of children 2
[31/01/2025, 12:01:22 IST] [INFO]: I have the number of infand 2
[31/01/2025, 12:01:22 IST] [INFO]: I have the direct flight option set to false
[31/01/2025, 12:01:22 IST] [INFO]: I have the baggage option set to false
[31/01/2025, 12:01:22 IST] [INFO]: I have the refundable option set to false
[31/01/2025, 12:01:23 IST] [INFO]: No airline available, skipping...
[31/01/2025, 12:02:06 IST] [INFO]: I enter the passenger title Mr
[31/01/2025, 12:02:43 IST] [INFO]: No airline available, skipping...
[31/01/2025, 12:03:38 IST] [INFO]: I enter the passenger title Mr
[31/01/2025, 12:03:54 IST] [INFO]: I enter the passenger title Mr
[31/01/2025, 12:47:35 IST] [INFO]: I have the departure location as DXB
[31/01/2025, 12:47:35 IST] [INFO]: I have the return location LHR
[31/01/2025, 12:47:35 IST] [INFO]: I have the departure date 02-22-2025
[31/01/2025, 12:47:35 IST] [INFO]: I have the cabin class Y
[31/01/2025, 12:47:35 IST] [INFO]: I have the number of adults 1
[31/01/2025, 12:47:35 IST] [INFO]: I have the number of children 2
[31/01/2025, 12:47:35 IST] [INFO]: I have the number of infand 2
[31/01/2025, 12:47:35 IST] [INFO]: I have the direct flight option set to false
[31/01/2025, 12:47:35 IST] [INFO]: I have the baggage option set to false
[31/01/2025, 12:47:35 IST] [INFO]: I have the refundable option set to false
[31/01/2025, 12:47:35 IST] [INFO]: No airline available, skipping...
[31/01/2025, 12:48:10 IST] [INFO]: I enter the passenger title Mr
[31/01/2025, 12:48:46 IST] [INFO]: No airline available, skipping...
[31/01/2025, 12:49:20 IST] [INFO]: I enter the passenger title Mr
[31/01/2025, 12:49:29 IST] [INFO]: I enter the passenger title Mr
[31/01/2025, 12:54:35 IST] [INFO]: I have the departure location as DXB
[31/01/2025, 12:54:35 IST] [INFO]: I have the return location LHR
[31/01/2025, 12:54:35 IST] [INFO]: I have the departure date 02-22-2025
[31/01/2025, 12:54:35 IST] [INFO]: I have the cabin class Y
[31/01/2025, 12:54:35 IST] [INFO]: I have the number of adults 1
[31/01/2025, 12:54:35 IST] [INFO]: I have the number of children 2
[31/01/2025, 12:54:35 IST] [INFO]: I have the number of infand 2
[31/01/2025, 12:54:35 IST] [INFO]: I have the direct flight option set to false
[31/01/2025, 12:54:35 IST] [INFO]: I have the baggage option set to false
[31/01/2025, 12:54:35 IST] [INFO]: I have the refundable option set to false
[31/01/2025, 12:54:36 IST] [INFO]: No airline available, skipping...
[31/01/2025, 12:54:47 IST] [INFO]: I have the departure location as DXB
[31/01/2025, 12:54:47 IST] [INFO]: I have the return location LHR
[31/01/2025, 12:54:47 IST] [INFO]: I have the departure date 02-22-2025
[31/01/2025, 12:54:47 IST] [INFO]: I have the cabin class Y
[31/01/2025, 12:54:47 IST] [INFO]: I have the number of adults 1
[31/01/2025, 12:54:47 IST] [INFO]: I have the number of children 2
[31/01/2025, 12:54:47 IST] [INFO]: I have the number of infand 2
[31/01/2025, 12:54:47 IST] [INFO]: I have the direct flight option set to false
[31/01/2025, 12:54:47 IST] [INFO]: I have the baggage option set to false
[31/01/2025, 12:54:47 IST] [INFO]: I have the refundable option set to false
[31/01/2025, 12:54:47 IST] [INFO]: No airline available, skipping...
[31/01/2025, 13:18:33 IST] [INFO]: I have the departure location as DXB
[31/01/2025, 13:18:33 IST] [INFO]: I have the return location LHR
[31/01/2025, 13:18:33 IST] [INFO]: I have the departure date 02-22-2025
[31/01/2025, 13:18:33 IST] [INFO]: I have the cabin class Y
[31/01/2025, 13:18:33 IST] [INFO]: I have the number of adults 1
[31/01/2025, 13:18:33 IST] [INFO]: I have the number of children 2
[31/01/2025, 13:18:33 IST] [INFO]: I have the number of infand 2
[31/01/2025, 13:18:33 IST] [INFO]: I have the direct flight option set to false
[31/01/2025, 13:18:33 IST] [INFO]: I have the baggage option set to false
[31/01/2025, 13:18:33 IST] [INFO]: I have the refundable option set to false
[31/01/2025, 13:18:33 IST] [INFO]: No airline available, skipping...
[31/01/2025, 13:21:14 IST] [INFO]: No airline available, skipping...
[31/01/2025, 13:21:20 IST] [INFO]: I have the departure location as DXB
[31/01/2025, 13:21:20 IST] [INFO]: I have the return location LHR
[31/01/2025, 13:21:20 IST] [INFO]: I have the departure date 02-22-2025
[31/01/2025, 13:21:20 IST] [INFO]: I have the cabin class Y
[31/01/2025, 13:21:20 IST] [INFO]: I have the number of adults 1
[31/01/2025, 13:21:20 IST] [INFO]: I have the number of children 2
[31/01/2025, 13:21:20 IST] [INFO]: I have the number of infand 2
[31/01/2025, 13:21:20 IST] [INFO]: I have the direct flight option set to false
[31/01/2025, 13:21:21 IST] [INFO]: I have the baggage option set to false
[31/01/2025, 13:21:21 IST] [INFO]: I have the refundable option set to false
[31/01/2025, 13:21:21 IST] [INFO]: No airline available, skipping...
[31/01/2025, 13:22:12 IST] [INFO]: No airline available, skipping...
[31/01/2025, 13:22:50 IST] [INFO]: I enter the passenger title Mr
[31/01/2025, 13:23:10 IST] [INFO]: I have the departure location as DXB
[31/01/2025, 13:23:10 IST] [INFO]: I have the return location LHR
[31/01/2025, 13:23:10 IST] [INFO]: I have the departure date 02-22-2025
[31/01/2025, 13:23:10 IST] [INFO]: I have the cabin class Y
[31/01/2025, 13:23:10 IST] [INFO]: I have the number of adults 1
[31/01/2025, 13:23:10 IST] [INFO]: I have the number of children 2
[31/01/2025, 13:23:10 IST] [INFO]: I have the number of infand 2
[31/01/2025, 13:23:10 IST] [INFO]: I have the direct flight option set to false
[31/01/2025, 13:23:10 IST] [INFO]: I have the baggage option set to false
[31/01/2025, 13:23:10 IST] [INFO]: I have the refundable option set to false
[31/01/2025, 13:23:10 IST] [INFO]: No airline available, skipping...
[31/01/2025, 13:24:01 IST] [INFO]: No airline available, skipping...
[31/01/2025, 13:24:19 IST] [INFO]: I have the departure location as DXB
[31/01/2025, 13:24:19 IST] [INFO]: I have the return location LHR
[31/01/2025, 13:24:19 IST] [INFO]: I have the departure date 02-22-2025
[31/01/2025, 13:24:19 IST] [INFO]: I have the cabin class Y
[31/01/2025, 13:24:19 IST] [INFO]: I have the number of adults 1
[31/01/2025, 13:24:19 IST] [INFO]: I have the number of children 2
[31/01/2025, 13:24:19 IST] [INFO]: I have the number of infand 2
[31/01/2025, 13:24:19 IST] [INFO]: I have the direct flight option set to false
[31/01/2025, 13:24:19 IST] [INFO]: I have the baggage option set to false
[31/01/2025, 13:24:19 IST] [INFO]: I have the refundable option set to false
[31/01/2025, 13:24:19 IST] [INFO]: No airline available, skipping...
[31/01/2025, 13:25:12 IST] [INFO]: No airline available, skipping...
[31/01/2025, 13:25:56 IST] [INFO]: I enter the passenger title Mr
[31/01/2025, 13:26:30 IST] [INFO]: I have the departure location as DXB
[31/01/2025, 13:26:30 IST] [INFO]: I have the return location LHR
[31/01/2025, 13:26:30 IST] [INFO]: I have the departure date 02-22-2025
[31/01/2025, 13:26:30 IST] [INFO]: I have the cabin class Y
[31/01/2025, 13:26:30 IST] [INFO]: I have the number of adults 1
[31/01/2025, 13:26:30 IST] [INFO]: I have the number of children 2
[31/01/2025, 13:26:30 IST] [INFO]: I have the number of infand 2
[31/01/2025, 13:26:30 IST] [INFO]: I have the direct flight option set to false
[31/01/2025, 13:26:30 IST] [INFO]: I have the baggage option set to false
[31/01/2025, 13:26:30 IST] [INFO]: I have the refundable option set to false
[31/01/2025, 13:26:30 IST] [INFO]: No airline available, skipping...
[31/01/2025, 13:26:36 IST] [INFO]: I have the departure location as DXB
[31/01/2025, 13:26:36 IST] [INFO]: I have the return location LHR
[31/01/2025, 13:26:36 IST] [INFO]: I have the departure date 02-22-2025
[31/01/2025, 13:26:36 IST] [INFO]: I have the cabin class Y
[31/01/2025, 13:26:36 IST] [INFO]: I have the number of adults 1
[31/01/2025, 13:26:36 IST] [INFO]: I have the number of children 2
[31/01/2025, 13:26:36 IST] [INFO]: I have the number of infand 2
[31/01/2025, 13:26:36 IST] [INFO]: I have the direct flight option set to false
[31/01/2025, 13:26:36 IST] [INFO]: I have the baggage option set to false
[31/01/2025, 13:26:36 IST] [INFO]: I have the refundable option set to false
[31/01/2025, 13:26:36 IST] [INFO]: No airline available, skipping...
[31/01/2025, 13:27:06 IST] [INFO]: I enter the passenger title Mr
[31/01/2025, 13:27:43 IST] [INFO]: No airline available, skipping...
[31/01/2025, 13:27:58 IST] [INFO]: I have the departure location as DXB
[31/01/2025, 13:27:58 IST] [INFO]: I have the return location LHR
[31/01/2025, 13:27:58 IST] [INFO]: I have the departure date 02-22-2025
[31/01/2025, 13:27:58 IST] [INFO]: I have the cabin class Y
[31/01/2025, 13:27:58 IST] [INFO]: I have the number of adults 1
[31/01/2025, 13:27:58 IST] [INFO]: I have the number of children 2
[31/01/2025, 13:27:58 IST] [INFO]: I have the number of infand 2
[31/01/2025, 13:27:58 IST] [INFO]: I have the direct flight option set to false
[31/01/2025, 13:27:58 IST] [INFO]: I have the baggage option set to false
[31/01/2025, 13:27:58 IST] [INFO]: I have the refundable option set to false
[31/01/2025, 13:27:58 IST] [INFO]: No airline available, skipping...
[31/01/2025, 13:28:21 IST] [INFO]: I enter the passenger title Mr
[31/01/2025, 13:28:59 IST] [INFO]: No airline available, skipping...
[31/01/2025, 13:29:51 IST] [INFO]: I have the departure location as DXB
[31/01/2025, 13:29:51 IST] [INFO]: I have the return location LHR
[31/01/2025, 13:29:51 IST] [INFO]: I have the departure date 02-22-2025
[31/01/2025, 13:29:51 IST] [INFO]: I have the cabin class Y
[31/01/2025, 13:29:51 IST] [INFO]: I have the number of adults 1
[31/01/2025, 13:29:51 IST] [INFO]: I have the number of children 2
[31/01/2025, 13:29:51 IST] [INFO]: I have the number of infand 2
[31/01/2025, 13:29:51 IST] [INFO]: I have the direct flight option set to false
[31/01/2025, 13:29:51 IST] [INFO]: I have the baggage option set to false
[31/01/2025, 13:29:51 IST] [INFO]: I have the refundable option set to false
[31/01/2025, 13:29:51 IST] [INFO]: No airline available, skipping...
[31/01/2025, 13:30:25 IST] [INFO]: I enter the passenger title Mr
[31/01/2025, 13:31:00 IST] [INFO]: No airline available, skipping...
[31/01/2025, 13:31:42 IST] [INFO]: I enter the passenger title Mr
[31/01/2025, 13:32:07 IST] [INFO]: I have the departure location as DXB
[31/01/2025, 13:32:07 IST] [INFO]: I have the return location LHR
[31/01/2025, 13:32:07 IST] [INFO]: I have the departure date 02-22-2025
[31/01/2025, 13:32:07 IST] [INFO]: I have the cabin class Y
[31/01/2025, 13:32:07 IST] [INFO]: I have the number of adults 1
[31/01/2025, 13:32:07 IST] [INFO]: I have the number of children 2
[31/01/2025, 13:32:07 IST] [INFO]: I have the number of infand 2
[31/01/2025, 13:32:07 IST] [INFO]: I have the direct flight option set to false
[31/01/2025, 13:32:07 IST] [INFO]: I have the baggage option set to false
[31/01/2025, 13:32:07 IST] [INFO]: I have the refundable option set to false
[31/01/2025, 13:32:07 IST] [INFO]: No airline available, skipping...
[31/01/2025, 13:32:50 IST] [INFO]: I enter the passenger title Mr
[31/01/2025, 13:33:18 IST] [INFO]: I have the departure location as DXB
[31/01/2025, 13:33:18 IST] [INFO]: I have the return location LHR
[31/01/2025, 13:33:18 IST] [INFO]: I have the departure date 02-22-2025
[31/01/2025, 13:33:18 IST] [INFO]: I have the cabin class Y
[31/01/2025, 13:33:18 IST] [INFO]: I have the number of adults 1
[31/01/2025, 13:33:18 IST] [INFO]: I have the number of children 2
[31/01/2025, 13:33:18 IST] [INFO]: I have the number of infand 2
[31/01/2025, 13:33:18 IST] [INFO]: I have the direct flight option set to false
[31/01/2025, 13:33:18 IST] [INFO]: I have the baggage option set to false
[31/01/2025, 13:33:18 IST] [INFO]: I have the refundable option set to false
[31/01/2025, 13:33:18 IST] [INFO]: No airline available, skipping...
[31/01/2025, 13:33:55 IST] [INFO]: I enter the passenger title Mr
[31/01/2025, 13:34:32 IST] [INFO]: No airline available, skipping...
[31/01/2025, 13:35:12 IST] [INFO]: I enter the passenger title Mr
[31/01/2025, 13:43:15 IST] [INFO]: I have the departure location as DXB
[31/01/2025, 13:43:15 IST] [INFO]: I have the return location LHR
[31/01/2025, 13:43:15 IST] [INFO]: I have the departure date 02-22-2025
[31/01/2025, 13:43:15 IST] [INFO]: I have the cabin class Y
[31/01/2025, 13:43:15 IST] [INFO]: I have the number of adults 1
[31/01/2025, 13:43:15 IST] [INFO]: I have the number of children 2
[31/01/2025, 13:43:15 IST] [INFO]: I have the number of infand 2
[31/01/2025, 13:43:15 IST] [INFO]: I have the direct flight option set to false
[31/01/2025, 13:43:15 IST] [INFO]: I have the baggage option set to false
[31/01/2025, 13:43:15 IST] [INFO]: I have the refundable option set to false
[31/01/2025, 13:43:15 IST] [INFO]: No airline available, skipping...
[31/01/2025, 13:43:57 IST] [INFO]: I enter the passenger title Mr
[31/01/2025, 13:44:06 IST] [INFO]: I enter the passenger title Mstr
[31/01/2025, 13:44:16 IST] [INFO]: I enter the passenger title Mstr
[31/01/2025, 13:44:26 IST] [INFO]: I enter the passenger title Miss
[31/01/2025, 13:44:37 IST] [INFO]: I enter the passenger title Miss
[01/02/2025, 08:00:15 IST] [INFO]: I have the departure location as DXB
[01/02/2025, 08:00:15 IST] [INFO]: I have the return location LHR
[01/02/2025, 08:00:15 IST] [INFO]: I have the departure date 02-22-2025
[01/02/2025, 08:00:15 IST] [INFO]: I have the cabin class Y
[01/02/2025, 08:00:15 IST] [INFO]: I have the number of adults 1
[01/02/2025, 08:00:15 IST] [INFO]: I have the number of children 2
[01/02/2025, 08:00:15 IST] [INFO]: I have the number of infand 2
[01/02/2025, 08:00:15 IST] [INFO]: I have the direct flight option set to false
[01/02/2025, 08:00:15 IST] [INFO]: I have the baggage option set to false
[01/02/2025, 08:00:15 IST] [INFO]: I have the refundable option set to false
[01/02/2025, 08:00:15 IST] [INFO]: No airline available, skipping...
[01/02/2025, 08:00:47 IST] [INFO]: I enter the passenger title Mr
[01/02/2025, 08:01:01 IST] [INFO]: I enter the passenger title Mstr
[01/02/2025, 08:01:13 IST] [INFO]: I enter the passenger title Mstr
[01/02/2025, 08:01:27 IST] [INFO]: I enter the passenger title Miss
[01/02/2025, 08:01:47 IST] [INFO]: I enter the passenger title Miss
[01/02/2025, 08:02:25 IST] [INFO]: No airline available, skipping...
[01/02/2025, 08:07:06 IST] [INFO]: I have the departure location as DXB
[01/02/2025, 08:07:06 IST] [INFO]: I have the return location LHR
[01/02/2025, 08:07:06 IST] [INFO]: I have the departure date 02-22-2025
[01/02/2025, 08:07:06 IST] [INFO]: I have the cabin class Y
[01/02/2025, 08:07:06 IST] [INFO]: I have the number of adults 1
[01/02/2025, 08:07:06 IST] [INFO]: I have the number of children 2
[01/02/2025, 08:07:06 IST] [INFO]: I have the number of infand 2
[01/02/2025, 08:07:06 IST] [INFO]: I have the direct flight option set to false
[01/02/2025, 08:07:06 IST] [INFO]: I have the baggage option set to false
[01/02/2025, 08:07:06 IST] [INFO]: I have the refundable option set to false
[01/02/2025, 08:07:06 IST] [INFO]: No airline available, skipping...
[01/02/2025, 08:07:41 IST] [INFO]: I enter the passenger title Mr
[01/02/2025, 08:07:59 IST] [INFO]: I enter the passenger title Mstr
[01/02/2025, 08:08:18 IST] [INFO]: I enter the passenger title Mstr
[01/02/2025, 08:08:37 IST] [INFO]: I enter the passenger title Miss
[01/02/2025, 08:08:59 IST] [INFO]: I enter the passenger title Miss
[01/02/2025, 08:09:40 IST] [INFO]: No airline available, skipping...
[01/02/2025, 08:12:17 IST] [INFO]: I have the departure location as DXB
[01/02/2025, 08:12:17 IST] [INFO]: I have the return location LHR
[01/02/2025, 08:12:17 IST] [INFO]: I have the departure date 02-22-2025
[01/02/2025, 08:12:17 IST] [INFO]: I have the cabin class Y
[01/02/2025, 08:12:17 IST] [INFO]: I have the number of adults 1
[01/02/2025, 08:12:17 IST] [INFO]: I have the number of children 2
[01/02/2025, 08:12:17 IST] [INFO]: I have the number of infand 2
[01/02/2025, 08:12:17 IST] [INFO]: I have the direct flight option set to false
[01/02/2025, 08:12:17 IST] [INFO]: I have the baggage option set to false
[01/02/2025, 08:12:17 IST] [INFO]: I have the refundable option set to false
[01/02/2025, 08:12:17 IST] [INFO]: No airline available, skipping...
[01/02/2025, 08:13:03 IST] [INFO]: I have the departure location as DXB
[01/02/2025, 08:13:03 IST] [INFO]: I have the return location LHR
[01/02/2025, 08:13:03 IST] [INFO]: I have the departure date 02-22-2025
[01/02/2025, 08:13:03 IST] [INFO]: I have the cabin class Y
[01/02/2025, 08:13:03 IST] [INFO]: I have the number of adults 1
[01/02/2025, 08:13:03 IST] [INFO]: I have the number of children 2
[01/02/2025, 08:13:03 IST] [INFO]: I have the number of infand 2
[01/02/2025, 08:13:03 IST] [INFO]: I have the direct flight option set to false
[01/02/2025, 08:13:03 IST] [INFO]: I have the baggage option set to false
[01/02/2025, 08:13:03 IST] [INFO]: I have the refundable option set to false
[01/02/2025, 08:13:03 IST] [INFO]: No airline available, skipping...
[01/02/2025, 08:13:52 IST] [INFO]: No airline available, skipping...
[01/02/2025, 08:14:30 IST] [INFO]: I have the departure location as DXB
[01/02/2025, 08:14:30 IST] [INFO]: I have the return location LHR
[01/02/2025, 08:14:30 IST] [INFO]: I have the departure date 02-22-2025
[01/02/2025, 08:14:30 IST] [INFO]: I have the cabin class Y
[01/02/2025, 08:14:30 IST] [INFO]: I have the number of adults 1
[01/02/2025, 08:14:30 IST] [INFO]: I have the number of children 2
[01/02/2025, 08:14:30 IST] [INFO]: I have the number of infand 2
[01/02/2025, 08:14:30 IST] [INFO]: I have the direct flight option set to false
[01/02/2025, 08:14:30 IST] [INFO]: I have the baggage option set to false
[01/02/2025, 08:14:30 IST] [INFO]: I have the refundable option set to false
[01/02/2025, 08:14:30 IST] [INFO]: No airline available, skipping...
[01/02/2025, 08:15:21 IST] [INFO]: No airline available, skipping...
[01/02/2025, 08:15:40 IST] [INFO]: I have the departure location as DXB
[01/02/2025, 08:15:40 IST] [INFO]: I have the return location LHR
[01/02/2025, 08:15:40 IST] [INFO]: I have the departure date 02-22-2025
[01/02/2025, 08:15:40 IST] [INFO]: I have the cabin class Y
[01/02/2025, 08:15:40 IST] [INFO]: I have the number of adults 1
[01/02/2025, 08:15:40 IST] [INFO]: I have the number of children 2
[01/02/2025, 08:15:40 IST] [INFO]: I have the number of infand 2
[01/02/2025, 08:15:40 IST] [INFO]: I have the direct flight option set to false
[01/02/2025, 08:15:40 IST] [INFO]: I have the baggage option set to false
[01/02/2025, 08:15:40 IST] [INFO]: I have the refundable option set to false
[01/02/2025, 08:15:40 IST] [INFO]: No airline available, skipping...
[01/02/2025, 08:17:29 IST] [INFO]: I have the departure location as DXB
[01/02/2025, 08:17:29 IST] [INFO]: I have the return location LHR
[01/02/2025, 08:17:29 IST] [INFO]: I have the departure date 02-22-2025
[01/02/2025, 08:17:29 IST] [INFO]: I have the cabin class Y
[01/02/2025, 08:17:29 IST] [INFO]: I have the number of adults 1
[01/02/2025, 08:17:29 IST] [INFO]: I have the number of children 2
[01/02/2025, 08:17:29 IST] [INFO]: I have the number of infand 2
[01/02/2025, 08:17:29 IST] [INFO]: I have the direct flight option set to false
[01/02/2025, 08:17:29 IST] [INFO]: I have the baggage option set to false
[01/02/2025, 08:17:29 IST] [INFO]: I have the refundable option set to false
[01/02/2025, 08:17:29 IST] [INFO]: No airline available, skipping...
[01/02/2025, 08:18:06 IST] [INFO]: No airline available, skipping...
[01/02/2025, 08:18:10 IST] [INFO]: I have the departure location as DXB
[01/02/2025, 08:18:10 IST] [INFO]: I have the return location LHR
[01/02/2025, 08:18:10 IST] [INFO]: I have the departure date 02-22-2025
[01/02/2025, 08:18:11 IST] [INFO]: I have the cabin class Y
[01/02/2025, 08:18:11 IST] [INFO]: I have the number of adults 1
[01/02/2025, 08:18:11 IST] [INFO]: I have the number of children 2
[01/02/2025, 08:18:11 IST] [INFO]: I have the number of infand 2
[01/02/2025, 08:18:11 IST] [INFO]: I have the direct flight option set to false
[01/02/2025, 08:18:11 IST] [INFO]: I have the baggage option set to false
[01/02/2025, 08:18:11 IST] [INFO]: I have the refundable option set to false
[01/02/2025, 08:18:11 IST] [INFO]: No airline available, skipping...
[01/02/2025, 08:18:56 IST] [INFO]: No airline available, skipping...
[01/02/2025, 08:20:24 IST] [INFO]: I have the departure location as DXB
[01/02/2025, 08:20:24 IST] [INFO]: I have the return location LHR
[01/02/2025, 08:20:24 IST] [INFO]: I have the departure date 02-22-2025
[01/02/2025, 08:20:25 IST] [INFO]: I have the cabin class Y
[01/02/2025, 08:20:25 IST] [INFO]: I have the number of adults 1
[01/02/2025, 08:20:25 IST] [INFO]: I have the number of children 2
[01/02/2025, 08:20:25 IST] [INFO]: I have the number of infand 2
[01/02/2025, 08:20:25 IST] [INFO]: I have the direct flight option set to false
[01/02/2025, 08:20:25 IST] [INFO]: I have the baggage option set to false
[01/02/2025, 08:20:25 IST] [INFO]: I have the refundable option set to false
[01/02/2025, 08:20:25 IST] [INFO]: No airline available, skipping...
[01/02/2025, 08:21:17 IST] [INFO]: No airline available, skipping...
[01/02/2025, 08:25:01 IST] [INFO]: I have the departure location as DXB
[01/02/2025, 08:25:01 IST] [INFO]: I have the return location LHR
[01/02/2025, 08:25:01 IST] [INFO]: I have the departure date 02-22-2025
[01/02/2025, 08:25:01 IST] [INFO]: I have the cabin class Y
[01/02/2025, 08:25:01 IST] [INFO]: I have the number of adults 1
[01/02/2025, 08:25:01 IST] [INFO]: I have the number of children 2
[01/02/2025, 08:25:01 IST] [INFO]: I have the number of infand 2
[01/02/2025, 08:25:01 IST] [INFO]: I have the direct flight option set to false
[01/02/2025, 08:25:01 IST] [INFO]: I have the baggage option set to false
[01/02/2025, 08:25:01 IST] [INFO]: I have the refundable option set to false
[01/02/2025, 08:25:01 IST] [INFO]: No airline available, skipping...
[01/02/2025, 08:25:56 IST] [INFO]: No airline available, skipping...
[01/02/2025, 08:27:19 IST] [INFO]: I have the departure location as DXB
[01/02/2025, 08:27:19 IST] [INFO]: I have the return location LHR
[01/02/2025, 08:27:19 IST] [INFO]: I have the departure date 02-22-2025
[01/02/2025, 08:27:19 IST] [INFO]: I have the cabin class Y
[01/02/2025, 08:27:19 IST] [INFO]: I have the number of adults 1
[01/02/2025, 08:27:19 IST] [INFO]: I have the number of children 2
[01/02/2025, 08:27:19 IST] [INFO]: I have the number of infand 2
[01/02/2025, 08:27:19 IST] [INFO]: I have the direct flight option set to false
[01/02/2025, 08:27:19 IST] [INFO]: I have the baggage option set to false
[01/02/2025, 08:27:19 IST] [INFO]: I have the refundable option set to false
[01/02/2025, 08:27:19 IST] [INFO]: No airline available, skipping...
[01/02/2025, 08:28:06 IST] [INFO]: No airline available, skipping...
[01/02/2025, 08:29:31 IST] [INFO]: I have the departure location as DXB
[01/02/2025, 08:29:31 IST] [INFO]: I have the return location LHR
[01/02/2025, 08:29:31 IST] [INFO]: I have the departure date 02-22-2025
[01/02/2025, 08:29:31 IST] [INFO]: I have the cabin class Y
[01/02/2025, 08:29:31 IST] [INFO]: I have the number of adults 1
[01/02/2025, 08:29:31 IST] [INFO]: I have the number of children 2
[01/02/2025, 08:29:31 IST] [INFO]: I have the number of infand 2
[01/02/2025, 08:29:31 IST] [INFO]: I have the direct flight option set to false
[01/02/2025, 08:29:31 IST] [INFO]: I have the baggage option set to false
[01/02/2025, 08:29:31 IST] [INFO]: I have the refundable option set to false
[01/02/2025, 08:29:31 IST] [INFO]: No airline available, skipping...
[01/02/2025, 08:29:39 IST] [INFO]: I have the departure location as DXB
[01/02/2025, 08:29:39 IST] [INFO]: I have the return location LHR
[01/02/2025, 08:29:39 IST] [INFO]: I have the departure date 02-22-2025
[01/02/2025, 08:29:39 IST] [INFO]: I have the cabin class Y
[01/02/2025, 08:29:39 IST] [INFO]: I have the number of adults 1
[01/02/2025, 08:29:39 IST] [INFO]: I have the number of children 2
[01/02/2025, 08:29:39 IST] [INFO]: I have the number of infand 2
[01/02/2025, 08:29:39 IST] [INFO]: I have the direct flight option set to false
[01/02/2025, 08:29:39 IST] [INFO]: I have the baggage option set to false
[01/02/2025, 08:29:39 IST] [INFO]: I have the refundable option set to false
[01/02/2025, 08:29:39 IST] [INFO]: No airline available, skipping...
[01/02/2025, 08:30:26 IST] [INFO]: No airline available, skipping...
[01/02/2025, 08:32:09 IST] [INFO]: I have the departure location as DXB
[01/02/2025, 08:32:09 IST] [INFO]: I have the return location LHR
[01/02/2025, 08:32:09 IST] [INFO]: I have the departure date 02-22-2025
[01/02/2025, 08:32:09 IST] [INFO]: I have the cabin class Y
[01/02/2025, 08:32:09 IST] [INFO]: I have the number of adults 1
[01/02/2025, 08:32:09 IST] [INFO]: I have the number of children 2
[01/02/2025, 08:32:09 IST] [INFO]: I have the number of infand 2
[01/02/2025, 08:32:09 IST] [INFO]: I have the direct flight option set to false
[01/02/2025, 08:32:09 IST] [INFO]: I have the baggage option set to false
[01/02/2025, 08:32:09 IST] [INFO]: I have the refundable option set to false
[01/02/2025, 08:32:09 IST] [INFO]: No airline available, skipping...
[01/02/2025, 08:32:45 IST] [INFO]: I have the departure location as DXB
[01/02/2025, 08:32:45 IST] [INFO]: I have the return location LHR
[01/02/2025, 08:32:45 IST] [INFO]: I have the departure date 02-22-2025
[01/02/2025, 08:32:45 IST] [INFO]: I have the cabin class Y
[01/02/2025, 08:32:45 IST] [INFO]: I have the number of adults 1
[01/02/2025, 08:32:45 IST] [INFO]: I have the number of children 2
[01/02/2025, 08:32:45 IST] [INFO]: I have the number of infand 2
[01/02/2025, 08:32:45 IST] [INFO]: I have the direct flight option set to false
[01/02/2025, 08:32:45 IST] [INFO]: I have the baggage option set to false
[01/02/2025, 08:32:45 IST] [INFO]: I have the refundable option set to false
[01/02/2025, 08:32:45 IST] [INFO]: No airline available, skipping...
[01/02/2025, 08:33:44 IST] [INFO]: No airline available, skipping...
[01/02/2025, 08:38:11 IST] [INFO]: I have the departure location as DXB
[01/02/2025, 08:38:11 IST] [INFO]: I have the return location LHR
[01/02/2025, 08:38:11 IST] [INFO]: I have the departure date 02-22-2025
[01/02/2025, 08:38:11 IST] [INFO]: I have the cabin class Y
[01/02/2025, 08:38:11 IST] [INFO]: I have the number of adults 1
[01/02/2025, 08:38:11 IST] [INFO]: I have the number of children 2
[01/02/2025, 08:38:11 IST] [INFO]: I have the number of infand 2
[01/02/2025, 08:38:11 IST] [INFO]: I have the direct flight option set to false
[01/02/2025, 08:38:11 IST] [INFO]: I have the baggage option set to false
[01/02/2025, 08:38:11 IST] [INFO]: I have the refundable option set to false
[01/02/2025, 08:38:11 IST] [INFO]: No airline available, skipping...
[01/02/2025, 08:38:58 IST] [INFO]: No airline available, skipping...
[01/02/2025, 08:39:34 IST] [INFO]: I have the departure location as DXB
[01/02/2025, 08:39:34 IST] [INFO]: I have the return location LHR
[01/02/2025, 08:39:34 IST] [INFO]: I have the departure date 02-22-2025
[01/02/2025, 08:39:34 IST] [INFO]: I have the cabin class Y
[01/02/2025, 08:39:34 IST] [INFO]: I have the number of adults 1
[01/02/2025, 08:39:34 IST] [INFO]: I have the number of children 2
[01/02/2025, 08:39:34 IST] [INFO]: I have the number of infand 2
[01/02/2025, 08:39:34 IST] [INFO]: I have the direct flight option set to false
[01/02/2025, 08:39:34 IST] [INFO]: I have the baggage option set to false
[01/02/2025, 08:39:34 IST] [INFO]: I have the refundable option set to false
[01/02/2025, 08:39:34 IST] [INFO]: No airline available, skipping...
[01/02/2025, 08:40:21 IST] [INFO]: No airline available, skipping...
[01/02/2025, 08:40:28 IST] [INFO]: I have the departure location as DXB
[01/02/2025, 08:40:28 IST] [INFO]: I have the return location LHR
[01/02/2025, 08:40:29 IST] [INFO]: I have the departure date 02-22-2025
[01/02/2025, 08:40:29 IST] [INFO]: I have the cabin class Y
[01/02/2025, 08:40:29 IST] [INFO]: I have the number of adults 1
[01/02/2025, 08:40:29 IST] [INFO]: I have the number of children 2
[01/02/2025, 08:40:29 IST] [INFO]: I have the number of infand 2
[01/02/2025, 08:40:29 IST] [INFO]: I have the direct flight option set to false
[01/02/2025, 08:40:29 IST] [INFO]: I have the baggage option set to false
[01/02/2025, 08:40:29 IST] [INFO]: I have the refundable option set to false
[01/02/2025, 08:40:29 IST] [INFO]: No airline available, skipping...
[01/02/2025, 08:41:05 IST] [INFO]: I enter the passenger title Mr
[01/02/2025, 08:41:32 IST] [INFO]: I have the departure location as DXB
[01/02/2025, 08:41:32 IST] [INFO]: I have the return location LHR
[01/02/2025, 08:41:32 IST] [INFO]: I have the departure date 02-22-2025
[01/02/2025, 08:41:32 IST] [INFO]: I have the cabin class Y
[01/02/2025, 08:41:32 IST] [INFO]: I have the number of adults 1
[01/02/2025, 08:41:32 IST] [INFO]: I have the number of children 2
[01/02/2025, 08:41:32 IST] [INFO]: I have the number of infand 2
[01/02/2025, 08:41:32 IST] [INFO]: I have the direct flight option set to false
[01/02/2025, 08:41:32 IST] [INFO]: I have the baggage option set to false
[01/02/2025, 08:41:32 IST] [INFO]: I have the refundable option set to false
[01/02/2025, 08:41:32 IST] [INFO]: No airline available, skipping...
[01/02/2025, 08:42:25 IST] [INFO]: I enter the passenger title Mr
[01/02/2025, 08:42:39 IST] [INFO]: I enter the passenger title Mstr
[01/02/2025, 08:42:50 IST] [INFO]: I enter the passenger title Mstr
[01/02/2025, 08:43:04 IST] [INFO]: I enter the passenger title Miss
[01/02/2025, 08:43:22 IST] [INFO]: No airline available, skipping...
[01/02/2025, 08:44:14 IST] [INFO]: No airline available, skipping...
[01/02/2025, 08:44:52 IST] [INFO]: No airline available, skipping...
[01/02/2025, 08:45:44 IST] [INFO]: No airline available, skipping...
[01/02/2025, 08:47:10 IST] [INFO]: No airline available, skipping...
[01/02/2025, 09:48:31 IST] [INFO]: No airline available, skipping...
[01/02/2025, 09:49:43 IST] [INFO]: I enter the passenger title Mr
[01/02/2025, 09:49:55 IST] [INFO]: I enter the passenger title Mr
[01/02/2025, 13:48:15 IST] [INFO]: No airline available, skipping...
[01/02/2025, 13:48:23 IST] [INFO]: No airline available, skipping...
[01/02/2025, 13:49:06 IST] [INFO]: No airline available, skipping...
[01/02/2025, 13:50:00 IST] [INFO]: No airline available, skipping...
[01/02/2025, 13:52:00 IST] [INFO]: No airline available, skipping...
[01/02/2025, 13:53:21 IST] [INFO]: No airline available, skipping...
[01/02/2025, 13:54:36 IST] [INFO]: I enter the passenger title Mr
[01/02/2025, 13:54:50 IST] [INFO]: I enter the passenger title Mr
[01/02/2025, 21:39:58 IST] [INFO]: No airline available, skipping...
[01/02/2025, 22:03:20 IST] [INFO]: No airline available, skipping...
[01/02/2025, 22:05:31 IST] [INFO]: I enter the passenger title Mr
[01/02/2025, 22:05:44 IST] [INFO]: I enter the passenger title Mr
[01/02/2025, 22:08:57 IST] [INFO]: No airline available, skipping...
[01/02/2025, 22:10:14 IST] [INFO]: I have the departure location as DXB
[01/02/2025, 22:10:14 IST] [INFO]: I have the return location LHR
[01/02/2025, 22:10:14 IST] [INFO]: I have the departure date 02-22-2025
[01/02/2025, 22:10:14 IST] [INFO]: I have the cabin class Y
[01/02/2025, 22:10:14 IST] [INFO]: I have the number of adults 1
[01/02/2025, 22:10:14 IST] [INFO]: I have the number of children 2
[01/02/2025, 22:10:14 IST] [INFO]: I have the number of infand 2
[01/02/2025, 22:10:14 IST] [INFO]: I have the direct flight option set to false
[01/02/2025, 22:10:14 IST] [INFO]: I have the baggage option set to false
[01/02/2025, 22:10:14 IST] [INFO]: I have the refundable option set to false
[01/02/2025, 22:10:14 IST] [INFO]: No airline available, skipping...
[01/02/2025, 22:12:24 IST] [INFO]: I have the departure location as DXB
[01/02/2025, 22:12:24 IST] [INFO]: I have the return location LHR
[01/02/2025, 22:12:24 IST] [INFO]: I have the departure date 02-22-2025
[01/02/2025, 22:12:24 IST] [INFO]: I have the cabin class Y
[01/02/2025, 22:12:24 IST] [INFO]: I have the number of adults 1
[01/02/2025, 22:12:24 IST] [INFO]: I have the number of children 2
[01/02/2025, 22:12:24 IST] [INFO]: I have the number of infand 2
[01/02/2025, 22:12:24 IST] [INFO]: I have the direct flight option set to false
[01/02/2025, 22:12:24 IST] [INFO]: I have the baggage option set to false
[01/02/2025, 22:12:24 IST] [INFO]: I have the refundable option set to false
[01/02/2025, 22:12:24 IST] [INFO]: No airline available, skipping...
[01/02/2025, 22:13:54 IST] [INFO]: I have the departure location as DXB
[01/02/2025, 22:13:54 IST] [INFO]: I have the return location LHR
[01/02/2025, 22:13:54 IST] [INFO]: I have the departure date 02-22-2025
[01/02/2025, 22:13:54 IST] [INFO]: I have the cabin class Y
[01/02/2025, 22:13:54 IST] [INFO]: I have the number of adults 1
[01/02/2025, 22:13:54 IST] [INFO]: I have the number of children 2
[01/02/2025, 22:13:54 IST] [INFO]: I have the number of infand 2
[01/02/2025, 22:13:54 IST] [INFO]: I have the direct flight option set to false
[01/02/2025, 22:13:54 IST] [INFO]: I have the baggage option set to false
[01/02/2025, 22:13:54 IST] [INFO]: I have the refundable option set to false
[01/02/2025, 22:13:54 IST] [INFO]: No airline available, skipping...
[01/02/2025, 22:15:23 IST] [INFO]: I have the departure location as DXB
[01/02/2025, 22:15:23 IST] [INFO]: I have the return location LHR
[01/02/2025, 22:15:23 IST] [INFO]: I have the departure date 02-22-2025
[01/02/2025, 22:15:23 IST] [INFO]: I have the cabin class Y
[01/02/2025, 22:15:23 IST] [INFO]: I have the number of adults 1
[01/02/2025, 22:15:24 IST] [INFO]: I have the number of children 2
[01/02/2025, 22:15:24 IST] [INFO]: I have the number of infand 2
[01/02/2025, 22:15:24 IST] [INFO]: I have the direct flight option set to false
[01/02/2025, 22:15:24 IST] [INFO]: I have the baggage option set to false
[01/02/2025, 22:15:24 IST] [INFO]: I have the refundable option set to false
[01/02/2025, 22:15:24 IST] [INFO]: No airline available, skipping...
[01/02/2025, 22:16:34 IST] [INFO]: I have the departure location as DXB
[01/02/2025, 22:16:34 IST] [INFO]: I have the return location LHR
[01/02/2025, 22:16:34 IST] [INFO]: I have the departure date 02-22-2025
[01/02/2025, 22:16:34 IST] [INFO]: I have the cabin class Y
[01/02/2025, 22:16:34 IST] [INFO]: I have the number of adults 1
[01/02/2025, 22:16:34 IST] [INFO]: I have the number of children 2
[01/02/2025, 22:16:34 IST] [INFO]: I have the number of infand 2
[01/02/2025, 22:16:34 IST] [INFO]: I have the direct flight option set to false
[01/02/2025, 22:16:34 IST] [INFO]: I have the baggage option set to false
[01/02/2025, 22:16:34 IST] [INFO]: I have the refundable option set to false
[01/02/2025, 22:16:34 IST] [INFO]: No airline available, skipping...
[01/02/2025, 22:17:56 IST] [INFO]: I have the departure location as DXB
[01/02/2025, 22:17:56 IST] [INFO]: I have the return location LHR
[01/02/2025, 22:17:56 IST] [INFO]: I have the departure date 02-22-2025
[01/02/2025, 22:17:56 IST] [INFO]: I have the cabin class Y
[01/02/2025, 22:17:56 IST] [INFO]: I have the number of adults 1
[01/02/2025, 22:17:56 IST] [INFO]: I have the number of children 2
[01/02/2025, 22:17:56 IST] [INFO]: I have the number of infand 2
[01/02/2025, 22:17:56 IST] [INFO]: I have the direct flight option set to false
[01/02/2025, 22:17:56 IST] [INFO]: I have the baggage option set to false
[01/02/2025, 22:17:56 IST] [INFO]: I have the refundable option set to false
[01/02/2025, 22:17:56 IST] [INFO]: No airline available, skipping...
[01/02/2025, 22:19:55 IST] [INFO]: I have the departure location as DXB
[01/02/2025, 22:19:57 IST] [INFO]: I have the return location LHR
[01/02/2025, 22:19:57 IST] [INFO]: I have the departure date 02-22-2025
[01/02/2025, 22:19:57 IST] [INFO]: I have the cabin class Y
[01/02/2025, 22:19:57 IST] [INFO]: I have the number of adults 1
[01/02/2025, 22:19:57 IST] [INFO]: I have the number of children 2
[01/02/2025, 22:19:57 IST] [INFO]: I have the number of infand 2
[01/02/2025, 22:19:57 IST] [INFO]: I have the direct flight option set to false
[01/02/2025, 22:19:57 IST] [INFO]: I have the baggage option set to false
[01/02/2025, 22:19:57 IST] [INFO]: I have the refundable option set to false
[01/02/2025, 22:19:57 IST] [INFO]: No airline available, skipping...
[01/02/2025, 22:21:01 IST] [INFO]: I have the departure location as DXB
[01/02/2025, 22:21:01 IST] [INFO]: I have the return location LHR
[01/02/2025, 22:21:01 IST] [INFO]: I have the departure date 02-22-2025
[01/02/2025, 22:21:01 IST] [INFO]: I have the cabin class Y
[01/02/2025, 22:21:01 IST] [INFO]: I have the number of adults 1
[01/02/2025, 22:21:01 IST] [INFO]: I have the number of children 2
[01/02/2025, 22:21:01 IST] [INFO]: I have the number of infand 2
[01/02/2025, 22:21:01 IST] [INFO]: I have the direct flight option set to false
[01/02/2025, 22:21:02 IST] [INFO]: I have the baggage option set to false
[01/02/2025, 22:21:02 IST] [INFO]: I have the refundable option set to false
[01/02/2025, 22:21:02 IST] [INFO]: No airline available, skipping...
[01/02/2025, 22:28:34 IST] [INFO]: I have the departure location as DXB
[01/02/2025, 22:28:34 IST] [INFO]: I have the return location LHR
[01/02/2025, 22:28:34 IST] [INFO]: I have the departure date 02-22-2025
[01/02/2025, 22:28:34 IST] [INFO]: I have the cabin class Y
[01/02/2025, 22:28:34 IST] [INFO]: I have the number of adults 1
[01/02/2025, 22:28:34 IST] [INFO]: I have the number of children 2
[01/02/2025, 22:28:34 IST] [INFO]: I have the number of infand 2
[01/02/2025, 22:28:34 IST] [INFO]: I have the direct flight option set to false
[01/02/2025, 22:28:34 IST] [INFO]: I have the baggage option set to false
[01/02/2025, 22:28:34 IST] [INFO]: I have the refundable option set to false
[01/02/2025, 22:28:34 IST] [INFO]: No airline available, skipping...
[01/02/2025, 22:29:26 IST] [INFO]: I have the departure location as DXB
[01/02/2025, 22:29:26 IST] [INFO]: I have the return location LHR
[01/02/2025, 22:29:26 IST] [INFO]: I have the departure date 02-22-2025
[01/02/2025, 22:29:26 IST] [INFO]: I have the cabin class Y
[01/02/2025, 22:29:26 IST] [INFO]: I have the number of adults 1
[01/02/2025, 22:29:26 IST] [INFO]: I have the number of children 2
[01/02/2025, 22:29:26 IST] [INFO]: I have the number of infand 2
[01/02/2025, 22:29:27 IST] [INFO]: I have the direct flight option set to false
[01/02/2025, 22:29:27 IST] [INFO]: I have the baggage option set to false
[01/02/2025, 22:29:27 IST] [INFO]: I have the refundable option set to false
[01/02/2025, 22:29:27 IST] [INFO]: No airline available, skipping...
[01/02/2025, 22:31:58 IST] [INFO]: I have the departure location as DXB
[01/02/2025, 22:31:58 IST] [INFO]: I have the return location LHR
[01/02/2025, 22:31:58 IST] [INFO]: I have the departure date 02-22-2025
[01/02/2025, 22:31:58 IST] [INFO]: I have the cabin class Y
[01/02/2025, 22:31:58 IST] [INFO]: I have the number of adults 1
[01/02/2025, 22:31:58 IST] [INFO]: I have the number of children 2
[01/02/2025, 22:31:58 IST] [INFO]: I have the number of infand 2
[01/02/2025, 22:31:58 IST] [INFO]: I have the direct flight option set to false
[01/02/2025, 22:31:58 IST] [INFO]: I have the baggage option set to false
[01/02/2025, 22:31:58 IST] [INFO]: I have the refundable option set to false
[01/02/2025, 22:31:58 IST] [INFO]: No airline available, skipping...
[01/02/2025, 22:34:19 IST] [INFO]: I have the departure location as DXB
[01/02/2025, 22:34:19 IST] [INFO]: I have the return location LHR
[01/02/2025, 22:34:19 IST] [INFO]: I have the departure date 02-22-2025
[01/02/2025, 22:34:19 IST] [INFO]: I have the cabin class Y
[01/02/2025, 22:34:19 IST] [INFO]: I have the number of adults 1
[01/02/2025, 22:34:19 IST] [INFO]: I have the number of children 2
[01/02/2025, 22:34:19 IST] [INFO]: I have the number of infand 2
[01/02/2025, 22:34:19 IST] [INFO]: I have the direct flight option set to false
[01/02/2025, 22:34:19 IST] [INFO]: I have the baggage option set to false
[01/02/2025, 22:34:19 IST] [INFO]: I have the refundable option set to false
[01/02/2025, 22:34:19 IST] [INFO]: No airline available, skipping...
[01/02/2025, 22:36:16 IST] [INFO]: I have the departure location as DXB
[01/02/2025, 22:36:16 IST] [INFO]: I have the return location LHR
[01/02/2025, 22:36:16 IST] [INFO]: I have the departure date 02-22-2025
[01/02/2025, 22:36:16 IST] [INFO]: I have the cabin class Y
[01/02/2025, 22:36:16 IST] [INFO]: I have the number of adults 1
[01/02/2025, 22:36:16 IST] [INFO]: I have the number of children 2
[01/02/2025, 22:36:16 IST] [INFO]: I have the number of infand 2
[01/02/2025, 22:36:16 IST] [INFO]: I have the direct flight option set to false
[01/02/2025, 22:36:16 IST] [INFO]: I have the baggage option set to false
[01/02/2025, 22:36:16 IST] [INFO]: I have the refundable option set to false
[01/02/2025, 22:36:16 IST] [INFO]: No airline available, skipping...
[01/02/2025, 22:36:25 IST] [INFO]: I have the departure location as DXB
[01/02/2025, 22:36:25 IST] [INFO]: I have the return location LHR
[01/02/2025, 22:36:25 IST] [INFO]: I have the departure date 02-22-2025
[01/02/2025, 22:36:25 IST] [INFO]: I have the cabin class Y
[01/02/2025, 22:36:25 IST] [INFO]: I have the number of adults 1
[01/02/2025, 22:36:25 IST] [INFO]: I have the number of children 2
[01/02/2025, 22:36:25 IST] [INFO]: I have the number of infand 2
[01/02/2025, 22:36:25 IST] [INFO]: I have the direct flight option set to false
[01/02/2025, 22:36:25 IST] [INFO]: I have the baggage option set to false
[01/02/2025, 22:36:25 IST] [INFO]: I have the refundable option set to false
[01/02/2025, 22:36:25 IST] [INFO]: No airline available, skipping...
[01/02/2025, 22:37:03 IST] [INFO]: I enter the passenger title Mr
[01/02/2025, 22:37:22 IST] [INFO]: I enter the passenger title Mstr
[01/02/2025, 22:37:43 IST] [INFO]: I enter the passenger title Mstr
[01/02/2025, 22:37:58 IST] [INFO]: I enter the passenger title Miss
[01/02/2025, 22:38:12 IST] [INFO]: I enter the passenger title Miss
[01/02/2025, 22:45:51 IST] [INFO]: I have the departure location as DXB
[01/02/2025, 22:45:51 IST] [INFO]: I have the return location LHR
[01/02/2025, 22:45:51 IST] [INFO]: I have the departure date 02-22-2025
[01/02/2025, 22:45:51 IST] [INFO]: I have the cabin class Y
[01/02/2025, 22:45:51 IST] [INFO]: I have the number of adults 1
[01/02/2025, 22:45:51 IST] [INFO]: I have the number of children 2
[01/02/2025, 22:45:51 IST] [INFO]: I have the number of infand 2
[01/02/2025, 22:45:51 IST] [INFO]: I have the direct flight option set to false
[01/02/2025, 22:45:51 IST] [INFO]: I have the baggage option set to false
[01/02/2025, 22:45:51 IST] [INFO]: I have the refundable option set to false
[01/02/2025, 22:45:51 IST] [INFO]: No airline available, skipping...
[01/02/2025, 22:46:06 IST] [INFO]: I have the departure location as DXB
[01/02/2025, 22:46:06 IST] [INFO]: I have the return location LHR
[01/02/2025, 22:46:06 IST] [INFO]: I have the departure date 02-22-2025
[01/02/2025, 22:46:06 IST] [INFO]: I have the cabin class Y
[01/02/2025, 22:46:06 IST] [INFO]: I have the number of adults 1
[01/02/2025, 22:46:06 IST] [INFO]: I have the number of children 2
[01/02/2025, 22:46:06 IST] [INFO]: I have the number of infand 2
[01/02/2025, 22:46:06 IST] [INFO]: I have the direct flight option set to false
[01/02/2025, 22:46:06 IST] [INFO]: I have the baggage option set to false
[01/02/2025, 22:46:06 IST] [INFO]: I have the refundable option set to false
[01/02/2025, 22:46:06 IST] [INFO]: No airline available, skipping...
[01/02/2025, 22:48:26 IST] [INFO]: I have the departure location as DXB
[01/02/2025, 22:48:26 IST] [INFO]: I have the return location LHR
[01/02/2025, 22:48:26 IST] [INFO]: I have the departure date 02-22-2025
[01/02/2025, 22:48:26 IST] [INFO]: I have the cabin class Y
[01/02/2025, 22:48:26 IST] [INFO]: I have the number of adults 1
[01/02/2025, 22:48:26 IST] [INFO]: I have the number of children 2
[01/02/2025, 22:48:26 IST] [INFO]: I have the number of infand 2
[01/02/2025, 22:48:26 IST] [INFO]: I have the direct flight option set to false
[01/02/2025, 22:48:26 IST] [INFO]: I have the baggage option set to false
[01/02/2025, 22:48:26 IST] [INFO]: I have the refundable option set to false
[01/02/2025, 22:48:26 IST] [INFO]: No airline available, skipping...
[01/02/2025, 22:49:14 IST] [INFO]: I have the departure location as DXB
[01/02/2025, 22:49:14 IST] [INFO]: I have the return location LHR
[01/02/2025, 22:49:14 IST] [INFO]: I have the departure date 02-22-2025
[01/02/2025, 22:49:14 IST] [INFO]: I have the cabin class Y
[01/02/2025, 22:49:14 IST] [INFO]: I have the number of adults 1
[01/02/2025, 22:49:14 IST] [INFO]: I have the number of children 2
[01/02/2025, 22:49:14 IST] [INFO]: I have the number of infand 2
[01/02/2025, 22:49:14 IST] [INFO]: I have the direct flight option set to false
[01/02/2025, 22:49:14 IST] [INFO]: I have the baggage option set to false
[01/02/2025, 22:49:14 IST] [INFO]: I have the refundable option set to false
[01/02/2025, 22:49:14 IST] [INFO]: No airline available, skipping...
[01/02/2025, 22:49:44 IST] [INFO]: I have the departure location as DXB
[01/02/2025, 22:49:44 IST] [INFO]: I have the return location LHR
[01/02/2025, 22:49:44 IST] [INFO]: I have the departure date 02-22-2025
[01/02/2025, 22:49:44 IST] [INFO]: I have the cabin class Y
[01/02/2025, 22:49:44 IST] [INFO]: I have the number of adults 1
[01/02/2025, 22:49:44 IST] [INFO]: I have the number of children 2
[01/02/2025, 22:49:44 IST] [INFO]: I have the number of infand 2
[01/02/2025, 22:49:44 IST] [INFO]: I have the direct flight option set to false
[01/02/2025, 22:49:44 IST] [INFO]: I have the baggage option set to false
[01/02/2025, 22:49:44 IST] [INFO]: I have the refundable option set to false
[01/02/2025, 22:49:45 IST] [INFO]: No airline available, skipping...
[01/02/2025, 22:54:37 IST] [INFO]: I have the departure location as DXB
[01/02/2025, 22:54:37 IST] [INFO]: I have the return location LHR
[01/02/2025, 22:54:37 IST] [INFO]: I have the departure date 02-22-2025
[01/02/2025, 22:54:37 IST] [INFO]: I have the cabin class Y
[01/02/2025, 22:54:37 IST] [INFO]: I have the number of adults 1
[01/02/2025, 22:54:37 IST] [INFO]: I have the number of children 2
[01/02/2025, 22:54:37 IST] [INFO]: I have the number of infand 2
[01/02/2025, 22:54:37 IST] [INFO]: I have the direct flight option set to false
[01/02/2025, 22:54:37 IST] [INFO]: I have the baggage option set to false
[01/02/2025, 22:54:37 IST] [INFO]: I have the refundable option set to false
[01/02/2025, 22:54:37 IST] [INFO]: No airline available, skipping...
[01/02/2025, 22:55:25 IST] [INFO]: I enter the passenger title Mr
[01/02/2025, 22:55:37 IST] [INFO]: I have the departure location as DXB
[01/02/2025, 22:55:37 IST] [INFO]: I have the return location LHR
[01/02/2025, 22:55:37 IST] [INFO]: I have the departure date 02-22-2025
[01/02/2025, 22:55:37 IST] [INFO]: I have the cabin class Y
[01/02/2025, 22:55:37 IST] [INFO]: I have the number of adults 1
[01/02/2025, 22:55:37 IST] [INFO]: I have the number of children 2
[01/02/2025, 22:55:37 IST] [INFO]: I have the number of infand 2
[01/02/2025, 22:55:37 IST] [INFO]: I have the direct flight option set to false
[01/02/2025, 22:55:37 IST] [INFO]: I have the baggage option set to false
[01/02/2025, 22:55:37 IST] [INFO]: I have the refundable option set to false
[01/02/2025, 22:55:37 IST] [INFO]: No airline available, skipping...
[01/02/2025, 22:57:54 IST] [INFO]: I have the departure location as DXB
[01/02/2025, 22:57:54 IST] [INFO]: I have the return location LHR
[01/02/2025, 22:57:54 IST] [INFO]: I have the departure date 02-22-2025
[01/02/2025, 22:57:54 IST] [INFO]: I have the cabin class Y
[01/02/2025, 22:57:54 IST] [INFO]: I have the number of adults 1
[01/02/2025, 22:57:54 IST] [INFO]: I have the number of children 2
[01/02/2025, 22:57:54 IST] [INFO]: I have the number of infand 2
[01/02/2025, 22:57:54 IST] [INFO]: I have the direct flight option set to false
[01/02/2025, 22:57:54 IST] [INFO]: I have the baggage option set to false
[01/02/2025, 22:57:54 IST] [INFO]: I have the refundable option set to false
[01/02/2025, 22:57:54 IST] [INFO]: No airline available, skipping...
[01/02/2025, 22:58:33 IST] [INFO]: I have the departure location as DXB
[01/02/2025, 22:58:33 IST] [INFO]: I have the return location LHR
[01/02/2025, 22:58:33 IST] [INFO]: I have the departure date 02-22-2025
[01/02/2025, 22:58:33 IST] [INFO]: I have the cabin class Y
[01/02/2025, 22:58:33 IST] [INFO]: I have the number of adults 1
[01/02/2025, 22:58:33 IST] [INFO]: I have the number of children 2
[01/02/2025, 22:58:33 IST] [INFO]: I have the number of infand 2
[01/02/2025, 22:58:33 IST] [INFO]: I have the direct flight option set to false
[01/02/2025, 22:58:33 IST] [INFO]: I have the baggage option set to false
[01/02/2025, 22:58:33 IST] [INFO]: I have the refundable option set to false
[01/02/2025, 22:58:33 IST] [INFO]: No airline available, skipping...
[01/02/2025, 22:59:32 IST] [INFO]: I have the departure location as DXB
[01/02/2025, 22:59:32 IST] [INFO]: I have the return location LHR
[01/02/2025, 22:59:32 IST] [INFO]: I have the departure date 02-22-2025
[01/02/2025, 22:59:32 IST] [INFO]: I have the cabin class Y
[01/02/2025, 22:59:32 IST] [INFO]: I have the number of adults 1
[01/02/2025, 22:59:32 IST] [INFO]: I have the number of children 2
[01/02/2025, 22:59:32 IST] [INFO]: I have the number of infand 2
[01/02/2025, 22:59:32 IST] [INFO]: I have the direct flight option set to false
[01/02/2025, 22:59:32 IST] [INFO]: I have the baggage option set to false
[01/02/2025, 22:59:32 IST] [INFO]: I have the refundable option set to false
[01/02/2025, 22:59:32 IST] [INFO]: No airline available, skipping...
[01/02/2025, 23:02:12 IST] [INFO]: I have the departure location as DXB
[01/02/2025, 23:02:12 IST] [INFO]: I have the return location LHR
[01/02/2025, 23:02:12 IST] [INFO]: I have the departure date 02-22-2025
[01/02/2025, 23:02:12 IST] [INFO]: I have the cabin class Y
[01/02/2025, 23:02:12 IST] [INFO]: I have the number of adults 1
[01/02/2025, 23:02:12 IST] [INFO]: I have the number of children 2
[01/02/2025, 23:02:12 IST] [INFO]: I have the number of infand 2
[01/02/2025, 23:02:12 IST] [INFO]: I have the direct flight option set to false
[01/02/2025, 23:02:12 IST] [INFO]: I have the baggage option set to false
[01/02/2025, 23:02:12 IST] [INFO]: I have the refundable option set to false
[01/02/2025, 23:02:12 IST] [INFO]: No airline available, skipping...
[01/02/2025, 23:03:18 IST] [INFO]: I have the departure location as DXB
[01/02/2025, 23:03:19 IST] [INFO]: I have the return location LHR
[01/02/2025, 23:03:19 IST] [INFO]: I have the departure date 02-22-2025
[01/02/2025, 23:03:19 IST] [INFO]: I have the cabin class Y
[01/02/2025, 23:03:19 IST] [INFO]: I have the number of adults 1
[01/02/2025, 23:03:19 IST] [INFO]: I have the number of children 2
[01/02/2025, 23:03:19 IST] [INFO]: I have the number of infand 2
[01/02/2025, 23:03:19 IST] [INFO]: I have the direct flight option set to false
[01/02/2025, 23:03:19 IST] [INFO]: I have the baggage option set to false
[01/02/2025, 23:03:19 IST] [INFO]: I have the refundable option set to false
[01/02/2025, 23:03:19 IST] [INFO]: No airline available, skipping...
[01/02/2025, 23:04:27 IST] [INFO]: I have the departure location as DXB
[01/02/2025, 23:04:27 IST] [INFO]: I have the return location LHR
[01/02/2025, 23:04:27 IST] [INFO]: I have the departure date 02-22-2025
[01/02/2025, 23:04:27 IST] [INFO]: I have the cabin class Y
[01/02/2025, 23:04:27 IST] [INFO]: I have the number of adults 1
[01/02/2025, 23:04:27 IST] [INFO]: I have the number of children 2
[01/02/2025, 23:04:27 IST] [INFO]: I have the number of infand 2
[01/02/2025, 23:04:27 IST] [INFO]: I have the direct flight option set to false
[01/02/2025, 23:04:27 IST] [INFO]: I have the baggage option set to false
[01/02/2025, 23:04:27 IST] [INFO]: I have the refundable option set to false
[01/02/2025, 23:04:27 IST] [INFO]: No airline available, skipping...
[01/02/2025, 23:05:33 IST] [INFO]: I have the departure location as DXB
[01/02/2025, 23:05:33 IST] [INFO]: I have the return location LHR
[01/02/2025, 23:05:33 IST] [INFO]: I have the departure date 02-22-2025
[01/02/2025, 23:05:33 IST] [INFO]: I have the cabin class Y
[01/02/2025, 23:05:33 IST] [INFO]: I have the number of adults 1
[01/02/2025, 23:05:33 IST] [INFO]: I have the number of children 2
[01/02/2025, 23:05:33 IST] [INFO]: I have the number of infand 2
[01/02/2025, 23:05:33 IST] [INFO]: I have the direct flight option set to false
[01/02/2025, 23:05:33 IST] [INFO]: I have the baggage option set to false
[01/02/2025, 23:05:33 IST] [INFO]: I have the refundable option set to false
[01/02/2025, 23:05:33 IST] [INFO]: No airline available, skipping...
[01/02/2025, 23:06:42 IST] [INFO]: I have the departure location as DXB
[01/02/2025, 23:06:42 IST] [INFO]: I have the return location LHR
[01/02/2025, 23:06:42 IST] [INFO]: I have the departure date 02-22-2025
[01/02/2025, 23:06:42 IST] [INFO]: I have the cabin class Y
[01/02/2025, 23:06:42 IST] [INFO]: I have the number of adults 1
[01/02/2025, 23:06:42 IST] [INFO]: I have the number of children 2
[01/02/2025, 23:06:42 IST] [INFO]: I have the number of infand 2
[01/02/2025, 23:06:42 IST] [INFO]: I have the direct flight option set to false
[01/02/2025, 23:06:42 IST] [INFO]: I have the baggage option set to false
[01/02/2025, 23:06:42 IST] [INFO]: I have the refundable option set to false
[01/02/2025, 23:06:42 IST] [INFO]: No airline available, skipping...
[01/02/2025, 23:08:00 IST] [INFO]: I have the departure location as DXB
[01/02/2025, 23:08:00 IST] [INFO]: I have the return location LHR
[01/02/2025, 23:08:00 IST] [INFO]: I have the departure date 02-22-2025
[01/02/2025, 23:08:00 IST] [INFO]: I have the cabin class Y
[01/02/2025, 23:08:00 IST] [INFO]: I have the number of adults 1
[01/02/2025, 23:08:00 IST] [INFO]: I have the number of children 2
[01/02/2025, 23:08:00 IST] [INFO]: I have the number of infand 2
[01/02/2025, 23:08:00 IST] [INFO]: I have the direct flight option set to false
[01/02/2025, 23:08:00 IST] [INFO]: I have the baggage option set to false
[01/02/2025, 23:08:00 IST] [INFO]: I have the refundable option set to false
[01/02/2025, 23:08:00 IST] [INFO]: No airline available, skipping...
[01/02/2025, 23:14:05 IST] [INFO]: I have the departure location as DXB
[01/02/2025, 23:14:05 IST] [INFO]: I have the return location LHR
[01/02/2025, 23:14:05 IST] [INFO]: I have the departure date 02-22-2025
[01/02/2025, 23:14:05 IST] [INFO]: I have the cabin class Y
[01/02/2025, 23:14:05 IST] [INFO]: I have the number of adults 1
[01/02/2025, 23:14:05 IST] [INFO]: I have the number of children 2
[01/02/2025, 23:14:05 IST] [INFO]: I have the number of infand 2
[01/02/2025, 23:14:05 IST] [INFO]: I have the direct flight option set to false
[01/02/2025, 23:14:05 IST] [INFO]: I have the baggage option set to false
[01/02/2025, 23:14:05 IST] [INFO]: I have the refundable option set to false
[01/02/2025, 23:14:05 IST] [INFO]: No airline available, skipping...
[01/02/2025, 23:17:05 IST] [INFO]: I have the departure location as DXB
[01/02/2025, 23:17:05 IST] [INFO]: I have the return location LHR
[01/02/2025, 23:17:05 IST] [INFO]: I have the departure date 02-22-2025
[01/02/2025, 23:17:05 IST] [INFO]: I have the cabin class Y
[01/02/2025, 23:17:06 IST] [INFO]: I have the number of adults 1
[01/02/2025, 23:17:06 IST] [INFO]: I have the number of children 2
[01/02/2025, 23:17:06 IST] [INFO]: I have the number of infand 2
[01/02/2025, 23:17:06 IST] [INFO]: I have the direct flight option set to false
[01/02/2025, 23:17:06 IST] [INFO]: I have the baggage option set to false
[01/02/2025, 23:17:06 IST] [INFO]: I have the refundable option set to false
[01/02/2025, 23:17:06 IST] [INFO]: No airline available, skipping...
[01/02/2025, 23:18:15 IST] [INFO]: I have the departure location as DXB
[01/02/2025, 23:18:15 IST] [INFO]: I have the return location LHR
[01/02/2025, 23:18:15 IST] [INFO]: I have the departure date 02-22-2025
[01/02/2025, 23:18:15 IST] [INFO]: I have the cabin class Y
[01/02/2025, 23:18:16 IST] [INFO]: I have the number of adults 1
[01/02/2025, 23:18:16 IST] [INFO]: I have the number of children 2
[01/02/2025, 23:18:16 IST] [INFO]: I have the number of infand 2
[01/02/2025, 23:18:16 IST] [INFO]: I have the direct flight option set to false
[01/02/2025, 23:18:16 IST] [INFO]: I have the baggage option set to false
[01/02/2025, 23:18:16 IST] [INFO]: I have the refundable option set to false
[01/02/2025, 23:18:16 IST] [INFO]: No airline available, skipping...
[01/02/2025, 23:21:45 IST] [INFO]: I have the departure location as DXB
[01/02/2025, 23:21:45 IST] [INFO]: I have the return location LHR
[01/02/2025, 23:21:45 IST] [INFO]: I have the departure date 02-22-2025
[01/02/2025, 23:21:45 IST] [INFO]: I have the cabin class Y
[01/02/2025, 23:21:45 IST] [INFO]: I have the number of adults 1
[01/02/2025, 23:21:45 IST] [INFO]: I have the number of children 2
[01/02/2025, 23:21:45 IST] [INFO]: I have the number of infand 2
[01/02/2025, 23:21:45 IST] [INFO]: I have the direct flight option set to false
[01/02/2025, 23:21:45 IST] [INFO]: I have the baggage option set to false
[01/02/2025, 23:21:45 IST] [INFO]: I have the refundable option set to false
[01/02/2025, 23:21:45 IST] [INFO]: No airline available, skipping...
[01/02/2025, 23:22:57 IST] [INFO]: I have the departure location as DXB
[01/02/2025, 23:22:57 IST] [INFO]: I have the return location LHR
[01/02/2025, 23:22:57 IST] [INFO]: I have the departure date 02-22-2025
[01/02/2025, 23:22:57 IST] [INFO]: I have the cabin class Y
[01/02/2025, 23:22:57 IST] [INFO]: I have the number of adults 1
[01/02/2025, 23:22:57 IST] [INFO]: I have the number of children 2
[01/02/2025, 23:22:57 IST] [INFO]: I have the number of infand 2
[01/02/2025, 23:22:57 IST] [INFO]: I have the direct flight option set to false
[01/02/2025, 23:22:57 IST] [INFO]: I have the baggage option set to false
[01/02/2025, 23:22:57 IST] [INFO]: I have the refundable option set to false
[01/02/2025, 23:22:57 IST] [INFO]: No airline available, skipping...
[01/02/2025, 23:24:34 IST] [INFO]: I have the departure location as DXB
[01/02/2025, 23:24:34 IST] [INFO]: I have the return location LHR
[01/02/2025, 23:24:34 IST] [INFO]: I have the departure date 02-22-2025
[01/02/2025, 23:24:34 IST] [INFO]: I have the cabin class Y
[01/02/2025, 23:24:34 IST] [INFO]: I have the number of adults 1
[01/02/2025, 23:24:34 IST] [INFO]: I have the number of children 2
[01/02/2025, 23:24:34 IST] [INFO]: I have the number of infand 2
[01/02/2025, 23:24:34 IST] [INFO]: I have the direct flight option set to false
[01/02/2025, 23:24:34 IST] [INFO]: I have the baggage option set to false
[01/02/2025, 23:24:34 IST] [INFO]: I have the refundable option set to false
[01/02/2025, 23:24:34 IST] [INFO]: No airline available, skipping...
[01/02/2025, 23:26:46 IST] [INFO]: I have the departure location as DXB
[01/02/2025, 23:26:46 IST] [INFO]: I have the return location LHR
[01/02/2025, 23:26:46 IST] [INFO]: I have the departure date 02-22-2025
[01/02/2025, 23:26:46 IST] [INFO]: I have the cabin class Y
[01/02/2025, 23:26:46 IST] [INFO]: I have the number of adults 1
[01/02/2025, 23:26:46 IST] [INFO]: I have the number of children 2
[01/02/2025, 23:26:46 IST] [INFO]: I have the number of infand 2
[01/02/2025, 23:26:46 IST] [INFO]: I have the direct flight option set to false
[01/02/2025, 23:26:46 IST] [INFO]: I have the baggage option set to false
[01/02/2025, 23:26:46 IST] [INFO]: I have the refundable option set to false
[01/02/2025, 23:26:46 IST] [INFO]: No airline available, skipping...
[01/02/2025, 23:28:30 IST] [INFO]: I have the departure location as DXB
[01/02/2025, 23:28:30 IST] [INFO]: I have the return location LHR
[01/02/2025, 23:28:30 IST] [INFO]: I have the departure date 02-22-2025
[01/02/2025, 23:28:30 IST] [INFO]: I have the cabin class Y
[01/02/2025, 23:28:30 IST] [INFO]: I have the number of adults 1
[01/02/2025, 23:28:30 IST] [INFO]: I have the number of children 2
[01/02/2025, 23:28:30 IST] [INFO]: I have the number of infand 2
[01/02/2025, 23:28:30 IST] [INFO]: I have the direct flight option set to false
[01/02/2025, 23:28:30 IST] [INFO]: I have the baggage option set to false
[01/02/2025, 23:28:30 IST] [INFO]: I have the refundable option set to false
[01/02/2025, 23:28:30 IST] [INFO]: No airline available, skipping...
[01/02/2025, 23:29:12 IST] [INFO]: I have the departure location as DXB
[01/02/2025, 23:29:12 IST] [INFO]: I have the return location LHR
[01/02/2025, 23:29:12 IST] [INFO]: I have the departure date 02-22-2025
[01/02/2025, 23:29:12 IST] [INFO]: I have the cabin class Y
[01/02/2025, 23:29:12 IST] [INFO]: I have the number of adults 1
[01/02/2025, 23:29:12 IST] [INFO]: I have the number of children 2
[01/02/2025, 23:29:12 IST] [INFO]: I have the number of infand 2
[01/02/2025, 23:29:12 IST] [INFO]: I have the direct flight option set to false
[01/02/2025, 23:29:12 IST] [INFO]: I have the baggage option set to false
[01/02/2025, 23:29:12 IST] [INFO]: I have the refundable option set to false
[01/02/2025, 23:29:12 IST] [INFO]: No airline available, skipping...
[01/02/2025, 23:30:07 IST] [INFO]: I have the departure location as DXB
[01/02/2025, 23:30:07 IST] [INFO]: I have the return location LHR
[01/02/2025, 23:30:07 IST] [INFO]: I have the departure date 02-22-2025
[01/02/2025, 23:30:07 IST] [INFO]: I have the cabin class Y
[01/02/2025, 23:30:07 IST] [INFO]: I have the number of adults 1
[01/02/2025, 23:30:07 IST] [INFO]: I have the number of children 2
[01/02/2025, 23:30:07 IST] [INFO]: I have the number of infand 2
[01/02/2025, 23:30:07 IST] [INFO]: I have the direct flight option set to false
[01/02/2025, 23:30:07 IST] [INFO]: I have the baggage option set to false
[01/02/2025, 23:30:07 IST] [INFO]: I have the refundable option set to false
[01/02/2025, 23:30:07 IST] [INFO]: No airline available, skipping...
[01/02/2025, 23:31:11 IST] [INFO]: I have the departure location as DXB
[01/02/2025, 23:31:11 IST] [INFO]: I have the return location LHR
[01/02/2025, 23:31:11 IST] [INFO]: I have the departure date 02-22-2025
[01/02/2025, 23:31:11 IST] [INFO]: I have the cabin class Y
[01/02/2025, 23:31:11 IST] [INFO]: I have the number of adults 1
[01/02/2025, 23:31:11 IST] [INFO]: I have the number of children 2
[01/02/2025, 23:31:11 IST] [INFO]: I have the number of infand 2
[01/02/2025, 23:31:11 IST] [INFO]: I have the direct flight option set to false
[01/02/2025, 23:31:11 IST] [INFO]: I have the baggage option set to false
[01/02/2025, 23:31:11 IST] [INFO]: I have the refundable option set to false
[01/02/2025, 23:31:11 IST] [INFO]: No airline available, skipping...
[01/02/2025, 23:32:10 IST] [INFO]: I have the departure location as DXB
[01/02/2025, 23:32:10 IST] [INFO]: I have the return location LHR
[01/02/2025, 23:32:10 IST] [INFO]: I have the departure date 02-22-2025
[01/02/2025, 23:32:10 IST] [INFO]: I have the cabin class Y
[01/02/2025, 23:32:10 IST] [INFO]: I have the number of adults 1
[01/02/2025, 23:32:10 IST] [INFO]: I have the number of children 2
[01/02/2025, 23:32:10 IST] [INFO]: I have the number of infand 2
[01/02/2025, 23:32:10 IST] [INFO]: I have the direct flight option set to false
[01/02/2025, 23:32:10 IST] [INFO]: I have the baggage option set to false
[01/02/2025, 23:32:10 IST] [INFO]: I have the refundable option set to false
[01/02/2025, 23:32:10 IST] [INFO]: No airline available, skipping...
[01/02/2025, 23:32:23 IST] [INFO]: I have the departure location as DXB
[01/02/2025, 23:32:23 IST] [INFO]: I have the return location LHR
[01/02/2025, 23:32:23 IST] [INFO]: I have the departure date 02-22-2025
[01/02/2025, 23:32:23 IST] [INFO]: I have the cabin class Y
[01/02/2025, 23:32:23 IST] [INFO]: I have the number of adults 1
[01/02/2025, 23:32:23 IST] [INFO]: I have the number of children 2
[01/02/2025, 23:32:23 IST] [INFO]: I have the number of infand 2
[01/02/2025, 23:32:23 IST] [INFO]: I have the direct flight option set to false
[01/02/2025, 23:32:23 IST] [INFO]: I have the baggage option set to false
[01/02/2025, 23:32:23 IST] [INFO]: I have the refundable option set to false
[01/02/2025, 23:32:23 IST] [INFO]: No airline available, skipping...
[01/02/2025, 23:34:58 IST] [INFO]: I have the departure location as DXB
[01/02/2025, 23:34:58 IST] [INFO]: I have the return location LHR
[01/02/2025, 23:34:58 IST] [INFO]: I have the departure date 02-22-2025
[01/02/2025, 23:34:58 IST] [INFO]: I have the cabin class Y
[01/02/2025, 23:34:58 IST] [INFO]: I have the number of adults 1
[01/02/2025, 23:34:58 IST] [INFO]: I have the number of children 2
[01/02/2025, 23:34:58 IST] [INFO]: I have the number of infand 2
[01/02/2025, 23:34:58 IST] [INFO]: I have the direct flight option set to false
[01/02/2025, 23:34:58 IST] [INFO]: I have the baggage option set to false
[01/02/2025, 23:34:58 IST] [INFO]: I have the refundable option set to false
[01/02/2025, 23:34:58 IST] [INFO]: No airline available, skipping...
[01/02/2025, 23:37:40 IST] [INFO]: I have the departure location as DXB
[01/02/2025, 23:37:40 IST] [INFO]: I have the return location LHR
[01/02/2025, 23:37:40 IST] [INFO]: I have the departure date 02-22-2025
[01/02/2025, 23:37:40 IST] [INFO]: I have the cabin class Y
[01/02/2025, 23:37:40 IST] [INFO]: I have the number of adults 1
[01/02/2025, 23:37:40 IST] [INFO]: I have the number of children 2
[01/02/2025, 23:37:40 IST] [INFO]: I have the number of infand 2
[01/02/2025, 23:37:40 IST] [INFO]: I have the direct flight option set to false
[01/02/2025, 23:37:40 IST] [INFO]: I have the baggage option set to false
[01/02/2025, 23:37:40 IST] [INFO]: I have the refundable option set to false
[01/02/2025, 23:37:40 IST] [INFO]: No airline available, skipping...
[01/02/2025, 23:38:37 IST] [INFO]: I have the departure location as DXB
[01/02/2025, 23:38:37 IST] [INFO]: I have the return location LHR
[01/02/2025, 23:38:37 IST] [INFO]: I have the departure date 02-22-2025
[01/02/2025, 23:38:37 IST] [INFO]: I have the cabin class Y
[01/02/2025, 23:38:37 IST] [INFO]: I have the number of adults 1
[01/02/2025, 23:38:37 IST] [INFO]: I have the number of children 2
[01/02/2025, 23:38:37 IST] [INFO]: I have the number of infand 2
[01/02/2025, 23:38:37 IST] [INFO]: I have the direct flight option set to false
[01/02/2025, 23:38:37 IST] [INFO]: I have the baggage option set to false
[01/02/2025, 23:38:37 IST] [INFO]: I have the refundable option set to false
[01/02/2025, 23:38:37 IST] [INFO]: No airline available, skipping...
[01/02/2025, 23:41:55 IST] [INFO]: I have the departure location as DXB
[01/02/2025, 23:41:55 IST] [INFO]: I have the return location LHR
[01/02/2025, 23:41:55 IST] [INFO]: I have the departure date 02-22-2025
[01/02/2025, 23:41:55 IST] [INFO]: I have the cabin class Y
[01/02/2025, 23:41:55 IST] [INFO]: I have the number of adults 1
[01/02/2025, 23:41:55 IST] [INFO]: I have the number of children 2
[01/02/2025, 23:41:55 IST] [INFO]: I have the number of infand 2
[01/02/2025, 23:41:55 IST] [INFO]: I have the direct flight option set to false
[01/02/2025, 23:41:55 IST] [INFO]: I have the baggage option set to false
[01/02/2025, 23:41:55 IST] [INFO]: I have the refundable option set to false
[01/02/2025, 23:41:55 IST] [INFO]: No airline available, skipping...
[01/02/2025, 23:46:07 IST] [INFO]: I have the departure location as DXB
[01/02/2025, 23:46:07 IST] [INFO]: I have the return location LHR
[01/02/2025, 23:46:07 IST] [INFO]: I have the departure date 02-22-2025
[01/02/2025, 23:46:07 IST] [INFO]: I have the cabin class Y
[01/02/2025, 23:46:07 IST] [INFO]: I have the number of adults 1
[01/02/2025, 23:46:07 IST] [INFO]: I have the number of children 2
[01/02/2025, 23:46:07 IST] [INFO]: I have the number of infand 2
[01/02/2025, 23:46:07 IST] [INFO]: I have the direct flight option set to false
[01/02/2025, 23:46:07 IST] [INFO]: I have the baggage option set to false
[01/02/2025, 23:46:07 IST] [INFO]: I have the refundable option set to false
[01/02/2025, 23:46:07 IST] [INFO]: No airline available, skipping...
[01/02/2025, 23:49:11 IST] [INFO]: I have the departure location as DXB
[01/02/2025, 23:49:11 IST] [INFO]: I have the return location LHR
[01/02/2025, 23:49:11 IST] [INFO]: I have the departure date 02-22-2025
[01/02/2025, 23:49:11 IST] [INFO]: I have the cabin class Y
[01/02/2025, 23:49:11 IST] [INFO]: I have the number of adults 1
[01/02/2025, 23:49:11 IST] [INFO]: I have the number of children 2
[01/02/2025, 23:49:11 IST] [INFO]: I have the number of infand 2
[01/02/2025, 23:49:11 IST] [INFO]: I have the direct flight option set to false
[01/02/2025, 23:49:11 IST] [INFO]: I have the baggage option set to false
[01/02/2025, 23:49:11 IST] [INFO]: I have the refundable option set to false
[01/02/2025, 23:49:11 IST] [INFO]: No airline available, skipping...
[01/02/2025, 23:49:53 IST] [INFO]: I have the departure location as DXB
[01/02/2025, 23:49:53 IST] [INFO]: I have the return location LHR
[01/02/2025, 23:49:53 IST] [INFO]: I have the departure date 02-22-2025
[01/02/2025, 23:49:53 IST] [INFO]: I have the cabin class Y
[01/02/2025, 23:49:53 IST] [INFO]: I have the number of adults 1
[01/02/2025, 23:49:53 IST] [INFO]: I have the number of children 2
[01/02/2025, 23:49:53 IST] [INFO]: I have the number of infand 2
[01/02/2025, 23:49:53 IST] [INFO]: I have the direct flight option set to false
[01/02/2025, 23:49:53 IST] [INFO]: I have the baggage option set to false
[01/02/2025, 23:49:53 IST] [INFO]: I have the refundable option set to false
[01/02/2025, 23:49:53 IST] [INFO]: No airline available, skipping...
[01/02/2025, 23:51:44 IST] [INFO]: I have the departure location as DXB
[01/02/2025, 23:51:44 IST] [INFO]: I have the return location LHR
[01/02/2025, 23:51:44 IST] [INFO]: I have the departure date 02-22-2025
[01/02/2025, 23:51:44 IST] [INFO]: I have the cabin class Y
[01/02/2025, 23:51:44 IST] [INFO]: I have the number of adults 1
[01/02/2025, 23:51:44 IST] [INFO]: I have the number of children 2
[01/02/2025, 23:51:44 IST] [INFO]: I have the number of infand 2
[01/02/2025, 23:51:44 IST] [INFO]: I have the direct flight option set to false
[01/02/2025, 23:51:44 IST] [INFO]: I have the baggage option set to false
[01/02/2025, 23:51:44 IST] [INFO]: I have the refundable option set to false
[01/02/2025, 23:51:44 IST] [INFO]: No airline available, skipping...
[01/02/2025, 23:53:25 IST] [INFO]: I have the departure location as DXB
[01/02/2025, 23:53:25 IST] [INFO]: I have the return location LHR
[01/02/2025, 23:53:25 IST] [INFO]: I have the departure date 02-22-2025
[01/02/2025, 23:53:25 IST] [INFO]: I have the cabin class Y
[01/02/2025, 23:53:25 IST] [INFO]: I have the number of adults 1
[01/02/2025, 23:53:25 IST] [INFO]: I have the number of children 2
[01/02/2025, 23:53:25 IST] [INFO]: I have the number of infand 2
[01/02/2025, 23:53:25 IST] [INFO]: I have the direct flight option set to false
[01/02/2025, 23:53:25 IST] [INFO]: I have the baggage option set to false
[01/02/2025, 23:53:25 IST] [INFO]: I have the refundable option set to false
[01/02/2025, 23:53:25 IST] [INFO]: No airline available, skipping...
[01/02/2025, 23:54:54 IST] [INFO]: I have the departure location as DXB
[01/02/2025, 23:54:54 IST] [INFO]: I have the return location LHR
[01/02/2025, 23:54:55 IST] [INFO]: I have the departure date 02-22-2025
[01/02/2025, 23:54:55 IST] [INFO]: I have the cabin class Y
[01/02/2025, 23:54:55 IST] [INFO]: I have the number of adults 1
[01/02/2025, 23:54:55 IST] [INFO]: I have the number of children 2
[01/02/2025, 23:54:55 IST] [INFO]: I have the number of infand 2
[01/02/2025, 23:54:55 IST] [INFO]: I have the direct flight option set to false
[01/02/2025, 23:54:55 IST] [INFO]: I have the baggage option set to false
[01/02/2025, 23:54:55 IST] [INFO]: I have the refundable option set to false
[01/02/2025, 23:54:55 IST] [INFO]: No airline available, skipping...
[01/02/2025, 23:57:04 IST] [INFO]: I have the departure location as DXB
[01/02/2025, 23:57:04 IST] [INFO]: I have the return location LHR
[01/02/2025, 23:57:04 IST] [INFO]: I have the departure date 02-22-2025
[01/02/2025, 23:57:04 IST] [INFO]: I have the cabin class Y
[01/02/2025, 23:57:04 IST] [INFO]: I have the number of adults 1
[01/02/2025, 23:57:04 IST] [INFO]: I have the number of children 2
[01/02/2025, 23:57:04 IST] [INFO]: I have the number of infand 2
[01/02/2025, 23:57:04 IST] [INFO]: I have the direct flight option set to false
[01/02/2025, 23:57:04 IST] [INFO]: I have the baggage option set to false
[01/02/2025, 23:57:04 IST] [INFO]: I have the refundable option set to false
[01/02/2025, 23:57:04 IST] [INFO]: No airline available, skipping...
[01/02/2025, 23:58:23 IST] [INFO]: I have the departure location as DXB
[01/02/2025, 23:58:23 IST] [INFO]: I have the return location LHR
[01/02/2025, 23:58:23 IST] [INFO]: I have the departure date 02-22-2025
[01/02/2025, 23:58:23 IST] [INFO]: I have the cabin class Y
[01/02/2025, 23:58:23 IST] [INFO]: I have the number of adults 1
[01/02/2025, 23:58:23 IST] [INFO]: I have the number of children 2
[01/02/2025, 23:58:23 IST] [INFO]: I have the number of infand 2
[01/02/2025, 23:58:23 IST] [INFO]: I have the direct flight option set to false
[01/02/2025, 23:58:23 IST] [INFO]: I have the baggage option set to false
[01/02/2025, 23:58:23 IST] [INFO]: I have the refundable option set to false
[01/02/2025, 23:58:23 IST] [INFO]: No airline available, skipping...
[01/02/2025, 23:59:25 IST] [INFO]: I enter the passenger title Mr
[01/02/2025, 23:59:35 IST] [INFO]: I enter the passenger title Mstr
[02/02/2025, 00:01:03 IST] [INFO]: I have the departure location as DXB
[02/02/2025, 00:01:03 IST] [INFO]: I have the return location LHR
[02/02/2025, 00:01:03 IST] [INFO]: I have the departure date 02-22-2025
[02/02/2025, 00:01:03 IST] [INFO]: I have the cabin class Y
[02/02/2025, 00:01:03 IST] [INFO]: I have the number of adults 1
[02/02/2025, 00:01:03 IST] [INFO]: I have the number of children 2
[02/02/2025, 00:01:03 IST] [INFO]: I have the number of infand 2
[02/02/2025, 00:01:03 IST] [INFO]: I have the direct flight option set to false
[02/02/2025, 00:01:03 IST] [INFO]: I have the baggage option set to false
[02/02/2025, 00:01:03 IST] [INFO]: I have the refundable option set to false
[02/02/2025, 00:01:03 IST] [INFO]: No airline available, skipping...
[02/02/2025, 00:04:22 IST] [INFO]: I have the departure location as DXB
[02/02/2025, 00:04:22 IST] [INFO]: I have the return location LHR
[02/02/2025, 00:04:22 IST] [INFO]: I have the departure date 02-22-2025
[02/02/2025, 00:04:22 IST] [INFO]: I have the cabin class Y
[02/02/2025, 00:04:23 IST] [INFO]: I have the number of adults 1
[02/02/2025, 00:04:23 IST] [INFO]: I have the number of children 2
[02/02/2025, 00:04:23 IST] [INFO]: I have the number of infand 2
[02/02/2025, 00:04:23 IST] [INFO]: I have the direct flight option set to false
[02/02/2025, 00:04:23 IST] [INFO]: I have the baggage option set to false
[02/02/2025, 00:04:23 IST] [INFO]: I have the refundable option set to false
[02/02/2025, 00:04:23 IST] [INFO]: No airline available, skipping...
[02/02/2025, 00:08:25 IST] [INFO]: I have the departure location as DXB
[02/02/2025, 00:08:25 IST] [INFO]: I have the return location LHR
[02/02/2025, 00:08:25 IST] [INFO]: I have the departure date 02-22-2025
[02/02/2025, 00:08:25 IST] [INFO]: I have the cabin class Y
[02/02/2025, 00:08:25 IST] [INFO]: I have the number of adults 1
[02/02/2025, 00:08:26 IST] [INFO]: I have the number of children 2
[02/02/2025, 00:08:26 IST] [INFO]: I have the number of infand 2
[02/02/2025, 00:08:26 IST] [INFO]: I have the direct flight option set to false
[02/02/2025, 00:08:26 IST] [INFO]: I have the baggage option set to false
[02/02/2025, 00:08:26 IST] [INFO]: I have the refundable option set to false
[02/02/2025, 00:08:26 IST] [INFO]: No airline available, skipping...
[02/02/2025, 00:08:59 IST] [INFO]: I have the departure location as DXB
[02/02/2025, 00:08:59 IST] [INFO]: I have the return location LHR
[02/02/2025, 00:08:59 IST] [INFO]: I have the departure date 02-22-2025
[02/02/2025, 00:08:59 IST] [INFO]: I have the cabin class Y
[02/02/2025, 00:08:59 IST] [INFO]: I have the number of adults 1
[02/02/2025, 00:08:59 IST] [INFO]: I have the number of children 2
[02/02/2025, 00:08:59 IST] [INFO]: I have the number of infand 2
[02/02/2025, 00:08:59 IST] [INFO]: I have the direct flight option set to false
[02/02/2025, 00:08:59 IST] [INFO]: I have the baggage option set to false
[02/02/2025, 00:08:59 IST] [INFO]: I have the refundable option set to false
[02/02/2025, 00:08:59 IST] [INFO]: No airline available, skipping...
[02/02/2025, 00:11:21 IST] [INFO]: I have the departure location as DXB
[02/02/2025, 00:11:21 IST] [INFO]: I have the return location LHR
[02/02/2025, 00:11:21 IST] [INFO]: I have the departure date 02-22-2025
[02/02/2025, 00:11:21 IST] [INFO]: I have the cabin class Y
[02/02/2025, 00:11:21 IST] [INFO]: I have the number of adults 1
[02/02/2025, 00:11:21 IST] [INFO]: I have the number of children 2
[02/02/2025, 00:11:21 IST] [INFO]: I have the number of infand 2
[02/02/2025, 00:11:21 IST] [INFO]: I have the direct flight option set to false
[02/02/2025, 00:11:21 IST] [INFO]: I have the baggage option set to false
[02/02/2025, 00:11:21 IST] [INFO]: I have the refundable option set to false
[02/02/2025, 00:11:21 IST] [INFO]: No airline available, skipping...
[02/02/2025, 00:12:29 IST] [INFO]: I have the departure location as DXB
[02/02/2025, 00:12:29 IST] [INFO]: I have the return location LHR
[02/02/2025, 00:12:29 IST] [INFO]: I have the departure date 02-22-2025
[02/02/2025, 00:12:29 IST] [INFO]: I have the cabin class Y
[02/02/2025, 00:12:29 IST] [INFO]: I have the number of adults 1
[02/02/2025, 00:12:29 IST] [INFO]: I have the number of children 2
[02/02/2025, 00:12:29 IST] [INFO]: I have the number of infand 2
[02/02/2025, 00:12:29 IST] [INFO]: I have the direct flight option set to false
[02/02/2025, 00:12:29 IST] [INFO]: I have the baggage option set to false
[02/02/2025, 00:12:29 IST] [INFO]: I have the refundable option set to false
[02/02/2025, 00:12:29 IST] [INFO]: No airline available, skipping...
[02/02/2025, 00:13:23 IST] [INFO]: I have the departure location as DXB
[02/02/2025, 00:13:23 IST] [INFO]: I have the return location LHR
[02/02/2025, 00:13:23 IST] [INFO]: I have the departure date 02-22-2025
[02/02/2025, 00:13:23 IST] [INFO]: I have the cabin class Y
[02/02/2025, 00:13:23 IST] [INFO]: I have the number of adults 1
[02/02/2025, 00:13:23 IST] [INFO]: I have the number of children 2
[02/02/2025, 00:13:23 IST] [INFO]: I have the number of infand 2
[02/02/2025, 00:13:23 IST] [INFO]: I have the direct flight option set to false
[02/02/2025, 00:13:24 IST] [INFO]: I have the baggage option set to false
[02/02/2025, 00:13:24 IST] [INFO]: I have the refundable option set to false
[02/02/2025, 00:13:24 IST] [INFO]: No airline available, skipping...
[02/02/2025, 00:14:45 IST] [INFO]: I have the departure location as DXB
[02/02/2025, 00:14:45 IST] [INFO]: I have the return location LHR
[02/02/2025, 00:14:45 IST] [INFO]: I have the departure date 02-22-2025
[02/02/2025, 00:14:45 IST] [INFO]: I have the cabin class Y
[02/02/2025, 00:14:45 IST] [INFO]: I have the number of adults 1
[02/02/2025, 00:14:45 IST] [INFO]: I have the number of children 2
[02/02/2025, 00:14:45 IST] [INFO]: I have the number of infand 2
[02/02/2025, 00:14:45 IST] [INFO]: I have the direct flight option set to false
[02/02/2025, 00:14:45 IST] [INFO]: I have the baggage option set to false
[02/02/2025, 00:14:45 IST] [INFO]: I have the refundable option set to false
[02/02/2025, 00:14:45 IST] [INFO]: No airline available, skipping...
[02/02/2025, 00:15:26 IST] [INFO]: I have the departure location as DXB
[02/02/2025, 00:15:26 IST] [INFO]: I have the return location LHR
[02/02/2025, 00:15:26 IST] [INFO]: I have the departure date 02-22-2025
[02/02/2025, 00:15:26 IST] [INFO]: I have the cabin class Y
[02/02/2025, 00:15:26 IST] [INFO]: I have the number of adults 1
[02/02/2025, 00:15:26 IST] [INFO]: I have the number of children 2
[02/02/2025, 00:15:26 IST] [INFO]: I have the number of infand 2
[02/02/2025, 00:15:26 IST] [INFO]: I have the direct flight option set to false
[02/02/2025, 00:15:26 IST] [INFO]: I have the baggage option set to false
[02/02/2025, 00:15:26 IST] [INFO]: I have the refundable option set to false
[02/02/2025, 00:15:26 IST] [INFO]: No airline available, skipping...
[02/02/2025, 22:19:16 IST] [INFO]: I have the departure location as DXB
[02/02/2025, 22:19:16 IST] [INFO]: I have the return location LHR
[02/02/2025, 22:19:16 IST] [INFO]: I have the departure date 02-22-2025
[02/02/2025, 22:19:16 IST] [INFO]: I have the cabin class Y
[02/02/2025, 22:19:16 IST] [INFO]: I have the number of adults 1
[02/02/2025, 22:19:16 IST] [INFO]: I have the number of children 2
[02/02/2025, 22:19:16 IST] [INFO]: I have the number of infand 2
[02/02/2025, 22:19:16 IST] [INFO]: I have the direct flight option set to false
[02/02/2025, 22:19:16 IST] [INFO]: I have the baggage option set to false
[02/02/2025, 22:19:16 IST] [INFO]: I have the refundable option set to false
[02/02/2025, 22:19:16 IST] [INFO]: No airline available, skipping...
[02/02/2025, 22:19:23 IST] [INFO]: I have the departure location as DXB
[02/02/2025, 22:19:23 IST] [INFO]: I have the return location LHR
[02/02/2025, 22:19:23 IST] [INFO]: I have the departure date 02-22-2025
[02/02/2025, 22:19:23 IST] [INFO]: I have the cabin class Y
[02/02/2025, 22:19:23 IST] [INFO]: I have the number of adults 1
[02/02/2025, 22:19:23 IST] [INFO]: I have the number of children 2
[02/02/2025, 22:19:23 IST] [INFO]: I have the number of infand 2
[02/02/2025, 22:19:23 IST] [INFO]: I have the direct flight option set to false
[02/02/2025, 22:19:23 IST] [INFO]: I have the baggage option set to false
[02/02/2025, 22:19:23 IST] [INFO]: I have the refundable option set to false
[02/02/2025, 22:19:23 IST] [INFO]: No airline available, skipping...
[02/02/2025, 22:19:55 IST] [INFO]: I enter the passenger title Mr
[02/02/2025, 22:20:29 IST] [INFO]: I have the departure location as DXB
[02/02/2025, 22:20:29 IST] [INFO]: I have the return location LHR
[02/02/2025, 22:20:29 IST] [INFO]: I have the departure date 02-22-2025
[02/02/2025, 22:20:29 IST] [INFO]: I have the cabin class Y
[02/02/2025, 22:20:29 IST] [INFO]: I have the number of adults 1
[02/02/2025, 22:20:29 IST] [INFO]: I have the number of children 2
[02/02/2025, 22:20:29 IST] [INFO]: I have the number of infand 2
[02/02/2025, 22:20:29 IST] [INFO]: I have the direct flight option set to false
[02/02/2025, 22:20:29 IST] [INFO]: I have the baggage option set to false
[02/02/2025, 22:20:29 IST] [INFO]: I have the refundable option set to false
[02/02/2025, 22:20:29 IST] [INFO]: No airline available, skipping...
[02/02/2025, 22:20:46 IST] [INFO]: I enter the passenger title Mr
[02/02/2025, 22:22:03 IST] [INFO]: I have the departure location as DXB
[02/02/2025, 22:22:03 IST] [INFO]: I have the return location LHR
[02/02/2025, 22:22:03 IST] [INFO]: I have the departure date 02-22-2025
[02/02/2025, 22:22:03 IST] [INFO]: I have the cabin class Y
[02/02/2025, 22:22:03 IST] [INFO]: I have the number of adults 1
[02/02/2025, 22:22:03 IST] [INFO]: I have the number of children 2
[02/02/2025, 22:22:03 IST] [INFO]: I have the number of infand 2
[02/02/2025, 22:22:03 IST] [INFO]: I have the direct flight option set to false
[02/02/2025, 22:22:03 IST] [INFO]: I have the baggage option set to false
[02/02/2025, 22:22:03 IST] [INFO]: I have the refundable option set to false
[02/02/2025, 22:22:03 IST] [INFO]: No airline available, skipping...
[02/02/2025, 22:22:36 IST] [INFO]: I enter the passenger title Mr
[02/02/2025, 22:26:08 IST] [INFO]: I have the departure location as DXB
[02/02/2025, 22:26:08 IST] [INFO]: I have the return location LHR
[02/02/2025, 22:26:08 IST] [INFO]: I have the departure date 02-22-2025
[02/02/2025, 22:26:08 IST] [INFO]: I have the cabin class Y
[02/02/2025, 22:26:08 IST] [INFO]: I have the number of adults 1
[02/02/2025, 22:26:08 IST] [INFO]: I have the number of children 2
[02/02/2025, 22:26:08 IST] [INFO]: I have the number of infand 2
[02/02/2025, 22:26:08 IST] [INFO]: I have the direct flight option set to false
[02/02/2025, 22:26:08 IST] [INFO]: I have the baggage option set to false
[02/02/2025, 22:26:08 IST] [INFO]: I have the refundable option set to false
[02/02/2025, 22:26:08 IST] [INFO]: No airline available, skipping...
[02/02/2025, 22:26:55 IST] [INFO]: I enter the passenger title Mr
[02/02/2025, 22:27:00 IST] [INFO]: I enter the passenger title Mstr
[02/02/2025, 22:27:07 IST] [INFO]: I enter the passenger title Mstr
[02/02/2025, 22:27:14 IST] [INFO]: I enter the passenger title Miss
[02/02/2025, 22:27:20 IST] [INFO]: I enter the passenger title Miss
[02/02/2025, 22:32:42 IST] [INFO]: I have the departure location as DXB
[02/02/2025, 22:32:42 IST] [INFO]: I have the return location LHR
[02/02/2025, 22:32:42 IST] [INFO]: I have the departure date 02-22-2025
[02/02/2025, 22:32:42 IST] [INFO]: I have the cabin class Y
[02/02/2025, 22:32:42 IST] [INFO]: I have the number of adults 1
[02/02/2025, 22:32:42 IST] [INFO]: I have the number of children 2
[02/02/2025, 22:32:42 IST] [INFO]: I have the number of infand 2
[02/02/2025, 22:32:42 IST] [INFO]: I have the direct flight option set to false
[02/02/2025, 22:32:42 IST] [INFO]: I have the baggage option set to false
[02/02/2025, 22:32:42 IST] [INFO]: I have the refundable option set to false
[02/02/2025, 22:32:42 IST] [INFO]: No airline available, skipping...
[02/02/2025, 22:33:06 IST] [INFO]: I enter the passenger title Mr
[02/02/2025, 22:33:12 IST] [INFO]: I enter the passenger title Mstr
[02/02/2025, 22:33:19 IST] [INFO]: I enter the passenger title Mstr
[02/02/2025, 22:33:26 IST] [INFO]: I enter the passenger title Miss
[02/02/2025, 22:33:34 IST] [INFO]: I enter the passenger title Miss
[02/02/2025, 22:33:46 IST] [INFO]: I have the departure location as DXB
[02/02/2025, 22:33:46 IST] [INFO]: I have the return location LHR
[02/02/2025, 22:33:46 IST] [INFO]: I have the departure date 02-22-2025
[02/02/2025, 22:33:46 IST] [INFO]: I have the cabin class Y
[02/02/2025, 22:33:46 IST] [INFO]: I have the number of adults 1
[02/02/2025, 22:33:46 IST] [INFO]: I have the number of children 2
[02/02/2025, 22:33:46 IST] [INFO]: I have the number of infand 2
[02/02/2025, 22:33:46 IST] [INFO]: I have the direct flight option set to false
[02/02/2025, 22:33:46 IST] [INFO]: I have the baggage option set to false
[02/02/2025, 22:33:46 IST] [INFO]: I have the refundable option set to false
[02/02/2025, 22:33:46 IST] [INFO]: No airline available, skipping...
[02/02/2025, 22:34:56 IST] [INFO]: I have the departure location as DXB
[02/02/2025, 22:34:56 IST] [INFO]: I have the return location LHR
[02/02/2025, 22:34:56 IST] [INFO]: I have the departure date 02-22-2025
[02/02/2025, 22:34:56 IST] [INFO]: I have the cabin class Y
[02/02/2025, 22:34:56 IST] [INFO]: I have the number of adults 1
[02/02/2025, 22:34:56 IST] [INFO]: I have the number of children 2
[02/02/2025, 22:34:56 IST] [INFO]: I have the number of infand 2
[02/02/2025, 22:34:56 IST] [INFO]: I have the direct flight option set to false
[02/02/2025, 22:34:56 IST] [INFO]: I have the baggage option set to false
[02/02/2025, 22:34:56 IST] [INFO]: I have the refundable option set to false
[02/02/2025, 22:34:56 IST] [INFO]: No airline available, skipping...
[02/02/2025, 22:35:44 IST] [INFO]: I enter the passenger title Mr
[02/02/2025, 22:39:45 IST] [INFO]: I have the departure location as DXB
[02/02/2025, 22:39:45 IST] [INFO]: I have the return location LHR
[02/02/2025, 22:39:45 IST] [INFO]: I have the departure date 02-22-2025
[02/02/2025, 22:39:45 IST] [INFO]: I have the cabin class Y
[02/02/2025, 22:39:45 IST] [INFO]: I have the number of adults 1
[02/02/2025, 22:39:45 IST] [INFO]: I have the number of children 2
[02/02/2025, 22:39:45 IST] [INFO]: I have the number of infand 2
[02/02/2025, 22:39:45 IST] [INFO]: I have the direct flight option set to false
[02/02/2025, 22:39:45 IST] [INFO]: I have the baggage option set to false
[02/02/2025, 22:39:45 IST] [INFO]: I have the refundable option set to false
[02/02/2025, 22:39:45 IST] [INFO]: No airline available, skipping...
[02/02/2025, 22:40:51 IST] [INFO]: I have the departure location as DXB
[02/02/2025, 22:40:51 IST] [INFO]: I have the return location LHR
[02/02/2025, 22:40:51 IST] [INFO]: I have the departure date 02-22-2025
[02/02/2025, 22:40:51 IST] [INFO]: I have the cabin class Y
[02/02/2025, 22:40:51 IST] [INFO]: I have the number of adults 1
[02/02/2025, 22:40:51 IST] [INFO]: I have the number of children 2
[02/02/2025, 22:40:51 IST] [INFO]: I have the number of infand 2
[02/02/2025, 22:40:51 IST] [INFO]: I have the direct flight option set to false
[02/02/2025, 22:40:51 IST] [INFO]: I have the baggage option set to false
[02/02/2025, 22:40:51 IST] [INFO]: I have the refundable option set to false
[02/02/2025, 22:40:52 IST] [INFO]: No airline available, skipping...
[02/02/2025, 22:43:31 IST] [INFO]: I have the departure location as DXB
[02/02/2025, 22:43:31 IST] [INFO]: I have the return location LHR
[02/02/2025, 22:43:31 IST] [INFO]: I have the departure date 02-22-2025
[02/02/2025, 22:43:31 IST] [INFO]: I have the cabin class Y
[02/02/2025, 22:43:31 IST] [INFO]: I have the number of adults 1
[02/02/2025, 22:43:31 IST] [INFO]: I have the number of children 2
[02/02/2025, 22:43:31 IST] [INFO]: I have the number of infand 2
[02/02/2025, 22:43:31 IST] [INFO]: I have the direct flight option set to false
[02/02/2025, 22:43:31 IST] [INFO]: I have the baggage option set to false
[02/02/2025, 22:43:31 IST] [INFO]: I have the refundable option set to false
[02/02/2025, 22:43:31 IST] [INFO]: No airline available, skipping...
[02/02/2025, 22:44:19 IST] [INFO]: I have the departure location as DXB
[02/02/2025, 22:44:19 IST] [INFO]: I have the return location LHR
[02/02/2025, 22:44:19 IST] [INFO]: I have the departure date 02-22-2025
[02/02/2025, 22:44:19 IST] [INFO]: I have the cabin class Y
[02/02/2025, 22:44:19 IST] [INFO]: I have the number of adults 1
[02/02/2025, 22:44:19 IST] [INFO]: I have the number of children 2
[02/02/2025, 22:44:19 IST] [INFO]: I have the number of infand 2
[02/02/2025, 22:44:19 IST] [INFO]: I have the direct flight option set to false
[02/02/2025, 22:44:19 IST] [INFO]: I have the baggage option set to false
[02/02/2025, 22:44:19 IST] [INFO]: I have the refundable option set to false
[02/02/2025, 22:44:19 IST] [INFO]: No airline available, skipping...
[02/02/2025, 22:45:21 IST] [INFO]: I enter the passenger title Mr
[02/02/2025, 22:47:38 IST] [INFO]: I have the departure location as DXB
[02/02/2025, 22:47:38 IST] [INFO]: I have the return location LHR
[02/02/2025, 22:47:38 IST] [INFO]: I have the departure date 02-22-2025
[02/02/2025, 22:47:38 IST] [INFO]: I have the cabin class Y
[02/02/2025, 22:47:38 IST] [INFO]: I have the number of adults 1
[02/02/2025, 22:47:38 IST] [INFO]: I have the number of children 2
[02/02/2025, 22:47:38 IST] [INFO]: I have the number of infand 2
[02/02/2025, 22:47:38 IST] [INFO]: I have the direct flight option set to false
[02/02/2025, 22:47:38 IST] [INFO]: I have the baggage option set to false
[02/02/2025, 22:47:38 IST] [INFO]: I have the refundable option set to false
[02/02/2025, 22:47:38 IST] [INFO]: No airline available, skipping...
[02/02/2025, 22:55:26 IST] [INFO]: I have the departure location as DXB
[02/02/2025, 22:55:26 IST] [INFO]: I have the return location LHR
[02/02/2025, 22:55:26 IST] [INFO]: I have the departure date 02-22-2025
[02/02/2025, 22:55:26 IST] [INFO]: I have the cabin class Y
[02/02/2025, 22:55:26 IST] [INFO]: I have the number of adults 1
[02/02/2025, 22:55:26 IST] [INFO]: I have the number of children 2
[02/02/2025, 22:55:26 IST] [INFO]: I have the number of infand 2
[02/02/2025, 22:55:26 IST] [INFO]: I have the direct flight option set to false
[02/02/2025, 22:55:26 IST] [INFO]: I have the baggage option set to false
[02/02/2025, 22:55:26 IST] [INFO]: I have the refundable option set to false
[02/02/2025, 22:55:26 IST] [INFO]: No airline available, skipping...
[02/02/2025, 22:55:53 IST] [INFO]: I enter the passenger title Mr
[02/02/2025, 22:56:57 IST] [INFO]: I have the departure location as DXB
[02/02/2025, 22:56:57 IST] [INFO]: I have the return location LHR
[02/02/2025, 22:56:57 IST] [INFO]: I have the departure date 02-22-2025
[02/02/2025, 22:56:57 IST] [INFO]: I have the cabin class Y
[02/02/2025, 22:56:57 IST] [INFO]: I have the number of adults 1
[02/02/2025, 22:56:57 IST] [INFO]: I have the number of children 2
[02/02/2025, 22:56:57 IST] [INFO]: I have the number of infand 2
[02/02/2025, 22:56:57 IST] [INFO]: I have the direct flight option set to false
[02/02/2025, 22:56:57 IST] [INFO]: I have the baggage option set to false
[02/02/2025, 22:56:57 IST] [INFO]: I have the refundable option set to false
[02/02/2025, 22:56:57 IST] [INFO]: No airline available, skipping...
[02/02/2025, 22:57:54 IST] [INFO]: I enter the passenger title Mr
[02/02/2025, 22:58:52 IST] [INFO]: I have the departure location as DXB
[02/02/2025, 22:58:52 IST] [INFO]: I have the return location LHR
[02/02/2025, 22:58:52 IST] [INFO]: I have the departure date 02-22-2025
[02/02/2025, 22:58:52 IST] [INFO]: I have the cabin class Y
[02/02/2025, 22:58:52 IST] [INFO]: I have the number of adults 1
[02/02/2025, 22:58:52 IST] [INFO]: I have the number of children 2
[02/02/2025, 22:58:52 IST] [INFO]: I have the number of infand 2
[02/02/2025, 22:58:52 IST] [INFO]: I have the direct flight option set to false
[02/02/2025, 22:58:52 IST] [INFO]: I have the baggage option set to false
[02/02/2025, 22:58:52 IST] [INFO]: I have the refundable option set to false
[02/02/2025, 22:58:52 IST] [INFO]: No airline available, skipping...
[02/02/2025, 22:59:11 IST] [INFO]: I enter the passenger title Mr
[03/02/2025, 06:53:31 IST] [INFO]: I have the departure location as DXB
[03/02/2025, 06:53:31 IST] [INFO]: I have the return location LHR
[03/02/2025, 06:53:31 IST] [INFO]: I have the departure date 02-22-2025
[03/02/2025, 06:53:31 IST] [INFO]: I have the cabin class Y
[03/02/2025, 06:53:31 IST] [INFO]: I have the number of adults 1
[03/02/2025, 06:53:31 IST] [INFO]: I have the number of children 2
[03/02/2025, 06:53:31 IST] [INFO]: I have the number of infand 2
[03/02/2025, 06:53:32 IST] [INFO]: I have the direct flight option set to false
[03/02/2025, 06:53:32 IST] [INFO]: I have the baggage option set to false
[03/02/2025, 06:53:32 IST] [INFO]: I have the refundable option set to false
[03/02/2025, 06:53:32 IST] [INFO]: No airline available, skipping...
[03/02/2025, 06:53:58 IST] [INFO]: I have the departure location as DXB
[03/02/2025, 06:53:58 IST] [INFO]: I have the return location LHR
[03/02/2025, 06:53:58 IST] [INFO]: I have the departure date 02-22-2025
[03/02/2025, 06:53:58 IST] [INFO]: I have the cabin class Y
[03/02/2025, 06:53:58 IST] [INFO]: I have the number of adults 1
[03/02/2025, 06:53:58 IST] [INFO]: I have the number of children 2
[03/02/2025, 06:53:58 IST] [INFO]: I have the number of infand 2
[03/02/2025, 06:53:58 IST] [INFO]: I have the direct flight option set to false
[03/02/2025, 06:53:58 IST] [INFO]: I have the baggage option set to false
[03/02/2025, 06:53:58 IST] [INFO]: I have the refundable option set to false
[03/02/2025, 06:53:58 IST] [INFO]: No airline available, skipping...
[03/02/2025, 07:00:21 IST] [INFO]: I have the departure location as DXB
[03/02/2025, 07:00:21 IST] [INFO]: I have the return location LHR
[03/02/2025, 07:00:21 IST] [INFO]: I have the departure date 02-22-2025
[03/02/2025, 07:00:21 IST] [INFO]: I have the cabin class Y
[03/02/2025, 07:00:21 IST] [INFO]: I have the number of adults 1
[03/02/2025, 07:00:21 IST] [INFO]: I have the number of children 2
[03/02/2025, 07:00:21 IST] [INFO]: I have the number of infand 2
[03/02/2025, 07:00:21 IST] [INFO]: I have the direct flight option set to false
[03/02/2025, 07:00:21 IST] [INFO]: I have the baggage option set to false
[03/02/2025, 07:00:21 IST] [INFO]: I have the refundable option set to false
[03/02/2025, 07:00:21 IST] [INFO]: No airline available, skipping...
[03/02/2025, 07:04:22 IST] [INFO]: I have the departure location as DXB
[03/02/2025, 07:04:22 IST] [INFO]: I have the return location LHR
[03/02/2025, 07:04:22 IST] [INFO]: I have the departure date 02-22-2025
[03/02/2025, 07:04:22 IST] [INFO]: I have the cabin class Y
[03/02/2025, 07:04:22 IST] [INFO]: I have the number of adults 1
[03/02/2025, 07:04:22 IST] [INFO]: I have the number of children 2
[03/02/2025, 07:04:22 IST] [INFO]: I have the number of infand 2
[03/02/2025, 07:04:22 IST] [INFO]: I have the direct flight option set to false
[03/02/2025, 07:04:22 IST] [INFO]: I have the baggage option set to false
[03/02/2025, 07:04:22 IST] [INFO]: I have the refundable option set to false
[03/02/2025, 07:04:22 IST] [INFO]: No airline available, skipping...
[03/02/2025, 07:08:11 IST] [INFO]: I have the departure location as DXB
[03/02/2025, 07:08:11 IST] [INFO]: I have the return location LHR
[03/02/2025, 07:08:11 IST] [INFO]: I have the departure date 02-22-2025
[03/02/2025, 07:08:11 IST] [INFO]: I have the cabin class Y
[03/02/2025, 07:08:11 IST] [INFO]: I have the number of adults 1
[03/02/2025, 07:08:11 IST] [INFO]: I have the number of children 2
[03/02/2025, 07:08:11 IST] [INFO]: I have the number of infand 2
[03/02/2025, 07:08:11 IST] [INFO]: I have the direct flight option set to false
[03/02/2025, 07:08:11 IST] [INFO]: I have the baggage option set to false
[03/02/2025, 07:08:11 IST] [INFO]: I have the refundable option set to false
[03/02/2025, 07:08:11 IST] [INFO]: No airline available, skipping...
[03/02/2025, 07:09:01 IST] [INFO]: I have the departure location as DXB
[03/02/2025, 07:09:01 IST] [INFO]: I have the return location LHR
[03/02/2025, 07:09:01 IST] [INFO]: I have the departure date 02-22-2025
[03/02/2025, 07:09:01 IST] [INFO]: I have the cabin class Y
[03/02/2025, 07:09:01 IST] [INFO]: I have the number of adults 1
[03/02/2025, 07:09:01 IST] [INFO]: I have the number of children 2
[03/02/2025, 07:09:01 IST] [INFO]: I have the number of infand 2
[03/02/2025, 07:09:01 IST] [INFO]: I have the direct flight option set to false
[03/02/2025, 07:09:01 IST] [INFO]: I have the baggage option set to false
[03/02/2025, 07:09:01 IST] [INFO]: I have the refundable option set to false
[03/02/2025, 07:09:01 IST] [INFO]: No airline available, skipping...
[03/02/2025, 07:10:20 IST] [INFO]: I have the departure location as DXB
[03/02/2025, 07:10:20 IST] [INFO]: I have the return location LHR
[03/02/2025, 07:10:20 IST] [INFO]: I have the departure date 02-22-2025
[03/02/2025, 07:10:20 IST] [INFO]: I have the cabin class Y
[03/02/2025, 07:10:20 IST] [INFO]: I have the number of adults 1
[03/02/2025, 07:10:20 IST] [INFO]: I have the number of children 2
[03/02/2025, 07:10:20 IST] [INFO]: I have the number of infand 2
[03/02/2025, 07:10:20 IST] [INFO]: I have the direct flight option set to false
[03/02/2025, 07:10:20 IST] [INFO]: I have the baggage option set to false
[03/02/2025, 07:10:20 IST] [INFO]: I have the refundable option set to false
[03/02/2025, 07:10:20 IST] [INFO]: No airline available, skipping...
[03/02/2025, 07:11:26 IST] [INFO]: I have the departure location as DXB
[03/02/2025, 07:11:26 IST] [INFO]: I have the return location LHR
[03/02/2025, 07:11:26 IST] [INFO]: I have the departure date 02-22-2025
[03/02/2025, 07:11:26 IST] [INFO]: I have the cabin class Y
[03/02/2025, 07:11:26 IST] [INFO]: I have the number of adults 1
[03/02/2025, 07:11:27 IST] [INFO]: I have the number of children 2
[03/02/2025, 07:11:27 IST] [INFO]: I have the number of infand 2
[03/02/2025, 07:11:27 IST] [INFO]: I have the direct flight option set to false
[03/02/2025, 07:11:27 IST] [INFO]: I have the baggage option set to false
[03/02/2025, 07:11:27 IST] [INFO]: I have the refundable option set to false
[03/02/2025, 07:11:27 IST] [INFO]: No airline available, skipping...
[03/02/2025, 07:19:44 IST] [INFO]: I have the departure location as DXB
[03/02/2025, 07:19:44 IST] [INFO]: I have the return location LHR
[03/02/2025, 07:19:44 IST] [INFO]: I have the departure date 02-22-2025
[03/02/2025, 07:19:44 IST] [INFO]: I have the cabin class Y
[03/02/2025, 07:19:44 IST] [INFO]: I have the number of adults 1
[03/02/2025, 07:19:44 IST] [INFO]: I have the number of children 2
[03/02/2025, 07:19:44 IST] [INFO]: I have the number of infand 2
[03/02/2025, 07:19:44 IST] [INFO]: I have the direct flight option set to false
[03/02/2025, 07:19:44 IST] [INFO]: I have the baggage option set to false
[03/02/2025, 07:19:44 IST] [INFO]: I have the refundable option set to false
[03/02/2025, 07:19:44 IST] [INFO]: No airline available, skipping...
[03/02/2025, 07:20:42 IST] [INFO]: I have the departure location as DXB
[03/02/2025, 07:20:42 IST] [INFO]: I have the return location LHR
[03/02/2025, 07:20:42 IST] [INFO]: I have the departure date 02-22-2025
[03/02/2025, 07:20:42 IST] [INFO]: I have the cabin class Y
[03/02/2025, 07:20:42 IST] [INFO]: I have the number of adults 1
[03/02/2025, 07:20:42 IST] [INFO]: I have the number of children 2
[03/02/2025, 07:20:42 IST] [INFO]: I have the number of infand 2
[03/02/2025, 07:20:42 IST] [INFO]: I have the direct flight option set to false
[03/02/2025, 07:20:42 IST] [INFO]: I have the baggage option set to false
[03/02/2025, 07:20:42 IST] [INFO]: I have the refundable option set to false
[03/02/2025, 07:20:42 IST] [INFO]: No airline available, skipping...
[03/02/2025, 07:29:01 IST] [INFO]: I have the departure location as DXB
[03/02/2025, 07:29:01 IST] [INFO]: I have the return location LHR
[03/02/2025, 07:29:01 IST] [INFO]: I have the departure date 02-22-2025
[03/02/2025, 07:29:01 IST] [INFO]: I have the cabin class Y
[03/02/2025, 07:29:01 IST] [INFO]: I have the number of adults 1
[03/02/2025, 07:29:01 IST] [INFO]: I have the number of children 2
[03/02/2025, 07:29:01 IST] [INFO]: I have the number of infand 2
[03/02/2025, 07:29:01 IST] [INFO]: I have the direct flight option set to false
[03/02/2025, 07:29:01 IST] [INFO]: I have the baggage option set to false
[03/02/2025, 07:29:01 IST] [INFO]: I have the refundable option set to false
[03/02/2025, 07:29:01 IST] [INFO]: No airline available, skipping...
[03/02/2025, 07:35:10 IST] [INFO]: I have the departure location as DXB
[03/02/2025, 07:35:10 IST] [INFO]: I have the return location LHR
[03/02/2025, 07:35:10 IST] [INFO]: I have the departure date 02-22-2025
[03/02/2025, 07:35:10 IST] [INFO]: I have the cabin class Y
[03/02/2025, 07:35:10 IST] [INFO]: I have the number of adults 1
[03/02/2025, 07:35:10 IST] [INFO]: I have the number of children 2
[03/02/2025, 07:35:10 IST] [INFO]: I have the number of infand 2
[03/02/2025, 07:35:10 IST] [INFO]: I have the direct flight option set to false
[03/02/2025, 07:35:10 IST] [INFO]: I have the baggage option set to false
[03/02/2025, 07:35:10 IST] [INFO]: I have the refundable option set to false
[03/02/2025, 07:35:10 IST] [INFO]: No airline available, skipping...
[03/02/2025, 07:40:07 IST] [INFO]: I have the departure location as DXB
[03/02/2025, 07:40:07 IST] [INFO]: I have the return location LHR
[03/02/2025, 07:40:07 IST] [INFO]: I have the departure date 02-22-2025
[03/02/2025, 07:40:07 IST] [INFO]: I have the cabin class Y
[03/02/2025, 07:40:07 IST] [INFO]: I have the number of adults 1
[03/02/2025, 07:40:07 IST] [INFO]: I have the number of children 2
[03/02/2025, 07:40:07 IST] [INFO]: I have the number of infand 2
[03/02/2025, 07:40:07 IST] [INFO]: I have the direct flight option set to false
[03/02/2025, 07:40:07 IST] [INFO]: I have the baggage option set to false
[03/02/2025, 07:40:07 IST] [INFO]: I have the refundable option set to false
[03/02/2025, 07:40:07 IST] [INFO]: No airline available, skipping...
[03/02/2025, 07:40:56 IST] [INFO]: I enter the passenger title Mr
[03/02/2025, 07:41:48 IST] [INFO]: I have the departure location as DXB
[03/02/2025, 07:41:48 IST] [INFO]: I have the return location LHR
[03/02/2025, 07:41:48 IST] [INFO]: I have the departure date 02-22-2025
[03/02/2025, 07:41:48 IST] [INFO]: I have the cabin class Y
[03/02/2025, 07:41:48 IST] [INFO]: I have the number of adults 1
[03/02/2025, 07:41:48 IST] [INFO]: I have the number of children 2
[03/02/2025, 07:41:48 IST] [INFO]: I have the number of infand 2
[03/02/2025, 07:41:48 IST] [INFO]: I have the direct flight option set to false
[03/02/2025, 07:41:48 IST] [INFO]: I have the baggage option set to false
[03/02/2025, 07:41:48 IST] [INFO]: I have the refundable option set to false
[03/02/2025, 07:41:48 IST] [INFO]: No airline available, skipping...
[03/02/2025, 07:45:49 IST] [INFO]: I have the departure location as DXB
[03/02/2025, 07:45:49 IST] [INFO]: I have the return location LHR
[03/02/2025, 07:45:49 IST] [INFO]: I have the departure date 02-22-2025
[03/02/2025, 07:45:49 IST] [INFO]: I have the cabin class Y
[03/02/2025, 07:45:49 IST] [INFO]: I have the number of adults 1
[03/02/2025, 07:45:49 IST] [INFO]: I have the number of children 2
[03/02/2025, 07:45:50 IST] [INFO]: I have the number of infand 2
[03/02/2025, 07:45:50 IST] [INFO]: I have the direct flight option set to false
[03/02/2025, 07:45:50 IST] [INFO]: I have the baggage option set to false
[03/02/2025, 07:45:50 IST] [INFO]: I have the refundable option set to false
[03/02/2025, 07:45:50 IST] [INFO]: No airline available, skipping...
[03/02/2025, 07:48:59 IST] [INFO]: I have the departure location as DXB
[03/02/2025, 07:48:59 IST] [INFO]: I have the return location LHR
[03/02/2025, 07:48:59 IST] [INFO]: I have the departure date 02-22-2025
[03/02/2025, 07:48:59 IST] [INFO]: I have the cabin class Y
[03/02/2025, 07:48:59 IST] [INFO]: I have the number of adults 1
[03/02/2025, 07:48:59 IST] [INFO]: I have the number of children 2
[03/02/2025, 07:48:59 IST] [INFO]: I have the number of infand 2
[03/02/2025, 07:48:59 IST] [INFO]: I have the direct flight option set to false
[03/02/2025, 07:48:59 IST] [INFO]: I have the baggage option set to false
[03/02/2025, 07:48:59 IST] [INFO]: I have the refundable option set to false
[03/02/2025, 07:48:59 IST] [INFO]: No airline available, skipping...
[03/02/2025, 07:52:43 IST] [INFO]: I have the departure location as DXB
[03/02/2025, 07:52:43 IST] [INFO]: I have the return location LHR
[03/02/2025, 07:52:43 IST] [INFO]: I have the departure date 02-22-2025
[03/02/2025, 07:52:43 IST] [INFO]: I have the cabin class Y
[03/02/2025, 07:52:43 IST] [INFO]: I have the number of adults 1
[03/02/2025, 07:52:43 IST] [INFO]: I have the number of children 2
[03/02/2025, 07:52:43 IST] [INFO]: I have the number of infand 2
[03/02/2025, 07:52:43 IST] [INFO]: I have the direct flight option set to false
[03/02/2025, 07:52:43 IST] [INFO]: I have the baggage option set to false
[03/02/2025, 07:52:43 IST] [INFO]: I have the refundable option set to false
[03/02/2025, 07:52:43 IST] [INFO]: No airline available, skipping...
[03/02/2025, 07:54:05 IST] [INFO]: I have the departure location as DXB
[03/02/2025, 07:54:05 IST] [INFO]: I have the return location LHR
[03/02/2025, 07:54:05 IST] [INFO]: I have the departure date 02-22-2025
[03/02/2025, 07:54:05 IST] [INFO]: I have the cabin class Y
[03/02/2025, 07:54:05 IST] [INFO]: I have the number of adults 1
[03/02/2025, 07:54:05 IST] [INFO]: I have the number of children 2
[03/02/2025, 07:54:05 IST] [INFO]: I have the number of infand 2
[03/02/2025, 07:54:05 IST] [INFO]: I have the direct flight option set to false
[03/02/2025, 07:54:05 IST] [INFO]: I have the baggage option set to false
[03/02/2025, 07:54:05 IST] [INFO]: I have the refundable option set to false
[03/02/2025, 07:54:05 IST] [INFO]: No airline available, skipping...
[03/02/2025, 07:54:19 IST] [INFO]: I have the departure location as DXB
[03/02/2025, 07:54:19 IST] [INFO]: I have the return location LHR
[03/02/2025, 07:54:19 IST] [INFO]: I have the departure date 02-22-2025
[03/02/2025, 07:54:19 IST] [INFO]: I have the cabin class Y
[03/02/2025, 07:54:19 IST] [INFO]: I have the number of adults 1
[03/02/2025, 07:54:19 IST] [INFO]: I have the number of children 2
[03/02/2025, 07:54:19 IST] [INFO]: I have the number of infand 2
[03/02/2025, 07:54:19 IST] [INFO]: I have the direct flight option set to false
[03/02/2025, 07:54:19 IST] [INFO]: I have the baggage option set to false
[03/02/2025, 07:54:19 IST] [INFO]: I have the refundable option set to false
[03/02/2025, 07:54:19 IST] [INFO]: No airline available, skipping...
[03/02/2025, 07:57:23 IST] [INFO]: I have the departure location as DXB
[03/02/2025, 07:57:23 IST] [INFO]: I have the return location LHR
[03/02/2025, 07:57:23 IST] [INFO]: I have the departure date 02-22-2025
[03/02/2025, 07:57:23 IST] [INFO]: I have the cabin class Y
[03/02/2025, 07:57:23 IST] [INFO]: I have the number of adults 1
[03/02/2025, 07:57:23 IST] [INFO]: I have the number of children 2
[03/02/2025, 07:57:23 IST] [INFO]: I have the number of infand 2
[03/02/2025, 07:57:23 IST] [INFO]: I have the direct flight option set to false
[03/02/2025, 07:57:23 IST] [INFO]: I have the baggage option set to false
[03/02/2025, 07:57:23 IST] [INFO]: I have the refundable option set to false
[03/02/2025, 07:57:23 IST] [INFO]: No airline available, skipping...
[03/02/2025, 07:58:08 IST] [INFO]: I enter the passenger title Mr
[03/02/2025, 07:58:13 IST] [INFO]: I have the departure location as DXB
[03/02/2025, 07:58:13 IST] [INFO]: I have the return location LHR
[03/02/2025, 07:58:13 IST] [INFO]: I have the departure date 02-22-2025
[03/02/2025, 07:58:13 IST] [INFO]: I have the cabin class Y
[03/02/2025, 07:58:13 IST] [INFO]: I have the number of adults 1
[03/02/2025, 07:58:13 IST] [INFO]: I have the number of children 2
[03/02/2025, 07:58:13 IST] [INFO]: I have the number of infand 2
[03/02/2025, 07:58:13 IST] [INFO]: I have the direct flight option set to false
[03/02/2025, 07:58:13 IST] [INFO]: I have the baggage option set to false
[03/02/2025, 07:58:13 IST] [INFO]: I have the refundable option set to false
[03/02/2025, 07:58:13 IST] [INFO]: No airline available, skipping...
[03/02/2025, 11:22:12 IST] [INFO]: I have the departure location as DXB
[03/02/2025, 11:22:12 IST] [INFO]: I have the return location LHR
[03/02/2025, 11:22:12 IST] [INFO]: I have the departure date 02-22-2025
[03/02/2025, 11:22:12 IST] [INFO]: I have the cabin class Y
[03/02/2025, 11:22:12 IST] [INFO]: I have the number of adults 1
[03/02/2025, 11:22:12 IST] [INFO]: I have the number of children 2
[03/02/2025, 11:22:12 IST] [INFO]: I have the number of infand 2
[03/02/2025, 11:22:12 IST] [INFO]: I have the direct flight option set to false
[03/02/2025, 11:22:12 IST] [INFO]: I have the baggage option set to false
[03/02/2025, 11:22:12 IST] [INFO]: I have the refundable option set to false
[03/02/2025, 11:22:12 IST] [INFO]: No airline available, skipping...
[03/02/2025, 11:23:19 IST] [INFO]: I enter the passenger title Mr
[03/02/2025, 15:53:01 IST] [INFO]: I have the departure location as DXB
[03/02/2025, 15:53:01 IST] [INFO]: I have the return location LHR
[03/02/2025, 15:53:01 IST] [INFO]: I have the departure date 02-22-2025
[03/02/2025, 15:53:01 IST] [INFO]: I have the cabin class Y
[03/02/2025, 15:53:01 IST] [INFO]: I have the number of adults 1
[03/02/2025, 15:53:01 IST] [INFO]: I have the number of children 2
[03/02/2025, 15:53:01 IST] [INFO]: I have the number of infand 2
[03/02/2025, 15:53:01 IST] [INFO]: I have the direct flight option set to false
[03/02/2025, 15:53:01 IST] [INFO]: I have the baggage option set to false
[03/02/2025, 15:53:01 IST] [INFO]: I have the refundable option set to false
[03/02/2025, 15:53:01 IST] [INFO]: No airline available, skipping...
[03/02/2025, 15:54:18 IST] [INFO]: I enter the passenger title Mr
[03/02/2025, 16:02:24 IST] [INFO]: I have the departure location as DXB
[03/02/2025, 16:02:24 IST] [INFO]: I have the return location LHR
[03/02/2025, 16:02:24 IST] [INFO]: I have the departure date 02-22-2025
[03/02/2025, 16:02:24 IST] [INFO]: I have the cabin class Y
[03/02/2025, 16:02:24 IST] [INFO]: I have the number of adults 1
[03/02/2025, 16:02:24 IST] [INFO]: I have the number of children 2
[03/02/2025, 16:02:24 IST] [INFO]: I have the number of infand 2
[03/02/2025, 16:02:24 IST] [INFO]: I have the direct flight option set to false
[03/02/2025, 16:02:24 IST] [INFO]: I have the baggage option set to false
[03/02/2025, 16:02:24 IST] [INFO]: I have the refundable option set to false
[03/02/2025, 16:02:24 IST] [INFO]: No airline available, skipping...
[03/02/2025, 16:03:37 IST] [INFO]: I enter the passenger title Mr
[03/02/2025, 16:03:49 IST] [INFO]: I have the departure location as DXB
[03/02/2025, 16:03:49 IST] [INFO]: I have the return location DOH
[03/02/2025, 16:03:49 IST] [INFO]: I have the departure date 02-01-2025
[03/02/2025, 16:03:49 IST] [INFO]: I have the cabin class Y
[03/02/2025, 16:03:49 IST] [INFO]: I have the number of adults 1
[03/02/2025, 16:03:49 IST] [INFO]: I have the number of children 1
[03/02/2025, 16:03:49 IST] [INFO]: I have the number of infand 0
[03/02/2025, 16:03:49 IST] [INFO]: I have the direct flight option set to false
[03/02/2025, 16:03:49 IST] [INFO]: I have the baggage option set to false
[03/02/2025, 16:03:49 IST] [INFO]: I have the refundable option set to false
[03/02/2025, 16:03:49 IST] [INFO]: No airline available, skipping...
[03/02/2025, 16:04:25 IST] [INFO]: I have the departure location as JFK
[03/02/2025, 16:04:25 IST] [INFO]: I have the return location LHR
[03/02/2025, 16:04:25 IST] [INFO]: I have the departure date 03-12-2025
[03/02/2025, 16:04:25 IST] [INFO]: I have the cabin class Y
[03/02/2025, 16:04:25 IST] [INFO]: I have the number of adults 2
[03/02/2025, 16:04:25 IST] [INFO]: I have the number of children 1
[03/02/2025, 16:04:25 IST] [INFO]: I have the number of infand 0
[03/02/2025, 16:04:25 IST] [INFO]: I have the direct flight option set to true
[03/02/2025, 16:04:25 IST] [INFO]: I have the baggage option set to true
[03/02/2025, 16:04:25 IST] [INFO]: I have the refundable option set to false
[03/02/2025, 16:04:25 IST] [INFO]: I have entered the airline Emirates
[03/02/2025, 16:05:02 IST] [INFO]: I have the departure location as DEL
[03/02/2025, 16:05:02 IST] [INFO]: I have the return location SIN
[03/02/2025, 16:05:02 IST] [INFO]: I have the departure date 04-05-2025
[03/02/2025, 16:05:02 IST] [INFO]: I have the cabin class J
[03/02/2025, 16:05:02 IST] [INFO]: I have the number of adults 1
[03/02/2025, 16:05:02 IST] [INFO]: I have the number of children 0
[03/02/2025, 16:05:02 IST] [INFO]: I have the number of infand 1
[03/02/2025, 16:05:02 IST] [INFO]: I have the direct flight option set to false
[03/02/2025, 16:05:02 IST] [INFO]: I have the baggage option set to false
[03/02/2025, 16:05:02 IST] [INFO]: I have the refundable option set to true
[03/02/2025, 16:05:02 IST] [INFO]: I have entered the airline Air India
[03/02/2025, 16:05:36 IST] [INFO]: I have the departure location as SYD
[03/02/2025, 16:05:36 IST] [INFO]: I have the return location BOM
[03/02/2025, 16:05:36 IST] [INFO]: I have the departure date 05-22-2025
[03/02/2025, 16:05:36 IST] [INFO]: I have the cabin class F
[03/02/2025, 16:05:37 IST] [INFO]: I have the number of adults 1
[03/02/2025, 16:05:37 IST] [INFO]: I have the number of children 1
[03/02/2025, 16:05:37 IST] [INFO]: I have the number of infand 1
[03/02/2025, 16:05:37 IST] [INFO]: I have the direct flight option set to true
[03/02/2025, 16:05:37 IST] [INFO]: I have the baggage option set to true
[03/02/2025, 16:05:37 IST] [INFO]: I have the refundable option set to false
[03/02/2025, 16:05:37 IST] [INFO]: I have entered the airline Qatar Airways
[03/02/2025, 16:06:13 IST] [INFO]: I have the departure location as DXB
[03/02/2025, 16:06:13 IST] [INFO]: I have the return location CDG
[03/02/2025, 16:06:13 IST] [INFO]: I have the departure date 06-15-2025
[03/02/2025, 16:06:13 IST] [INFO]: I have the cabin class Y
[03/02/2025, 16:06:13 IST] [INFO]: I have the number of adults 3
[03/02/2025, 16:06:13 IST] [INFO]: I have the number of children 2
[03/02/2025, 16:06:13 IST] [INFO]: I have the number of infand 0
[03/02/2025, 16:06:14 IST] [INFO]: I have the direct flight option set to false
[03/02/2025, 16:06:14 IST] [INFO]: I have the baggage option set to true
[03/02/2025, 16:06:14 IST] [INFO]: I have the refundable option set to true
[03/02/2025, 16:06:14 IST] [INFO]: No airline available, skipping...
[03/02/2025, 16:06:48 IST] [INFO]: I have the departure location as HKG
[03/02/2025, 16:06:48 IST] [INFO]: I have the return location JFK
[03/02/2025, 16:06:48 IST] [INFO]: I have the departure date 07-10-2025
[03/02/2025, 16:06:48 IST] [INFO]: I have the cabin class J
[03/02/2025, 16:06:48 IST] [INFO]: I have the number of adults 1
[03/02/2025, 16:06:48 IST] [INFO]: I have the number of children 0
[03/02/2025, 16:06:48 IST] [INFO]: I have the number of infand 0
[03/02/2025, 16:06:48 IST] [INFO]: I have the direct flight option set to true
[03/02/2025, 16:06:48 IST] [INFO]: I have the baggage option set to false
[03/02/2025, 16:06:48 IST] [INFO]: I have the refundable option set to false
[03/02/2025, 16:06:48 IST] [INFO]: I have entered the airline Singapore Airlines
[03/02/2025, 16:07:22 IST] [INFO]: I have the departure location as BOM
[03/02/2025, 16:07:22 IST] [INFO]: I have the return location NRT
[03/02/2025, 16:07:22 IST] [INFO]: I have the departure date 08-19-2025
[03/02/2025, 16:07:22 IST] [INFO]: I have the cabin class Y
[03/02/2025, 16:07:22 IST] [INFO]: I have the number of adults 2
[03/02/2025, 16:07:22 IST] [INFO]: I have the number of children 0
[03/02/2025, 16:07:22 IST] [INFO]: I have the number of infand 1
[03/02/2025, 16:07:22 IST] [INFO]: I have the direct flight option set to false
[03/02/2025, 16:07:22 IST] [INFO]: I have the baggage option set to false
[03/02/2025, 16:07:22 IST] [INFO]: I have the refundable option set to true
[03/02/2025, 16:07:22 IST] [INFO]: No airline available, skipping...
[03/02/2025, 16:08:00 IST] [INFO]: I have the departure location as LHR
[03/02/2025, 16:08:00 IST] [INFO]: I have the return location DOH
[03/02/2025, 16:08:00 IST] [INFO]: I have the departure date 09-08-2025
[03/02/2025, 16:08:00 IST] [INFO]: I have the cabin class J
[03/02/2025, 16:08:00 IST] [INFO]: I have the number of adults 1
[03/02/2025, 16:08:00 IST] [INFO]: I have the number of children 1
[03/02/2025, 16:08:00 IST] [INFO]: I have the number of infand 0
[03/02/2025, 16:08:00 IST] [INFO]: I have the direct flight option set to true
[03/02/2025, 16:08:00 IST] [INFO]: I have the baggage option set to true
[03/02/2025, 16:08:00 IST] [INFO]: I have the refundable option set to false
[03/02/2025, 16:08:00 IST] [INFO]: No airline available, skipping...
[03/02/2025, 16:08:36 IST] [INFO]: I have the departure location as SIN
[03/02/2025, 16:08:36 IST] [INFO]: I have the return location DEL
[03/02/2025, 16:08:36 IST] [INFO]: I have the departure date 10-21-2025
[03/02/2025, 16:08:36 IST] [INFO]: I have the cabin class F
[03/02/2025, 16:08:36 IST] [INFO]: I have the number of adults 2
[03/02/2025, 16:08:36 IST] [INFO]: I have the number of children 2
[03/02/2025, 16:08:36 IST] [INFO]: I have the number of infand 2
[03/02/2025, 16:08:36 IST] [INFO]: I have the direct flight option set to false
[03/02/2025, 16:08:36 IST] [INFO]: I have the baggage option set to false
[03/02/2025, 16:08:36 IST] [INFO]: I have the refundable option set to true
[03/02/2025, 16:08:36 IST] [INFO]: I have entered the airline Air India
[03/02/2025, 16:09:10 IST] [INFO]: I have the departure location as JFK
[03/02/2025, 16:09:10 IST] [INFO]: I have the return location DXB
[03/02/2025, 16:09:10 IST] [INFO]: I have the departure date 11-15-2025
[03/02/2025, 16:09:11 IST] [INFO]: I have the cabin class Y
[03/02/2025, 16:09:11 IST] [INFO]: I have the number of adults 1
[03/02/2025, 16:09:11 IST] [INFO]: I have the number of children 0
[03/02/2025, 16:09:11 IST] [INFO]: I have the number of infand 1
[03/02/2025, 16:09:11 IST] [INFO]: I have the direct flight option set to true
[03/02/2025, 16:09:11 IST] [INFO]: I have the baggage option set to true
[03/02/2025, 16:09:11 IST] [INFO]: I have the refundable option set to false
[03/02/2025, 16:09:11 IST] [INFO]: I have entered the airline Emirates
[03/02/2025, 16:14:37 IST] [INFO]: I have the departure location as BOM
[03/02/2025, 16:14:37 IST] [INFO]: I have the return location NRT
[03/02/2025, 16:14:37 IST] [INFO]: I have the departure date 08-19-2025
[03/02/2025, 16:14:37 IST] [INFO]: I have the cabin class Y
[03/02/2025, 16:14:37 IST] [INFO]: I have the number of adults 2
[03/02/2025, 16:14:37 IST] [INFO]: I have the number of children 0
[03/02/2025, 16:14:37 IST] [INFO]: I have the number of infand 1
[03/02/2025, 16:14:37 IST] [INFO]: I have the direct flight option set to false
[03/02/2025, 16:14:37 IST] [INFO]: I have the baggage option set to false
[03/02/2025, 16:14:37 IST] [INFO]: I have the refundable option set to true
[03/02/2025, 16:14:37 IST] [INFO]: No airline available, skipping...
[03/02/2025, 16:15:17 IST] [INFO]: I have the departure location as LHR
[03/02/2025, 16:15:17 IST] [INFO]: I have the return location DOH
[03/02/2025, 16:15:17 IST] [INFO]: I have the departure date 09-08-2025
[03/02/2025, 16:15:17 IST] [INFO]: I have the cabin class J
[03/02/2025, 16:15:17 IST] [INFO]: I have the number of adults 1
[03/02/2025, 16:15:17 IST] [INFO]: I have the number of children 1
[03/02/2025, 16:15:17 IST] [INFO]: I have the number of infand 0
[03/02/2025, 16:15:17 IST] [INFO]: I have the direct flight option set to true
[03/02/2025, 16:15:17 IST] [INFO]: I have the baggage option set to true
[03/02/2025, 16:15:17 IST] [INFO]: I have the refundable option set to false
[03/02/2025, 16:15:17 IST] [INFO]: No airline available, skipping...
[03/02/2025, 16:15:23 IST] [INFO]: I have the departure location as BOM
[03/02/2025, 16:15:23 IST] [INFO]: I have the return location NRT
[03/02/2025, 16:15:23 IST] [INFO]: I have the departure date 08-19-2025
[03/02/2025, 16:15:23 IST] [INFO]: I have the cabin class Y
[03/02/2025, 16:15:23 IST] [INFO]: I have the number of adults 2
[03/02/2025, 16:15:23 IST] [INFO]: I have the number of children 0
[03/02/2025, 16:15:23 IST] [INFO]: I have the number of infand 1
[03/02/2025, 16:15:23 IST] [INFO]: I have the direct flight option set to false
[03/02/2025, 16:15:23 IST] [INFO]: I have the baggage option set to false
[03/02/2025, 16:15:23 IST] [INFO]: I have the refundable option set to true
[03/02/2025, 16:15:23 IST] [INFO]: No airline available, skipping...
[03/02/2025, 16:15:58 IST] [INFO]: I have the departure location as LHR
[03/02/2025, 16:15:58 IST] [INFO]: I have the return location DOH
[03/02/2025, 16:15:58 IST] [INFO]: I have the departure date 09-08-2025
[03/02/2025, 16:15:58 IST] [INFO]: I have the cabin class J
[03/02/2025, 16:15:58 IST] [INFO]: I have the number of adults 1
[03/02/2025, 16:15:58 IST] [INFO]: I have the number of children 1
[03/02/2025, 16:15:58 IST] [INFO]: I have the number of infand 0
[03/02/2025, 16:15:58 IST] [INFO]: I have the direct flight option set to true
[03/02/2025, 16:15:58 IST] [INFO]: I have the baggage option set to true
[03/02/2025, 16:15:58 IST] [INFO]: I have the refundable option set to false
[03/02/2025, 16:15:58 IST] [INFO]: No airline available, skipping...
[03/02/2025, 16:19:11 IST] [INFO]: I have the departure location as BOM
[03/02/2025, 16:19:11 IST] [INFO]: I have the return location NRT
[03/02/2025, 16:19:11 IST] [INFO]: I have the departure date 08-19-2025
[03/02/2025, 16:19:11 IST] [INFO]: I have the cabin class Y
[03/02/2025, 16:19:11 IST] [INFO]: I have the number of adults 2
[03/02/2025, 16:19:11 IST] [INFO]: I have the number of children 0
[03/02/2025, 16:19:11 IST] [INFO]: I have the number of infand 1
[03/02/2025, 16:19:11 IST] [INFO]: I have the direct flight option set to false
[03/02/2025, 16:19:11 IST] [INFO]: I have the baggage option set to false
[03/02/2025, 16:19:12 IST] [INFO]: I have the refundable option set to true
[03/02/2025, 16:19:12 IST] [INFO]: No airline available, skipping...
[03/02/2025, 16:20:24 IST] [INFO]: I have the departure location as LHR
[03/02/2025, 16:20:24 IST] [INFO]: I have the return location DOH
[03/02/2025, 16:20:24 IST] [INFO]: I have the departure date 09-08-2025
[03/02/2025, 16:20:24 IST] [INFO]: I have the cabin class J
[03/02/2025, 16:20:24 IST] [INFO]: I have the number of adults 1
[03/02/2025, 16:20:24 IST] [INFO]: I have the number of children 1
[03/02/2025, 16:20:24 IST] [INFO]: I have the number of infand 0
[03/02/2025, 16:20:24 IST] [INFO]: I have the direct flight option set to true
[03/02/2025, 16:20:24 IST] [INFO]: I have the baggage option set to true
[03/02/2025, 16:20:24 IST] [INFO]: I have the refundable option set to false
[03/02/2025, 16:20:24 IST] [INFO]: No airline available, skipping...
[03/02/2025, 16:22:34 IST] [INFO]: I have the departure location as SIN
[03/02/2025, 16:22:34 IST] [INFO]: I have the return location DEL
[03/02/2025, 16:22:34 IST] [INFO]: I have the departure date 10-21-2025
[03/02/2025, 16:22:34 IST] [INFO]: I have the cabin class F
[03/02/2025, 16:22:34 IST] [INFO]: I have the number of adults 2
[03/02/2025, 16:22:34 IST] [INFO]: I have the number of children 2
[03/02/2025, 16:22:34 IST] [INFO]: I have the number of infand 2
[03/02/2025, 16:22:34 IST] [INFO]: I have the direct flight option set to false
[03/02/2025, 16:22:34 IST] [INFO]: I have the baggage option set to false
[03/02/2025, 16:22:34 IST] [INFO]: I have the refundable option set to true
[03/02/2025, 16:22:35 IST] [INFO]: I have entered the airline Air India
[03/02/2025, 16:23:42 IST] [INFO]: I have the departure location as JFK
[03/02/2025, 16:23:42 IST] [INFO]: I have the return location DXB
[03/02/2025, 16:23:42 IST] [INFO]: I have the departure date 11-15-2025
[03/02/2025, 16:23:42 IST] [INFO]: I have the cabin class Y
[03/02/2025, 16:23:42 IST] [INFO]: I have the number of adults 1
[03/02/2025, 16:23:42 IST] [INFO]: I have the number of children 0
[03/02/2025, 16:23:42 IST] [INFO]: I have the number of infand 1
[03/02/2025, 16:23:42 IST] [INFO]: I have the direct flight option set to true
[03/02/2025, 16:23:42 IST] [INFO]: I have the baggage option set to true
[03/02/2025, 16:23:42 IST] [INFO]: I have the refundable option set to false
[03/02/2025, 16:23:42 IST] [INFO]: I have entered the airline Emirates
[03/02/2025, 16:29:32 IST] [INFO]: I have the departure location as BOM
[03/02/2025, 16:29:32 IST] [INFO]: I have the return location NRT
[03/02/2025, 16:29:32 IST] [INFO]: I have the departure date 08-19-2025
[03/02/2025, 16:29:32 IST] [INFO]: I have the cabin class Y
[03/02/2025, 16:29:32 IST] [INFO]: I have the number of adults 2
[03/02/2025, 16:29:32 IST] [INFO]: I have the number of children 0
[03/02/2025, 16:29:32 IST] [INFO]: I have the number of infand 1
[03/02/2025, 16:29:32 IST] [INFO]: I have the direct flight option set to false
[03/02/2025, 16:29:32 IST] [INFO]: I have the baggage option set to false
[03/02/2025, 16:29:33 IST] [INFO]: I have the refundable option set to true
[03/02/2025, 16:29:33 IST] [INFO]: No airline available, skipping...
[03/02/2025, 16:30:06 IST] [INFO]: I have the departure location as DXB
[03/02/2025, 16:30:06 IST] [INFO]: I have the return location LHR
[03/02/2025, 16:30:06 IST] [INFO]: I have the departure date 02-22-2025
[03/02/2025, 16:30:06 IST] [INFO]: I have the cabin class Y
[03/02/2025, 16:30:06 IST] [INFO]: I have the number of adults 1
[03/02/2025, 16:30:06 IST] [INFO]: I have the number of children 2
[03/02/2025, 16:30:06 IST] [INFO]: I have the number of infand 2
[03/02/2025, 16:30:06 IST] [INFO]: I have the direct flight option set to false
[03/02/2025, 16:30:06 IST] [INFO]: I have the baggage option set to false
[03/02/2025, 16:30:06 IST] [INFO]: I have the refundable option set to false
[03/02/2025, 16:30:06 IST] [INFO]: No airline available, skipping...
[03/02/2025, 16:30:52 IST] [INFO]: I enter the passenger title Mr
[03/02/2025, 16:30:58 IST] [INFO]: I have the departure location as DXB
[03/02/2025, 16:30:58 IST] [INFO]: I have the return location DOH
[03/02/2025, 16:30:58 IST] [INFO]: I have the departure date 02-01-2025
[03/02/2025, 16:30:58 IST] [INFO]: I have the cabin class Y
[03/02/2025, 16:30:58 IST] [INFO]: I have the number of adults 1
[03/02/2025, 16:30:58 IST] [INFO]: I have the number of children 1
[03/02/2025, 16:30:58 IST] [INFO]: I have the number of infand 0
[03/02/2025, 16:30:58 IST] [INFO]: I have the direct flight option set to false
[03/02/2025, 16:30:58 IST] [INFO]: I have the baggage option set to false
[03/02/2025, 16:30:58 IST] [INFO]: I have the refundable option set to false
[03/02/2025, 16:30:58 IST] [INFO]: No airline available, skipping...
[03/02/2025, 16:32:02 IST] [INFO]: I have the departure location as JFK
[03/02/2025, 16:32:02 IST] [INFO]: I have the return location LHR
[03/02/2025, 16:32:02 IST] [INFO]: I have the departure date 03-12-2025
[03/02/2025, 16:32:02 IST] [INFO]: I have the cabin class Y
[03/02/2025, 16:32:02 IST] [INFO]: I have the number of adults 2
[03/02/2025, 16:32:02 IST] [INFO]: I have the number of children 1
[03/02/2025, 16:32:02 IST] [INFO]: I have the number of infand 0
[03/02/2025, 16:32:02 IST] [INFO]: I have the direct flight option set to true
[03/02/2025, 16:32:02 IST] [INFO]: I have the baggage option set to true
[03/02/2025, 16:32:02 IST] [INFO]: I have the refundable option set to false
[03/02/2025, 16:32:02 IST] [INFO]: I have entered the airline Emirates
[03/02/2025, 16:33:08 IST] [INFO]: I have the departure location as DEL
[03/02/2025, 16:33:08 IST] [INFO]: I have the return location SIN
[03/02/2025, 16:33:08 IST] [INFO]: I have the departure date 04-05-2025
[03/02/2025, 16:33:08 IST] [INFO]: I have the cabin class J
[03/02/2025, 16:33:08 IST] [INFO]: I have the number of adults 1
[03/02/2025, 16:33:08 IST] [INFO]: I have the number of children 0
[03/02/2025, 16:33:08 IST] [INFO]: I have the number of infand 1
[03/02/2025, 16:33:08 IST] [INFO]: I have the direct flight option set to false
[03/02/2025, 16:33:08 IST] [INFO]: I have the baggage option set to false
[03/02/2025, 16:33:08 IST] [INFO]: I have the refundable option set to true
[03/02/2025, 16:33:08 IST] [INFO]: I have entered the airline Air India
[03/02/2025, 16:34:13 IST] [INFO]: I have the departure location as SYD
[03/02/2025, 16:34:13 IST] [INFO]: I have the return location BOM
[03/02/2025, 16:34:13 IST] [INFO]: I have the departure date 05-22-2025
[03/02/2025, 16:34:13 IST] [INFO]: I have the cabin class F
[03/02/2025, 16:34:13 IST] [INFO]: I have the number of adults 1
[03/02/2025, 16:34:13 IST] [INFO]: I have the number of children 1
[03/02/2025, 16:34:13 IST] [INFO]: I have the number of infand 1
[03/02/2025, 16:34:13 IST] [INFO]: I have the direct flight option set to true
[03/02/2025, 16:34:13 IST] [INFO]: I have the baggage option set to true
[03/02/2025, 16:34:13 IST] [INFO]: I have the refundable option set to false
[03/02/2025, 16:34:13 IST] [INFO]: I have entered the airline Qatar Airways
[03/02/2025, 16:35:18 IST] [INFO]: I have the departure location as DXB
[03/02/2025, 16:35:18 IST] [INFO]: I have the return location CDG
[03/02/2025, 16:35:18 IST] [INFO]: I have the departure date 06-15-2025
[03/02/2025, 16:35:18 IST] [INFO]: I have the cabin class Y
[03/02/2025, 16:35:18 IST] [INFO]: I have the number of adults 3
[03/02/2025, 16:35:18 IST] [INFO]: I have the number of children 2
[03/02/2025, 16:35:18 IST] [INFO]: I have the number of infand 0
[03/02/2025, 16:35:18 IST] [INFO]: I have the direct flight option set to false
[03/02/2025, 16:35:18 IST] [INFO]: I have the baggage option set to true
[03/02/2025, 16:35:18 IST] [INFO]: I have the refundable option set to true
[03/02/2025, 16:35:18 IST] [INFO]: No airline available, skipping...
[03/02/2025, 16:36:23 IST] [INFO]: I have the departure location as HKG
[03/02/2025, 16:36:23 IST] [INFO]: I have the return location JFK
[03/02/2025, 16:36:23 IST] [INFO]: I have the departure date 07-10-2025
[03/02/2025, 16:36:23 IST] [INFO]: I have the cabin class J
[03/02/2025, 16:36:23 IST] [INFO]: I have the number of adults 1
[03/02/2025, 16:36:23 IST] [INFO]: I have the number of children 0
[03/02/2025, 16:36:23 IST] [INFO]: I have the number of infand 0
[03/02/2025, 16:36:23 IST] [INFO]: I have the direct flight option set to true
[03/02/2025, 16:36:23 IST] [INFO]: I have the baggage option set to false
[03/02/2025, 16:36:23 IST] [INFO]: I have the refundable option set to false
[03/02/2025, 16:36:23 IST] [INFO]: I have entered the airline Singapore Airlines
[03/02/2025, 16:37:30 IST] [INFO]: I have the departure location as BOM
[03/02/2025, 16:37:30 IST] [INFO]: I have the return location NRT
[03/02/2025, 16:37:30 IST] [INFO]: I have the departure date 08-19-2025
[03/02/2025, 16:37:30 IST] [INFO]: I have the cabin class Y
[03/02/2025, 16:37:30 IST] [INFO]: I have the number of adults 2
[03/02/2025, 16:37:30 IST] [INFO]: I have the number of children 0
[03/02/2025, 16:37:30 IST] [INFO]: I have the number of infand 1
[03/02/2025, 16:37:30 IST] [INFO]: I have the direct flight option set to false
[03/02/2025, 16:37:30 IST] [INFO]: I have the baggage option set to false
[03/02/2025, 16:37:30 IST] [INFO]: I have the refundable option set to true
[03/02/2025, 16:37:30 IST] [INFO]: No airline available, skipping...
[03/02/2025, 16:38:35 IST] [INFO]: I have the departure location as LHR
[03/02/2025, 16:38:35 IST] [INFO]: I have the return location DOH
[03/02/2025, 16:38:35 IST] [INFO]: I have the departure date 09-08-2025
[03/02/2025, 16:38:35 IST] [INFO]: I have the cabin class J
[03/02/2025, 16:38:35 IST] [INFO]: I have the number of adults 1
[03/02/2025, 16:38:36 IST] [INFO]: I have the number of children 1
[03/02/2025, 16:38:36 IST] [INFO]: I have the number of infand 0
[03/02/2025, 16:38:36 IST] [INFO]: I have the direct flight option set to true
[03/02/2025, 16:38:36 IST] [INFO]: I have the baggage option set to true
[03/02/2025, 16:38:36 IST] [INFO]: I have the refundable option set to false
[03/02/2025, 16:38:36 IST] [INFO]: No airline available, skipping...
[03/02/2025, 16:39:41 IST] [INFO]: I have the departure location as SIN
[03/02/2025, 16:39:41 IST] [INFO]: I have the return location DEL
[03/02/2025, 16:39:41 IST] [INFO]: I have the departure date 10-21-2025
[03/02/2025, 16:39:41 IST] [INFO]: I have the cabin class F
[03/02/2025, 16:39:41 IST] [INFO]: I have the number of adults 2
[03/02/2025, 16:39:41 IST] [INFO]: I have the number of children 2
[03/02/2025, 16:39:41 IST] [INFO]: I have the number of infand 2
[03/02/2025, 16:39:41 IST] [INFO]: I have the direct flight option set to false
[03/02/2025, 16:39:41 IST] [INFO]: I have the baggage option set to false
[03/02/2025, 16:39:41 IST] [INFO]: I have the refundable option set to true
[03/02/2025, 16:39:41 IST] [INFO]: I have entered the airline Air India
[03/02/2025, 16:40:48 IST] [INFO]: I have the departure location as JFK
[03/02/2025, 16:40:48 IST] [INFO]: I have the return location DXB
[03/02/2025, 16:40:48 IST] [INFO]: I have the departure date 11-15-2025
[03/02/2025, 16:40:48 IST] [INFO]: I have the cabin class Y
[03/02/2025, 16:40:48 IST] [INFO]: I have the number of adults 1
[03/02/2025, 16:40:48 IST] [INFO]: I have the number of children 0
[03/02/2025, 16:40:48 IST] [INFO]: I have the number of infand 1
[03/02/2025, 16:40:48 IST] [INFO]: I have the direct flight option set to true
[03/02/2025, 16:40:48 IST] [INFO]: I have the baggage option set to true
[03/02/2025, 16:40:48 IST] [INFO]: I have the refundable option set to false
[03/02/2025, 16:40:48 IST] [INFO]: I have entered the airline Emirates
[03/02/2025, 16:51:38 IST] [INFO]: I have the departure location as DXB
[03/02/2025, 16:51:38 IST] [INFO]: I have the return location LHR
[03/02/2025, 16:51:38 IST] [INFO]: I have the departure date 02-22-2025
[03/02/2025, 16:51:38 IST] [INFO]: I have the cabin class Y
[03/02/2025, 16:51:38 IST] [INFO]: I have the number of adults 1
[03/02/2025, 16:51:38 IST] [INFO]: I have the number of children 2
[03/02/2025, 16:51:38 IST] [INFO]: I have the number of infand 2
[03/02/2025, 16:51:38 IST] [INFO]: I have the direct flight option set to false
[03/02/2025, 16:51:38 IST] [INFO]: I have the baggage option set to false
[03/02/2025, 16:51:38 IST] [INFO]: I have the refundable option set to false
[03/02/2025, 16:51:38 IST] [INFO]: No airline available, skipping...
[03/02/2025, 16:53:21 IST] [INFO]: I enter the passenger title Mr
[03/02/2025, 16:53:27 IST] [INFO]: I have the departure location as DXB
[03/02/2025, 16:53:27 IST] [INFO]: I have the return location DOH
[03/02/2025, 16:53:27 IST] [INFO]: I have the departure date 02-01-2025
[03/02/2025, 16:53:27 IST] [INFO]: I have the cabin class Y
[03/02/2025, 16:53:27 IST] [INFO]: I have the number of adults 1
[03/02/2025, 16:53:27 IST] [INFO]: I have the number of children 1
[03/02/2025, 16:53:27 IST] [INFO]: I have the number of infand 0
[03/02/2025, 16:53:27 IST] [INFO]: I have the direct flight option set to false
[03/02/2025, 16:53:27 IST] [INFO]: I have the baggage option set to false
[03/02/2025, 16:53:27 IST] [INFO]: I have the refundable option set to false
[03/02/2025, 16:53:27 IST] [INFO]: No airline available, skipping...
[03/02/2025, 16:54:37 IST] [INFO]: I have the departure location as JFK
[03/02/2025, 16:54:37 IST] [INFO]: I have the return location LHR
[03/02/2025, 16:54:37 IST] [INFO]: I have the departure date 03-12-2025
[03/02/2025, 16:54:37 IST] [INFO]: I have the cabin class Y
[03/02/2025, 16:54:37 IST] [INFO]: I have the number of adults 2
[03/02/2025, 16:54:37 IST] [INFO]: I have the number of children 1
[03/02/2025, 16:54:37 IST] [INFO]: I have the number of infand 0
[03/02/2025, 16:54:37 IST] [INFO]: I have the direct flight option set to true
[03/02/2025, 16:54:37 IST] [INFO]: I have the baggage option set to true
[03/02/2025, 16:54:37 IST] [INFO]: I have the refundable option set to false
[03/02/2025, 16:54:37 IST] [INFO]: I have entered the airline Emirates
[03/02/2025, 16:55:42 IST] [INFO]: I have the departure location as DEL
[03/02/2025, 16:55:42 IST] [INFO]: I have the return location SIN
[03/02/2025, 16:55:42 IST] [INFO]: I have the departure date 04-05-2025
[03/02/2025, 16:55:42 IST] [INFO]: I have the cabin class J
[03/02/2025, 16:55:42 IST] [INFO]: I have the number of adults 1
[03/02/2025, 16:55:42 IST] [INFO]: I have the number of children 0
[03/02/2025, 16:55:42 IST] [INFO]: I have the number of infand 1
[03/02/2025, 16:55:42 IST] [INFO]: I have the direct flight option set to false
[03/02/2025, 16:55:42 IST] [INFO]: I have the baggage option set to false
[03/02/2025, 16:55:42 IST] [INFO]: I have the refundable option set to true
[03/02/2025, 16:55:42 IST] [INFO]: I have entered the airline Air India
[03/02/2025, 16:56:48 IST] [INFO]: I have the departure location as SYD
[03/02/2025, 16:56:48 IST] [INFO]: I have the return location BOM
[03/02/2025, 16:56:48 IST] [INFO]: I have the departure date 05-22-2025
[03/02/2025, 16:56:48 IST] [INFO]: I have the cabin class F
[03/02/2025, 16:56:48 IST] [INFO]: I have the number of adults 1
[03/02/2025, 16:56:48 IST] [INFO]: I have the number of children 1
[03/02/2025, 16:56:48 IST] [INFO]: I have the number of infand 1
[03/02/2025, 16:56:48 IST] [INFO]: I have the direct flight option set to true
[03/02/2025, 16:56:48 IST] [INFO]: I have the baggage option set to true
[03/02/2025, 16:56:48 IST] [INFO]: I have the refundable option set to false
[03/02/2025, 16:56:48 IST] [INFO]: I have entered the airline Qatar Airways
[03/02/2025, 16:57:53 IST] [INFO]: I have the departure location as DXB
[03/02/2025, 16:57:53 IST] [INFO]: I have the return location CDG
[03/02/2025, 16:57:53 IST] [INFO]: I have the departure date 06-15-2025
[03/02/2025, 16:57:53 IST] [INFO]: I have the cabin class Y
[03/02/2025, 16:57:53 IST] [INFO]: I have the number of adults 3
[03/02/2025, 16:57:53 IST] [INFO]: I have the number of children 2
[03/02/2025, 16:57:53 IST] [INFO]: I have the number of infand 0
[03/02/2025, 16:57:53 IST] [INFO]: I have the direct flight option set to false
[03/02/2025, 16:57:53 IST] [INFO]: I have the baggage option set to true
[03/02/2025, 16:57:53 IST] [INFO]: I have the refundable option set to true
[03/02/2025, 16:57:53 IST] [INFO]: No airline available, skipping...
[03/02/2025, 16:58:58 IST] [INFO]: I have the departure location as HKG
[03/02/2025, 16:58:58 IST] [INFO]: I have the return location JFK
[03/02/2025, 16:58:58 IST] [INFO]: I have the departure date 07-10-2025
[03/02/2025, 16:58:59 IST] [INFO]: I have the cabin class J
[03/02/2025, 16:58:59 IST] [INFO]: I have the number of adults 1
[03/02/2025, 16:58:59 IST] [INFO]: I have the number of children 0
[03/02/2025, 16:58:59 IST] [INFO]: I have the number of infand 0
[03/02/2025, 16:58:59 IST] [INFO]: I have the direct flight option set to true
[03/02/2025, 16:58:59 IST] [INFO]: I have the baggage option set to false
[03/02/2025, 16:58:59 IST] [INFO]: I have the refundable option set to false
[03/02/2025, 16:58:59 IST] [INFO]: I have entered the airline Singapore Airlines
[03/02/2025, 17:00:05 IST] [INFO]: I have the departure location as BOM
[03/02/2025, 17:00:05 IST] [INFO]: I have the return location NRT
[03/02/2025, 17:00:05 IST] [INFO]: I have the departure date 08-19-2025
[03/02/2025, 17:00:05 IST] [INFO]: I have the cabin class Y
[03/02/2025, 17:00:05 IST] [INFO]: I have the number of adults 2
[03/02/2025, 17:00:05 IST] [INFO]: I have the number of children 0
[03/02/2025, 17:00:05 IST] [INFO]: I have the number of infand 1
[03/02/2025, 17:00:05 IST] [INFO]: I have the direct flight option set to false
[03/02/2025, 17:00:05 IST] [INFO]: I have the baggage option set to false
[03/02/2025, 17:00:05 IST] [INFO]: I have the refundable option set to true
[03/02/2025, 17:00:05 IST] [INFO]: No airline available, skipping...
[03/02/2025, 17:01:11 IST] [INFO]: I have the departure location as LHR
[03/02/2025, 17:01:11 IST] [INFO]: I have the return location DOH
[03/02/2025, 17:01:11 IST] [INFO]: I have the departure date 09-08-2025
[03/02/2025, 17:01:11 IST] [INFO]: I have the cabin class J
[03/02/2025, 17:01:11 IST] [INFO]: I have the number of adults 1
[03/02/2025, 17:01:11 IST] [INFO]: I have the number of children 1
[03/02/2025, 17:01:11 IST] [INFO]: I have the number of infand 0
[03/02/2025, 17:01:11 IST] [INFO]: I have the direct flight option set to true
[03/02/2025, 17:01:11 IST] [INFO]: I have the baggage option set to true
[03/02/2025, 17:01:11 IST] [INFO]: I have the refundable option set to false
[03/02/2025, 17:01:11 IST] [INFO]: No airline available, skipping...
[03/02/2025, 17:02:19 IST] [INFO]: I have the departure location as SIN
[03/02/2025, 17:02:19 IST] [INFO]: I have the return location DEL
[03/02/2025, 17:02:19 IST] [INFO]: I have the departure date 10-21-2025
[03/02/2025, 17:02:19 IST] [INFO]: I have the cabin class F
[03/02/2025, 17:02:19 IST] [INFO]: I have the number of adults 2
[03/02/2025, 17:02:19 IST] [INFO]: I have the number of children 2
[03/02/2025, 17:02:19 IST] [INFO]: I have the number of infand 2
[03/02/2025, 17:02:19 IST] [INFO]: I have the direct flight option set to false
[03/02/2025, 17:02:19 IST] [INFO]: I have the baggage option set to false
[03/02/2025, 17:02:19 IST] [INFO]: I have the refundable option set to true
[03/02/2025, 17:02:19 IST] [INFO]: I have entered the airline Air India
[03/02/2025, 17:03:25 IST] [INFO]: I have the departure location as JFK
[03/02/2025, 17:03:25 IST] [INFO]: I have the return location DXB
[03/02/2025, 17:03:25 IST] [INFO]: I have the departure date 11-15-2025
[03/02/2025, 17:03:25 IST] [INFO]: I have the cabin class Y
[03/02/2025, 17:03:25 IST] [INFO]: I have the number of adults 1
[03/02/2025, 17:03:25 IST] [INFO]: I have the number of children 0
[03/02/2025, 17:03:25 IST] [INFO]: I have the number of infand 1
[03/02/2025, 17:03:25 IST] [INFO]: I have the direct flight option set to true
[03/02/2025, 17:03:25 IST] [INFO]: I have the baggage option set to true
[03/02/2025, 17:03:25 IST] [INFO]: I have the refundable option set to false
[03/02/2025, 17:03:25 IST] [INFO]: I have entered the airline Emirates
[04/02/2025, 10:14:59 IST] [INFO]: I have the departure location as DXB
[04/02/2025, 10:14:59 IST] [INFO]: I have the return location LHR
[04/02/2025, 10:14:59 IST] [INFO]: I have the departure date 02-22-2025
[04/02/2025, 10:14:59 IST] [INFO]: I have the cabin class Y
[04/02/2025, 10:14:59 IST] [INFO]: I have the number of adults 1
[04/02/2025, 10:14:59 IST] [INFO]: I have the number of children 2
[04/02/2025, 10:14:59 IST] [INFO]: I have the number of infand 2
[04/02/2025, 10:14:59 IST] [INFO]: I have the direct flight option set to false
[04/02/2025, 10:14:59 IST] [INFO]: I have the baggage option set to false
[04/02/2025, 10:14:59 IST] [INFO]: I have the refundable option set to false
[04/02/2025, 10:14:59 IST] [INFO]: No airline available, skipping...
[04/02/2025, 10:24:56 IST] [INFO]: No airline available, skipping...
[04/02/2025, 10:43:00 IST] [INFO]: No airline available, skipping...
[04/02/2025, 10:50:12 IST] [INFO]: No airline available, skipping...
[04/02/2025, 10:50:40 IST] [INFO]: I enter the passenger title Mr
[04/02/2025, 10:52:47 IST] [INFO]: No airline available, skipping...
[04/02/2025, 10:53:31 IST] [INFO]: I enter the passenger title Mr
[04/02/2025, 10:55:46 IST] [INFO]: No airline available, skipping...
[04/02/2025, 10:56:32 IST] [INFO]: I enter the passenger title Mr
[04/02/2025, 10:57:48 IST] [INFO]: I have the departure location as DXB
[04/02/2025, 10:57:48 IST] [INFO]: I have the return location LHR
[04/02/2025, 10:57:48 IST] [INFO]: I have the departure date 02-22-2025
[04/02/2025, 10:57:48 IST] [INFO]: I have the cabin class Y
[04/02/2025, 10:57:48 IST] [INFO]: I have the number of adults 1
[04/02/2025, 10:57:48 IST] [INFO]: I have the number of children 2
[04/02/2025, 10:57:48 IST] [INFO]: I have the number of infand 2
[04/02/2025, 10:57:48 IST] [INFO]: I have the direct flight option set to false
[04/02/2025, 10:57:48 IST] [INFO]: I have the baggage option set to false
[04/02/2025, 10:57:48 IST] [INFO]: I have the refundable option set to false
[04/02/2025, 10:57:48 IST] [INFO]: No airline available, skipping...
[04/02/2025, 10:58:34 IST] [INFO]: I enter the passenger title Mr
[04/02/2025, 10:58:43 IST] [INFO]: I have the departure location as DXB
[04/02/2025, 10:58:43 IST] [INFO]: I have the return location DOH
[04/02/2025, 10:58:43 IST] [INFO]: I have the departure date 02-01-2025
[04/02/2025, 10:58:43 IST] [INFO]: I have the cabin class Y
[04/02/2025, 10:58:43 IST] [INFO]: I have the number of adults 1
[04/02/2025, 10:58:43 IST] [INFO]: I have the number of children 1
[04/02/2025, 10:58:43 IST] [INFO]: I have the number of infand 0
[04/02/2025, 10:58:43 IST] [INFO]: I have the direct flight option set to false
[04/02/2025, 10:58:43 IST] [INFO]: I have the baggage option set to false
[04/02/2025, 10:58:43 IST] [INFO]: I have the refundable option set to false
[04/02/2025, 10:58:43 IST] [INFO]: No airline available, skipping...
[04/02/2025, 11:38:11 IST] [INFO]: I have the departure location as DXB
[04/02/2025, 11:38:11 IST] [INFO]: I have the return location LHR
[04/02/2025, 11:38:11 IST] [INFO]: I have the departure date 02-22-2025
[04/02/2025, 11:38:11 IST] [INFO]: I have the cabin class Y
[04/02/2025, 11:38:11 IST] [INFO]: I have the number of adults 1
[04/02/2025, 11:38:11 IST] [INFO]: I have the number of children 2
[04/02/2025, 11:38:11 IST] [INFO]: I have the number of infand 2
[04/02/2025, 11:38:11 IST] [INFO]: I have the direct flight option set to false
[04/02/2025, 11:38:11 IST] [INFO]: I have the baggage option set to false
[04/02/2025, 11:38:11 IST] [INFO]: I have the refundable option set to false
[04/02/2025, 11:38:11 IST] [INFO]: No airline available, skipping...
[04/02/2025, 11:39:25 IST] [INFO]: I have the departure location as DXB
[04/02/2025, 11:39:25 IST] [INFO]: I have the return location LHR
[04/02/2025, 11:39:25 IST] [INFO]: I have the departure date 02-22-2025
[04/02/2025, 11:39:25 IST] [INFO]: I have the cabin class Y
[04/02/2025, 11:39:25 IST] [INFO]: I have the number of adults 1
[04/02/2025, 11:39:25 IST] [INFO]: I have the number of children 2
[04/02/2025, 11:39:25 IST] [INFO]: I have the number of infand 2
[04/02/2025, 11:39:25 IST] [INFO]: I have the direct flight option set to false
[04/02/2025, 11:39:25 IST] [INFO]: I have the baggage option set to false
[04/02/2025, 11:39:25 IST] [INFO]: I have the refundable option set to false
[04/02/2025, 11:39:25 IST] [INFO]: No airline available, skipping...
[04/02/2025, 11:40:08 IST] [INFO]: I enter the passenger title Mr
[04/02/2025, 11:40:15 IST] [INFO]: I have the departure location as DXB
[04/02/2025, 11:40:15 IST] [INFO]: I have the return location DOH
[04/02/2025, 11:40:15 IST] [INFO]: I have the departure date 02-01-2025
[04/02/2025, 11:40:15 IST] [INFO]: I have the cabin class Y
[04/02/2025, 11:40:15 IST] [INFO]: I have the number of adults 1
[04/02/2025, 11:40:15 IST] [INFO]: I have the number of children 1
[04/02/2025, 11:40:15 IST] [INFO]: I have the number of infand 0
[04/02/2025, 11:40:15 IST] [INFO]: I have the direct flight option set to false
[04/02/2025, 11:40:15 IST] [INFO]: I have the baggage option set to false
[04/02/2025, 11:40:15 IST] [INFO]: I have the refundable option set to false
[04/02/2025, 11:40:15 IST] [INFO]: No airline available, skipping...
[04/02/2025, 11:41:18 IST] [INFO]: I have the departure location as JFK
[04/02/2025, 11:41:18 IST] [INFO]: I have the return location LHR
[04/02/2025, 11:41:18 IST] [INFO]: I have the departure date 03-12-2025
[04/02/2025, 11:41:18 IST] [INFO]: I have the cabin class Y
[04/02/2025, 11:41:18 IST] [INFO]: I have the number of adults 2
[04/02/2025, 11:41:18 IST] [INFO]: I have the number of children 1
[04/02/2025, 11:41:18 IST] [INFO]: I have the number of infand 0
[04/02/2025, 11:41:18 IST] [INFO]: I have the direct flight option set to true
[04/02/2025, 11:41:19 IST] [INFO]: I have the baggage option set to true
[04/02/2025, 11:41:19 IST] [INFO]: I have the refundable option set to false
[04/02/2025, 11:41:19 IST] [INFO]: I have entered the airline Emirates
[04/02/2025, 11:42:25 IST] [INFO]: I have the departure location as DEL
[04/02/2025, 11:42:25 IST] [INFO]: I have the return location SIN
[04/02/2025, 11:42:25 IST] [INFO]: I have the departure date 04-05-2025
[04/02/2025, 11:42:25 IST] [INFO]: I have the cabin class J
[04/02/2025, 11:42:25 IST] [INFO]: I have the number of adults 1
[04/02/2025, 11:42:25 IST] [INFO]: I have the number of children 0
[04/02/2025, 11:42:25 IST] [INFO]: I have the number of infand 1
[04/02/2025, 11:42:25 IST] [INFO]: I have the direct flight option set to false
[04/02/2025, 11:42:25 IST] [INFO]: I have the baggage option set to false
[04/02/2025, 11:42:25 IST] [INFO]: I have the refundable option set to true
[04/02/2025, 11:42:25 IST] [INFO]: I have entered the airline Air India
[04/02/2025, 11:43:29 IST] [INFO]: I have the departure location as SYD
[04/02/2025, 11:43:29 IST] [INFO]: I have the return location BOM
[04/02/2025, 11:43:29 IST] [INFO]: I have the departure date 05-22-2025
[04/02/2025, 11:43:29 IST] [INFO]: I have the cabin class F
[04/02/2025, 11:43:29 IST] [INFO]: I have the number of adults 1
[04/02/2025, 11:43:29 IST] [INFO]: I have the number of children 1
[04/02/2025, 11:43:29 IST] [INFO]: I have the number of infand 1
[04/02/2025, 11:43:29 IST] [INFO]: I have the direct flight option set to true
[04/02/2025, 11:43:29 IST] [INFO]: I have the baggage option set to true
[04/02/2025, 11:43:29 IST] [INFO]: I have the refundable option set to false
[04/02/2025, 11:43:29 IST] [INFO]: I have entered the airline Qatar Airways
[04/02/2025, 11:44:35 IST] [INFO]: I have the departure location as DXB
[04/02/2025, 11:44:35 IST] [INFO]: I have the return location CDG
[04/02/2025, 11:44:35 IST] [INFO]: I have the departure date 06-15-2025
[04/02/2025, 11:44:35 IST] [INFO]: I have the cabin class Y
[04/02/2025, 11:44:35 IST] [INFO]: I have the number of adults 3
[04/02/2025, 11:44:35 IST] [INFO]: I have the number of children 2
[04/02/2025, 11:44:35 IST] [INFO]: I have the number of infand 0
[04/02/2025, 11:44:35 IST] [INFO]: I have the direct flight option set to false
[04/02/2025, 11:44:35 IST] [INFO]: I have the baggage option set to true
[04/02/2025, 11:44:35 IST] [INFO]: I have the refundable option set to true
[04/02/2025, 11:44:35 IST] [INFO]: No airline available, skipping...
[04/02/2025, 11:45:38 IST] [INFO]: I have the departure location as HKG
[04/02/2025, 11:45:38 IST] [INFO]: I have the return location JFK
[04/02/2025, 11:45:38 IST] [INFO]: I have the departure date 07-10-2025
[04/02/2025, 11:45:38 IST] [INFO]: I have the cabin class J
[04/02/2025, 11:45:38 IST] [INFO]: I have the number of adults 1
[04/02/2025, 11:45:38 IST] [INFO]: I have the number of children 0
[04/02/2025, 11:45:38 IST] [INFO]: I have the number of infand 0
[04/02/2025, 11:45:38 IST] [INFO]: I have the direct flight option set to true
[04/02/2025, 11:45:38 IST] [INFO]: I have the baggage option set to false
[04/02/2025, 11:45:38 IST] [INFO]: I have the refundable option set to false
[04/02/2025, 11:45:38 IST] [INFO]: I have entered the airline Singapore Airlines
[04/02/2025, 11:46:42 IST] [INFO]: I have the departure location as BOM
[04/02/2025, 11:46:42 IST] [INFO]: I have the return location NRT
[04/02/2025, 11:46:42 IST] [INFO]: I have the departure date 08-19-2025
[04/02/2025, 11:46:42 IST] [INFO]: I have the cabin class Y
[04/02/2025, 11:46:42 IST] [INFO]: I have the number of adults 2
[04/02/2025, 11:46:42 IST] [INFO]: I have the number of children 0
[04/02/2025, 11:46:42 IST] [INFO]: I have the number of infand 1
[04/02/2025, 11:46:42 IST] [INFO]: I have the direct flight option set to false
[04/02/2025, 11:46:42 IST] [INFO]: I have the baggage option set to false
[04/02/2025, 11:46:42 IST] [INFO]: I have the refundable option set to true
[04/02/2025, 11:46:42 IST] [INFO]: No airline available, skipping...
[04/02/2025, 11:47:46 IST] [INFO]: I have the departure location as LHR
[04/02/2025, 11:47:46 IST] [INFO]: I have the return location DOH
[04/02/2025, 11:47:46 IST] [INFO]: I have the departure date 09-08-2025
[04/02/2025, 11:47:46 IST] [INFO]: I have the cabin class J
[04/02/2025, 11:47:46 IST] [INFO]: I have the number of adults 1
[04/02/2025, 11:47:46 IST] [INFO]: I have the number of children 1
[04/02/2025, 11:47:46 IST] [INFO]: I have the number of infand 0
[04/02/2025, 11:47:46 IST] [INFO]: I have the direct flight option set to true
[04/02/2025, 11:47:46 IST] [INFO]: I have the baggage option set to true
[04/02/2025, 11:47:46 IST] [INFO]: I have the refundable option set to false
[04/02/2025, 11:47:46 IST] [INFO]: No airline available, skipping...
[04/02/2025, 11:48:50 IST] [INFO]: I have the departure location as SIN
[04/02/2025, 11:48:50 IST] [INFO]: I have the return location DEL
[04/02/2025, 11:48:50 IST] [INFO]: I have the departure date 10-21-2025
[04/02/2025, 11:48:50 IST] [INFO]: I have the cabin class F
[04/02/2025, 11:48:50 IST] [INFO]: I have the number of adults 2
[04/02/2025, 11:48:50 IST] [INFO]: I have the number of children 2
[04/02/2025, 11:48:50 IST] [INFO]: I have the number of infand 2
[04/02/2025, 11:48:50 IST] [INFO]: I have the direct flight option set to false
[04/02/2025, 11:48:50 IST] [INFO]: I have the baggage option set to false
[04/02/2025, 11:48:50 IST] [INFO]: I have the refundable option set to true
[04/02/2025, 11:48:50 IST] [INFO]: I have entered the airline Air India
[04/02/2025, 11:49:53 IST] [INFO]: I have the departure location as JFK
[04/02/2025, 11:49:53 IST] [INFO]: I have the return location DXB
[04/02/2025, 11:49:53 IST] [INFO]: I have the departure date 11-15-2025
[04/02/2025, 11:49:53 IST] [INFO]: I have the cabin class Y
[04/02/2025, 11:49:53 IST] [INFO]: I have the number of adults 1
[04/02/2025, 11:49:53 IST] [INFO]: I have the number of children 0
[04/02/2025, 11:49:53 IST] [INFO]: I have the number of infand 1
[04/02/2025, 11:49:53 IST] [INFO]: I have the direct flight option set to true
[04/02/2025, 11:49:53 IST] [INFO]: I have the baggage option set to true
[04/02/2025, 11:49:53 IST] [INFO]: I have the refundable option set to false
[04/02/2025, 11:49:53 IST] [INFO]: I have entered the airline Emirates
[04/02/2025, 12:01:05 IST] [INFO]: I have the departure location as DXB
[04/02/2025, 12:01:05 IST] [INFO]: I have the return location LHR
[04/02/2025, 12:01:05 IST] [INFO]: I have the departure date 02-22-2025
[04/02/2025, 12:01:05 IST] [INFO]: I have the cabin class Y
[04/02/2025, 12:01:05 IST] [INFO]: I have the number of adults 1
[04/02/2025, 12:01:05 IST] [INFO]: I have the number of children 2
[04/02/2025, 12:01:05 IST] [INFO]: I have the number of infand 2
[04/02/2025, 12:01:05 IST] [INFO]: I have the direct flight option set to false
[04/02/2025, 12:01:05 IST] [INFO]: I have the baggage option set to false
[04/02/2025, 12:01:05 IST] [INFO]: I have the refundable option set to false
[04/02/2025, 12:01:05 IST] [INFO]: No airline available, skipping...
[04/02/2025, 12:02:09 IST] [INFO]: I enter the passenger title Mr
[04/02/2025, 12:24:32 IST] [INFO]: I have the departure location as DXB
[04/02/2025, 12:24:32 IST] [INFO]: I have the return location LHR
[04/02/2025, 12:24:32 IST] [INFO]: I have the departure date 02-22-2025
[04/02/2025, 12:24:32 IST] [INFO]: I have the cabin class Y
[04/02/2025, 12:24:32 IST] [INFO]: I have the number of adults 1
[04/02/2025, 12:24:32 IST] [INFO]: I have the number of children 2
[04/02/2025, 12:24:32 IST] [INFO]: I have the number of infand 2
[04/02/2025, 12:24:32 IST] [INFO]: I have the direct flight option set to false
[04/02/2025, 12:24:32 IST] [INFO]: I have the baggage option set to false
[04/02/2025, 12:24:32 IST] [INFO]: I have the refundable option set to false
[04/02/2025, 12:24:32 IST] [INFO]: No airline available, skipping...
[04/02/2025, 12:25:46 IST] [INFO]: I enter the passenger title Mr
[04/02/2025, 12:27:08 IST] [INFO]: I have the departure location as DXB
[04/02/2025, 12:27:08 IST] [INFO]: I have the return location DOH
[04/02/2025, 12:27:08 IST] [INFO]: I have the departure date 02-01-2025
[04/02/2025, 12:27:08 IST] [INFO]: I have the cabin class Y
[04/02/2025, 12:27:08 IST] [INFO]: I have the number of adults 1
[04/02/2025, 12:27:08 IST] [INFO]: I have the number of children 1
[04/02/2025, 12:27:08 IST] [INFO]: I have the number of infand 0
[04/02/2025, 12:27:08 IST] [INFO]: I have the direct flight option set to false
[04/02/2025, 12:27:08 IST] [INFO]: I have the baggage option set to false
[04/02/2025, 12:27:08 IST] [INFO]: I have the refundable option set to false
[04/02/2025, 12:27:08 IST] [INFO]: No airline available, skipping...
[04/02/2025, 12:28:17 IST] [INFO]: I have the departure location as JFK
[04/02/2025, 12:28:17 IST] [INFO]: I have the return location LHR
[04/02/2025, 12:28:17 IST] [INFO]: I have the departure date 03-12-2025
[04/02/2025, 12:28:17 IST] [INFO]: I have the cabin class Y
[04/02/2025, 12:28:17 IST] [INFO]: I have the number of adults 2
[04/02/2025, 12:28:17 IST] [INFO]: I have the number of children 1
[04/02/2025, 12:28:17 IST] [INFO]: I have the number of infand 0
[04/02/2025, 12:28:17 IST] [INFO]: I have the direct flight option set to true
[04/02/2025, 12:28:17 IST] [INFO]: I have the baggage option set to true
[04/02/2025, 12:28:17 IST] [INFO]: I have the refundable option set to false
[04/02/2025, 12:28:17 IST] [INFO]: I have entered the airline Emirates
[04/02/2025, 12:28:29 IST] [INFO]: I have the departure location as DXB
[04/02/2025, 12:28:29 IST] [INFO]: I have the return location LHR
[04/02/2025, 12:28:29 IST] [INFO]: I have the departure date 02-22-2025
[04/02/2025, 12:28:29 IST] [INFO]: I have the cabin class Y
[04/02/2025, 12:28:29 IST] [INFO]: I have the number of adults 1
[04/02/2025, 12:28:29 IST] [INFO]: I have the number of children 2
[04/02/2025, 12:28:29 IST] [INFO]: I have the number of infand 2
[04/02/2025, 12:28:29 IST] [INFO]: I have the direct flight option set to false
[04/02/2025, 12:28:29 IST] [INFO]: I have the baggage option set to false
[04/02/2025, 12:28:29 IST] [INFO]: I have the refundable option set to false
[04/02/2025, 12:28:29 IST] [INFO]: No airline available, skipping...
[04/02/2025, 12:29:46 IST] [INFO]: I have the departure location as DXB
[04/02/2025, 12:29:46 IST] [INFO]: I have the return location LHR
[04/02/2025, 12:29:46 IST] [INFO]: I have the departure date 02-22-2025
[04/02/2025, 12:29:46 IST] [INFO]: I have the cabin class Y
[04/02/2025, 12:29:46 IST] [INFO]: I have the number of adults 1
[04/02/2025, 12:29:46 IST] [INFO]: I have the number of children 2
[04/02/2025, 12:29:46 IST] [INFO]: I have the number of infand 2
[04/02/2025, 12:29:46 IST] [INFO]: I have the direct flight option set to false
[04/02/2025, 12:29:46 IST] [INFO]: I have the baggage option set to false
[04/02/2025, 12:29:46 IST] [INFO]: I have the refundable option set to false
[04/02/2025, 12:29:46 IST] [INFO]: No airline available, skipping...
[04/02/2025, 12:30:41 IST] [INFO]: I enter the passenger title Mr
[04/02/2025, 12:31:15 IST] [INFO]: I enter the passenger title Mstr
[04/02/2025, 12:32:03 IST] [INFO]: I enter the passenger title Mstr
[04/02/2025, 12:32:37 IST] [INFO]: I enter the passenger title Miss
[04/02/2025, 12:33:14 IST] [INFO]: I enter the passenger title Miss
